###############################################################################
#
# IAR ELF Linker V8.30.1.114/W32 for ARM                  12/Mar/2019  21:31:59
# Copyright 2007-2018 IAR Systems AB.
#
#    Output file  =  
#        C:\Amit_Chaudhary\STM32\Projects\IAR\IAR_Projects\Main\STM32F1xx_CPP_FW
#        - StaticFunction\IAR\Debug\Exe\Main.out
#    Map file     =  
#        C:\Amit_Chaudhary\STM32\Projects\IAR\IAR_Projects\Main\STM32F1xx_CPP_FW
#        - StaticFunction\IAR\Debug\List\Main.map
#    Command line =  
#        -f C:\Users\achaudha\AppData\Local\Temp\EWA0CD.tmp
#        ("C:\Amit_Chaudhary\STM32\Projects\IAR\IAR_Projects\Main\STM32F1xx_CPP_FW
#        - StaticFunction\IAR\Debug\Obj\BtnInt.o"
#        "C:\Amit_Chaudhary\STM32\Projects\IAR\IAR_Projects\Main\STM32F1xx_CPP_FW
#        - StaticFunction\IAR\Debug\Obj\BtnPoll.o"
#        "C:\Amit_Chaudhary\STM32\Projects\IAR\IAR_Projects\Main\STM32F1xx_CPP_FW
#        - StaticFunction\IAR\Debug\Obj\CPP_HAL.o"
#        "C:\Amit_Chaudhary\STM32\Projects\IAR\IAR_Projects\Main\STM32F1xx_CPP_FW
#        - StaticFunction\IAR\Debug\Obj\Gpio.o"
#        "C:\Amit_Chaudhary\STM32\Projects\IAR\IAR_Projects\Main\STM32F1xx_CPP_FW
#        - StaticFunction\IAR\Debug\Obj\GpioInput.o"
#        "C:\Amit_Chaudhary\STM32\Projects\IAR\IAR_Projects\Main\STM32F1xx_CPP_FW
#        - StaticFunction\IAR\Debug\Obj\GpioOutput.o"
#        "C:\Amit_Chaudhary\STM32\Projects\IAR\IAR_Projects\Main\STM32F1xx_CPP_FW
#        - StaticFunction\IAR\Debug\Obj\HwButton.o"
#        "C:\Amit_Chaudhary\STM32\Projects\IAR\IAR_Projects\Main\STM32F1xx_CPP_FW
#        - StaticFunction\IAR\Debug\Obj\Interrupt.o"
#        "C:\Amit_Chaudhary\STM32\Projects\IAR\IAR_Projects\Main\STM32F1xx_CPP_FW
#        - StaticFunction\IAR\Debug\Obj\main.o"
#        "C:\Amit_Chaudhary\STM32\Projects\IAR\IAR_Projects\Main\STM32F1xx_CPP_FW
#        - StaticFunction\IAR\Debug\Obj\printf.o"
#        "C:\Amit_Chaudhary\STM32\Projects\IAR\IAR_Projects\Main\STM32F1xx_CPP_FW
#        - StaticFunction\IAR\Debug\Obj\RotaryEncoderPoll.o"
#        "C:\Amit_Chaudhary\STM32\Projects\IAR\IAR_Projects\Main\STM32F1xx_CPP_FW
#        - StaticFunction\IAR\Debug\Obj\startup_stm32f103xb.o"
#        "C:\Amit_Chaudhary\STM32\Projects\IAR\IAR_Projects\Main\STM32F1xx_CPP_FW
#        - StaticFunction\IAR\Debug\Obj\stm32f1xx_hal.o"
#        "C:\Amit_Chaudhary\STM32\Projects\IAR\IAR_Projects\Main\STM32F1xx_CPP_FW
#        - StaticFunction\IAR\Debug\Obj\stm32f1xx_hal_cortex.o"
#        "C:\Amit_Chaudhary\STM32\Projects\IAR\IAR_Projects\Main\STM32F1xx_CPP_FW
#        - StaticFunction\IAR\Debug\Obj\stm32f1xx_hal_pwr.o"
#        "C:\Amit_Chaudhary\STM32\Projects\IAR\IAR_Projects\Main\STM32F1xx_CPP_FW
#        - StaticFunction\IAR\Debug\Obj\stm32f1xx_hal_rcc.o"
#        "C:\Amit_Chaudhary\STM32\Projects\IAR\IAR_Projects\Main\STM32F1xx_CPP_FW
#        - StaticFunction\IAR\Debug\Obj\stm32f1xx_hal_rcc_ex.o"
#        "C:\Amit_Chaudhary\STM32\Projects\IAR\IAR_Projects\Main\STM32F1xx_CPP_FW
#        - StaticFunction\IAR\Debug\Obj\stm32f1xx_it.o"
#        "C:\Amit_Chaudhary\STM32\Projects\IAR\IAR_Projects\Main\STM32F1xx_CPP_FW
#        - StaticFunction\IAR\Debug\Obj\stm32f1xx_ll_exti.o"
#        "C:\Amit_Chaudhary\STM32\Projects\IAR\IAR_Projects\Main\STM32F1xx_CPP_FW
#        - StaticFunction\IAR\Debug\Obj\stm32f1xx_ll_gpio.o"
#        "C:\Amit_Chaudhary\STM32\Projects\IAR\IAR_Projects\Main\STM32F1xx_CPP_FW
#        - StaticFunction\IAR\Debug\Obj\stm32f1xx_ll_pwr.o"
#        "C:\Amit_Chaudhary\STM32\Projects\IAR\IAR_Projects\Main\STM32F1xx_CPP_FW
#        - StaticFunction\IAR\Debug\Obj\stm32f1xx_ll_rcc.o"
#        "C:\Amit_Chaudhary\STM32\Projects\IAR\IAR_Projects\Main\STM32F1xx_CPP_FW
#        - StaticFunction\IAR\Debug\Obj\stm32f1xx_ll_utils.o"
#        "C:\Amit_Chaudhary\STM32\Projects\IAR\IAR_Projects\Main\STM32F1xx_CPP_FW
#        - StaticFunction\IAR\Debug\Obj\system_stm32f1xx.o"
#        "C:\Amit_Chaudhary\STM32\Projects\IAR\IAR_Projects\Main\STM32F1xx_CPP_FW
#        - StaticFunction\IAR\Debug\Obj\Test.o"
#        "C:\Amit_Chaudhary\STM32\Projects\IAR\IAR_Projects\Main\STM32F1xx_CPP_FW
#        - StaticFunction\IAR\Debug\Obj\Utils.o" --no_out_extension -o
#        "C:\Amit_Chaudhary\STM32\Projects\IAR\IAR_Projects\Main\STM32F1xx_CPP_FW
#        - StaticFunction\IAR\Debug\Exe\Main.out" --redirect
#        _Printf=_PrintfFullNoMb --redirect _Scanf=_ScanfFullNoMb --map
#        "C:\Amit_Chaudhary\STM32\Projects\IAR\IAR_Projects\Main\STM32F1xx_CPP_FW
#        - StaticFunction\IAR\Debug\List\Main.map" --config
#        C:\Amit_Chaudhary\STM32\Projects\IAR\IAR_Projects\CPP_Drivers\Gpio\System\stm32f103x8.icf
#        --semihosting --entry __iar_program_start --vfe --text_out locale)
#
###############################################################################

*******************************************************************************
*** RUNTIME MODEL ATTRIBUTES
***

CppFlavor                     = *
__CPP_Exceptions              = Disabled
__CPP_Language                = C++14
__Heap_Handler                = Basic
__SystemLibrary               = DLib
__dlib_dynamic_initialization = normal
__dlib_version                = 6


*******************************************************************************
*** HEAP SELECTION
***

The basic heap was selected because some modules are built with
size limitations (and not runtime checking), and --advanced_heap
was not specified.


*******************************************************************************
*** PLACEMENT SUMMARY
***

"A0":  place at 0x800'0000 { ro section .intvec };
"P1":  place in [from 0x800'0000 to 0x800'ffff] { ro };
define block CSTACK with size = 2K, alignment = 8 { };
define block HEAP with size = 2K, alignment = 8 { };
"P2":  place in [from 0x2000'0000 to 0x2000'4fff] {
          rw, block CSTACK, block HEAP };
initialize by copy { rw };

  Section                Kind         Address    Size  Object
  -------                ----         -------    ----  ------
"A0":                                            0xec
  .intvec                ro code   0x800'0000    0xec  startup_stm32f103xb.o [1]
                                 - 0x800'00ec    0xec

"P1":                                          0x1cdc
  .text                  ro code   0x800'00ec   0x62c  stm32f1xx_hal_rcc.o [1]
  .text                  ro code   0x800'0718     0xc  stm32f1xx_hal.o [1]
  .text                  ro code   0x800'0724    0x4c  stm32f1xx_hal.o [1]
  .text                  ro code   0x800'0770    0x86  ABImemcpy.o [5]
  .text                  ro code   0x800'07f6    0x3a  zero_init3.o [5]
  .text                  ro code   0x800'0830   0x14a  stm32f1xx_hal_cortex.o [1]
  .rodata                const     0x800'097a     0x2  stm32f1xx_hal_rcc.o [1]
  .text                  ro code   0x800'097c   0x454  GpioInput.o [1]
  .text                  ro code   0x800'0dd0     0x6  GpioInput.o [1]
  .text                  ro code   0x800'0dd6     0xa  cxxabi.o [3]
  .text                  ro code   0x800'0de0     0xe  GpioInput.o [1]
  .text                  ro code   0x800'0dee     0x2  BtnInt.o [1]
  .text                  ro code   0x800'0df0    0x8c  Gpio.o [1]
  .text                  ro code   0x800'0e7c   0x164  stm32f1xx_ll_gpio.o [1]
  .text                  ro code   0x800'0fe0    0x38  Test.o [1]
  .text                  ro code   0x800'1018    0x24  GpioInput.o [1]
  .text                  ro code   0x800'103c    0x8c  Interrupt.o [1]
  .text                  ro code   0x800'10c8   0x106  stm32f1xx_ll_exti.o [1]
  .text                  ro code   0x800'11ce     0x4  GpioInput.o [1]
  .text                  ro code   0x800'11d2    0x16  GpioInput.o [1]
  .text                  ro code   0x800'11e8    0xa0  cppinit.o [2]
  .text                  ro code   0x800'1288    0x26  GpioInput.o [1]
  .text                  ro code   0x800'12ae     0x2  GpioInput.o [1]
  .text                  ro code   0x800'12b0    0x28  GpioInput.o [1]
  .text                  ro code   0x800'12d8    0x14  GpioInput.o [1]
  .text                  ro code   0x800'12ec   0x12c  stm32f1xx_hal_rcc_ex.o [1]
  .text                  ro code   0x800'1418    0xbe  main.o [1]
  .text                  ro code   0x800'14d6     0x2  BtnInt.o [1]
  .text                  ro code   0x800'14d8    0x26  stm32f1xx_hal.o [1]
  .rodata                const     0x800'14fe     0x1  BtnInt.o [1]
  .rodata                const     0x800'14ff     0x1  BtnInt.o [1]
  .text                  ro code   0x800'1500    0xa0  Test.o [1]
  .text                  ro code   0x800'15a0    0x58  BtnPoll.o [1]
  .text                  ro code   0x800'15f8    0xa6  BtnInt.o [1]
  .text                  ro code   0x800'169e     0x6  Test.o [1]
  .text                  ro code   0x800'16a4    0x10  Test.o [1]
  .text                  ro code   0x800'16b4     0xc  Test.o [1]
  .text                  ro code   0x800'16c0     0xc  Test.o [1]
  .text                  ro code   0x800'16cc    0x22  BtnInt.o [1]
  .rodata                const     0x800'16ee     0x1  unwind_debug.o [6]
  .text                  ro code   0x800'16f0    0x1c  BtnInt.o [1]
  .text                  ro code   0x800'170c    0x18  BtnInt.o [1]
  .text                  ro code   0x800'1724    0xa2  GpioOutput.o [1]
  .text                  ro code   0x800'17c6     0xe  Test.o [1]
  .text                  ro code   0x800'17d4     0xe  Test.o [1]
  .text                  ro code   0x800'17e2     0x2  BtnInt.o [1]
  .text                  ro code   0x800'17e4     0x2  BtnInt.o [1]
  .text                  ro code   0x800'17e8    0x2c  BtnInt.o [1]
  .text                  ro code   0x800'1814     0x2  BtnInt.o [1]
  .text                  ro code   0x800'1816    0x22  BtnInt.o [1]
  .text                  ro code   0x800'1838    0x14  Test.o [1]
  .text                  ro code   0x800'184c    0x2a  BtnInt.o [1]
  .text                  ro code   0x800'1876    0x1c  GpioInput.o [1]
  .text                  ro code   0x800'1892    0x28  BtnInt.o [1]
  .text                  ro code   0x800'18ba    0x18  BtnInt.o [1]
  .text                  ro code   0x800'18d2     0x4  BtnInt.o [1]
  .text                  ro code   0x800'18d8    0x28  BtnInt.o [1]
  .text                  ro code   0x800'1900    0x14  BtnInt.o [1]
  .text                  ro code   0x800'1914     0xc  BtnInt.o [1]
  .text                  ro code   0x800'1920     0xe  BtnInt.o [1]
  .text                  ro code   0x800'192e     0x2  BtnInt.o [1]
  .text                  ro code   0x800'1930    0x1a  BtnInt.o [1]
  .text                  ro code   0x800'194a     0x6  BtnInt.o [1]
  .rodata                const     0x800'1950    0x6c  main.o [1]
  .text                  ro code   0x800'19bc    0x58  system_stm32f1xx.o [1]
  .rodata                const     0x800'1a14    0x40  Test.o [1]
  .text                  ro code   0x800'1a54    0x30  BtnInt.o [1]
  .text                  ro code   0x800'1a84     0x4  BtnInt.o [1]
  .text                  ro code   0x800'1a88     0x2  BtnInt.o [1]
  .text                  ro code   0x800'1a8a    0x2e  BtnInt.o [1]
  .text                  ro code   0x800'1ab8     0x2  BtnInt.o [1]
  .text                  ro code   0x800'1aba     0x2  BtnInt.o [1]
  .text                  ro code   0x800'1abc    0x16  BtnInt.o [1]
  .text                  ro code   0x800'1ad2    0x1c  BtnInt.o [1]
  .text                  ro code   0x800'1aee     0x2  BtnInt.o [1]
  .text                  ro code   0x800'1af0     0x2  BtnInt.o [1]
  .text                  ro code   0x800'1af2     0x2  BtnInt.o [1]
  .text                  ro code   0x800'1af4    0x22  BtnInt.o [1]
  .text                  ro code   0x800'1b16    0x2a  BtnInt.o [1]
  .text                  ro code   0x800'1b40    0x2c  copy_init3.o [5]
  .text                  ro code   0x800'1b6c    0x28  data_init.o [5]
  .iar.init_table        const     0x800'1b94    0x28  - Linker created -
  .rodata                const     0x800'1bbc    0x20  BtnInt.o [1]
  .text                  ro code   0x800'1bdc    0x20  cmain_call_ctors.o [5]
  .text                  ro code   0x800'1bfc    0x1e  cmain.o [5]
  .text                  ro code   0x800'1c1a     0x4  low_level_init.o [2]
  .text                  ro code   0x800'1c1e     0x4  exit.o [2]
  .text                  ro code   0x800'1c24     0xe  cexit.o [5]
  .text                  ro code   0x800'1c34    0x14  exit.o [6]
  .text                  ro code   0x800'1c48    0x1c  stm32f1xx_it.o [1]
  .text                  ro code   0x800'1c64    0x18  stm32f1xx_hal.o [1]
  .rodata                const     0x800'1c7c    0x14  GpioInput.o [1]
  Initializer bytes      const     0x800'1c90    0x14  <for P2-1>
  .rodata                const     0x800'1ca4    0x10  GpioInput.o [1]
  .rodata                const     0x800'1cb4    0x10  stm32f1xx_hal_rcc.o [1]
  .rodata                const     0x800'1cc4    0x10  system_stm32f1xx.o [1]
  .text                  ro code   0x800'1cd4    0x10  startup_stm32f103xb.o [1]
  .text                  ro code   0x800'1ce4     0xe  GpioInput.o [1]
  .text                  ro code   0x800'1cf2     0xc  BtnInt.o [1]
  .text                  ro code   0x800'1cfe     0xc  cstartup_M.o [5]
  .rodata                const     0x800'1d0c     0x8  BtnInt.o [1]
  SHT$$PREINIT_ARRAY               0x800'1d14     0x0  <Block>
  SHT$$INIT_ARRAY                  0x800'1d14     0x8  <Block>
    .init_array          const     0x800'1d14     0x4  GpioInput.o [1]
    .init_array          const     0x800'1d18     0x4  Test.o [1]
  __iar_tls$$INIT_ARRAY            0x800'1d1c     0x0  <Block>
  .text                  ro code   0x800'1d1c     0x4  startup_stm32f103xb.o [1]
  .text                  ro code   0x800'1d20     0x4  startup_stm32f103xb.o [1]
  .text                  ro code   0x800'1d24     0x4  startup_stm32f103xb.o [1]
  .text                  ro code   0x800'1d28     0x4  startup_stm32f103xb.o [1]
  .text                  ro code   0x800'1d2c     0x4  startup_stm32f103xb.o [1]
  .text                  ro code   0x800'1d30     0x4  startup_stm32f103xb.o [1]
  .text                  ro code   0x800'1d34     0x4  startup_stm32f103xb.o [1]
  .text                  ro code   0x800'1d38     0x4  startup_stm32f103xb.o [1]
  .text                  ro code   0x800'1d3c     0x4  startup_stm32f103xb.o [1]
  .text                  ro code   0x800'1d40     0x4  startup_stm32f103xb.o [1]
  .text                  ro code   0x800'1d44     0x4  startup_stm32f103xb.o [1]
  .text                  ro code   0x800'1d48     0x4  startup_stm32f103xb.o [1]
  .text                  ro code   0x800'1d4c     0x4  startup_stm32f103xb.o [1]
  .text                  ro code   0x800'1d50     0x4  startup_stm32f103xb.o [1]
  .text                  ro code   0x800'1d54     0x4  startup_stm32f103xb.o [1]
  .text                  ro code   0x800'1d58     0x4  startup_stm32f103xb.o [1]
  .text                  ro code   0x800'1d5c     0x4  startup_stm32f103xb.o [1]
  .text                  ro code   0x800'1d60     0x4  startup_stm32f103xb.o [1]
  .text                  ro code   0x800'1d64     0x4  startup_stm32f103xb.o [1]
  .text                  ro code   0x800'1d68     0x4  startup_stm32f103xb.o [1]
  .text                  ro code   0x800'1d6c     0x4  startup_stm32f103xb.o [1]
  .text                  ro code   0x800'1d70     0x4  startup_stm32f103xb.o [1]
  .text                  ro code   0x800'1d74     0x4  startup_stm32f103xb.o [1]
  .text                  ro code   0x800'1d78     0x4  startup_stm32f103xb.o [1]
  .text                  ro code   0x800'1d7c     0x4  startup_stm32f103xb.o [1]
  .text                  ro code   0x800'1d80     0x4  startup_stm32f103xb.o [1]
  .text                  ro code   0x800'1d84     0x4  startup_stm32f103xb.o [1]
  .text                  ro code   0x800'1d88     0x4  startup_stm32f103xb.o [1]
  .text                  ro code   0x800'1d8c     0x4  startup_stm32f103xb.o [1]
  .text                  ro code   0x800'1d90     0x4  startup_stm32f103xb.o [1]
  .text                  ro code   0x800'1d94     0x4  startup_stm32f103xb.o [1]
  .text                  ro code   0x800'1d98     0x4  startup_stm32f103xb.o [1]
  .text                  ro code   0x800'1d9c     0x4  startup_stm32f103xb.o [1]
  .text                  ro code   0x800'1da0     0x4  startup_stm32f103xb.o [1]
  .text                  ro code   0x800'1da4     0x4  startup_stm32f103xb.o [1]
  .text                  ro code   0x800'1da8     0x4  startup_stm32f103xb.o [1]
  .text                  ro code   0x800'1dac     0x4  startup_stm32f103xb.o [1]
  .text                  ro code   0x800'1db0     0x4  startup_stm32f103xb.o [1]
  .text                  ro code   0x800'1db4     0x4  startup_stm32f103xb.o [1]
  .text                  ro code   0x800'1db8     0x4  startup_stm32f103xb.o [1]
  .text                  ro code   0x800'1dbc     0x4  startup_stm32f103xb.o [1]
  .text                  ro code   0x800'1dc0     0x4  startup_stm32f103xb.o [1]
  .text                  ro code   0x800'1dc4     0x4  startup_stm32f103xb.o [1]
  .text                  ro code   0x800'1dc8     0x0  cstart_call_dtors.o [5]
  .rodata                const     0x800'1dc8     0x0  zero_init3.o [5]
  .rodata                const     0x800'1dc8     0x0  copy_init3.o [5]
                                 - 0x800'1dc8  0x1cdc

Absolute sections:                              0x100
  .noinit                uninit   0x2000'0100   0x100  Interrupt.o [1]
                                - 0x2000'0200   0x100

"P2", part 1 of 3:                               0x14
  P2-1                            0x2000'0200    0x11  <Init block>
    .data                inited   0x2000'0200     0x4  stm32f1xx_hal.o [1]
    .data                inited   0x2000'0204     0x4  system_stm32f1xx.o [1]
    .data                inited   0x2000'0208     0x8  Test.o [1]
    .data                inited   0x2000'0210     0x1  stm32f1xx_hal.o [1]
                                - 0x2000'0211    0x11

"P2", part 2 of 3:                               0xa8
  .bss                   zero     0x2000'0214    0x40  GpioInput.o [1]
  .bss                   zero     0x2000'0254    0x20  Test.o [1]
  .bss                   zero     0x2000'0274    0x20  Test.o [1]
  .bss                   zero     0x2000'0294    0x14  GpioInput.o [1]
  .bss                   zero     0x2000'02a8     0x4  stm32f1xx_hal.o [1]
  .bss                   zero     0x2000'02ac     0x4  Test.o [1]
  .bss                   zero     0x2000'02b0     0x4  Test.o [1]
  .bss                   zero     0x2000'02b4     0x4  cppinit.o [2]
  .bss                   zero     0x2000'02b8     0x4  cppinit.o [2]
                                - 0x2000'02bc    0xa8

"P2", part 3 of 3:                              0x98c
  .iar.dynexit                    0x2000'02bc   0x18c  <Block>
    .iar.dynexit         uninit   0x2000'02bc     0xc  cppinit.o [2]
    .iar.dynexit         uninit   0x2000'02c8   0x180  <Block tail>
  CSTACK                          0x2000'0448   0x800  <Block>
    CSTACK               uninit   0x2000'0448   0x800  <Block tail>
                                - 0x2000'0c48   0x98c

Unused ranges:

         From           To    Size
         ----           --    ----
   0x800'1dc8   0x800'ffff  0xe238
  0x2000'0000  0x2000'00ff   0x100
  0x2000'0c48  0x2000'4fff  0x43b8


*******************************************************************************
*** INIT TABLE
***

          Address      Size
          -------      ----
Zero (__iar_zero_init3)
    1 destination range, total size 0xa8:
          0x2000'0214  0xa8

Copy (__iar_copy_init3)
    1 source range, total size 0x14 (117% of destination):
           0x800'1c90  0x14
    1 destination range, total size 0x11:
          0x2000'0200  0x11

Extra (__iar_cstart_call_ctors)



*******************************************************************************
*** MODULE SUMMARY
***

    Module                  ro code  ro data  rw data  rw data
                                                        (abs)
    ------                  -------  -------  -------  -------
command line/config:
    ----------------------------------------------------------
    Total:

C:\Amit_Chaudhary\STM32\Projects\IAR\IAR_Projects\Main\STM32F1xx_CPP_FW - StaticFunction\IAR\Debug\Obj: [1]
    BtnInt.o                    818       42
    BtnPoll.o                    88
    Gpio.o                      140
    GpioInput.o               1 332       40       84
    GpioOutput.o                162
    Interrupt.o                 140                        256
    Test.o                      310       76       80
    main.o                      190      108
    startup_stm32f103xb.o       424
    stm32f1xx_hal.o             150        5        9
    stm32f1xx_hal_cortex.o      330
    stm32f1xx_hal_rcc.o       1 580       18
    stm32f1xx_hal_rcc_ex.o      300
    stm32f1xx_it.o               28
    stm32f1xx_ll_exti.o         262
    stm32f1xx_ll_gpio.o         356
    system_stm32f1xx.o           88       20        4
    ----------------------------------------------------------
    Total:                    6 698      309      177      256

dl7M_tln.a: [2]
    cppinit.o                   160                20
    exit.o                        4
    low_level_init.o              4
    ----------------------------------------------------------
    Total:                      168                20

dlpp7M_tl_nc.a: [3]
    cxxabi.o                     10
    ----------------------------------------------------------
    Total:                       10

m7M_tl.a: [4]
    ----------------------------------------------------------
    Total:

rt7M_tl.a: [5]
    ABImemcpy.o                 134
    cexit.o                      14
    cmain.o                      30
    cmain_call_ctors.o           32
    copy_init3.o                 44
    cstart_call_dtors.o
    cstartup_M.o                 12
    data_init.o                  40
    zero_init3.o                 58
    ----------------------------------------------------------
    Total:                      364

shb_l.a: [6]
    exit.o                       20
    unwind_debug.o                         1
    ----------------------------------------------------------
    Total:                       20        1

    Gaps                          9        2
    Linker created                        43    2 432
--------------------------------------------------------------
    Grand Total:              7 269      355    2 629      256


*******************************************************************************
*** ENTRY LIST
***

Entry                       Address   Size  Type      Object
-----                       -------   ----  ----      ------
.iar.dynexit$$Base      0x2000'02bc          --   Gb  - Linker created -
.iar.dynexit$$Limit     0x2000'0448          --   Gb  - Linker created -
.iar.init_table$$Base    0x800'1b94          --   Gb  - Linker created -
.iar.init_table$$Limit   0x800'1bbc          --   Gb  - Linker created -
?main                    0x800'1bfd         Code  Gb  cmain.o [5]
AHBPrescTable            0x800'1cc4   0x10  Data  Gb  system_stm32f1xx.o [1]
BSP::BtnInt * && std::forward<BSP::BtnInt *>(std::remove_reference<BSP::BtnInt *>::type &)
                         0x800'17e3    0x2  Code  Gb  BtnInt.o [1]
BSP::BtnInt *& && std::forward<BSP::BtnInt *&>(std::remove_reference<BSP::BtnInt *&>::type &)
                         0x800'1af1    0x2  Code  Gb  BtnInt.o [1]
BSP::BtnInt *& std::_Select_fixer<BSP::BtnInt *, (bool)0, (bool)0, (int)0>::_Fix<std::tuple<>>(BSP::BtnInt *&, std::tuple<> &&)
                         0x800'1aef    0x2  Code  Gb  BtnInt.o [1]
BSP::BtnInt::BtnISR()    0x800'14d7    0x2  Code  Gb  BtnInt.o [1]
BSP::BtnInt::BtnInt(HAL::Gpio::Pin_t, BSP::BtnInt::Pull_t, unsigned char, void (*)(), void (*)())
                         0x800'15f9   0x72  Code  Gb  BtnInt.o [1]
BSP::BtnInt::HwInit(void *)
                         0x800'1679   0x18  Code  Gb  BtnInt.o [1]
BSP::BtnInt::L2H_Handler()
                         0x800'1691    0xe  Code  Gb  BtnInt.o [1]
BSP::BtnInt::Read()      0x800'170d   0x18  Code  Gb  BtnInt.o [1]
BSP::BtnInt::RegisterHandler(void (*)(), void (*)())
                         0x800'169f    0x6  Code  Gb  Test.o [1]
BSP::BtnPoll::BtnPoll(HAL::Gpio::Pin_t, BSP::BtnPoll::Pull_t, unsigned char, void (*)(), void (*)())
                         0x800'15a1   0x50  Code  Gb  BtnPoll.o [1]
BSP::Led::HwInit(void *)
                         0x800'16a5   0x10  Code  Gb  Test.o [1]
BSP::Led::Off()          0x800'16c1    0xc  Code  Gb  Test.o [1]
BSP::Led::On()           0x800'16b5    0xc  Code  Gb  Test.o [1]
Btn_High_Handler()       0x800'1579   0x12  Code  Gb  Test.o [1]
Btn_Low_Handler()        0x800'1565   0x12  Code  Gb  Test.o [1]
BusFault_Handler         0x800'1c4f    0x2  Code  Gb  stm32f1xx_it.o [1]
C13_Led                 0x2000'0208    0x8  Data  Gb  Test.o [1]
CSTACK$$Base            0x2000'0448          --   Gb  - Linker created -
CSTACK$$Limit           0x2000'0c48          --   Gb  - Linker created -
DebugMon_Handler         0x800'1c55    0x2  Code  Gb  stm32f1xx_it.o [1]
DtorRecArray            0x2000'02bc    0xc  Data  Lc  cppinit.o [2]
HAL::Gpio::ClockEnable()
                         0x800'0e07   0x5c  Code  Gb  Gpio.o [1]
HAL::Gpio::Gpio(HAL::Gpio::Pin_t)
                         0x800'1289   0x26  Code  Gb  GpioInput.o [1]
HAL::Gpio::Gpio(HAL::Gpio::Pin_t) [subobject]
                         0x800'0de1    0xe  Code  Gb  GpioInput.o [1]
HAL::Gpio::getPin(HAL::Gpio::Pin_t)
                         0x800'12d9   0x14  Code  Gb  GpioInput.o [1]
HAL::Gpio::getPort(HAL::Gpio::Pin_t)
                         0x800'12b1   0x28  Code  Gb  GpioInput.o [1]
HAL::Gpio::get_LL_pin(unsigned short) const
                         0x800'0fe1   0x38  Code  Gb  Test.o [1]
HAL::GpioInput::ConfigureInterrupt(unsigned int)
                         0x800'0a83   0xd0  Code  Gb  GpioInput.o [1]
HAL::GpioInput::EXTI0_IRQHandler()
                         0x800'0d09   0x1e  Code  Gb  GpioInput.o [1]
HAL::GpioInput::EXTI15_10_IRQHandler()
                         0x800'0c4d   0xbc  Code  Gb  GpioInput.o [1]
HAL::GpioInput::EXTI1_IRQHandler()
                         0x800'0d29   0x1e  Code  Gb  GpioInput.o [1]
HAL::GpioInput::EXTI2_IRQHandler()
                         0x800'0d49   0x1e  Code  Gb  GpioInput.o [1]
HAL::GpioInput::EXTI3_IRQHandler()
                         0x800'0d69   0x1e  Code  Gb  GpioInput.o [1]
HAL::GpioInput::EXTI4_IRQHandler()
                         0x800'0d89   0x1e  Code  Gb  GpioInput.o [1]
HAL::GpioInput::EXTI5_9_IRQHandler()
                         0x800'0ba9   0xa4  Code  Gb  GpioInput.o [1]
HAL::GpioInput::ExtLineInit()
                         0x800'0b53   0x54  Code  Gb  GpioInput.o [1]
HAL::GpioInput::GpioInput(HAL::Gpio::Pin_t, HAL::GpioInput::GpioInput_Params_t, HAL::GpioInput::Intr_Event_Edge_t, void (*)())
                         0x800'09ab   0x28  Code  Gb  GpioInput.o [1]
HAL::GpioInput::HwInit(void *)
                         0x800'09d3   0x5e  Code  Gb  GpioInput.o [1]
HAL::GpioInput::MapPin2ExtLine(unsigned int)
                         0x800'1019   0x24  Code  Gb  GpioInput.o [1]
HAL::GpioInput::Read() const
                         0x800'1839   0x14  Code  Gb  Test.o [1]
HAL::GpioInput::_GPIO_ISRs
                        0x2000'0214   0x40  Data  Gb  GpioInput.o [1]
HAL::GpioInput::_GpioCallback
                        0x2000'0294   0x14  Data  Gb  GpioInput.o [1]
HAL::GpioInput::get_GPIO_InitTypeDef(LL_GPIO_InitTypeDef *)
                         0x800'0a31   0x52  Code  Gb  GpioInput.o [1]
HAL::GpioOutput::High()
                         0x800'17c7    0xe  Code  Gb  Test.o [1]
HAL::GpioOutput::HwInit(void *)
                         0x800'1787   0x40  Code  Gb  GpioOutput.o [1]
HAL::GpioOutput::Low()   0x800'17d5    0xe  Code  Gb  Test.o [1]
HAL::GpioOutput::get_GPIO_InitTypeDef(LL_GPIO_InitTypeDef *)
                         0x800'1725   0x62  Code  Gb  GpioOutput.o [1]
HAL::Interrupt::EnableInterrupt(HAL::Interrupt::IRQn)
                         0x800'103d   0x22  Code  Gb  Interrupt.o [1]
HAL::Interrupt::RegisterInterrupt_Vct_Table(void (*)(), HAL::Interrupt::IRQn, unsigned char, unsigned char)
                         0x800'105f   0x38  Code  Gb  Interrupt.o [1]
HAL::Interrupt::Relocate_Vector_Table()
                         0x800'1097   0x24  Code  Gb  Interrupt.o [1]
HAL::Interrupt::Vectors_RAM
                        0x2000'0100  0x100  Data  Gb  Interrupt.o [1]
HAL_GetTick              0x800'0719    0xc  Code  Wk  stm32f1xx_hal.o [1]
HAL_IncTick              0x800'1c65   0x18  Code  Wk  stm32f1xx_hal.o [1]
HAL_Init                 0x800'14d9   0x20  Code  Gb  stm32f1xx_hal.o [1]
HAL_InitTick             0x800'0725   0x4c  Code  Wk  stm32f1xx_hal.o [1]
HAL_NVIC_SetPriority     0x800'0901   0x2a  Code  Gb  stm32f1xx_hal_cortex.o [1]
HAL_NVIC_SetPriorityGrouping
                         0x800'08f5    0xc  Code  Gb  stm32f1xx_hal_cortex.o [1]
HAL_RCCEx_PeriphCLKConfig
                         0x800'12ed  0x118  Code  Gb  stm32f1xx_hal_rcc_ex.o [1]
HAL_RCC_ClockConfig      0x800'04ad  0x190  Code  Gb  stm32f1xx_hal_rcc.o [1]
HAL_RCC_GetHCLKFreq      0x800'06ad    0x6  Code  Gb  stm32f1xx_hal_rcc.o [1]
HAL_RCC_GetSysClockFreq
                         0x800'063d   0x70  Code  Gb  stm32f1xx_hal_rcc.o [1]
HAL_RCC_OscConfig        0x800'00ed  0x3c0  Code  Gb  stm32f1xx_hal_rcc.o [1]
HAL_SYSTICK_CLKSourceConfig
                         0x800'0937   0x1c  Code  Gb  stm32f1xx_hal_cortex.o [1]
HAL_SYSTICK_Config       0x800'092b    0xc  Code  Gb  stm32f1xx_hal_cortex.o [1]
HAL_SYSTICK_IRQHandler   0x800'0971    0x8  Code  Gb  stm32f1xx_hal_cortex.o [1]
HardFault_Handler        0x800'1c4b    0x2  Code  Gb  stm32f1xx_it.o [1]
Highs                   0x2000'02ac    0x4  Data  Gb  Test.o [1]
Hw_BtnIntr_Test()        0x800'152d   0x36  Code  Gb  Test.o [1]
LL_EXTI_Init             0x800'1129   0xa6  Code  Gb  stm32f1xx_ll_exti.o [1]
LL_GPIO_Init             0x800'0f51   0x90  Code  Gb  stm32f1xx_ll_gpio.o [1]
Lows                    0x2000'02b0    0x4  Data  Gb  Test.o [1]
MemManage_Handler        0x800'1c4d    0x2  Code  Gb  stm32f1xx_it.o [1]
NMI_Handler              0x800'1c49    0x2  Code  Gb  stm32f1xx_it.o [1]
PendSV_Handler           0x800'1c57    0x2  Code  Gb  stm32f1xx_it.o [1]
Region$$Table$$Base      0x800'1b94          --   Gb  - Linker created -
Region$$Table$$Limit     0x800'1bbc          --   Gb  - Linker created -
SHT$$INIT_ARRAY$$Base    0x800'1d14          --   Gb  - Linker created -
SHT$$INIT_ARRAY$$Limit   0x800'1d1c          --   Gb  - Linker created -
SHT$$PREINIT_ARRAY$$Base
                         0x800'1d14          --   Gb  - Linker created -
SHT$$PREINIT_ARRAY$$Limit
                         0x800'1d14          --   Gb  - Linker created -
SVC_Handler              0x800'1c53    0x2  Code  Gb  stm32f1xx_it.o [1]
StaticFunction<void (), (unsigned int)12>& StaticFunction<void (), (unsigned int)12>::operator =<std::_Binder<std::_Unforced, void (BSP::BtnInt::*)(), BSP::BtnInt *>>(std::_Binder<std::_Unforced, void (BSP::BtnInt::*)(), BSP::BtnInt *> &&)
                         0x800'1817   0x22  Code  Gb  BtnInt.o [1]
StaticFunction<void (), (unsigned int)12>::Invoker::Invoker()
                         0x800'192f    0x2  Code  Gb  BtnInt.o [1]
StaticFunction<void (), (unsigned int)12>::Invoker::Invoker() [subobject]
                         0x800'1915    0xc  Code  Gb  BtnInt.o [1]
StaticFunction<void (), (unsigned int)12>::InvokerBound<std::_Binder<std::_Unforced, void (BSP::BtnInt::*)(), BSP::BtnInt *>>::InvokerBound<std::_Binder<std::_Unforced, void (BSP::BtnInt::*)(), BSP::BtnInt *>>(std::_Binder<std::_Unforced, void (BSP::BtnInt::*)(), BSP::BtnInt *> &&)
                         0x800'18d9   0x28  Code  Gb  BtnInt.o [1]
StaticFunction<void (), (unsigned int)12>::InvokerBound<std::_Binder<std::_Unforced, void (BSP::BtnInt::*)(), BSP::BtnInt *>>::exec()
                         0x800'1cf3    0xc  Code  Gb  BtnInt.o [1]
StaticFunction<void (), (unsigned int)12>::InvokerBound<std::_Binder<std::_Unforced, void (BSP::BtnInt::*)(), BSP::BtnInt *>>::~InvokerBound()
                         0x800'0def    0x2  Code  Gb  BtnInt.o [1]
StaticFunction<void (), (unsigned int)12>::StaticFunction()
                         0x800'0dd1    0x6  Code  Gb  GpioInput.o [1]
StaticFunction<void (), (unsigned int)12>::destroyHandler()
                         0x800'1877   0x1c  Code  Gb  GpioInput.o [1]
StaticFunction<void (), (unsigned int)12>::getInvoker()
                         0x800'12af    0x2  Code  Gb  GpioInput.o [1]
StaticFunction<void (), (unsigned int)12>::operator ()()
                         0x800'11d3   0x16  Code  Gb  GpioInput.o [1]
StaticFunction<void (), (unsigned int)12>::operator bool() const
                         0x800'11cf    0x4  Code  Gb  GpioInput.o [1]
StaticFunction<void (), (unsigned int)12>::~StaticFunction()
                         0x800'1ce5    0xe  Code  Gb  GpioInput.o [1]
SysTick_Handler          0x800'1c59    0xc  Code  Gb  stm32f1xx_it.o [1]
SystemClock_Config()     0x800'142d   0xa4  Code  Gb  main.o [1]
SystemCoreClock         0x2000'0204    0x4  Data  Gb  system_stm32f1xx.o [1]
SystemInit               0x800'19bd   0x3e  Code  Gb  system_stm32f1xx.o [1]
UsageFault_Handler       0x800'1c51    0x2  Code  Gb  stm32f1xx_it.o [1]
Virtual function table for StaticFunction<void (), (unsigned int)12>::InvokerBound<std::_Binder<std::_Unforced, void (BSP::BtnInt::*)(), BSP::BtnInt *>>
                         0x800'1bbc   0x20  Data  Gb  BtnInt.o [1]
[local to GpioInput_cpp]::LL_EXTI_IsEnabledIT_0_31(unsigned int)
                         0x800'0995   0x16  Code  Lc  GpioInput.o [1]
[local to Gpio_cpp]::LL_APB2_GRP1_EnableClock(unsigned int)
                         0x800'0df1   0x16  Code  Lc  Gpio.o [1]
[local to stm32f1xx_hal_cortex_c]::NVIC_EncodePriority(unsigned int, unsigned int, unsigned int)
                         0x800'0885   0x40  Code  Lc  stm32f1xx_hal_cortex.o [1]
[local to stm32f1xx_hal_cortex_c]::NVIC_GetPriorityGrouping()
                         0x800'084f    0xa  Code  Lc  stm32f1xx_hal_cortex.o [1]
[local to stm32f1xx_hal_cortex_c]::NVIC_SetPriority(IRQn_Type, unsigned int)
                         0x800'0859   0x2c  Code  Lc  stm32f1xx_hal_cortex.o [1]
[local to stm32f1xx_hal_cortex_c]::NVIC_SetPriorityGrouping(unsigned int)
                         0x800'0831   0x1e  Code  Lc  stm32f1xx_hal_cortex.o [1]
[local to stm32f1xx_hal_cortex_c]::SysTick_Config(unsigned int)
                         0x800'08c5   0x30  Code  Lc  stm32f1xx_hal_cortex.o [1]
[local to stm32f1xx_hal_rcc_c]::RCC_Delay(unsigned int)
                         0x800'06b3   0x26  Code  Lc  stm32f1xx_hal_rcc.o [1]
[local to stm32f1xx_ll_exti_c]::LL_EXTI_DisableEvent_0_31(unsigned int)
                         0x800'10e7    0xa  Code  Lc  stm32f1xx_ll_exti.o [1]
[local to stm32f1xx_ll_exti_c]::LL_EXTI_DisableFallingTrig_0_31(unsigned int)
                         0x800'110f    0xa  Code  Lc  stm32f1xx_ll_exti.o [1]
[local to stm32f1xx_ll_exti_c]::LL_EXTI_DisableIT_0_31(unsigned int)
                         0x800'10d3    0xa  Code  Lc  stm32f1xx_ll_exti.o [1]
[local to stm32f1xx_ll_exti_c]::LL_EXTI_DisableRisingTrig_0_31(unsigned int)
                         0x800'10fb    0xa  Code  Lc  stm32f1xx_ll_exti.o [1]
[local to stm32f1xx_ll_exti_c]::LL_EXTI_EnableEvent_0_31(unsigned int)
                         0x800'10dd    0xa  Code  Lc  stm32f1xx_ll_exti.o [1]
[local to stm32f1xx_ll_exti_c]::LL_EXTI_EnableFallingTrig_0_31(unsigned int)
                         0x800'1105    0xa  Code  Lc  stm32f1xx_ll_exti.o [1]
[local to stm32f1xx_ll_exti_c]::LL_EXTI_EnableIT_0_31(unsigned int)
                         0x800'10c9    0xa  Code  Lc  stm32f1xx_ll_exti.o [1]
[local to stm32f1xx_ll_exti_c]::LL_EXTI_EnableRisingTrig_0_31(unsigned int)
                         0x800'10f1    0xa  Code  Lc  stm32f1xx_ll_exti.o [1]
[local to stm32f1xx_ll_gpio_c]::LL_GPIO_SetPinMode(GPIO_TypeDef *, unsigned int, unsigned int)
                         0x800'0e7d   0x3c  Code  Lc  stm32f1xx_ll_gpio.o [1]
[local to stm32f1xx_ll_gpio_c]::LL_GPIO_SetPinOutputType(GPIO_TypeDef *, unsigned int, unsigned int)
                         0x800'0ef5   0x3c  Code  Lc  stm32f1xx_ll_gpio.o [1]
[local to stm32f1xx_ll_gpio_c]::LL_GPIO_SetPinPull(GPIO_TypeDef *, unsigned int, unsigned int)
                         0x800'0f31   0x20  Code  Lc  stm32f1xx_ll_gpio.o [1]
[local to stm32f1xx_ll_gpio_c]::LL_GPIO_SetPinSpeed(GPIO_TypeDef *, unsigned int, unsigned int)
                         0x800'0eb9   0x3c  Code  Lc  stm32f1xx_ll_gpio.o [1]
_Error_Handler           0x800'14d5    0x2  Code  Gb  main.o [1]
__aeabi_atexit           0x800'0dd7    0xa  Code  Gb  cxxabi.o [3]
__aeabi_memcpy4          0x800'0771         Code  Gb  ABImemcpy.o [5]
__aeabi_memcpy8          0x800'0771         Code  Gb  ABImemcpy.o [5]
__call_ctors             0x800'11e9   0x18  Code  Gb  cppinit.o [2]
__call_dtors             0x800'1237    0xc  Code  Gb  cppinit.o [2]
__call_dtors0            0x800'1243   0x36  Code  Gb  cppinit.o [2]
__cexit_call_dtors       0x800'1c27         Code  Gb  cexit.o [5]
__cmain                  0x800'1bfd         Code  Gb  cmain.o [5]
__cstart_call_dtors      0x800'1dc8         Data  Gb  cstart_call_dtors.o [5]
__cxa_atexit             0x800'1201   0x36  Code  Gb  cppinit.o [2]
__dso_handle            0x2000'02b8    0x4  Data  Gb  cppinit.o [2]
__exit                   0x800'1c35   0x14  Code  Gb  exit.o [6]
__iar_copy_init3         0x800'1b41   0x2c  Code  Gb  copy_init3.o [5]
__iar_cstart_call_ctors
                         0x800'1bdd   0x20  Code  Gb  cmain_call_ctors.o [5]
__iar_data_init3         0x800'1b6d   0x28  Code  Gb  data_init.o [5]
__iar_debug_exceptions   0x800'16ee    0x1  Data  Gb  unwind_debug.o [6]
__iar_program_start      0x800'1cff         Code  Gb  cstartup_M.o [5]
__iar_tls$$INIT_ARRAY$$Base
                         0x800'1d1c          --   Gb  - Linker created -
__iar_tls$$INIT_ARRAY$$Limit
                         0x800'1d1c          --   Gb  - Linker created -
__iar_zero_init3         0x800'07f7   0x3a  Code  Gb  zero_init3.o [5]
__low_level_init         0x800'1c1b    0x4  Code  Gb  low_level_init.o [2]
__sti__routine           0x800'097d   0x18  Code  Lc  GpioInput.o [1]
__sti__routine           0x800'1501   0x2c  Code  Lc  Test.o [1]
__vector_table           0x800'0000         Data  Gb  startup_stm32f103xb.o [1]
_call_main               0x800'1c09         Code  Gb  cmain.o [5]
_exit                    0x800'1c25         Code  Gb  cexit.o [5]
_main                    0x800'1c17         Code  Gb  cmain.o [5]
btn                     0x2000'0254   0x20  Data  Gb  Test.o [1]
btn_A1                  0x2000'0274   0x20  Data  Gb  Test.o [1]
decltype((((*std::forward<BSP::BtnInt *&>(param#2)).*param#1)(std::forward<>(param#3)...))) std::_Invoker_pmf_pointer::_Call<void (BSP::BtnInt::*)(), BSP::BtnInt *&, >(void (BSP::BtnInt::*)(), BSP::BtnInt *& &&,  &&...)
                         0x800'1b17   0x2a  Code  Gb  BtnInt.o [1]
decltype((_Call_binder(std::_Forced<std::_Unforced, (bool)0>(), std::integer_sequence<unsigned int, (unsigned int)0>(), (_Mypair._Get_first)(), (_Mypair._Get_second)(), std::forward_as_tuple(std::forward<>(param#1)...)))) std::_Binder<std::_Unforced, void (BSP::BtnInt::*)(), BSP::BtnInt *>::operator ()<>( &&...)
                         0x800'1a55   0x30  Code  Gb  BtnInt.o [1]
decltype((_Invoke_ret(param#1, param#3, _Fix_arg(std::get<(unsigned int)0>(param#4), std::move(param#5))...))) std::_Call_binder<std::_Unforced, (unsigned int)0, void (BSP::BtnInt::*)(), std::tuple<BSP::BtnInt *>, std::tuple<>>(std::_Forced<std::_Unforced, std::is_void<std::_Unforced>::value>, std::integer_sequence<unsigned int, (unsigned int)0>, void (BSP::BtnInt::*)() &, std::tuple<BSP::BtnInt *> &, std::tuple<> &&)
                         0x800'1a8b   0x2e  Code  Gb  BtnInt.o [1]
decltype((_Invoker<void (BSP::BtnInt::*&)(), BSP::BtnInt *&...>::_Call(std::forward<void (BSP::BtnInt::*&)()>(param#1), std::forward<BSP::BtnInt *&>(param#2)...))) std::invoke<void (BSP::BtnInt::*&)(), BSP::BtnInt *&>(void (BSP::BtnInt::*&)() &&, BSP::BtnInt *& &&...)
                         0x800'1af5   0x22  Code  Gb  BtnInt.o [1]
decltype((_Select_fixer<BSP::BtnInt *, std::_Unrefwrap<BSP::BtnInt *>::_Is_refwrap, std::is_bind_expression<BSP::BtnInt *>::value, std::is_placeholder<BSP::BtnInt *>::value>::_Fix(param#1, std::move(param#2)))) std::_Fix_arg<BSP::BtnInt *, std::tuple<>>(BSP::BtnInt * &, std::tuple<> &&)
                         0x800'1abd   0x16  Code  Gb  BtnInt.o [1]
decltype((std::invoke(std::forward<void (BSP::BtnInt::*&)(), BSP::BtnInt *&>(param#2)...))) std::_Invoke_ret<void (BSP::BtnInt::*&)(), BSP::BtnInt *&>(std::_Forced<std::_Unforced, (bool)0>, void (BSP::BtnInt::*&)(), BSP::BtnInt *& &&...)
                         0x800'1ad3   0x1c  Code  Gb  BtnInt.o [1]
exit                     0x800'1c1f    0x4  Code  Gb  exit.o [2]
main                     0x800'1419   0x14  Code  Gb  main.o [1]
next_abi_dtor_rec       0x2000'02b4    0x4  Data  Lc  cppinit.o [2]
operator new (unsigned int, void *)
                         0x800'18d3    0x4  Code  Gb  BtnInt.o [1]
std::_Binder<std::_Unforced, void (BSP::BtnInt::*)(), BSP::BtnInt *...> std::bind<void (BSP::BtnInt::*)(), BSP::BtnInt *>(void (BSP::BtnInt::*)() &&, BSP::BtnInt * &&...)
                         0x800'16cd   0x22  Code  Gb  BtnInt.o [1]
std::_Binder<std::_Unforced, void (BSP::BtnInt::*)(), BSP::BtnInt *> && std::forward<std::_Binder<std::_Unforced, void (BSP::BtnInt::*)(), BSP::BtnInt *>>(std::remove_reference<std::_Binder<std::_Unforced, void (BSP::BtnInt::*)(), BSP::BtnInt *>>::type &)
                         0x800'1815    0x2  Code  Gb  BtnInt.o [1]
std::_Binder<std::_Unforced, void (BSP::BtnInt::*)(), BSP::BtnInt *>::_Binder(std::_Binder<std::_Unforced, void (BSP::BtnInt::*)(), BSP::BtnInt *>&&)
                         0x800'1921    0xe  Code  Gb  BtnInt.o [1]
std::_Binder<std::_Unforced, void (BSP::BtnInt::*)(), BSP::BtnInt *>::_Binder(void (BSP::BtnInt::*&&)(), BSP::BtnInt *&&)
                         0x800'17e9   0x2c  Code  Gb  BtnInt.o [1]
std::_Compressed_pair<void (BSP::BtnInt::*)(), std::tuple<BSP::BtnInt *>, (bool)0>::_Compressed_pair(std::_Compressed_pair<void (BSP::BtnInt::*)(), std::tuple<BSP::BtnInt *>, (bool)0>&&)
                         0x800'1931   0x1a  Code  Gb  BtnInt.o [1]
std::_Compressed_pair<void (BSP::BtnInt::*)(), std::tuple<BSP::BtnInt *>, (bool)0>::_Compressed_pair<void (BSP::BtnInt::*)(), BSP::BtnInt *>(std::_One_then_variadic_args_t, void (BSP::BtnInt::*)() &&, BSP::BtnInt * &&...)
                         0x800'184d   0x2a  Code  Gb  BtnInt.o [1]
std::_Compressed_pair<void (BSP::BtnInt::*)(), std::tuple<BSP::BtnInt *>, (bool)0>::_Get_first()
                         0x800'1a89    0x2  Code  Gb  BtnInt.o [1]
std::_Compressed_pair<void (BSP::BtnInt::*)(), std::tuple<BSP::BtnInt *>, (bool)0>::_Get_second()
                         0x800'1a85    0x4  Code  Gb  BtnInt.o [1]
std::_Tuple_val<BSP::BtnInt *>::_Tuple_val<BSP::BtnInt *>(BSP::BtnInt * &&)
                         0x800'1901   0x14  Code  Gb  BtnInt.o [1]
std::remove_reference<std::tuple<> &>::type && std::move<std::tuple<> &>(std::tuple<> & &&)
                         0x800'1ab9    0x2  Code  Gb  BtnInt.o [1]
std::tuple<BSP::BtnInt *>::tuple(std::tuple<BSP::BtnInt *>&&)
                         0x800'194b    0x6  Code  Gb  BtnInt.o [1]
std::tuple<BSP::BtnInt *>::tuple<BSP::BtnInt *, , void **>(BSP::BtnInt * &&,  &&...)
                         0x800'18bb   0x18  Code  Gb  BtnInt.o [1]
std::tuple_element<(unsigned int)0, std::tuple<BSP::BtnInt *...>>::type & std::get<(unsigned int)0, BSP::BtnInt *>(std::tuple<BSP::BtnInt *...> &)
                         0x800'1abb    0x2  Code  Gb  BtnInt.o [1]
uwTick                  0x2000'02a8    0x4  Data  Gb  stm32f1xx_hal.o [1]
uwTickFreq              0x2000'0210    0x1  Data  Gb  stm32f1xx_hal.o [1]
uwTickPrio              0x2000'0200    0x4  Data  Gb  stm32f1xx_hal.o [1]
void (BSP::BtnInt::*&)() && std::forward<void (BSP::BtnInt::*&)()>(std::remove_reference<void (BSP::BtnInt::*&)()>::type &)
                         0x800'1af3    0x2  Code  Gb  BtnInt.o [1]
void (BSP::BtnInt::*)() && std::forward<void (BSP::BtnInt::*)()>(std::remove_reference<void (BSP::BtnInt::*)()>::type &)
                         0x800'17e5    0x2  Code  Gb  BtnInt.o [1]
void HAL::GpioInput::setHandler<std::_Binder<std::_Unforced, void (BSP::BtnInt::*)(), BSP::BtnInt *>>(std::_Binder<std::_Unforced, void (BSP::BtnInt::*)(), BSP::BtnInt *> &&)
                         0x800'16f1   0x1c  Code  Gb  BtnInt.o [1]
void StaticFunction<void (), (unsigned int)12>::assignHandler<std::_Binder<std::_Unforced, void (BSP::BtnInt::*)(), BSP::BtnInt *>>(std::_Binder<std::_Unforced, void (BSP::BtnInt::*)(), BSP::BtnInt *> &&)
                         0x800'1893   0x28  Code  Gb  BtnInt.o [1]


[1] = C:\Amit_Chaudhary\STM32\Projects\IAR\IAR_Projects\Main\STM32F1xx_CPP_FW - StaticFunction\IAR\Debug\Obj
[2] = dl7M_tln.a
[3] = dlpp7M_tl_nc.a
[4] = m7M_tl.a
[5] = rt7M_tl.a
[6] = shb_l.a

  7 269 bytes of readonly  code memory
    355 bytes of readonly  data memory
  2 629 bytes of readwrite data memory (+ 256 absolute)

Errors: none
Warnings: none
