###############################################################################
#
# IAR ELF Linker V8.30.1.114/W32 for ARM                  01/Aug/2018  10:36:28
# Copyright 2007-2018 IAR Systems AB.
#
#    Output file  =  
#        C:\Amit_Chaudhary\STM32\Projects\IAR\IAR_Projects\PowerMonitor\Debug\Exe\PowerMonitor.out
#    Map file     =  
#        C:\Amit_Chaudhary\STM32\Projects\IAR\IAR_Projects\PowerMonitor\Debug\List\PowerMonitor.map
#    Command line =  
#        -f C:\Users\achaudha\AppData\Local\Temp\EWA32E.tmp
#        (C:\Amit_Chaudhary\STM32\Projects\IAR\IAR_Projects\PowerMonitor\Debug\Obj\ClockManager.o
#        C:\Amit_Chaudhary\STM32\Projects\IAR\IAR_Projects\PowerMonitor\Debug\Obj\Gpio.o
#        C:\Amit_Chaudhary\STM32\Projects\IAR\IAR_Projects\PowerMonitor\Debug\Obj\GpioInput.o
#        C:\Amit_Chaudhary\STM32\Projects\IAR\IAR_Projects\PowerMonitor\Debug\Obj\GpioOutput.o
#        C:\Amit_Chaudhary\STM32\Projects\IAR\IAR_Projects\PowerMonitor\Debug\Obj\HwButton.o
#        C:\Amit_Chaudhary\STM32\Projects\IAR\IAR_Projects\PowerMonitor\Debug\Obj\HwButtonIntr.o
#        C:\Amit_Chaudhary\STM32\Projects\IAR\IAR_Projects\PowerMonitor\Debug\Obj\I2c.o
#        C:\Amit_Chaudhary\STM32\Projects\IAR\IAR_Projects\PowerMonitor\Debug\Obj\I2CDriver.o
#        C:\Amit_Chaudhary\STM32\Projects\IAR\IAR_Projects\PowerMonitor\Debug\Obj\INA219.o
#        C:\Amit_Chaudhary\STM32\Projects\IAR\IAR_Projects\PowerMonitor\Debug\Obj\InterruptManager.o
#        C:\Amit_Chaudhary\STM32\Projects\IAR\IAR_Projects\PowerMonitor\Debug\Obj\Led.o
#        C:\Amit_Chaudhary\STM32\Projects\IAR\IAR_Projects\PowerMonitor\Debug\Obj\Line.o
#        C:\Amit_Chaudhary\STM32\Projects\IAR\IAR_Projects\PowerMonitor\Debug\Obj\main.o
#        C:\Amit_Chaudhary\STM32\Projects\IAR\IAR_Projects\PowerMonitor\Debug\Obj\Menu.o
#        C:\Amit_Chaudhary\STM32\Projects\IAR\IAR_Projects\PowerMonitor\Debug\Obj\misc.o
#        C:\Amit_Chaudhary\STM32\Projects\IAR\IAR_Projects\PowerMonitor\Debug\Obj\Nokia5110LCD.o
#        C:\Amit_Chaudhary\STM32\Projects\IAR\IAR_Projects\PowerMonitor\Debug\Obj\Page.o
#        C:\Amit_Chaudhary\STM32\Projects\IAR\IAR_Projects\PowerMonitor\Debug\Obj\PortManager.o
#        C:\Amit_Chaudhary\STM32\Projects\IAR\IAR_Projects\PowerMonitor\Debug\Obj\Queue.o
#        C:\Amit_Chaudhary\STM32\Projects\IAR\IAR_Projects\PowerMonitor\Debug\Obj\SpiDriver.o
#        C:\Amit_Chaudhary\STM32\Projects\IAR\IAR_Projects\PowerMonitor\Debug\Obj\startup_stm32f10x_md.o
#        C:\Amit_Chaudhary\STM32\Projects\IAR\IAR_Projects\PowerMonitor\Debug\Obj\stm32f10x_exti.o
#        C:\Amit_Chaudhary\STM32\Projects\IAR\IAR_Projects\PowerMonitor\Debug\Obj\stm32f10x_gpio.o
#        C:\Amit_Chaudhary\STM32\Projects\IAR\IAR_Projects\PowerMonitor\Debug\Obj\stm32f10x_i2c.o
#        C:\Amit_Chaudhary\STM32\Projects\IAR\IAR_Projects\PowerMonitor\Debug\Obj\stm32f10x_it.o
#        C:\Amit_Chaudhary\STM32\Projects\IAR\IAR_Projects\PowerMonitor\Debug\Obj\stm32f10x_rcc.o
#        C:\Amit_Chaudhary\STM32\Projects\IAR\IAR_Projects\PowerMonitor\Debug\Obj\stm32f10x_spi.o
#        C:\Amit_Chaudhary\STM32\Projects\IAR\IAR_Projects\PowerMonitor\Debug\Obj\stm32f10x_usart.o
#        C:\Amit_Chaudhary\STM32\Projects\IAR\IAR_Projects\PowerMonitor\Debug\Obj\system_stm32f10x.o
#        C:\Amit_Chaudhary\STM32\Projects\IAR\IAR_Projects\PowerMonitor\Debug\Obj\SysTickTimer.o
#        C:\Amit_Chaudhary\STM32\Projects\IAR\IAR_Projects\PowerMonitor\Debug\Obj\UI.o
#        --no_out_extension -o
#        C:\Amit_Chaudhary\STM32\Projects\IAR\IAR_Projects\PowerMonitor\Debug\Exe\PowerMonitor.out
#        --redirect _Printf=_PrintfFullNoMb --redirect _Scanf=_ScanfFullNoMb
#        --map
#        C:\Amit_Chaudhary\STM32\Projects\IAR\IAR_Projects\PowerMonitor\Debug\List\PowerMonitor.map
#        --config "C:\Program Files (x86)\IAR Systems\Embedded Workbench
#        8.1_2\arm\config\linker\ST\stm32f103x8.icf" --semihosting --entry
#        __iar_program_start --vfe --text_out locale)
#
###############################################################################

*******************************************************************************
*** RUNTIME MODEL ATTRIBUTES
***

CppFlavor                     = *
__CPP_Exceptions              = Disabled
__CPP_Language                = C++14
__Heap_Handler                = Basic
__SystemLibrary               = DLib
__dlib_dynamic_initialization = normal
__dlib_version                = 6


*******************************************************************************
*** HEAP SELECTION
***

The basic heap was selected because some modules are built with
size limitations (and not runtime checking), and --advanced_heap
was not specified.


*******************************************************************************
*** PLACEMENT SUMMARY
***

"A0":  place at 0x800'0000 { ro section .intvec };
"P1":  place in [from 0x800'0000 to 0x800'ffff] { ro };
define block CSTACK with size = 2K, alignment = 8 { };
define block HEAP with size = 2K, alignment = 8 { };
"P2":  place in [from 0x2000'0000 to 0x2000'4fff] {
          rw, block CSTACK, block HEAP };
initialize by copy { rw };

  Section                Kind         Address    Size  Object
  -------                ----         -------    ----  ------
"A0":                                            0xec
  .intvec                ro code   0x800'0000    0xec  startup_stm32f10x_md.o [1]
                                 - 0x800'00ec    0xec

"P1":                                          0x3930
  .text                  ro code   0x800'00ec   0x708  InterruptManager.o [1]
  .text                  ro code   0x800'07f4    0xb4  misc.o [1]
  .text                  ro code   0x800'08a8    0xb4  stm32f10x_exti.o [1]
  .text                  ro code   0x800'095c   0x4f4  I2CDriver.o [1]
  .text                  ro code   0x800'0e50     0x8  SpiDriver.o [1]
  .text                  ro code   0x800'0e58    0x68  ClockManager.o [1]
  .text                  ro code   0x800'0ec0   0x278  stm32f10x_rcc.o [1]
  .text                  ro code   0x800'1138   0x128  stm32f10x_gpio.o [1]
  .text                  ro code   0x800'1260   0x1ea  stm32f10x_i2c.o [1]
  .text                  ro code   0x800'144a    0x3a  zero_init3.o [5]
  .text                  ro code   0x800'1484   0x468  main.o [1]
  .text                  ro code   0x800'18ec   0x252  HwButtonIntr.o [1]
  .rodata                const     0x800'1b3e     0x1  unwind_debug.o [6]
  .text                  ro code   0x800'1b40    0x20  Led.o [1]
  .text                  ro code   0x800'1b60   0x2c4  Nokia5110LCD.o [1]
  .text                  ro code   0x800'1e24    0x32  cxxabi.o [3]
  .text                  ro code   0x800'1e58   0x19e  INA219.o [1]
  .text                  ro code   0x800'1ff8    0xa6  UI.o [1]
  .text                  ro code   0x800'209e    0x30  Line.o [1]
  .text                  ro code   0x800'20ce   0x1ba  Menu.o [1]
  .text                  ro code   0x800'2288    0xc8  SysTickTimer.o [1]
  .text                  ro code   0x800'2350    0x14  main.o [1]
  .text                  ro code   0x800'2364    0x26  main.o [1]
  .text                  ro code   0x800'238a     0x8  main.o [1]
  .text                  ro code   0x800'2394    0x2a  FltToS32.o [4]
  .text                  ro code   0x800'23c0    0x24  S32ToFlt.o [4]
  .text                  ro code   0x800'23e4    0x80  FltSub.o [4]
  .text                  ro code   0x800'2464   0x1a2  DblMul.o [4]
  .text                  ro code   0x800'2608    0x20  DblCmpEq.o [4]
  .text                  ro code   0x800'2628   0x246  DblDiv.o [4]
  .text                  ro code   0x800'2870    0x48  FltToDbl.o [4]
  .text                  ro code   0x800'28b8    0x68  DblToFlt.o [4]
  .text                  ro code   0x800'2920   0x300  GpioInput.o [1]
  .text                  ro code   0x800'2c20     0xc  SysTickTimer.o [1]
  .text                  ro code   0x800'2c2c    0x18  HwButtonIntr.o [1]
  .text                  ro code   0x800'2c44     0xe  HwButtonIntr.o [1]
  .text                  ro code   0x800'2c52    0x10  HwButtonIntr.o [1]
  .text                  ro code   0x800'2c64    0xf6  GpioOutput.o [1]
  .text                  ro code   0x800'2d5c   0x274  SpiDriver.o [1]
  .text                  ro code   0x800'2fd0     0xe  SpiDriver.o [1]
  .text                  ro code   0x800'2fde     0xe  SpiDriver.o [1]
  .text                  ro code   0x800'2fec    0xa0  cppinit.o [2]
  .text                  ro code   0x800'308c    0x24  FltCmpLe.o [4]
  .text                  ro code   0x800'30b0    0x22  S32ToDbl.o [4]
  .text                  ro code   0x800'30d4    0x1c  U32ToFlt.o [4]
  .text                  ro code   0x800'30f0    0xfc  FltDiv.o [4]
  .text                  ro code   0x800'31ec     0x2  UI.o [1]
  .text                  ro code   0x800'31f0    0xa6  ABImemcpy.o [5]
  .text                  ro code   0x800'3298    0x10  SysTickTimer.o [1]
  .text                  ro code   0x800'32a8     0xc  memcpy.o [5]
  .text                  ro code   0x800'32b4    0xd6  FltAdd.o [4]
  .text                  ro code   0x800'338a     0x8  GpioInput.o [1]
  .text                  ro code   0x800'3392    0x16  GpioInput.o [1]
  .text                  ro code   0x800'33a8    0x74  stm32f10x_spi.o [1]
  .rodata                const     0x800'341c   0x1e0  Nokia5110LCD.o [1]
  .text                  ro code   0x800'35fc   0x118  system_stm32f10x.o [1]
  .text                  ro code   0x800'3714    0x6c  HwButtonIntr.o [1]
  .text                  ro code   0x800'3780    0x2c  copy_init3.o [5]
  .text                  ro code   0x800'37ac    0x28  data_init.o [5]
  .iar.init_table        const     0x800'37d4    0x28  - Linker created -
  .text                  ro code   0x800'37fc    0x20  cmain_call_ctors.o [5]
  .text                  ro code   0x800'381c    0x1e  cmain.o [5]
  .text                  ro code   0x800'383a     0x4  low_level_init.o [2]
  .text                  ro code   0x800'383e     0x4  exit.o [2]
  .text                  ro code   0x800'3844     0xe  cexit.o [5]
  .text                  ro code   0x800'3854    0x14  exit.o [6]
  Initializer bytes      const     0x800'3868    0x18  <for P2-1>
  .rodata                const     0x800'3880    0x14  GpioInput.o [1]
  .rodata                const     0x800'3894    0x14  GpioOutput.o [1]
  .rodata                const     0x800'38a8    0x14  HwButtonIntr.o [1]
  .rodata                const     0x800'38bc    0x14  I2CDriver.o [1]
  .rodata                const     0x800'38d0    0x14  Led.o [1]
  .rodata                const     0x800'38e4    0x14  SpiDriver.o [1]
  .rodata                const     0x800'38f8    0x10  INA219.o [1]
  .rodata                const     0x800'3908    0x10  Nokia5110LCD.o [1]
  .rodata                const     0x800'3918    0x10  UI.o [1]
  .text                  ro code   0x800'3928    0x10  startup_stm32f10x_md.o [1]
  .text                  ro code   0x800'3938    0x10  stm32f10x_it.o [1]
  .rodata                const     0x800'3948     0xc  main.o [1]
  .text                  ro code   0x800'3954     0xc  cstartup_M.o [5]
  .rodata                const     0x800'3960     0x8  main.o [1]
  .rodata                const     0x800'3968     0x8  main.o [1]
  .rodata                const     0x800'3970     0x8  main.o [1]
  .rodata                const     0x800'3978     0x8  main.o [1]
  .rodata                const     0x800'3980     0x8  main.o [1]
  .text                  ro code   0x800'3988     0x4  startup_stm32f10x_md.o [1]
  .text                  ro code   0x800'398c     0x4  startup_stm32f10x_md.o [1]
  .text                  ro code   0x800'3990     0x4  startup_stm32f10x_md.o [1]
  .text                  ro code   0x800'3994     0x4  startup_stm32f10x_md.o [1]
  .text                  ro code   0x800'3998     0x4  startup_stm32f10x_md.o [1]
  .text                  ro code   0x800'399c     0x4  startup_stm32f10x_md.o [1]
  .text                  ro code   0x800'39a0     0x4  startup_stm32f10x_md.o [1]
  .text                  ro code   0x800'39a4     0x4  startup_stm32f10x_md.o [1]
  .text                  ro code   0x800'39a8     0x4  startup_stm32f10x_md.o [1]
  .text                  ro code   0x800'39ac     0x4  startup_stm32f10x_md.o [1]
  .text                  ro code   0x800'39b0     0x4  startup_stm32f10x_md.o [1]
  .text                  ro code   0x800'39b4     0x4  startup_stm32f10x_md.o [1]
  .text                  ro code   0x800'39b8     0x4  startup_stm32f10x_md.o [1]
  .text                  ro code   0x800'39bc     0x4  startup_stm32f10x_md.o [1]
  .text                  ro code   0x800'39c0     0x4  startup_stm32f10x_md.o [1]
  .text                  ro code   0x800'39c4     0x4  startup_stm32f10x_md.o [1]
  .text                  ro code   0x800'39c8     0x4  startup_stm32f10x_md.o [1]
  .text                  ro code   0x800'39cc     0x4  startup_stm32f10x_md.o [1]
  .text                  ro code   0x800'39d0     0x4  startup_stm32f10x_md.o [1]
  .text                  ro code   0x800'39d4     0x4  startup_stm32f10x_md.o [1]
  .text                  ro code   0x800'39d8     0x4  startup_stm32f10x_md.o [1]
  .text                  ro code   0x800'39dc     0x4  startup_stm32f10x_md.o [1]
  .text                  ro code   0x800'39e0     0x4  startup_stm32f10x_md.o [1]
  .text                  ro code   0x800'39e4     0x4  startup_stm32f10x_md.o [1]
  .text                  ro code   0x800'39e8     0x4  startup_stm32f10x_md.o [1]
  .text                  ro code   0x800'39ec     0x4  startup_stm32f10x_md.o [1]
  .text                  ro code   0x800'39f0     0x4  startup_stm32f10x_md.o [1]
  .text                  ro code   0x800'39f4     0x4  startup_stm32f10x_md.o [1]
  .text                  ro code   0x800'39f8     0x4  startup_stm32f10x_md.o [1]
  .text                  ro code   0x800'39fc     0x4  startup_stm32f10x_md.o [1]
  .text                  ro code   0x800'3a00     0x4  startup_stm32f10x_md.o [1]
  .text                  ro code   0x800'3a04     0x4  startup_stm32f10x_md.o [1]
  .text                  ro code   0x800'3a08     0x4  startup_stm32f10x_md.o [1]
  .text                  ro code   0x800'3a0c     0x4  startup_stm32f10x_md.o [1]
  .text                  ro code   0x800'3a10     0x4  startup_stm32f10x_md.o [1]
  .text                  ro code   0x800'3a14     0x4  startup_stm32f10x_md.o [1]
  SHT$$PREINIT_ARRAY               0x800'3a18     0x0  <Block>
  SHT$$INIT_ARRAY                  0x800'3a18     0x4  <Block>
    .init_array          const     0x800'3a18     0x4  main.o [1]
  __iar_tls$$INIT_ARRAY            0x800'3a1c     0x0  <Block>
  .text                  ro code   0x800'3a1c     0x0  cstart_call_dtors.o [5]
  .rodata                const     0x800'3a1c     0x0  zero_init3.o [5]
  .rodata                const     0x800'3a1c     0x0  copy_init3.o [5]
                                 - 0x800'3a1c  0x3930

"P2", part 1 of 3:                               0x18
  P2-1                            0x2000'0000    0x15  <Init block>
    .data                inited   0x2000'0000    0x10  stm32f10x_rcc.o [1]
    .data                inited   0x2000'0010     0x4  stm32f10x_rcc.o [1]
    .data                inited   0x2000'0014     0x1  main.o [1]
                                - 0x2000'0015    0x15

"P2", part 2 of 3:                              0x4a0
  .bss                   zero     0x2000'0018   0x1c4  main.o [1]
  .bss                   zero     0x2000'01dc    0x9c  main.o [1]
  .bss                   zero     0x2000'0278    0x2c  main.o [1]
  .bss                   zero     0x2000'02a4    0x20  Nokia5110LCD.o [1]
  .bss                   zero     0x2000'02c4    0x18  main.o [1]
  .bss                   zero     0x2000'02dc    0x18  main.o [1]
  .bss                   zero     0x2000'02f4    0x18  main.o [1]
  .bss                   zero     0x2000'030c    0x18  main.o [1]
  .bss                   zero     0x2000'0324    0x14  Nokia5110LCD.o [1]
  .bss                   zero     0x2000'0338    0x14  Nokia5110LCD.o [1]
  .bss                   zero     0x2000'034c    0x14  Nokia5110LCD.o [1]
  .bss                   zero     0x2000'0360    0x14  SpiDriver.o [1]
  .bss                   zero     0x2000'0374     0xc  main.o [1]
  .bss                   zero     0x2000'0380     0xc  main.o [1]
  .bss                   zero     0x2000'038c     0xc  main.o [1]
  .bss                   zero     0x2000'0398     0x4  ClockManager.o [1]
  .bss                   zero     0x2000'039c     0x4  HwButtonIntr.o [1]
  .bss                   zero     0x2000'03a0     0x4  HwButtonIntr.o [1]
  .bss                   zero     0x2000'03a4     0x4  HwButtonIntr.o [1]
  .bss                   zero     0x2000'03a8     0x4  InterruptManager.o [1]
  .bss                   zero     0x2000'03ac     0x4  InterruptManager.o [1]
  .bss                   zero     0x2000'03b0     0x4  InterruptManager.o [1]
  .bss                   zero     0x2000'03b4     0x4  InterruptManager.o [1]
  .bss                   zero     0x2000'03b8     0x4  InterruptManager.o [1]
  .bss                   zero     0x2000'03bc     0x4  InterruptManager.o [1]
  .bss                   zero     0x2000'03c0     0x4  InterruptManager.o [1]
  .bss                   zero     0x2000'03c4     0x4  InterruptManager.o [1]
  .bss                   zero     0x2000'03c8     0x4  InterruptManager.o [1]
  .bss                   zero     0x2000'03cc     0x4  InterruptManager.o [1]
  .bss                   zero     0x2000'03d0     0x4  InterruptManager.o [1]
  .bss                   zero     0x2000'03d4     0x4  InterruptManager.o [1]
  .bss                   zero     0x2000'03d8     0x4  InterruptManager.o [1]
  .bss                   zero     0x2000'03dc     0x4  InterruptManager.o [1]
  .bss                   zero     0x2000'03e0     0x4  InterruptManager.o [1]
  .bss                   zero     0x2000'03e4     0x4  InterruptManager.o [1]
  .bss                   zero     0x2000'03e8     0x4  InterruptManager.o [1]
  .bss                   zero     0x2000'03ec     0x4  InterruptManager.o [1]
  .bss                   zero     0x2000'03f0     0x4  InterruptManager.o [1]
  .bss                   zero     0x2000'03f4     0x4  InterruptManager.o [1]
  .bss                   zero     0x2000'03f8     0x4  InterruptManager.o [1]
  .bss                   zero     0x2000'03fc     0x4  InterruptManager.o [1]
  .bss                   zero     0x2000'0400     0x4  InterruptManager.o [1]
  .bss                   zero     0x2000'0404     0x4  InterruptManager.o [1]
  .bss                   zero     0x2000'0408     0x4  InterruptManager.o [1]
  .bss                   zero     0x2000'040c     0x4  InterruptManager.o [1]
  .bss                   zero     0x2000'0410     0x4  InterruptManager.o [1]
  .bss                   zero     0x2000'0414     0x4  InterruptManager.o [1]
  .bss                   zero     0x2000'0418     0x4  InterruptManager.o [1]
  .bss                   zero     0x2000'041c     0x4  InterruptManager.o [1]
  .bss                   zero     0x2000'0420     0x4  InterruptManager.o [1]
  .bss                   zero     0x2000'0424     0x4  InterruptManager.o [1]
  .bss                   zero     0x2000'0428     0x4  InterruptManager.o [1]
  .bss                   zero     0x2000'042c     0x4  InterruptManager.o [1]
  .bss                   zero     0x2000'0430     0x4  InterruptManager.o [1]
  .bss                   zero     0x2000'0434     0x4  InterruptManager.o [1]
  .bss                   zero     0x2000'0438     0x4  InterruptManager.o [1]
  .bss                   zero     0x2000'043c     0x4  InterruptManager.o [1]
  .bss                   zero     0x2000'0440     0x4  InterruptManager.o [1]
  .bss                   zero     0x2000'0444     0x4  InterruptManager.o [1]
  .bss                   zero     0x2000'0448     0x4  InterruptManager.o [1]
  .bss                   zero     0x2000'044c     0x4  InterruptManager.o [1]
  .bss                   zero     0x2000'0450     0x4  InterruptManager.o [1]
  .bss                   zero     0x2000'0454     0x4  InterruptManager.o [1]
  .bss                   zero     0x2000'0458     0x4  InterruptManager.o [1]
  .bss                   zero     0x2000'045c     0x4  InterruptManager.o [1]
  .bss                   zero     0x2000'0460     0x4  InterruptManager.o [1]
  .bss                   zero     0x2000'0464     0x4  InterruptManager.o [1]
  .bss                   zero     0x2000'0468     0x4  InterruptManager.o [1]
  .bss                   zero     0x2000'046c     0x4  InterruptManager.o [1]
  .bss                   zero     0x2000'0470     0x4  InterruptManager.o [1]
  .bss                   zero     0x2000'0474     0x4  InterruptManager.o [1]
  .bss                   zero     0x2000'0478     0x4  InterruptManager.o [1]
  .bss                   zero     0x2000'047c     0x4  InterruptManager.o [1]
  .bss                   zero     0x2000'0480     0x4  InterruptManager.o [1]
  .bss                   zero     0x2000'0484     0x4  InterruptManager.o [1]
  .bss                   zero     0x2000'0488     0x4  InterruptManager.o [1]
  .bss                   zero     0x2000'048c     0x4  InterruptManager.o [1]
  .bss                   zero     0x2000'0490     0x4  InterruptManager.o [1]
  .bss                   zero     0x2000'0494     0x4  InterruptManager.o [1]
  .bss                   zero     0x2000'0498     0x4  InterruptManager.o [1]
  .bss                   zero     0x2000'049c     0x4  InterruptManager.o [1]
  .bss                   zero     0x2000'04a0     0x4  SysTickTimer.o [1]
  .bss                   zero     0x2000'04a4     0x4  cppinit.o [2]
  .bss                   zero     0x2000'04a8     0x4  cppinit.o [2]
  .bss                   zero     0x2000'04ac     0x2  HwButtonIntr.o [1]
  .bss                   zero     0x2000'04ae     0x1  ClockManager.o [1]
  .bss                   zero     0x2000'04af     0x1  HwButtonIntr.o [1]
  .bss                   zero     0x2000'04b0     0x1  InterruptManager.o [1]
  .bss                   zero     0x2000'04b1     0x1  InterruptManager.o [1]
  .bss                   zero     0x2000'04b2     0x1  Nokia5110LCD.o [1]
  .bss                   zero     0x2000'04b3     0x1  Nokia5110LCD.o [1]
  .bss                   zero     0x2000'04b4     0x1  Nokia5110LCD.o [1]
  .bss                   zero     0x2000'04b5     0x1  Nokia5110LCD.o [1]
  .bss                   zero     0x2000'04b6     0x1  SpiDriver.o [1]
                                - 0x2000'04b7   0x49f

"P2", part 3 of 3:                              0x998
  .iar.dynexit                    0x2000'04b8   0x198  <Block>
    .iar.dynexit         uninit   0x2000'04b8     0xc  cppinit.o [2]
    .iar.dynexit         uninit   0x2000'04c4   0x18c  <Block tail>
  CSTACK                          0x2000'0650   0x800  <Block>
    CSTACK               uninit   0x2000'0650   0x800  <Block tail>
                                - 0x2000'0e50   0x998

Unused ranges:

         From           To    Size
         ----           --    ----
   0x800'3a1c   0x800'ffff  0xc5e4
  0x2000'0e50  0x2000'4fff  0x41b0


*******************************************************************************
*** INIT TABLE
***

          Address      Size
          -------      ----
Zero (__iar_zero_init3)
    1 destination range, total size 0x49f:
          0x2000'0018  0x49f

Copy (__iar_copy_init3)
    1 source range, total size 0x18 (114% of destination):
           0x800'3868   0x18
    1 destination range, total size 0x15:
          0x2000'0000   0x15

Extra (__iar_cstart_call_ctors)



*******************************************************************************
*** MODULE SUMMARY
***

    Module                  ro code  ro data  rw data
    ------                  -------  -------  -------
command line/config:
    -------------------------------------------------
    Total:

C:\Amit_Chaudhary\STM32\Projects\IAR\IAR_Projects\PowerMonitor\Debug\Obj: [1]
    ClockManager.o              104                 5
    GpioInput.o                 798       20
    GpioOutput.o                246       20
    HwButtonIntr.o              756       20       15
    I2CDriver.o               1 268       20
    INA219.o                    414       16
    InterruptManager.o        1 800               250
    Led.o                        32       20
    Line.o                       48
    Menu.o                      442
    Nokia5110LCD.o              708      496       96
    SpiDriver.o                 664       20       21
    SysTickTimer.o              228                 4
    UI.o                        168       16
    main.o                    1 194       57      785
    misc.o                      180
    startup_stm32f10x_md.o      396
    stm32f10x_exti.o            180
    stm32f10x_gpio.o            296
    stm32f10x_i2c.o             490
    stm32f10x_it.o               16
    stm32f10x_rcc.o             632       20       20
    stm32f10x_spi.o             116
    system_stm32f10x.o          280
    -------------------------------------------------
    Total:                   11 456      725    1 196

dl7M_tln.a: [2]
    cppinit.o                   160                20
    exit.o                        4
    low_level_init.o              4
    -------------------------------------------------
    Total:                      168                20

dlpp7M_tl_nc.a: [3]
    cxxabi.o                     50
    -------------------------------------------------
    Total:                       50

m7M_tl.a: [4]
    DblCmpEq.o                   32
    DblDiv.o                    582
    DblMul.o                    418
    DblToFlt.o                  104
    FltAdd.o                    214
    FltCmpLe.o                   36
    FltDiv.o                    252
    FltSub.o                    128
    FltToDbl.o                   72
    FltToS32.o                   42
    S32ToDbl.o                   34
    S32ToFlt.o                   36
    U32ToFlt.o                   28
    -------------------------------------------------
    Total:                    1 978

rt7M_tl.a: [5]
    ABImemcpy.o                 166
    cexit.o                      14
    cmain.o                      30
    cmain_call_ctors.o           32
    copy_init3.o                 44
    cstart_call_dtors.o
    cstartup_M.o                 12
    data_init.o                  40
    memcpy.o                     12
    zero_init3.o                 58
    -------------------------------------------------
    Total:                      408

shb_l.a: [6]
    exit.o                       20
    unwind_debug.o                         1
    -------------------------------------------------
    Total:                       20        1

    Gaps                         27
    Linker created                        43    2 444
-----------------------------------------------------
    Grand Total:             14 107      769    3 660


*******************************************************************************
*** ENTRY LIST
***

Entry                       Address   Size  Type      Object
-----                       -------   ----  ----      ------
.iar.dynexit$$Base      0x2000'04b8          --   Gb  - Linker created -
.iar.dynexit$$Limit     0x2000'0650          --   Gb  - Linker created -
.iar.init_table$$Base    0x800'37d4          --   Gb  - Linker created -
.iar.init_table$$Limit   0x800'37fc          --   Gb  - Linker created -
?main                    0x800'381d         Code  Gb  cmain.o [5]
ADCPrescTable           0x2000'0010    0x4  Data  Lc  stm32f10x_rcc.o [1]
APBAHBPrescTable        0x2000'0000   0x10  Data  Lc  stm32f10x_rcc.o [1]
App::Line::Line(char const *, void (*)(), void (*)(), void (*)())
                         0x800'209f   0x30  Code  Gb  Line.o [1]
App::Menu::AddLine(App::Line &, unsigned char)
                         0x800'20f7   0x5c  Code  Gb  Menu.o [1]
App::Menu::EventHandler(App::Menu::Event_t)
                         0x800'2153   0x68  Code  Gb  Menu.o [1]
App::Menu::GetMenuAddress()
                         0x800'31ed    0x2  Code  Gb  UI.o [1]
App::Menu::Menu()        0x800'20cf   0x28  Code  Gb  Menu.o [1]
App::Menu::MovePointer(App::Menu::Direction_t)
                         0x800'21bb   0x78  Code  Gb  Menu.o [1]
App::Menu::SetLineChar(unsigned char, unsigned char, char)
                         0x800'2267   0x22  Code  Gb  Menu.o [1]
App::Menu::SetLineText(unsigned char, unsigned char, char const *)
                         0x800'2233   0x34  Code  Gb  Menu.o [1]
App::Nokia5110LCD::Clear()
                         0x800'1cc5   0x26  Code  Gb  Nokia5110LCD.o [1]
App::Nokia5110LCD::DisplayInit()
                         0x800'1c31   0x5e  Code  Gb  Nokia5110LCD.o [1]
App::Nokia5110LCD::DrawBuffer(char *)
                         0x800'1e01   0x24  Code  Gb  Nokia5110LCD.o [1]
App::Nokia5110LCD::DrawLine(unsigned char, unsigned char, char const *)
                         0x800'1d73   0x62  Code  Gb  Nokia5110LCD.o [1]
App::Nokia5110LCD::DrawString(char const *)
                         0x800'1d59   0x1a  Code  Gb  Nokia5110LCD.o [1]
App::Nokia5110LCD::GoToXY(int, int)
                         0x800'1ceb   0x28  Code  Gb  Nokia5110LCD.o [1]
App::Nokia5110LCD::HwInit()
                         0x800'1b8d   0xa4  Code  Gb  Nokia5110LCD.o [1]
App::Nokia5110LCD::HwInit()::BackLightGpio
                        0x2000'034c   0x14  Data  Lc  Nokia5110LCD.o [1]
App::Nokia5110LCD::HwInit()::DataCommandSelectGpio
                        0x2000'0324   0x14  Data  Lc  Nokia5110LCD.o [1]
App::Nokia5110LCD::HwInit()::ResetPinGpio
                        0x2000'0338   0x14  Data  Lc  Nokia5110LCD.o [1]
App::Nokia5110LCD::HwInit()::SpiDriverLCD
                        0x2000'02a4   0x20  Data  Lc  Nokia5110LCD.o [1]
App::Nokia5110LCD::HwInit()::static guard for BackLightGpio
                        0x2000'04b5    0x1  Data  Lc  Nokia5110LCD.o [1]
App::Nokia5110LCD::HwInit()::static guard for DataCommandSelectGpio
                        0x2000'04b3    0x1  Data  Lc  Nokia5110LCD.o [1]
App::Nokia5110LCD::HwInit()::static guard for ResetPinGpio
                        0x2000'04b4    0x1  Data  Lc  Nokia5110LCD.o [1]
App::Nokia5110LCD::HwInit()::static guard for SpiDriverLCD
                        0x2000'04b2    0x1  Data  Lc  Nokia5110LCD.o [1]
App::Nokia5110LCD::LCDCharacter(char)
                         0x800'1d13   0x46  Code  Gb  Nokia5110LCD.o [1]
App::Nokia5110LCD::Nokia5110LCD(Bsp::SpiDriver::SpiInstance_t, GPIO_TypeDef *, unsigned short, GPIO_TypeDef *, unsigned short, GPIO_TypeDef *, unsigned short)
                         0x800'1b61   0x2c  Code  Gb  Nokia5110LCD.o [1]
App::Nokia5110LCD::Write(App::Nokia5110LCD::DC_t, unsigned char)
                         0x800'1c8f   0x36  Code  Gb  Nokia5110LCD.o [1]
App::UI::AddMenu(App::Menu &, unsigned char)
                         0x800'2351   0x14  Code  Gb  main.o [1]
App::UI::DisplayMenu(unsigned char)
                         0x800'2041   0x26  Code  Gb  UI.o [1]
App::UI::EventHamdler(App::Menu::Event_t &)
                         0x800'207f   0x20  Code  Gb  UI.o [1]
App::UI::Init()          0x800'2019   0x1e  Code  Gb  UI.o [1]
App::UI::Run()           0x800'2067   0x18  Code  Gb  UI.o [1]
App::UI::SetMenuLineTest(unsigned char, unsigned char, unsigned char, char const *)
                         0x800'2365   0x26  Code  Gb  main.o [1]
App::UI::UI(App::Nokia5110LCD *)
                         0x800'1ff9   0x20  Code  Gb  UI.o [1]
Bsp::ClockManager::GetInstance()
                         0x800'0e59   0x10  Code  Gb  ClockManager.o [1]
Bsp::ClockManager::GetInstance(){1}::ClockManager_Instance
                        0x2000'04ae    0x1  Data  Lc  ClockManager.o [1]
Bsp::ClockManager::PeripheralClockEnable(Bsp::ClockManager::Peripheral_t)
                         0x800'0e71   0x50  Code  Gb  ClockManager.o [1]
Bsp::ClockManager::m_pClockManager
                        0x2000'0398    0x4  Data  Gb  ClockManager.o [1]
Bsp::GpioInput::ConfigureInterrupt()
                         0x800'2b51   0x30  Code  Gb  GpioInput.o [1]
Bsp::GpioInput::EnableInterrupt()
                         0x800'3393   0x16  Code  Gb  GpioInput.o [1]
Bsp::GpioInput::ExtLineInterruptConfig()
                         0x800'2b81   0x80  Code  Gb  GpioInput.o [1]
Bsp::GpioInput::GpioInput(GPIO_TypeDef *, unsigned short, void (*)(), Bsp::GpioInput::IntOnWhichEdge, Bsp::GpioInput::EXTIMode)
                         0x800'2937   0x2c  Code  Gb  GpioInput.o [1]
Bsp::GpioInput::GpioInput(GPIO_TypeDef *, unsigned short, void (*)(), Bsp::GpioInput::IntOnWhichEdge, Bsp::GpioInput::EXTIMode) [subobject]
                         0x800'2921   0x16  Code  Gb  GpioInput.o [1]
Bsp::GpioInput::HwInit()
                         0x800'2acf   0x82  Code  Gb  GpioInput.o [1]
Bsp::GpioInput::MapPin2ExtLine()
                         0x800'2963   0xb6  Code  Gb  GpioInput.o [1]
Bsp::GpioInput::MapPin2PinSource()
                         0x800'2a19   0xb6  Code  Gb  GpioInput.o [1]
Bsp::GpioOutput::ClearOutput()
                         0x800'2fd1    0xe  Code  Gb  SpiDriver.o [1]
Bsp::GpioOutput::GpioOutput(GPIO_TypeDef *, unsigned short)
                         0x800'2c6f   0x1c  Code  Gb  GpioOutput.o [1]
Bsp::GpioOutput::GpioOutput(GPIO_TypeDef *, unsigned short) [subobject]
                         0x800'2c65    0xa  Code  Gb  GpioOutput.o [1]
Bsp::GpioOutput::HwInit()
                         0x800'2c8b   0x86  Code  Gb  GpioOutput.o [1]
Bsp::GpioOutput::SetOutput()
                         0x800'2fdf    0xe  Code  Gb  SpiDriver.o [1]
Bsp::GpioOutput::ToggleOutput()
                         0x800'2d31   0x2a  Code  Gb  GpioOutput.o [1]
Bsp::HwButtonIntr::ClearEvent(Bsp::HwButtonIntr::BtnEvent_t)
                         0x800'2c53   0x10  Code  Gb  HwButtonIntr.o [1]
Bsp::HwButtonIntr::EventHandler()
                         0x800'1a65   0xb2  Code  Gb  HwButtonIntr.o [1]
Bsp::HwButtonIntr::HwButtonIntr(GPIO_TypeDef *, unsigned short, Bsp::GpioInput::IntOnWhichEdge, Bsp::GpioInput::EXTIMode)
                         0x800'18ed   0x5c  Code  Gb  HwButtonIntr.o [1]
Bsp::HwButtonIntr::HwInit()
                         0x800'1949    0xa  Code  Gb  HwButtonIntr.o [1]
Bsp::HwButtonIntr::ISR()
                         0x800'3715   0x6c  Code  Gb  HwButtonIntr.o [1]
Bsp::HwButtonIntr::RegisterEventHandler(Bsp::HwButtonIntr::BtnEvent_t, void (*)())
                         0x800'1b17   0x28  Code  Gb  HwButtonIntr.o [1]
Bsp::HwButtonIntr::RunStateMachine()
                         0x800'1953   0xf2  Code  Gb  HwButtonIntr.o [1]
Bsp::HwButtonIntr::RunStateMachine()::ElapsedTime
                        0x2000'039c    0x4  Data  Lc  HwButtonIntr.o [1]
Bsp::HwButtonIntr::RunStateMachine(){1}{10}::LastClickStateEntered
                        0x2000'03a0    0x4  Data  Lc  HwButtonIntr.o [1]
Bsp::HwButtonIntr::RunStateMachine(){1}{10}::temp
                        0x2000'03a4    0x4  Data  Lc  HwButtonIntr.o [1]
Bsp::HwButtonIntr::SetEvent(Bsp::HwButtonIntr::BtnEvent_t)
                         0x800'2c45    0xe  Code  Gb  HwButtonIntr.o [1]
Bsp::HwButtonIntr::m_CurrentState
                        0x2000'04af    0x1  Data  Gb  HwButtonIntr.o [1]
Bsp::HwButtonIntr::m_Pin
                        0x2000'04ac    0x2  Data  Gb  HwButtonIntr.o [1]
Bsp::I2CDriver::HwInit()
                         0x800'0979  0x1be  Code  Gb  I2CDriver.o [1]
Bsp::I2CDriver::I2CDriver(Bsp::I2CDriver::I2CInstance_t, void (*)(), Bsp::I2CDriver::I2CMode_t, Bsp::I2CDriver::I2CBaudRate_t)
                         0x800'095d   0x1a  Code  Gb  I2CDriver.o [1]
Bsp::I2CDriver::Receive(unsigned char, unsigned char *, unsigned int)
                         0x800'0c35  0x1ee  Code  Gb  I2CDriver.o [1]
Bsp::I2CDriver::Send(unsigned char, unsigned char *, unsigned int)
                         0x800'0b37   0xfe  Code  Gb  I2CDriver.o [1]
Bsp::I2CDriver::~I2CDriver()
                         0x800'0977    0x2  Code  Gb  I2CDriver.o [1]
Bsp::INA219::GetBusVoltage_V()
                         0x800'1f75   0x1a  Code  Gb  INA219.o [1]
Bsp::INA219::GetBusVoltage_raw()
                         0x800'1f39   0x1a  Code  Gb  INA219.o [1]
Bsp::INA219::GetCurrent_mA()
                         0x800'1fa1   0x20  Code  Gb  INA219.o [1]
Bsp::INA219::GetCurrent_raw()
                         0x800'1f53   0x22  Code  Gb  INA219.o [1]
Bsp::INA219::GetPower_mW()
                         0x800'1fc1   0x36  Code  Gb  INA219.o [1]
Bsp::INA219::INA219(Bsp::I2CDriver *, unsigned char)
                         0x800'1e59    0xa  Code  Gb  INA219.o [1]
Bsp::INA219::ReadRegister(unsigned char, unsigned short *)
                         0x800'1ecf   0x3a  Code  Gb  INA219.o [1]
Bsp::INA219::Run(Bsp::INA219::Power_t *)
                         0x800'1e65   0x46  Code  Gb  INA219.o [1]
Bsp::INA219::SetCalibration_32V_2A()
                         0x800'1f09   0x30  Code  Gb  INA219.o [1]
Bsp::INA219::WriteRegister(unsigned char, unsigned short)
                         0x800'1eab   0x24  Code  Gb  INA219.o [1]
Bsp::INA219::~INA219()   0x800'1e63    0x2  Code  Gb  INA219.o [1]
Bsp::InterruptManager::Enable_Interrupt(Bsp::InterruptManager::IRQn)
                         0x800'04ab   0x30  Code  Gb  InterruptManager.o [1]
Bsp::InterruptManager::GetInstance()
                         0x800'0489   0x22  Code  Gb  InterruptManager.o [1]
Bsp::InterruptManager::GetInstance(){1}::InterruptManager_Instance
                        0x2000'04b1    0x1  Data  Lc  InterruptManager.o [1]
Bsp::InterruptManager::GetInstance(){1}::static guard for InterruptManager_Instance
                        0x2000'04b0    0x1  Data  Lc  InterruptManager.o [1]
Bsp::InterruptManager::NVIC_Config(Bsp::InterruptManager::IRQn, unsigned char, unsigned char)
                         0x800'04db   0x38  Code  Gb  InterruptManager.o [1]
Bsp::InterruptManager::RegisterInterrupt(Bsp::InterruptManager::IRQn, void (*)())
                         0x800'00ed  0x39c  Code  Gb  InterruptManager.o [1]
Bsp::InterruptManager::m_ADC1_2_IRQHandler
                        0x2000'0414    0x4  Data  Gb  InterruptManager.o [1]
Bsp::InterruptManager::m_BusFault_Handler
                        0x2000'03b8    0x4  Data  Gb  InterruptManager.o [1]
Bsp::InterruptManager::m_CAN1_RX1_IRQHandler
                        0x2000'0420    0x4  Data  Gb  InterruptManager.o [1]
Bsp::InterruptManager::m_CAN1_SCE_IRQHandler
                        0x2000'0424    0x4  Data  Gb  InterruptManager.o [1]
Bsp::InterruptManager::m_DMA1_Channel1_IRQHandler
                        0x2000'03fc    0x4  Data  Gb  InterruptManager.o [1]
Bsp::InterruptManager::m_DMA1_Channel2_IRQHandler
                        0x2000'0400    0x4  Data  Gb  InterruptManager.o [1]
Bsp::InterruptManager::m_DMA1_Channel4_IRQHandler
                        0x2000'0404    0x4  Data  Gb  InterruptManager.o [1]
Bsp::InterruptManager::m_DMA1_Channel5_IRQHandler
                        0x2000'0408    0x4  Data  Gb  InterruptManager.o [1]
Bsp::InterruptManager::m_DMA1_Channel6_IRQHandler
                        0x2000'040c    0x4  Data  Gb  InterruptManager.o [1]
Bsp::InterruptManager::m_DMA1_Channel7_IRQHandler
                        0x2000'0410    0x4  Data  Gb  InterruptManager.o [1]
Bsp::InterruptManager::m_DebugMon_Handler
                        0x2000'03c4    0x4  Data  Gb  InterruptManager.o [1]
Bsp::InterruptManager::m_EXTI0_IRQHandler
                        0x2000'03e8    0x4  Data  Gb  InterruptManager.o [1]
Bsp::InterruptManager::m_EXTI10_IRQHandler
                        0x2000'0488    0x4  Data  Gb  InterruptManager.o [1]
Bsp::InterruptManager::m_EXTI11_IRQHandler
                        0x2000'048c    0x4  Data  Gb  InterruptManager.o [1]
Bsp::InterruptManager::m_EXTI12_IRQHandler
                        0x2000'0490    0x4  Data  Gb  InterruptManager.o [1]
Bsp::InterruptManager::m_EXTI13_IRQHandler
                        0x2000'0494    0x4  Data  Gb  InterruptManager.o [1]
Bsp::InterruptManager::m_EXTI14_IRQHandler
                        0x2000'0498    0x4  Data  Gb  InterruptManager.o [1]
Bsp::InterruptManager::m_EXTI15_10_IRQHandler
                        0x2000'0468    0x4  Data  Gb  InterruptManager.o [1]
Bsp::InterruptManager::m_EXTI15_IRQHandler
                        0x2000'049c    0x4  Data  Gb  InterruptManager.o [1]
Bsp::InterruptManager::m_EXTI1_IRQHandler
                        0x2000'03ec    0x4  Data  Gb  InterruptManager.o [1]
Bsp::InterruptManager::m_EXTI2_IRQHandler
                        0x2000'03f0    0x4  Data  Gb  InterruptManager.o [1]
Bsp::InterruptManager::m_EXTI3_IRQHandler
                        0x2000'03f4    0x4  Data  Gb  InterruptManager.o [1]
Bsp::InterruptManager::m_EXTI4_IRQHandler
                        0x2000'03f8    0x4  Data  Gb  InterruptManager.o [1]
Bsp::InterruptManager::m_EXTI5_IRQHandler
                        0x2000'0474    0x4  Data  Gb  InterruptManager.o [1]
Bsp::InterruptManager::m_EXTI6_IRQHandler
                        0x2000'0478    0x4  Data  Gb  InterruptManager.o [1]
Bsp::InterruptManager::m_EXTI7_IRQHandler
                        0x2000'047c    0x4  Data  Gb  InterruptManager.o [1]
Bsp::InterruptManager::m_EXTI8_IRQHandler
                        0x2000'0480    0x4  Data  Gb  InterruptManager.o [1]
Bsp::InterruptManager::m_EXTI9_5_IRQHandler
                        0x2000'0428    0x4  Data  Gb  InterruptManager.o [1]
Bsp::InterruptManager::m_EXTI9_IRQHandler
                        0x2000'0484    0x4  Data  Gb  InterruptManager.o [1]
Bsp::InterruptManager::m_FLASH_IRQHandler
                        0x2000'03e0    0x4  Data  Gb  InterruptManager.o [1]
Bsp::InterruptManager::m_HardFault_Handler
                        0x2000'03b0    0x4  Data  Gb  InterruptManager.o [1]
Bsp::InterruptManager::m_I2C1_ER_IRQHandler
                        0x2000'0448    0x4  Data  Gb  InterruptManager.o [1]
Bsp::InterruptManager::m_I2C2_ER_IRQHandler
                        0x2000'0450    0x4  Data  Gb  InterruptManager.o [1]
Bsp::InterruptManager::m_I2C2_EV_IRQHandler
                        0x2000'044c    0x4  Data  Gb  InterruptManager.o [1]
Bsp::InterruptManager::m_MemManage_Handler
                        0x2000'03b4    0x4  Data  Gb  InterruptManager.o [1]
Bsp::InterruptManager::m_NMI_Handler
                        0x2000'03ac    0x4  Data  Gb  InterruptManager.o [1]
Bsp::InterruptManager::m_PVD_IRQHandler
                        0x2000'03d4    0x4  Data  Gb  InterruptManager.o [1]
Bsp::InterruptManager::m_PendSV_Handler
                        0x2000'03c8    0x4  Data  Gb  InterruptManager.o [1]
Bsp::InterruptManager::m_RCC_IRQHandler
                        0x2000'03e4    0x4  Data  Gb  InterruptManager.o [1]
Bsp::InterruptManager::m_RTCAlarm_IRQHandler
                        0x2000'046c    0x4  Data  Gb  InterruptManager.o [1]
Bsp::InterruptManager::m_RTC_IRQHandler
                        0x2000'03dc    0x4  Data  Gb  InterruptManager.o [1]
Bsp::InterruptManager::m_SPI1_IRQHandler
                        0x2000'0454    0x4  Data  Gb  InterruptManager.o [1]
Bsp::InterruptManager::m_SPI2_IRQHandler
                        0x2000'0458    0x4  Data  Gb  InterruptManager.o [1]
Bsp::InterruptManager::m_SVC_Handler
                        0x2000'03c0    0x4  Data  Gb  InterruptManager.o [1]
Bsp::InterruptManager::m_SysTick_Handler
                        0x2000'03cc    0x4  Data  Gb  InterruptManager.o [1]
Bsp::InterruptManager::m_TAMPER_IRQHandler
                        0x2000'03d8    0x4  Data  Gb  InterruptManager.o [1]
Bsp::InterruptManager::m_TIM1_BRK_IRQHandler
                        0x2000'042c    0x4  Data  Gb  InterruptManager.o [1]
Bsp::InterruptManager::m_TIM1_CC_IRQHandler
                        0x2000'0438    0x4  Data  Gb  InterruptManager.o [1]
Bsp::InterruptManager::m_TIM1_TRG_COM_IRQHandler
                        0x2000'0434    0x4  Data  Gb  InterruptManager.o [1]
Bsp::InterruptManager::m_TIM1_UP_IRQHandler
                        0x2000'0430    0x4  Data  Gb  InterruptManager.o [1]
Bsp::InterruptManager::m_TIM2_IRQHandler
                        0x2000'043c    0x4  Data  Gb  InterruptManager.o [1]
Bsp::InterruptManager::m_TIM3_IRQHandler
                        0x2000'0440    0x4  Data  Gb  InterruptManager.o [1]
Bsp::InterruptManager::m_TIM4_IRQHandler
                        0x2000'0444    0x4  Data  Gb  InterruptManager.o [1]
Bsp::InterruptManager::m_USART1_IRQHandler
                        0x2000'045c    0x4  Data  Gb  InterruptManager.o [1]
Bsp::InterruptManager::m_USART2_IRQHandler
                        0x2000'0460    0x4  Data  Gb  InterruptManager.o [1]
Bsp::InterruptManager::m_USART3_IRQHandler
                        0x2000'0464    0x4  Data  Gb  InterruptManager.o [1]
Bsp::InterruptManager::m_USBWakeUp_IRQHandler
                        0x2000'0470    0x4  Data  Gb  InterruptManager.o [1]
Bsp::InterruptManager::m_USB_HP_CAN1_TX_IRQHandler
                        0x2000'0418    0x4  Data  Gb  InterruptManager.o [1]
Bsp::InterruptManager::m_USB_LP_CAN1_RX0_IRQHandler
                        0x2000'041c    0x4  Data  Gb  InterruptManager.o [1]
Bsp::InterruptManager::m_UsageFault_Handler
                        0x2000'03bc    0x4  Data  Gb  InterruptManager.o [1]
Bsp::InterruptManager::m_WWDG_IRQHandler
                        0x2000'03d0    0x4  Data  Gb  InterruptManager.o [1]
Bsp::InterruptManager::m_pInterruptManager
                        0x2000'03a8    0x4  Data  Gb  InterruptManager.o [1]
Bsp::Peripheral::GetClockManager()
                         0x800'0e51    0x8  Code  Gb  SpiDriver.o [1]
Bsp::Peripheral::GetInterruptManager()
                         0x800'338b    0x8  Code  Gb  GpioInput.o [1]
Bsp::SpiDriver::ChipSelect(Bsp::SpiDriver::ChipSelect_t)
                         0x800'2f85   0x18  Code  Gb  SpiDriver.o [1]
Bsp::SpiDriver::HwInit()
                         0x800'2d81  0x1e2  Code  Gb  SpiDriver.o [1]
Bsp::SpiDriver::HwInit()::ChipSelectObj
                        0x2000'0360   0x14  Data  Lc  SpiDriver.o [1]
Bsp::SpiDriver::HwInit()::static guard for ChipSelectObj
                        0x2000'04b6    0x1  Data  Lc  SpiDriver.o [1]
Bsp::SpiDriver::SendByte(unsigned char)
                         0x800'2f9d   0x34  Code  Gb  SpiDriver.o [1]
Bsp::SpiDriver::SpiDriver(Bsp::SpiDriver::SpiInstance_t, void (*)(), Bsp::SpiDriver::SpiMode_t, Bsp::SpiDriver::SpiBaudRate_t)
                         0x800'2d5d   0x24  Code  Gb  SpiDriver.o [1]
Bsp::SysTickTimer::DelayTicks(unsigned int)
                         0x800'231d   0x34  Code  Gb  SysTickTimer.o [1]
Bsp::SysTickTimer::GetTicks()
                         0x800'2c21    0xc  Code  Gb  SysTickTimer.o [1]
Bsp::SysTickTimer::GetTicksSince(unsigned int)
                         0x800'2c2d   0x18  Code  Gb  HwButtonIntr.o [1]
Bsp::SysTickTimer::HwInit(unsigned int)
                         0x800'22f9   0x24  Code  Gb  SysTickTimer.o [1]
Bsp::SysTickTimer::IncrementTicks()
                         0x800'3299   0x10  Code  Gb  SysTickTimer.o [1]
Bsp::SysTickTimer::m_ticks
                        0x2000'04a0    0x4  Data  Gb  SysTickTimer.o [1]
BusFault_Handler         0x800'393f    0x2  Code  Gb  stm32f10x_it.o [1]
CSTACK$$Base            0x2000'0650          --   Gb  - Linker created -
CSTACK$$Limit           0x2000'0e50          --   Gb  - Linker created -
ClickEvent()             0x800'1669    0xa  Code  Gb  main.o [1]
DebugMon_Handler         0x800'3945    0x2  Code  Gb  stm32f10x_it.o [1]
DtorRecArray            0x2000'04b8    0xc  Data  Lc  cppinit.o [2]
EXTI0_IRQHandler         0x800'0681   0x16  Code  Gb  InterruptManager.o [1]
EXTI15_10_IRQHandler     0x800'05b3   0xce  Code  Gb  InterruptManager.o [1]
EXTI1_IRQHandler         0x800'0697   0x16  Code  Gb  InterruptManager.o [1]
EXTI2_IRQHandler         0x800'06ad   0x16  Code  Gb  InterruptManager.o [1]
EXTI3_IRQHandler         0x800'06c3   0x16  Code  Gb  InterruptManager.o [1]
EXTI4_IRQHandler         0x800'06d9   0x16  Code  Gb  InterruptManager.o [1]
EXTI9_5_IRQHandler       0x800'0513   0xa0  Code  Gb  InterruptManager.o [1]
EXTI_ClearITPendingBit   0x800'0941    0x6  Code  Gb  stm32f10x_exti.o [1]
EXTI_GetITStatus         0x800'0921   0x20  Code  Gb  stm32f10x_exti.o [1]
EXTI_Init                0x800'08a9   0x78  Code  Gb  stm32f10x_exti.o [1]
GPIO_EXTILineConfig      0x800'120b   0x50  Code  Gb  stm32f10x_gpio.o [1]
GPIO_Init                0x800'1139   0xc0  Code  Gb  stm32f10x_gpio.o [1]
GPIO_WriteBit            0x800'11f9   0x12  Code  Gb  stm32f10x_gpio.o [1]
HardFault_Handler        0x800'393b    0x2  Code  Gb  stm32f10x_it.o [1]
HwButton_A2             0x2000'01dc   0x9c  Data  Gb  main.o [1]
I2C_AcknowledgeConfig    0x800'1389   0x1c  Code  Gb  stm32f10x_i2c.o [1]
I2C_CheckEvent           0x800'13e5   0x24  Code  Gb  stm32f10x_i2c.o [1]
I2C_Cmd                  0x800'1335   0x1c  Code  Gb  stm32f10x_i2c.o [1]
I2C_GenerateSTART        0x800'1351   0x1c  Code  Gb  stm32f10x_i2c.o [1]
I2C_GenerateSTOP         0x800'136d   0x1c  Code  Gb  stm32f10x_i2c.o [1]
I2C_GetFlagStatus        0x800'1409   0x42  Code  Gb  stm32f10x_i2c.o [1]
I2C_Init                 0x800'1261   0xc6  Code  Gb  stm32f10x_i2c.o [1]
I2C_PECPositionConfig    0x800'13c7   0x1e  Code  Gb  stm32f10x_i2c.o [1]
I2C_ReceiveData          0x800'13ab    0x6  Code  Gb  stm32f10x_i2c.o [1]
I2C_Send7bitAddress      0x800'13b1   0x16  Code  Gb  stm32f10x_i2c.o [1]
I2C_SendData             0x800'13a5    0x6  Code  Gb  stm32f10x_i2c.o [1]
INA219_I2C              0x2000'02f4   0x18  Data  Gb  main.o [1]
INA219_Obj              0x2000'030c   0x18  Data  Gb  main.o [1]
Led::Led(GPIO_TypeDef *, unsigned short)
                         0x800'1b41   0x1a  Code  Gb  Led.o [1]
Led::Toggle()            0x800'238b    0x8  Code  Gb  main.o [1]
Led_PC13                0x2000'02c4   0x18  Data  Lc  main.o [1]
Led_PC13BlinkOnce()      0x800'16ad   0x18  Code  Gb  main.o [1]
Led_PC14                0x2000'02dc   0x18  Data  Lc  main.o [1]
Line0Menu0LongLongTouchHandler()
                         0x800'1699   0x14  Code  Gb  main.o [1]
Line0Menu0LongTouchHandler()
                         0x800'1685   0x14  Code  Gb  main.o [1]
LongLongPressEvent()     0x800'167d    0x8  Code  Gb  main.o [1]
LongPressEvent()         0x800'1675    0x8  Code  Gb  main.o [1]
MemManage_Handler        0x800'393d    0x2  Code  Gb  stm32f10x_it.o [1]
MyUI                    0x2000'0018  0x1c4  Data  Gb  main.o [1]
NMI_Handler              0x800'3939    0x2  Code  Gb  stm32f10x_it.o [1]
NVIC_Init                0x800'07ff   0x60  Code  Gb  misc.o [1]
NVIC_PriorityGroupConfig
                         0x800'07f5    0xa  Code  Gb  misc.o [1]
NVIC_SetVectorTable      0x800'085f    0xc  Code  Gb  misc.o [1]
NokiaLCD                0x2000'0278   0x2c  Data  Gb  main.o [1]
PendSV_Handler           0x800'3947    0x2  Code  Gb  stm32f10x_it.o [1]
RCC_AHBPeriphClockCmd    0x800'104b   0x1c  Code  Gb  stm32f10x_rcc.o [1]
RCC_APB1PeriphClockCmd   0x800'1083   0x1c  Code  Gb  stm32f10x_rcc.o [1]
RCC_APB1PeriphResetCmd   0x800'109f   0x1c  Code  Gb  stm32f10x_rcc.o [1]
RCC_APB2PeriphClockCmd   0x800'1067   0x1c  Code  Gb  stm32f10x_rcc.o [1]
RCC_DeInit               0x800'0ec1   0x40  Code  Gb  stm32f10x_rcc.o [1]
RCC_GetClocksFreq        0x800'0f9f   0xac  Code  Gb  stm32f10x_rcc.o [1]
RCC_GetFlagStatus        0x800'10bb   0x3c  Code  Gb  stm32f10x_rcc.o [1]
RCC_GetSYSCLKSource      0x800'0f63    0xa  Code  Gb  stm32f10x_rcc.o [1]
RCC_HCLKConfig           0x800'0f6d   0x10  Code  Gb  stm32f10x_rcc.o [1]
RCC_HSEConfig            0x800'0f01   0x38  Code  Gb  stm32f10x_rcc.o [1]
RCC_PCLK1Config          0x800'0f7d   0x10  Code  Gb  stm32f10x_rcc.o [1]
RCC_PCLK2Config          0x800'0f8d   0x12  Code  Gb  stm32f10x_rcc.o [1]
RCC_PLLCmd               0x800'0f4b    0x8  Code  Gb  stm32f10x_rcc.o [1]
RCC_PLLConfig            0x800'0f39   0x12  Code  Gb  stm32f10x_rcc.o [1]
RCC_SYSCLKConfig         0x800'0f53   0x10  Code  Gb  stm32f10x_rcc.o [1]
Region$$Table$$Base      0x800'37d4          --   Gb  - Linker created -
Region$$Table$$Limit     0x800'37fc          --   Gb  - Linker created -
SHT$$INIT_ARRAY$$Base    0x800'3a18          --   Gb  - Linker created -
SHT$$INIT_ARRAY$$Limit   0x800'3a1c          --   Gb  - Linker created -
SHT$$PREINIT_ARRAY$$Base
                         0x800'3a18          --   Gb  - Linker created -
SHT$$PREINIT_ARRAY$$Limit
                         0x800'3a18          --   Gb  - Linker created -
SPI_Cmd                  0x800'33e7   0x1c  Code  Gb  stm32f10x_spi.o [1]
SPI_I2S_GetFlagStatus    0x800'340b   0x12  Code  Gb  stm32f10x_spi.o [1]
SPI_I2S_ReceiveData      0x800'3407    0x4  Code  Gb  stm32f10x_spi.o [1]
SPI_I2S_SendData         0x800'3403    0x4  Code  Gb  stm32f10x_spi.o [1]
SPI_Init                 0x800'33a9   0x3e  Code  Gb  stm32f10x_spi.o [1]
SVC_Handler              0x800'3943    0x2  Code  Gb  stm32f10x_it.o [1]
SysTick_CLKSourceConfig
                         0x800'086b   0x1c  Code  Gb  misc.o [1]
SysTick_Handler          0x800'22f1    0x8  Code  Gb  SysTickTimer.o [1]
SystemInit               0x800'35fd   0x44  Code  Gb  system_stm32f10x.o [1]
UsageFault_Handler       0x800'3941    0x2  Code  Gb  stm32f10x_it.o [1]
Virtual function table for Bsp::GpioInput
                         0x800'3880   0x14  Data  Gb  GpioInput.o [1]
Virtual function table for Bsp::GpioOutput
                         0x800'3894   0x14  Data  Gb  GpioOutput.o [1]
Virtual function table for Bsp::HwButtonIntr
                         0x800'38a8   0x14  Data  Gb  HwButtonIntr.o [1]
Virtual function table for Bsp::I2CDriver
                         0x800'38bc   0x14  Data  Gb  I2CDriver.o [1]
Virtual function table for Bsp::INA219
                         0x800'38f8   0x10  Data  Gb  INA219.o [1]
Virtual function table for Bsp::SpiDriver
                         0x800'38e4   0x14  Data  Gb  SpiDriver.o [1]
Virtual function table for Led
                         0x800'38d0   0x14  Data  Gb  Led.o [1]
[local to Nokia5110LCD_cpp]::App::ASCII
                         0x800'341c  0x1e0  Data  Lc  Nokia5110LCD.o [1]
[local to SysTickTimer_cpp]::NVIC_SetPriority(IRQn, unsigned int)
                         0x800'2289   0x24  Code  Lc  SysTickTimer.o [1]
[local to SysTickTimer_cpp]::SysTick_Config(unsigned int)
                         0x800'22ad   0x2e  Code  Lc  SysTickTimer.o [1]
[local to main_cpp]::prvSetupHardware()
                         0x800'16c5   0x7e  Code  Lc  main.o [1]
[local to system_stm32f10x_c]::SetSysClock()
                         0x800'3641    0x8  Code  Lc  system_stm32f10x.o [1]
[local to system_stm32f10x_c]::SetSysClockTo72()
                         0x800'3649   0xae  Code  Lc  system_stm32f10x.o [1]
__aeabi_atexit           0x800'1e4d    0xa  Code  Gb  cxxabi.o [3]
__aeabi_cdcmpeq          0x800'2609         Code  Gb  DblCmpEq.o [4]
__aeabi_cfcmple          0x800'308d         Code  Gb  FltCmpLe.o [4]
__aeabi_d2f              0x800'28b9         Code  Gb  DblToFlt.o [4]
__aeabi_ddiv             0x800'2629         Code  Gb  DblDiv.o [4]
__aeabi_dmul             0x800'2465         Code  Gb  DblMul.o [4]
__aeabi_f2d              0x800'2871         Code  Gb  FltToDbl.o [4]
__aeabi_f2iz             0x800'2395         Code  Gb  FltToS32.o [4]
__aeabi_fdiv             0x800'30f1         Code  Gb  FltDiv.o [4]
__aeabi_fsub             0x800'23e5         Code  Gb  FltSub.o [4]
__aeabi_i2d              0x800'30b1         Code  Gb  S32ToDbl.o [4]
__aeabi_i2f              0x800'23c1         Code  Gb  S32ToFlt.o [4]
__aeabi_memcpy           0x800'31f1         Code  Gb  ABImemcpy.o [5]
__aeabi_memcpy4          0x800'3211         Code  Gb  ABImemcpy.o [5]
__aeabi_memcpy8          0x800'3211         Code  Gb  ABImemcpy.o [5]
__aeabi_ui2f             0x800'30d5         Code  Gb  U32ToFlt.o [4]
__aeabi_vec_ctor_nocookie_nodtor
                         0x800'1e25   0x28  Code  Gb  cxxabi.o [3]
__call_ctors             0x800'2fed   0x18  Code  Gb  cppinit.o [2]
__call_dtors             0x800'303b    0xc  Code  Gb  cppinit.o [2]
__call_dtors0            0x800'3047   0x36  Code  Gb  cppinit.o [2]
__cexit_call_dtors       0x800'3847         Code  Gb  cexit.o [5]
__cmain                  0x800'381d         Code  Gb  cmain.o [5]
__cstart_call_dtors      0x800'3a1c         Data  Gb  cstart_call_dtors.o [5]
__cxa_atexit             0x800'3005   0x36  Code  Gb  cppinit.o [2]
__dso_handle            0x2000'04a8    0x4  Data  Gb  cppinit.o [2]
__exit                   0x800'3855   0x14  Code  Gb  exit.o [6]
__iar_copy_init3         0x800'3781   0x2c  Code  Gb  copy_init3.o [5]
__iar_cstart_call_ctors
                         0x800'37fd   0x20  Code  Gb  cmain_call_ctors.o [5]
__iar_data_init3         0x800'37ad   0x28  Code  Gb  data_init.o [5]
__iar_debug_exceptions   0x800'1b3e    0x1  Data  Gb  unwind_debug.o [6]
__iar_fadd               0x800'23f1         Code  Gb  FltSub.o [4]
__iar_fsub               0x800'32b5         Code  Gb  FltAdd.o [4]
__iar_fsubStart          0x800'32c5         Code  Gb  FltAdd.o [4]
__iar_program_start      0x800'3955         Code  Gb  cstartup_M.o [5]
__iar_tls$$INIT_ARRAY$$Base
                         0x800'3a1c          --   Gb  - Linker created -
__iar_tls$$INIT_ARRAY$$Limit
                         0x800'3a1c          --   Gb  - Linker created -
__iar_zero_init3         0x800'144b   0x3a  Code  Gb  zero_init3.o [5]
__low_level_init         0x800'383b    0x4  Code  Gb  low_level_init.o [2]
__sti__routine           0x800'1485   0x9c  Code  Lc  main.o [1]
__vector_table           0x800'0000         Data  Gb  startup_stm32f10x_md.o [1]
_call_main               0x800'3829         Code  Gb  cmain.o [5]
_exit                    0x800'3845         Code  Gb  cexit.o [5]
_main                    0x800'3837         Code  Gb  cmain.o [5]
aCurrent                0x2000'0374    0xc  Data  Gb  main.o [1]
aVoltage                0x2000'0380    0xc  Data  Gb  main.o [1]
exit                     0x800'383f    0x4  Code  Gb  exit.o [2]
ftoa(float, char *, int)
                         0x800'179d   0xde  Code  Gb  main.o [1]
gEvent                  0x2000'0014    0x1  Data  Gb  main.o [1]
intToStr(int, char *, int)
                         0x800'175f   0x3e  Code  Gb  main.o [1]
main                     0x800'1521  0x146  Code  Gb  main.o [1]
main::Power             0x2000'038c    0xc  Data  Lc  main.o [1]
memcpy                   0x800'32a9    0xc  Code  Gb  memcpy.o [5]
next_abi_dtor_rec       0x2000'04a4    0x4  Data  Lc  cppinit.o [2]
reverse(char *, int)     0x800'1743   0x1c  Code  Gb  main.o [1]


[1] = C:\Amit_Chaudhary\STM32\Projects\IAR\IAR_Projects\PowerMonitor\Debug\Obj
[2] = dl7M_tln.a
[3] = dlpp7M_tl_nc.a
[4] = m7M_tl.a
[5] = rt7M_tl.a
[6] = shb_l.a

  14 107 bytes of readonly  code memory
     769 bytes of readonly  data memory
   3 660 bytes of readwrite data memory

Errors: none
Warnings: none
