###############################################################################
#
# IAR ELF Linker V8.30.1.114/W32 for ARM                  20/Mar/2019  11:40:42
# Copyright 2007-2018 IAR Systems AB.
#
#    Output file  =  
#        C:\Amit_Chaudhary\STM32\Projects\IAR\IAR_Projects\Main\STM32F1xx_CPP_FW\IAR\Debug\Exe\Main.out
#    Map file     =  
#        C:\Amit_Chaudhary\STM32\Projects\IAR\IAR_Projects\Main\STM32F1xx_CPP_FW\IAR\Debug\List\Main.map
#    Command line =  
#        -f C:\Users\achaudha\AppData\Local\Temp\EW9999.tmp
#        (C:\Amit_Chaudhary\STM32\Projects\IAR\IAR_Projects\Main\STM32F1xx_CPP_FW\IAR\Debug\Obj\BtnInt.o
#        C:\Amit_Chaudhary\STM32\Projects\IAR\IAR_Projects\Main\STM32F1xx_CPP_FW\IAR\Debug\Obj\BtnPoll.o
#        C:\Amit_Chaudhary\STM32\Projects\IAR\IAR_Projects\Main\STM32F1xx_CPP_FW\IAR\Debug\Obj\CPP_HAL.o
#        C:\Amit_Chaudhary\STM32\Projects\IAR\IAR_Projects\Main\STM32F1xx_CPP_FW\IAR\Debug\Obj\Gpio.o
#        C:\Amit_Chaudhary\STM32\Projects\IAR\IAR_Projects\Main\STM32F1xx_CPP_FW\IAR\Debug\Obj\GpioInput.o
#        C:\Amit_Chaudhary\STM32\Projects\IAR\IAR_Projects\Main\STM32F1xx_CPP_FW\IAR\Debug\Obj\GpioInputCB.o
#        C:\Amit_Chaudhary\STM32\Projects\IAR\IAR_Projects\Main\STM32F1xx_CPP_FW\IAR\Debug\Obj\GpioOutput.o
#        C:\Amit_Chaudhary\STM32\Projects\IAR\IAR_Projects\Main\STM32F1xx_CPP_FW\IAR\Debug\Obj\HwButton.o
#        C:\Amit_Chaudhary\STM32\Projects\IAR\IAR_Projects\Main\STM32F1xx_CPP_FW\IAR\Debug\Obj\Interrupt.o
#        C:\Amit_Chaudhary\STM32\Projects\IAR\IAR_Projects\Main\STM32F1xx_CPP_FW\IAR\Debug\Obj\main.o
#        C:\Amit_Chaudhary\STM32\Projects\IAR\IAR_Projects\Main\STM32F1xx_CPP_FW\IAR\Debug\Obj\printf.o
#        C:\Amit_Chaudhary\STM32\Projects\IAR\IAR_Projects\Main\STM32F1xx_CPP_FW\IAR\Debug\Obj\RotaryEncoderPoll.o
#        C:\Amit_Chaudhary\STM32\Projects\IAR\IAR_Projects\Main\STM32F1xx_CPP_FW\IAR\Debug\Obj\startup_stm32f103xb.o
#        C:\Amit_Chaudhary\STM32\Projects\IAR\IAR_Projects\Main\STM32F1xx_CPP_FW\IAR\Debug\Obj\stm32f1xx_hal.o
#        C:\Amit_Chaudhary\STM32\Projects\IAR\IAR_Projects\Main\STM32F1xx_CPP_FW\IAR\Debug\Obj\stm32f1xx_hal_cortex.o
#        C:\Amit_Chaudhary\STM32\Projects\IAR\IAR_Projects\Main\STM32F1xx_CPP_FW\IAR\Debug\Obj\stm32f1xx_hal_pwr.o
#        C:\Amit_Chaudhary\STM32\Projects\IAR\IAR_Projects\Main\STM32F1xx_CPP_FW\IAR\Debug\Obj\stm32f1xx_hal_rcc.o
#        C:\Amit_Chaudhary\STM32\Projects\IAR\IAR_Projects\Main\STM32F1xx_CPP_FW\IAR\Debug\Obj\stm32f1xx_hal_rcc_ex.o
#        C:\Amit_Chaudhary\STM32\Projects\IAR\IAR_Projects\Main\STM32F1xx_CPP_FW\IAR\Debug\Obj\stm32f1xx_it.o
#        C:\Amit_Chaudhary\STM32\Projects\IAR\IAR_Projects\Main\STM32F1xx_CPP_FW\IAR\Debug\Obj\stm32f1xx_ll_exti.o
#        C:\Amit_Chaudhary\STM32\Projects\IAR\IAR_Projects\Main\STM32F1xx_CPP_FW\IAR\Debug\Obj\stm32f1xx_ll_gpio.o
#        C:\Amit_Chaudhary\STM32\Projects\IAR\IAR_Projects\Main\STM32F1xx_CPP_FW\IAR\Debug\Obj\stm32f1xx_ll_pwr.o
#        C:\Amit_Chaudhary\STM32\Projects\IAR\IAR_Projects\Main\STM32F1xx_CPP_FW\IAR\Debug\Obj\stm32f1xx_ll_rcc.o
#        C:\Amit_Chaudhary\STM32\Projects\IAR\IAR_Projects\Main\STM32F1xx_CPP_FW\IAR\Debug\Obj\stm32f1xx_ll_utils.o
#        C:\Amit_Chaudhary\STM32\Projects\IAR\IAR_Projects\Main\STM32F1xx_CPP_FW\IAR\Debug\Obj\system_stm32f1xx.o
#        C:\Amit_Chaudhary\STM32\Projects\IAR\IAR_Projects\Main\STM32F1xx_CPP_FW\IAR\Debug\Obj\Test.o
#        C:\Amit_Chaudhary\STM32\Projects\IAR\IAR_Projects\Main\STM32F1xx_CPP_FW\IAR\Debug\Obj\Utils.o
#        --no_out_extension -o
#        C:\Amit_Chaudhary\STM32\Projects\IAR\IAR_Projects\Main\STM32F1xx_CPP_FW\IAR\Debug\Exe\Main.out
#        --redirect _Printf=_PrintfFullNoMb --redirect _Scanf=_ScanfFullNoMb
#        --map
#        C:\Amit_Chaudhary\STM32\Projects\IAR\IAR_Projects\Main\STM32F1xx_CPP_FW\IAR\Debug\List\Main.map
#        --config
#        C:\Amit_Chaudhary\STM32\Projects\IAR\IAR_Projects\CPP_Drivers\Gpio\System\stm32f103x8.icf
#        --semihosting --entry __iar_program_start --vfe --text_out locale)
#
###############################################################################

*******************************************************************************
*** RUNTIME MODEL ATTRIBUTES
***

CppFlavor                     = *
__CPP_Exceptions              = Disabled
__CPP_Language                = C++14
__Heap_Handler                = Basic
__SystemLibrary               = DLib
__dlib_dynamic_initialization = normal
__dlib_version                = 6


*******************************************************************************
*** HEAP SELECTION
***

The basic heap was selected because some modules are built with
size limitations (and not runtime checking), and --advanced_heap
was not specified.


*******************************************************************************
*** PLACEMENT SUMMARY
***

"A0":  place at 0x800'0000 { ro section .intvec };
"P1":  place in [from 0x800'0000 to 0x800'ffff] { ro };
define block CSTACK with size = 2K, alignment = 8 { };
define block HEAP with size = 2K, alignment = 8 { };
"P2":  place in [from 0x2000'0000 to 0x2000'4fff] {
          rw, block CSTACK, block HEAP };
initialize by copy { rw };

  Section                Kind         Address    Size  Object
  -------                ----         -------    ----  ------
"A0":                                            0xec
  .intvec                ro code   0x800'0000    0xec  startup_stm32f103xb.o [1]
                                 - 0x800'00ec    0xec

"P1":                                          0x131c
  .text                  ro code   0x800'00ec   0x62c  stm32f1xx_hal_rcc.o [1]
  .text                  ro code   0x800'0718     0xc  stm32f1xx_hal.o [1]
  .text                  ro code   0x800'0724    0x4c  stm32f1xx_hal.o [1]
  .text                  ro code   0x800'0770    0x86  ABImemcpy.o [5]
  .text                  ro code   0x800'07f6    0x3a  zero_init3.o [5]
  .text                  ro code   0x800'0830   0x14a  stm32f1xx_hal_cortex.o [1]
  .rodata                const     0x800'097a     0x2  stm32f1xx_hal_rcc.o [1]
  .text                  ro code   0x800'097c   0x164  stm32f1xx_ll_gpio.o [1]
  .text                  ro code   0x800'0ae0   0x12c  stm32f1xx_hal_rcc_ex.o [1]
  .text                  ro code   0x800'0c0c    0xbe  main.o [1]
  .rodata                const     0x800'0cca     0x1  unwind_debug.o [6]
  .text                  ro code   0x800'0ccc    0x26  stm32f1xx_hal.o [1]
  .text                  ro code   0x800'0cf4    0x2c  Interrupt.o [1]
  .text                  ro code   0x800'0d20    0x9c  Test.o [1]
  .text                  ro code   0x800'0dbc    0x58  BtnPoll.o [1]
  .text                  ro code   0x800'0e14    0xa2  GpioOutput.o [1]
  .text                  ro code   0x800'0eb6     0xe  Test.o [1]
  .text                  ro code   0x800'0ec4     0xe  Test.o [1]
  .text                  ro code   0x800'0ed2    0x1c  Test.o [1]
  .text                  ro code   0x800'0eee     0xe  Test.o [1]
  .text                  ro code   0x800'0efc    0x14  Test.o [1]
  .text                  ro code   0x800'0f10    0x28  stm32f1xx_ll_utils.o [1]
  .text                  ro code   0x800'0f38    0x28  GpioInput.o [1]
  .text                  ro code   0x800'0f60    0x38  Test.o [1]
  .text                  ro code   0x800'0f98    0x8c  Gpio.o [1]
  .text                  ro code   0x800'1024     0xe  GpioInputCB.o [1]
  .text                  ro code   0x800'1032    0x26  GpioInputCB.o [1]
  .text                  ro code   0x800'1058    0x28  GpioInputCB.o [1]
  .text                  ro code   0x800'1080    0x14  GpioInputCB.o [1]
  .rodata                const     0x800'1094    0x5c  main.o [1]
  .text                  ro code   0x800'10f0    0x58  system_stm32f1xx.o [1]
  .rodata                const     0x800'1148    0x40  Test.o [1]
  .text                  ro code   0x800'1188    0x2c  copy_init3.o [5]
  .text                  ro code   0x800'11b4    0x28  data_init.o [5]
  .iar.init_table        const     0x800'11dc    0x28  - Linker created -
  .text                  ro code   0x800'1204    0x20  cmain_call_ctors.o [5]
  .text                  ro code   0x800'1224    0x18  cppinit.o [2]
  .text                  ro code   0x800'123c    0x1e  cmain.o [5]
  .text                  ro code   0x800'125a     0x4  low_level_init.o [2]
  .text                  ro code   0x800'125e     0x4  exit.o [2]
  .text                  ro code   0x800'1264     0xa  cexit.o [5]
  .text                  ro code   0x800'1270    0x14  exit.o [6]
  .text                  ro code   0x800'1284    0x1c  stm32f1xx_it.o [1]
  .text                  ro code   0x800'12a0    0x18  stm32f1xx_hal.o [1]
  .rodata                const     0x800'12b8    0x14  GpioInputCB.o [1]
  .text                  ro code   0x800'12cc    0x14  GpioInputCB.o [1]
  .text                  ro code   0x800'12e0     0xe  GpioInputCB.o [1]
  .text                  ro code   0x800'12ee     0xc  GpioInputCB.o [1]
  .text                  ro code   0x800'12fa     0xa  GpioInputCB.o [1]
  Initializer bytes      const     0x800'1304    0x14  <for P2-1>
  .rodata                const     0x800'1318    0x10  stm32f1xx_hal_rcc.o [1]
  .rodata                const     0x800'1328    0x10  system_stm32f1xx.o [1]
  .text                  ro code   0x800'1338    0x10  startup_stm32f103xb.o [1]
  .text                  ro code   0x800'1348     0xc  cstartup_M.o [5]
  SHT$$PREINIT_ARRAY               0x800'1354     0x0  <Block>
  SHT$$INIT_ARRAY                  0x800'1354     0x8  <Block>
    .init_array          const     0x800'1354     0x4  GpioInputCB.o [1]
    .init_array          const     0x800'1358     0x4  Test.o [1]
  __iar_tls$$INIT_ARRAY            0x800'135c     0x0  <Block>
  .text                  ro code   0x800'135c     0x4  startup_stm32f103xb.o [1]
  .text                  ro code   0x800'1360     0x4  startup_stm32f103xb.o [1]
  .text                  ro code   0x800'1364     0x4  startup_stm32f103xb.o [1]
  .text                  ro code   0x800'1368     0x4  startup_stm32f103xb.o [1]
  .text                  ro code   0x800'136c     0x4  startup_stm32f103xb.o [1]
  .text                  ro code   0x800'1370     0x4  startup_stm32f103xb.o [1]
  .text                  ro code   0x800'1374     0x4  startup_stm32f103xb.o [1]
  .text                  ro code   0x800'1378     0x4  startup_stm32f103xb.o [1]
  .text                  ro code   0x800'137c     0x4  startup_stm32f103xb.o [1]
  .text                  ro code   0x800'1380     0x4  startup_stm32f103xb.o [1]
  .text                  ro code   0x800'1384     0x4  startup_stm32f103xb.o [1]
  .text                  ro code   0x800'1388     0x4  startup_stm32f103xb.o [1]
  .text                  ro code   0x800'138c     0x4  startup_stm32f103xb.o [1]
  .text                  ro code   0x800'1390     0x4  startup_stm32f103xb.o [1]
  .text                  ro code   0x800'1394     0x4  startup_stm32f103xb.o [1]
  .text                  ro code   0x800'1398     0x4  startup_stm32f103xb.o [1]
  .text                  ro code   0x800'139c     0x4  startup_stm32f103xb.o [1]
  .text                  ro code   0x800'13a0     0x4  startup_stm32f103xb.o [1]
  .text                  ro code   0x800'13a4     0x4  startup_stm32f103xb.o [1]
  .text                  ro code   0x800'13a8     0x4  startup_stm32f103xb.o [1]
  .text                  ro code   0x800'13ac     0x4  startup_stm32f103xb.o [1]
  .text                  ro code   0x800'13b0     0x4  startup_stm32f103xb.o [1]
  .text                  ro code   0x800'13b4     0x4  startup_stm32f103xb.o [1]
  .text                  ro code   0x800'13b8     0x4  startup_stm32f103xb.o [1]
  .text                  ro code   0x800'13bc     0x4  startup_stm32f103xb.o [1]
  .text                  ro code   0x800'13c0     0x4  startup_stm32f103xb.o [1]
  .text                  ro code   0x800'13c4     0x4  startup_stm32f103xb.o [1]
  .text                  ro code   0x800'13c8     0x4  startup_stm32f103xb.o [1]
  .text                  ro code   0x800'13cc     0x4  startup_stm32f103xb.o [1]
  .text                  ro code   0x800'13d0     0x4  startup_stm32f103xb.o [1]
  .text                  ro code   0x800'13d4     0x4  startup_stm32f103xb.o [1]
  .text                  ro code   0x800'13d8     0x4  startup_stm32f103xb.o [1]
  .text                  ro code   0x800'13dc     0x4  startup_stm32f103xb.o [1]
  .text                  ro code   0x800'13e0     0x4  startup_stm32f103xb.o [1]
  .text                  ro code   0x800'13e4     0x4  startup_stm32f103xb.o [1]
  .text                  ro code   0x800'13e8     0x4  startup_stm32f103xb.o [1]
  .text                  ro code   0x800'13ec     0x4  startup_stm32f103xb.o [1]
  .text                  ro code   0x800'13f0     0x4  startup_stm32f103xb.o [1]
  .text                  ro code   0x800'13f4     0x4  startup_stm32f103xb.o [1]
  .text                  ro code   0x800'13f8     0x4  startup_stm32f103xb.o [1]
  .text                  ro code   0x800'13fc     0x4  startup_stm32f103xb.o [1]
  .text                  ro code   0x800'1400     0x4  startup_stm32f103xb.o [1]
  .text                  ro code   0x800'1404     0x4  startup_stm32f103xb.o [1]
  .rodata                const     0x800'1408     0x0  zero_init3.o [5]
  .rodata                const     0x800'1408     0x0  copy_init3.o [5]
                                 - 0x800'1408  0x131c

Absolute sections:                              0x100
  .noinit                uninit   0x2000'0100   0x100  Interrupt.o [1]
                                - 0x2000'0200   0x100

"P2", part 1 of 3:                               0x14
  P2-1                            0x2000'0200    0x11  <Init block>
    .data                inited   0x2000'0200     0x4  stm32f1xx_hal.o [1]
    .data                inited   0x2000'0204     0x4  system_stm32f1xx.o [1]
    .data                inited   0x2000'0208     0x8  Test.o [1]
    .data                inited   0x2000'0210     0x1  stm32f1xx_hal.o [1]
                                - 0x2000'0211    0x11

"P2", part 2 of 3:                               0x54
  .bss                   zero     0x2000'0214    0x20  Test.o [1]
  .bss                   zero     0x2000'0234    0x20  Test.o [1]
  .bss                   zero     0x2000'0254    0x10  GpioInputCB.o [1]
  .bss                   zero     0x2000'0264     0x4  stm32f1xx_hal.o [1]
                                - 0x2000'0268    0x54

"P2", part 3 of 3:                              0x800
  CSTACK                          0x2000'0268   0x800  <Block>
    CSTACK               uninit   0x2000'0268   0x800  <Block tail>
                                - 0x2000'0a68   0x800

Unused ranges:

         From           To    Size
         ----           --    ----
   0x800'1408   0x800'ffff  0xebf8
  0x2000'0000  0x2000'00ff   0x100
  0x2000'0a68  0x2000'4fff  0x4598


*******************************************************************************
*** INIT TABLE
***

          Address      Size
          -------      ----
Zero (__iar_zero_init3)
    1 destination range, total size 0x54:
          0x2000'0214  0x54

Copy (__iar_copy_init3)
    1 source range, total size 0x14 (117% of destination):
           0x800'1304  0x14
    1 destination range, total size 0x11:
          0x2000'0200  0x11

Extra (__iar_cstart_call_ctors)



*******************************************************************************
*** MODULE SUMMARY
***

    Module                  ro code  ro data  rw data  rw data
                                                        (abs)
    ------                  -------  -------  -------  -------
command line/config:
    ----------------------------------------------------------
    Total:

C:\Amit_Chaudhary\STM32\Projects\IAR\IAR_Projects\Main\STM32F1xx_CPP_FW\IAR\Debug\Obj: [1]
    BtnPoll.o                    88
    Gpio.o                      140
    GpioInput.o                  40
    GpioInputCB.o               168       24       16
    GpioOutput.o                162
    Interrupt.o                  44                        256
    Test.o                      302       76       72
    main.o                      190       92
    startup_stm32f103xb.o       424
    stm32f1xx_hal.o             150        5        9
    stm32f1xx_hal_cortex.o      330
    stm32f1xx_hal_rcc.o       1 580       18
    stm32f1xx_hal_rcc_ex.o      300
    stm32f1xx_it.o               28
    stm32f1xx_ll_gpio.o         356
    stm32f1xx_ll_utils.o         40
    system_stm32f1xx.o           88       20        4
    ----------------------------------------------------------
    Total:                    4 430      235      101      256

dl7M_tln.a: [2]
    cppinit.o                    24
    exit.o                        4
    low_level_init.o              4
    ----------------------------------------------------------
    Total:                       32

dlpp7M_tl_nc.a: [3]
    ----------------------------------------------------------
    Total:

m7M_tl.a: [4]
    ----------------------------------------------------------
    Total:

rt7M_tl.a: [5]
    ABImemcpy.o                 134
    cexit.o                      10
    cmain.o                      30
    cmain_call_ctors.o           32
    copy_init3.o                 44
    cstartup_M.o                 12
    data_init.o                  40
    zero_init3.o                 58
    ----------------------------------------------------------
    Total:                      360

shb_l.a: [6]
    exit.o                       20
    unwind_debug.o                         1
    ----------------------------------------------------------
    Total:                       20        1

    Gaps                          7
    Linker created                        43    2 048
--------------------------------------------------------------
    Grand Total:              4 849      279    2 149      256


*******************************************************************************
*** ENTRY LIST
***

Entry                       Address   Size  Type      Object
-----                       -------   ----  ----      ------
.iar.init_table$$Base    0x800'11dc          --   Gb  - Linker created -
.iar.init_table$$Limit   0x800'1204          --   Gb  - Linker created -
?main                    0x800'123d         Code  Gb  cmain.o [5]
AHBPrescTable            0x800'1328   0x10  Data  Gb  system_stm32f1xx.o [1]
BSP::BtnPoll::BtnPoll(HAL::Gpio::Pin_t, BSP::BtnPoll::Pull_t, unsigned char, void (*)(), void (*)())
                         0x800'0dbd   0x50  Code  Gb  BtnPoll.o [1]
BusFault_Handler         0x800'128b    0x2  Code  Gb  stm32f1xx_it.o [1]
CBFunctor0::CBFunctor0(CBFunctorBase::DummyInit *)
                         0x800'12e1    0xe  Code  Gb  GpioInputCB.o [1]
CBFunctorBase::CBFunctorBase()
                         0x800'12fb    0xa  Code  Gb  GpioInputCB.o [1]
CBFunctorBase::CBFunctorBase() [subobject]
                         0x800'12ef    0xc  Code  Gb  GpioInputCB.o [1]
CSTACK$$Base            0x2000'0268          --   Gb  - Linker created -
CSTACK$$Limit           0x2000'0a68          --   Gb  - Linker created -
DebugMon_Handler         0x800'1291    0x2  Code  Gb  stm32f1xx_it.o [1]
Gpio_Output_Test()       0x800'0d6d   0x42  Code  Gb  Test.o [1]
HAL::Gpio::ClockEnable()
                         0x800'0faf   0x5c  Code  Gb  Gpio.o [1]
HAL::Gpio::Gpio(HAL::Gpio::Pin_t)
                         0x800'1033   0x26  Code  Gb  GpioInputCB.o [1]
HAL::Gpio::Gpio(HAL::Gpio::Pin_t) [subobject]
                         0x800'1025    0xe  Code  Gb  GpioInputCB.o [1]
HAL::Gpio::getPin(HAL::Gpio::Pin_t)
                         0x800'1081   0x14  Code  Gb  GpioInputCB.o [1]
HAL::Gpio::getPort(HAL::Gpio::Pin_t)
                         0x800'1059   0x28  Code  Gb  GpioInputCB.o [1]
HAL::Gpio::get_LL_pin(unsigned short) const
                         0x800'0f61   0x38  Code  Gb  Test.o [1]
HAL::GpioInput::GpioInput(HAL::Gpio::Pin_t, HAL::GpioInput::GpioInput_Params_t, HAL::GpioInput::Intr_Event_Edge_t, void (*)())
                         0x800'0f39   0x28  Code  Gb  GpioInput.o [1]
HAL::GpioInputCB::notify
                        0x2000'0254   0x10  Data  Gb  GpioInputCB.o [1]
HAL::GpioOutput::High()
                         0x800'0eb7    0xe  Code  Gb  Test.o [1]
HAL::GpioOutput::HwInit(void *)
                         0x800'0e77   0x40  Code  Gb  GpioOutput.o [1]
HAL::GpioOutput::Low()   0x800'0ec5    0xe  Code  Gb  Test.o [1]
HAL::GpioOutput::ReadOutput()
                         0x800'0efd   0x14  Code  Gb  Test.o [1]
HAL::GpioOutput::SetPull(HAL::GpioOutput::GpioOutputPull_t)
                         0x800'0ed3   0x1c  Code  Gb  Test.o [1]
HAL::GpioOutput::Toggle()
                         0x800'0eef    0xe  Code  Gb  Test.o [1]
HAL::GpioOutput::get_GPIO_InitTypeDef(LL_GPIO_InitTypeDef *)
                         0x800'0e15   0x62  Code  Gb  GpioOutput.o [1]
HAL::Interrupt::Relocate_Vector_Table()
                         0x800'0cf5   0x24  Code  Gb  Interrupt.o [1]
HAL::Interrupt::Vectors_RAM
                        0x2000'0100  0x100  Data  Gb  Interrupt.o [1]
HAL_GetTick              0x800'0719    0xc  Code  Wk  stm32f1xx_hal.o [1]
HAL_IncTick              0x800'12a1   0x18  Code  Wk  stm32f1xx_hal.o [1]
HAL_Init                 0x800'0ccd   0x20  Code  Gb  stm32f1xx_hal.o [1]
HAL_InitTick             0x800'0725   0x4c  Code  Wk  stm32f1xx_hal.o [1]
HAL_NVIC_SetPriority     0x800'0901   0x2a  Code  Gb  stm32f1xx_hal_cortex.o [1]
HAL_NVIC_SetPriorityGrouping
                         0x800'08f5    0xc  Code  Gb  stm32f1xx_hal_cortex.o [1]
HAL_RCCEx_PeriphCLKConfig
                         0x800'0ae1  0x118  Code  Gb  stm32f1xx_hal_rcc_ex.o [1]
HAL_RCC_ClockConfig      0x800'04ad  0x190  Code  Gb  stm32f1xx_hal_rcc.o [1]
HAL_RCC_GetHCLKFreq      0x800'06ad    0x6  Code  Gb  stm32f1xx_hal_rcc.o [1]
HAL_RCC_GetSysClockFreq
                         0x800'063d   0x70  Code  Gb  stm32f1xx_hal_rcc.o [1]
HAL_RCC_OscConfig        0x800'00ed  0x3c0  Code  Gb  stm32f1xx_hal_rcc.o [1]
HAL_SYSTICK_CLKSourceConfig
                         0x800'0937   0x1c  Code  Gb  stm32f1xx_hal_cortex.o [1]
HAL_SYSTICK_Config       0x800'092b    0xc  Code  Gb  stm32f1xx_hal_cortex.o [1]
HAL_SYSTICK_IRQHandler   0x800'0971    0x8  Code  Gb  stm32f1xx_hal_cortex.o [1]
HardFault_Handler        0x800'1287    0x2  Code  Gb  stm32f1xx_it.o [1]
LED                     0x2000'0208    0x8  Data  Gb  Test.o [1]
LL_GPIO_Init             0x800'0a51   0x90  Code  Gb  stm32f1xx_ll_gpio.o [1]
LL_mDelay                0x800'0f11   0x24  Code  Gb  stm32f1xx_ll_utils.o [1]
MemManage_Handler        0x800'1289    0x2  Code  Gb  stm32f1xx_it.o [1]
NMI_Handler              0x800'1285    0x2  Code  Gb  stm32f1xx_it.o [1]
PendSV_Handler           0x800'1293    0x2  Code  Gb  stm32f1xx_it.o [1]
Region$$Table$$Base      0x800'11dc          --   Gb  - Linker created -
Region$$Table$$Limit     0x800'1204          --   Gb  - Linker created -
SHT$$INIT_ARRAY$$Base    0x800'1354          --   Gb  - Linker created -
SHT$$INIT_ARRAY$$Limit   0x800'135c          --   Gb  - Linker created -
SHT$$PREINIT_ARRAY$$Base
                         0x800'1354          --   Gb  - Linker created -
SHT$$PREINIT_ARRAY$$Limit
                         0x800'1354          --   Gb  - Linker created -
SVC_Handler              0x800'128f    0x2  Code  Gb  stm32f1xx_it.o [1]
SysTick_Handler          0x800'1295    0xc  Code  Gb  stm32f1xx_it.o [1]
SystemClock_Config()     0x800'0c21   0xa4  Code  Gb  main.o [1]
SystemCoreClock         0x2000'0204    0x4  Data  Gb  system_stm32f1xx.o [1]
SystemInit               0x800'10f1   0x3e  Code  Gb  system_stm32f1xx.o [1]
UsageFault_Handler       0x800'128d    0x2  Code  Gb  stm32f1xx_it.o [1]
[local to Gpio_cpp]::LL_APB2_GRP1_EnableClock(unsigned int)
                         0x800'0f99   0x16  Code  Lc  Gpio.o [1]
[local to Test_cpp]::LL_GPIO_SetPinPull(GPIO_TypeDef *, unsigned int, unsigned int)
                         0x800'0d4d   0x20  Code  Lc  Test.o [1]
[local to stm32f1xx_hal_cortex_c]::NVIC_EncodePriority(unsigned int, unsigned int, unsigned int)
                         0x800'0885   0x40  Code  Lc  stm32f1xx_hal_cortex.o [1]
[local to stm32f1xx_hal_cortex_c]::NVIC_GetPriorityGrouping()
                         0x800'084f    0xa  Code  Lc  stm32f1xx_hal_cortex.o [1]
[local to stm32f1xx_hal_cortex_c]::NVIC_SetPriority(IRQn_Type, unsigned int)
                         0x800'0859   0x2c  Code  Lc  stm32f1xx_hal_cortex.o [1]
[local to stm32f1xx_hal_cortex_c]::NVIC_SetPriorityGrouping(unsigned int)
                         0x800'0831   0x1e  Code  Lc  stm32f1xx_hal_cortex.o [1]
[local to stm32f1xx_hal_cortex_c]::SysTick_Config(unsigned int)
                         0x800'08c5   0x30  Code  Lc  stm32f1xx_hal_cortex.o [1]
[local to stm32f1xx_hal_rcc_c]::RCC_Delay(unsigned int)
                         0x800'06b3   0x26  Code  Lc  stm32f1xx_hal_rcc.o [1]
[local to stm32f1xx_ll_gpio_c]::LL_GPIO_SetPinMode(GPIO_TypeDef *, unsigned int, unsigned int)
                         0x800'097d   0x3c  Code  Lc  stm32f1xx_ll_gpio.o [1]
[local to stm32f1xx_ll_gpio_c]::LL_GPIO_SetPinOutputType(GPIO_TypeDef *, unsigned int, unsigned int)
                         0x800'09f5   0x3c  Code  Lc  stm32f1xx_ll_gpio.o [1]
[local to stm32f1xx_ll_gpio_c]::LL_GPIO_SetPinPull(GPIO_TypeDef *, unsigned int, unsigned int)
                         0x800'0a31   0x20  Code  Lc  stm32f1xx_ll_gpio.o [1]
[local to stm32f1xx_ll_gpio_c]::LL_GPIO_SetPinSpeed(GPIO_TypeDef *, unsigned int, unsigned int)
                         0x800'09b9   0x3c  Code  Lc  stm32f1xx_ll_gpio.o [1]
_Error_Handler           0x800'0cc9    0x2  Code  Gb  main.o [1]
__aeabi_memcpy4          0x800'0771         Code  Gb  ABImemcpy.o [5]
__aeabi_memcpy8          0x800'0771         Code  Gb  ABImemcpy.o [5]
__call_ctors             0x800'1225   0x18  Code  Gb  cppinit.o [2]
__cmain                  0x800'123d         Code  Gb  cmain.o [5]
__exit                   0x800'1271   0x14  Code  Gb  exit.o [6]
__iar_copy_init3         0x800'1189   0x2c  Code  Gb  copy_init3.o [5]
__iar_cstart_call_ctors
                         0x800'1205   0x20  Code  Gb  cmain_call_ctors.o [5]
__iar_data_init3         0x800'11b5   0x28  Code  Gb  data_init.o [5]
__iar_debug_exceptions   0x800'0cca    0x1  Data  Gb  unwind_debug.o [6]
__iar_program_start      0x800'1349         Code  Gb  cstartup_M.o [5]
__iar_tls$$INIT_ARRAY$$Base
                         0x800'135c          --   Gb  - Linker created -
__iar_tls$$INIT_ARRAY$$Limit
                         0x800'135c          --   Gb  - Linker created -
__iar_zero_init3         0x800'07f7   0x3a  Code  Gb  zero_init3.o [5]
__low_level_init         0x800'125b    0x4  Code  Gb  low_level_init.o [2]
__sti__routine           0x800'12cd    0xe  Code  Lc  GpioInputCB.o [1]
__sti__routine           0x800'0d21   0x2c  Code  Lc  Test.o [1]
__vector_table           0x800'0000         Data  Gb  startup_stm32f103xb.o [1]
_call_main               0x800'1249         Code  Gb  cmain.o [5]
_exit                    0x800'1265         Code  Gb  cexit.o [5]
_main                    0x800'1257         Code  Gb  cmain.o [5]
btn                     0x2000'0214   0x20  Data  Gb  Test.o [1]
btn_A1                  0x2000'0234   0x20  Data  Gb  Test.o [1]
exit                     0x800'125f    0x4  Code  Gb  exit.o [2]
main                     0x800'0c0d   0x14  Code  Gb  main.o [1]
uwTick                  0x2000'0264    0x4  Data  Gb  stm32f1xx_hal.o [1]
uwTickFreq              0x2000'0210    0x1  Data  Gb  stm32f1xx_hal.o [1]
uwTickPrio              0x2000'0200    0x4  Data  Gb  stm32f1xx_hal.o [1]


[1] = C:\Amit_Chaudhary\STM32\Projects\IAR\IAR_Projects\Main\STM32F1xx_CPP_FW\IAR\Debug\Obj
[2] = dl7M_tln.a
[3] = dlpp7M_tl_nc.a
[4] = m7M_tl.a
[5] = rt7M_tl.a
[6] = shb_l.a

  4 849 bytes of readonly  code memory
    279 bytes of readonly  data memory
  2 149 bytes of readwrite data memory (+ 256 absolute)

Errors: none
Warnings: none
