###############################################################################
#
# IAR ELF Linker V8.30.1.114/W32 for ARM                  13/Sep/2018  14:54:44
# Copyright 2007-2018 IAR Systems AB.
#
#    Output file  =  
#        C:\Amit_Chaudhary\STM32\Projects\IAR\IAR_Projects\Main\Main_Temp1\IAR\Debug\Exe\Main.out
#    Map file     =  
#        C:\Amit_Chaudhary\STM32\Projects\IAR\IAR_Projects\Main\Main_Temp1\IAR\Debug\List\Main.map
#    Command line =  
#        -f C:\Users\achaudha\AppData\Local\Temp\EW1C10.tmp
#        (C:\Amit_Chaudhary\STM32\Projects\IAR\IAR_Projects\Main\Main_Temp1\IAR\Debug\Obj\GpioInput.o
#        C:\Amit_Chaudhary\STM32\Projects\IAR\IAR_Projects\Main\Main_Temp1\IAR\Debug\Obj\GpioOutput.o
#        C:\Amit_Chaudhary\STM32\Projects\IAR\IAR_Projects\Main\Main_Temp1\IAR\Debug\Obj\I2C_Base.o
#        C:\Amit_Chaudhary\STM32\Projects\IAR\IAR_Projects\Main\Main_Temp1\IAR\Debug\Obj\I2C_Master.o
#        C:\Amit_Chaudhary\STM32\Projects\IAR\IAR_Projects\Main\Main_Temp1\IAR\Debug\Obj\I2C_Slave.o
#        C:\Amit_Chaudhary\STM32\Projects\IAR\IAR_Projects\Main\Main_Temp1\IAR\Debug\Obj\INA219.o
#        C:\Amit_Chaudhary\STM32\Projects\IAR\IAR_Projects\Main\Main_Temp1\IAR\Debug\Obj\Interrupt.o
#        C:\Amit_Chaudhary\STM32\Projects\IAR\IAR_Projects\Main\Main_Temp1\IAR\Debug\Obj\main.o
#        C:\Amit_Chaudhary\STM32\Projects\IAR\IAR_Projects\Main\Main_Temp1\IAR\Debug\Obj\Nokia5110LCD.o
#        C:\Amit_Chaudhary\STM32\Projects\IAR\IAR_Projects\Main\Main_Temp1\IAR\Debug\Obj\Peripheral.o
#        C:\Amit_Chaudhary\STM32\Projects\IAR\IAR_Projects\Main\Main_Temp1\IAR\Debug\Obj\SPI_Base.o
#        C:\Amit_Chaudhary\STM32\Projects\IAR\IAR_Projects\Main\Main_Temp1\IAR\Debug\Obj\SPI_DMA.o
#        C:\Amit_Chaudhary\STM32\Projects\IAR\IAR_Projects\Main\Main_Temp1\IAR\Debug\Obj\SPI_IT.o
#        C:\Amit_Chaudhary\STM32\Projects\IAR\IAR_Projects\Main\Main_Temp1\IAR\Debug\Obj\SPI_Poll.o
#        C:\Amit_Chaudhary\STM32\Projects\IAR\IAR_Projects\Main\Main_Temp1\IAR\Debug\Obj\startup_stm32f103xb.o
#        C:\Amit_Chaudhary\STM32\Projects\IAR\IAR_Projects\Main\Main_Temp1\IAR\Debug\Obj\stm32f1xx_hal.o
#        C:\Amit_Chaudhary\STM32\Projects\IAR\IAR_Projects\Main\Main_Temp1\IAR\Debug\Obj\stm32f1xx_hal_cortex.o
#        C:\Amit_Chaudhary\STM32\Projects\IAR\IAR_Projects\Main\Main_Temp1\IAR\Debug\Obj\stm32f1xx_hal_dma.o
#        C:\Amit_Chaudhary\STM32\Projects\IAR\IAR_Projects\Main\Main_Temp1\IAR\Debug\Obj\stm32f1xx_hal_gpio.o
#        C:\Amit_Chaudhary\STM32\Projects\IAR\IAR_Projects\Main\Main_Temp1\IAR\Debug\Obj\stm32f1xx_hal_gpio_ex.o
#        C:\Amit_Chaudhary\STM32\Projects\IAR\IAR_Projects\Main\Main_Temp1\IAR\Debug\Obj\stm32f1xx_hal_i2c.o
#        C:\Amit_Chaudhary\STM32\Projects\IAR\IAR_Projects\Main\Main_Temp1\IAR\Debug\Obj\stm32f1xx_hal_pwr.o
#        C:\Amit_Chaudhary\STM32\Projects\IAR\IAR_Projects\Main\Main_Temp1\IAR\Debug\Obj\stm32f1xx_hal_rcc.o
#        C:\Amit_Chaudhary\STM32\Projects\IAR\IAR_Projects\Main\Main_Temp1\IAR\Debug\Obj\stm32f1xx_hal_rcc_ex.o
#        C:\Amit_Chaudhary\STM32\Projects\IAR\IAR_Projects\Main\Main_Temp1\IAR\Debug\Obj\stm32f1xx_hal_spi.o
#        C:\Amit_Chaudhary\STM32\Projects\IAR\IAR_Projects\Main\Main_Temp1\IAR\Debug\Obj\stm32f1xx_it.o
#        C:\Amit_Chaudhary\STM32\Projects\IAR\IAR_Projects\Main\Main_Temp1\IAR\Debug\Obj\stm32f1xx_ll_exti.o
#        C:\Amit_Chaudhary\STM32\Projects\IAR\IAR_Projects\Main\Main_Temp1\IAR\Debug\Obj\system_stm32f1xx.o
#        C:\Amit_Chaudhary\STM32\Projects\IAR\IAR_Projects\Main\Main_Temp1\IAR\Debug\Obj\Test.o
#        --no_out_extension -o
#        C:\Amit_Chaudhary\STM32\Projects\IAR\IAR_Projects\Main\Main_Temp1\IAR\Debug\Exe\Main.out
#        --redirect _Printf=_PrintfFullNoMb --redirect _Scanf=_ScanfFullNoMb
#        --map
#        C:\Amit_Chaudhary\STM32\Projects\IAR\IAR_Projects\Main\Main_Temp1\IAR\Debug\List\Main.map
#        --config
#        C:\Amit_Chaudhary\STM32\Projects\IAR\IAR_Projects\CPP_Drivers\Gpio\System\stm32f103x8.icf
#        --semihosting --entry __iar_program_start --vfe --text_out locale)
#
###############################################################################

*******************************************************************************
*** RUNTIME MODEL ATTRIBUTES
***

CppFlavor        = *
__CPP_Exceptions = Disabled
__CPP_Language   = C++14
__Heap_Handler   = Basic
__SystemLibrary  = DLib
__dlib_version   = 6


*******************************************************************************
*** HEAP SELECTION
***

The basic heap was selected because some modules are built with
size limitations (and not runtime checking), and --advanced_heap
was not specified.


*******************************************************************************
*** PLACEMENT SUMMARY
***

"A0":  place at 0x800'0000 { ro section .intvec };
"P1":  place in [from 0x800'0000 to 0x800'ffff] { ro };
define block CSTACK with size = 2K, alignment = 8 { };
define block HEAP with size = 2K, alignment = 8 { };
"P2":  place in [from 0x2000'0000 to 0x2000'4fff] {
          rw, block CSTACK, block HEAP };
initialize by copy { rw };

  Section            Kind         Address    Size  Object
  -------            ----         -------    ----  ------
"A0":                                        0xec
  .intvec            ro code   0x800'0000    0xec  startup_stm32f103xb.o [1]
                             - 0x800'00ec    0xec

"P1":                                      0x266c
  .text              ro code   0x800'00ec   0x67c  SPI_DMA.o [1]
  .text              ro code   0x800'0768     0xc  SPI_Poll.o [1]
  .text              ro code   0x800'0774   0x280  stm32f1xx_hal_gpio.o [1]
  .text              ro code   0x800'09f4   0x380  stm32f1xx_hal_dma.o [1]
  .text              ro code   0x800'0d74   0x456  stm32f1xx_hal_spi.o [1]
  .text              ro code   0x800'11ca    0x3a  zero_init3.o [5]
  .text              ro code   0x800'1204    0x8c  Interrupt.o [1]
  .text              ro code   0x800'1290    0x10  SPI_Poll.o [1]
  .text              ro code   0x800'12a0     0xe  SPI_Poll.o [1]
  .text              ro code   0x800'12ae     0x2  stm32f1xx_hal_spi.o [1]
  .text              ro code   0x800'12b0     0x2  stm32f1xx_hal_spi.o [1]
  .rodata            const     0x800'12b2     0x2  stm32f1xx_hal_rcc.o [1]
  .text              ro code   0x800'12b4     0xc  stm32f1xx_hal.o [1]
  .text              ro code   0x800'12c0    0xe8  SPI_Base.o [1]
  .text              ro code   0x800'13a8   0x14a  stm32f1xx_hal_cortex.o [1]
  .text              ro code   0x800'14f2     0xc  SPI_Poll.o [1]
  .text              ro code   0x800'14fe    0x10  SPI_Poll.o [1]
  .rodata            const     0x800'150e     0x1  unwind_debug.o [6]
  .text              ro code   0x800'1510     0xc  SPI_Poll.o [1]
  .text              ro code   0x800'151c   0x608  stm32f1xx_hal_rcc.o [1]
  .text              ro code   0x800'1b24    0x3c  stm32f1xx_hal.o [1]
  .text              ro code   0x800'1b60    0x86  ABImemcpy.o [5]
  .text              ro code   0x800'1be8   0x1e4  Nokia5110LCD.o [1]
  .text              ro code   0x800'1dcc    0x1e  stm32f1xx_hal.o [1]
  .rodata            const     0x800'1dec   0x1e0  Nokia5110LCD.o [1]
  .text              ro code   0x800'1fcc   0x15c  Test.o [1]
  .text              ro code   0x800'2128   0x13c  GpioOutput.o [1]
  .text              ro code   0x800'2264     0xa  cxxabi.o [3]
  .text              ro code   0x800'226e    0x10  Test.o [1]
  .text              ro code   0x800'2280    0x88  cppinit.o [2]
  .text              ro code   0x800'2308    0x9a  main.o [1]
  .text              ro code   0x800'23a4    0x2a  stm32f1xx_hal.o [1]
  .text              ro code   0x800'23d0    0x58  system_stm32f1xx.o [1]
  .rodata            const     0x800'2428    0x54  main.o [1]
  .rodata            const     0x800'247c    0x30  SPI_DMA.o [1]
  .text              ro code   0x800'24ac    0x30  iarttio.o [6]
  .text              ro code   0x800'24dc     0xc  XShttio.o [2]
  .text              ro code   0x800'24e8    0x2c  copy_init3.o [5]
  .text              ro code   0x800'2514    0x28  data_init.o [5]
  .iar.init_table    const     0x800'253c    0x24  - Linker created -
  .text              ro code   0x800'2560    0x1e  cmain.o [5]
  .text              ro code   0x800'257e     0x4  low_level_init.o [2]
  .text              ro code   0x800'2582     0x4  exit.o [2]
  .text              ro code   0x800'2588     0xe  cexit.o [5]
  .text              ro code   0x800'2598    0x14  exit.o [6]
  .rodata            const     0x800'25ac    0x1c  GpioOutput.o [1]
  .rodata            const     0x800'25c8    0x1c  SPI_Poll.o [1]
  .text              ro code   0x800'25e4    0x1c  stm32f1xx_it.o [1]
  .text              ro code   0x800'2600    0x10  stm32f1xx_hal.o [1]
  .text              ro code   0x800'2610    0x18  Test.o [1]
  .text              ro code   0x800'2628    0x14  Test.o [1]
  .rodata            const     0x800'263c    0x10  Nokia5110LCD.o [1]
  .rodata            const     0x800'264c    0x10  stm32f1xx_hal_rcc.o [1]
  .rodata            const     0x800'265c    0x10  system_stm32f1xx.o [1]
  .rodata            const     0x800'266c    0x10  Test.o [1]
  .text              ro code   0x800'267c    0x10  startup_stm32f103xb.o [1]
  .text              ro code   0x800'268c     0xc  cstartup_M.o [5]
  Initializer bytes  const     0x800'2698     0xc  <for P2-1>
  .rodata            const     0x800'26a4     0x8  Test.o [1]
  .text              ro code   0x800'26ac     0x4  startup_stm32f103xb.o [1]
  .text              ro code   0x800'26b0     0x4  startup_stm32f103xb.o [1]
  .text              ro code   0x800'26b4     0x4  startup_stm32f103xb.o [1]
  .text              ro code   0x800'26b8     0x4  startup_stm32f103xb.o [1]
  .text              ro code   0x800'26bc     0x4  startup_stm32f103xb.o [1]
  .text              ro code   0x800'26c0     0x4  startup_stm32f103xb.o [1]
  .text              ro code   0x800'26c4     0x4  startup_stm32f103xb.o [1]
  .text              ro code   0x800'26c8     0x4  startup_stm32f103xb.o [1]
  .text              ro code   0x800'26cc     0x4  startup_stm32f103xb.o [1]
  .text              ro code   0x800'26d0     0x4  startup_stm32f103xb.o [1]
  .text              ro code   0x800'26d4     0x4  startup_stm32f103xb.o [1]
  .text              ro code   0x800'26d8     0x4  startup_stm32f103xb.o [1]
  .text              ro code   0x800'26dc     0x4  startup_stm32f103xb.o [1]
  .text              ro code   0x800'26e0     0x4  startup_stm32f103xb.o [1]
  .text              ro code   0x800'26e4     0x4  startup_stm32f103xb.o [1]
  .text              ro code   0x800'26e8     0x4  startup_stm32f103xb.o [1]
  .text              ro code   0x800'26ec     0x4  startup_stm32f103xb.o [1]
  .text              ro code   0x800'26f0     0x4  startup_stm32f103xb.o [1]
  .text              ro code   0x800'26f4     0x4  startup_stm32f103xb.o [1]
  .text              ro code   0x800'26f8     0x4  startup_stm32f103xb.o [1]
  .text              ro code   0x800'26fc     0x4  startup_stm32f103xb.o [1]
  .text              ro code   0x800'2700     0x4  startup_stm32f103xb.o [1]
  .text              ro code   0x800'2704     0x4  startup_stm32f103xb.o [1]
  .text              ro code   0x800'2708     0x4  startup_stm32f103xb.o [1]
  .text              ro code   0x800'270c     0x4  startup_stm32f103xb.o [1]
  .text              ro code   0x800'2710     0x4  startup_stm32f103xb.o [1]
  .text              ro code   0x800'2714     0x4  startup_stm32f103xb.o [1]
  .text              ro code   0x800'2718     0x4  startup_stm32f103xb.o [1]
  .text              ro code   0x800'271c     0x4  startup_stm32f103xb.o [1]
  .text              ro code   0x800'2720     0x4  startup_stm32f103xb.o [1]
  .text              ro code   0x800'2724     0x4  startup_stm32f103xb.o [1]
  .text              ro code   0x800'2728     0x4  startup_stm32f103xb.o [1]
  .text              ro code   0x800'272c     0x4  startup_stm32f103xb.o [1]
  .text              ro code   0x800'2730     0x4  startup_stm32f103xb.o [1]
  .text              ro code   0x800'2734     0x4  startup_stm32f103xb.o [1]
  .text              ro code   0x800'2738     0x4  startup_stm32f103xb.o [1]
  .text              ro code   0x800'273c     0x4  startup_stm32f103xb.o [1]
  .text              ro code   0x800'2740     0x4  startup_stm32f103xb.o [1]
  .text              ro code   0x800'2744     0x4  startup_stm32f103xb.o [1]
  .text              ro code   0x800'2748     0x4  startup_stm32f103xb.o [1]
  .text              ro code   0x800'274c     0x4  startup_stm32f103xb.o [1]
  .text              ro code   0x800'2750     0x4  startup_stm32f103xb.o [1]
  .text              ro code   0x800'2754     0x4  startup_stm32f103xb.o [1]
  .text              ro code   0x800'2758     0x0  cstart_call_dtors.o [5]
  .rodata            const     0x800'2758     0x0  zero_init3.o [5]
  .rodata            const     0x800'2758     0x0  copy_init3.o [5]
                             - 0x800'2758  0x266c

Absolute sections:                          0x100
  .noinit            uninit   0x2000'0100   0x100  Interrupt.o [1]
                            - 0x2000'0200   0x100

"P2", part 1 of 3:                            0xc
  P2-1                        0x2000'0200     0xc  <Init block>
    .data            inited   0x2000'0200     0x4  system_stm32f1xx.o [1]
    .data            inited   0x2000'0204     0x8  XShttio.o [2]
                            - 0x2000'020c     0xc

"P2", part 2 of 3:                          0x1f0
  .bss               zero     0x2000'020c    0x58  SPI_Base.o [1]
  .bss               zero     0x2000'0264    0x44  SPI_Base.o [1]
  .bss               zero     0x2000'02a8    0x44  SPI_Base.o [1]
  .bss               zero     0x2000'02ec    0x44  SPI_Base.o [1]
  .bss               zero     0x2000'0330    0x44  SPI_Base.o [1]
  .bss               zero     0x2000'0374    0x14  Test.o [1]
  .bss               zero     0x2000'0388     0xc  Test.o [1]
  .bss               zero     0x2000'0394     0xc  Test.o [1]
  .bss               zero     0x2000'03a0     0xc  Test.o [1]
  .bss               zero     0x2000'03ac     0xc  Test.o [1]
  .bss               zero     0x2000'03b8     0x4  SPI_Base.o [1]
  .bss               zero     0x2000'03bc     0x4  SPI_Base.o [1]
  .bss               zero     0x2000'03c0     0x4  SPI_Base.o [1]
  .bss               zero     0x2000'03c4     0x4  SPI_Base.o [1]
  .bss               zero     0x2000'03c8     0x4  SPI_Base.o [1]
  .bss               zero     0x2000'03cc     0x4  SPI_Base.o [1]
  .bss               zero     0x2000'03d0     0x4  SPI_Base.o [1]
  .bss               zero     0x2000'03d4     0x4  SPI_Base.o [1]
  .bss               zero     0x2000'03d8     0x4  SPI_Base.o [1]
  .bss               zero     0x2000'03dc     0x4  SPI_Base.o [1]
  .bss               zero     0x2000'03e0     0x4  SPI_Base.o [1]
  .bss               zero     0x2000'03e4     0x4  SPI_Base.o [1]
  .bss               zero     0x2000'03e8     0x4  stm32f1xx_hal.o [1]
  .bss               zero     0x2000'03ec     0x4  cppinit.o [2]
  .bss               zero     0x2000'03f0     0x4  cppinit.o [2]
  .bss               zero     0x2000'03f4     0x1  Test.o [1]
  .bss               zero     0x2000'03f5     0x1  Test.o [1]
  .bss               zero     0x2000'03f6     0x1  Test.o [1]
  .bss               zero     0x2000'03f7     0x1  Test.o [1]
  .bss               zero     0x2000'03f8     0x1  Test.o [1]
                            - 0x2000'03f9   0x1ed

"P2", part 3 of 3:                          0x98c
  .iar.dynexit                0x2000'03fc   0x18c  <Block>
    .iar.dynexit     uninit   0x2000'03fc     0xc  cppinit.o [2]
    .iar.dynexit     uninit   0x2000'0408   0x180  <Block tail>
  CSTACK                      0x2000'0588   0x800  <Block>
    CSTACK           uninit   0x2000'0588   0x800  <Block tail>
                            - 0x2000'0d88   0x98c

Unused ranges:

         From           To    Size
         ----           --    ----
   0x800'2758   0x800'ffff  0xd8a8
  0x2000'0000  0x2000'00ff   0x100
  0x2000'0d88  0x2000'4fff  0x4278


*******************************************************************************
*** INIT TABLE
***

          Address      Size
          -------      ----
Zero (__iar_zero_init3)
    1 destination range, total size 0x1ed:
          0x2000'020c  0x1ed

Copy (__iar_copy_init3)
    1 source range, total size 0xc:
           0x800'2698    0xc
    1 destination range, total size 0xc:
          0x2000'0200    0xc



*******************************************************************************
*** MODULE SUMMARY
***

    Module                  ro code  ro data  rw data  rw data
                                                        (abs)
    ------                  -------  -------  -------  -------
command line/config:
    ----------------------------------------------------------
    Total:

C:\Amit_Chaudhary\STM32\Projects\IAR\IAR_Projects\Main\Main_Temp1\IAR\Debug\Obj: [1]
    GpioOutput.o                316       28
    Interrupt.o                 140                        256
    Nokia5110LCD.o              484      496
    SPI_Base.o                  232               408
    SPI_DMA.o                 1 660       48
    SPI_Poll.o                   82       28
    Test.o                      408       24       73
    main.o                      154       84
    startup_stm32f103xb.o       424
    stm32f1xx_hal.o             160                 4
    stm32f1xx_hal_cortex.o      330
    stm32f1xx_hal_dma.o         896
    stm32f1xx_hal_gpio.o        640
    stm32f1xx_hal_rcc.o       1 544       18
    stm32f1xx_hal_spi.o       1 114
    stm32f1xx_it.o               28
    system_stm32f1xx.o           88       20        4
    ----------------------------------------------------------
    Total:                    8 700      746      489      256

dl7M_tln.a: [2]
    XShttio.o                    12        8        8
    cppinit.o                   136                20
    exit.o                        4
    low_level_init.o              4
    ----------------------------------------------------------
    Total:                      156        8       28

dlpp7M_tl_nc.a: [3]
    cxxabi.o                     10
    ----------------------------------------------------------
    Total:                       10

m7M_tl.a: [4]
    ----------------------------------------------------------
    Total:

rt7M_tl.a: [5]
    ABImemcpy.o                 134
    cexit.o                      14
    cmain.o                      30
    copy_init3.o                 44
    cstart_call_dtors.o
    cstartup_M.o                 12
    data_init.o                  40
    zero_init3.o                 58
    ----------------------------------------------------------
    Total:                      332

shb_l.a: [6]
    exit.o                       20
    iarttio.o                    48
    unwind_debug.o                         1
    ----------------------------------------------------------
    Total:                       68        1

    Gaps                         13        2
    Linker created                        36    2 432
--------------------------------------------------------------
    Grand Total:              9 279      793    2 949      256


*******************************************************************************
*** ENTRY LIST
***

Entry                       Address   Size  Type      Object
-----                       -------   ----  ----      ------
.iar.dynexit$$Base      0x2000'03fc          --   Gb  - Linker created -
.iar.dynexit$$Limit     0x2000'0588          --   Gb  - Linker created -
.iar.init_table$$Base    0x800'253c          --   Gb  - Linker created -
.iar.init_table$$Limit   0x800'2560          --   Gb  - Linker created -
?main                    0x800'2561         Code  Gb  cmain.o [5]
AHBPrescTable            0x800'265c   0x10  Data  Gb  system_stm32f1xx.o [1]
BusFault_Handler         0x800'25eb    0x2  Code  Gb  stm32f1xx_it.o [1]
CSTACK$$Base            0x2000'0588          --   Gb  - Linker created -
CSTACK$$Limit           0x2000'0d88          --   Gb  - Linker created -
DebugMon_Handler         0x800'25f1    0x2  Code  Gb  stm32f1xx_it.o [1]
DtorRecArray            0x2000'03fc    0xc  Data  Lc  cppinit.o [2]
HAL_DMA_Abort_IT         0x800'0b07   0xb4  Code  Gb  stm32f1xx_hal_dma.o [1]
HAL_DMA_IRQHandler       0x800'0bbb  0x16a  Code  Gb  stm32f1xx_hal_dma.o [1]
HAL_DMA_Init             0x800'09f5   0x7a  Code  Gb  stm32f1xx_hal_dma.o [1]
HAL_DMA_Start_IT         0x800'0a6f   0x98  Code  Gb  stm32f1xx_hal_dma.o [1]
HAL_Delay                0x800'1dcd   0x1e  Code  Wk  stm32f1xx_hal.o [1]
HAL_GPIO_Init            0x800'0775  0x226  Code  Gb  stm32f1xx_hal_gpio.o [1]
HAL_GPIO_WritePin        0x800'099b   0x1a  Code  Gb  stm32f1xx_hal_gpio.o [1]
HAL_GetTick              0x800'12b5    0xc  Code  Wk  stm32f1xx_hal.o [1]
HAL_IncTick              0x800'2601   0x10  Code  Wk  stm32f1xx_hal.o [1]
HAL_Init                 0x800'23a5   0x24  Code  Gb  stm32f1xx_hal.o [1]
HAL_InitTick             0x800'1b25   0x3c  Code  Wk  stm32f1xx_hal.o [1]
HAL_NVIC_SetPriority     0x800'1479   0x2a  Code  Gb  stm32f1xx_hal_cortex.o [1]
HAL_NVIC_SetPriorityGrouping
                         0x800'146d    0xc  Code  Gb  stm32f1xx_hal_cortex.o [1]
HAL_RCC_ClockConfig      0x800'18dd  0x16c  Code  Gb  stm32f1xx_hal_rcc.o [1]
HAL_RCC_GetHCLKFreq      0x800'1ab7    0x6  Code  Gb  stm32f1xx_hal_rcc.o [1]
HAL_RCC_GetSysClockFreq
                         0x800'1a49   0x6e  Code  Gb  stm32f1xx_hal_rcc.o [1]
HAL_RCC_OscConfig        0x800'151d  0x3c0  Code  Gb  stm32f1xx_hal_rcc.o [1]
HAL_SPI_DeInit           0x800'0e0f   0x38  Code  Gb  stm32f1xx_hal_spi.o [1]
HAL_SPI_IRQHandler       0x800'0f43   0xf8  Code  Gb  stm32f1xx_hal_spi.o [1]
HAL_SPI_Init             0x800'0d75   0x9a  Code  Gb  stm32f1xx_hal_spi.o [1]
HAL_SPI_Transmit_DMA     0x800'0e47   0xfc  Code  Gb  stm32f1xx_hal_spi.o [1]
HAL_SPI_TxCpltCallback   0x800'1311   0x40  Code  Gb  SPI_Base.o [1]
HAL_SPI_TxHalfCpltCallback
                         0x800'1351   0x30  Code  Gb  SPI_Base.o [1]
HAL_SYSTICK_CLKSourceConfig
                         0x800'14af   0x1c  Code  Gb  stm32f1xx_hal_cortex.o [1]
HAL_SYSTICK_Config       0x800'14a3    0xc  Code  Gb  stm32f1xx_hal_cortex.o [1]
HAL_SYSTICK_IRQHandler   0x800'14e9    0x8  Code  Gb  stm32f1xx_hal_cortex.o [1]
HardFault_Handler        0x800'25e7    0x2  Code  Gb  stm32f1xx_it.o [1]
MemManage_Handler        0x800'25e9    0x2  Code  Gb  stm32f1xx_it.o [1]
NMI_Handler              0x800'25e5    0x2  Code  Gb  stm32f1xx_it.o [1]
Nokia5110LCD_SPI1_Test()
                         0x800'1fcd  0x10c  Code  Gb  Test.o [1]
Nokia5110LCD_SPI1_Test()::Backlight
                        0x2000'03ac    0xc  Data  Lc  Test.o [1]
Nokia5110LCD_SPI1_Test()::D_C
                        0x2000'0394    0xc  Data  Lc  Test.o [1]
Nokia5110LCD_SPI1_Test()::LCD
                        0x2000'0374   0x14  Data  Lc  Test.o [1]
Nokia5110LCD_SPI1_Test()::Reset
                        0x2000'03a0    0xc  Data  Lc  Test.o [1]
Nokia5110LCD_SPI1_Test()::SPI_Obj
                        0x2000'0388    0xc  Data  Lc  Test.o [1]
Nokia5110LCD_SPI1_Test()::static guard for Backlight
                        0x2000'03f7    0x1  Data  Lc  Test.o [1]
Nokia5110LCD_SPI1_Test()::static guard for D_C
                        0x2000'03f5    0x1  Data  Lc  Test.o [1]
Nokia5110LCD_SPI1_Test()::static guard for LCD
                        0x2000'03f8    0x1  Data  Lc  Test.o [1]
Nokia5110LCD_SPI1_Test()::static guard for Reset
                        0x2000'03f6    0x1  Data  Lc  Test.o [1]
Nokia5110LCD_SPI1_Test()::static guard for SPI_Obj
                        0x2000'03f4    0x1  Data  Lc  Test.o [1]
PendSV_Handler           0x800'25f3    0x2  Code  Gb  stm32f1xx_it.o [1]
Peripherals::GpioOutput::GpioOutput(GPIO_TypeDef *, unsigned short)
                         0x800'2129   0x22  Code  Gb  GpioOutput.o [1]
Peripherals::GpioOutput::HwInit()
                         0x800'214b   0xfc  Code  Gb  GpioOutput.o [1]
Peripherals::GpioOutput::Off()
                         0x800'1291   0x10  Code  Gb  SPI_Poll.o [1]
Peripherals::GpioOutput::On()
                         0x800'14ff   0x10  Code  Gb  SPI_Poll.o [1]
Peripherals::Interrupt::EnableInterrupt(Peripherals::Interrupt::IRQn)
                         0x800'1205   0x20  Code  Gb  Interrupt.o [1]
Peripherals::Interrupt::RegisterInterrupt_Vct_Table(void (*)(), Peripherals::Interrupt::IRQn, unsigned char, unsigned char)
                         0x800'1225   0x38  Code  Gb  Interrupt.o [1]
Peripherals::Interrupt::Relocate_Vector_Table()
                         0x800'125d   0x24  Code  Gb  Interrupt.o [1]
Peripherals::Interrupt::Vectors_RAM
                        0x2000'0100  0x100  Data  Gb  Interrupt.o [1]
Peripherals::Nokia5110LCD::Clear()
                         0x800'1cbd   0x26  Code  Gb  Nokia5110LCD.o [1]
Peripherals::Nokia5110LCD::DisplayInit()
                         0x800'1c33   0x5e  Code  Gb  Nokia5110LCD.o [1]
Peripherals::Nokia5110LCD::DrawLine(unsigned char, unsigned char, char const *)
                         0x800'1d5f   0x64  Code  Gb  Nokia5110LCD.o [1]
Peripherals::Nokia5110LCD::DrawString(char const *)
                         0x800'1d45   0x1a  Code  Gb  Nokia5110LCD.o [1]
Peripherals::Nokia5110LCD::GoToXY(int, int)
                         0x800'1ce3   0x26  Code  Gb  Nokia5110LCD.o [1]
Peripherals::Nokia5110LCD::HwInit()
                         0x800'1bfd   0x36  Code  Gb  Nokia5110LCD.o [1]
Peripherals::Nokia5110LCD::LCDCharacter(char)
                         0x800'1d09   0x3c  Code  Gb  Nokia5110LCD.o [1]
Peripherals::Nokia5110LCD::Nokia5110LCD(Peripherals::SPI_DMA *, Peripherals::GpioOutput *, Peripherals::GpioOutput *, Peripherals::GpioOutput *)
                         0x800'1be9   0x14  Code  Gb  Nokia5110LCD.o [1]
Peripherals::Nokia5110LCD::SetBrigntness(unsigned char)
                         0x800'226f   0x10  Code  Gb  Test.o [1]
Peripherals::Nokia5110LCD::Write(Peripherals::Nokia5110LCD::DC_t, unsigned char)
                         0x800'1c91   0x2c  Code  Gb  Nokia5110LCD.o [1]
Peripherals::Peripheral::Peripheral()
                         0x800'1511    0xc  Code  Gb  SPI_Poll.o [1]
Peripherals::Peripheral::Peripheral() [subobject]
                         0x800'14f3    0xc  Code  Gb  SPI_Poll.o [1]
Peripherals::SPI_Base::DMA_Ch2_IRQHandler()
                         0x800'12d9    0xe  Code  Gb  SPI_Base.o [1]
Peripherals::SPI_Base::DMA_Ch3_IRQHandler()
                         0x800'12e7    0xe  Code  Gb  SPI_Base.o [1]
Peripherals::SPI_Base::DMA_Ch4_IRQHandler()
                         0x800'12f5    0xe  Code  Gb  SPI_Base.o [1]
Peripherals::SPI_Base::DMA_Ch5_IRQHandler()
                         0x800'1303    0xe  Code  Gb  SPI_Base.o [1]
Peripherals::SPI_Base::SPI1_TxDoneCallback
                        0x2000'03b8    0x4  Data  Gb  SPI_Base.o [1]
Peripherals::SPI_Base::SPI1_TxHalfDoneCallback
                        0x2000'03bc    0x4  Data  Gb  SPI_Base.o [1]
Peripherals::SPI_Base::SPI1__IRQHandler()
                         0x800'12c1    0xc  Code  Gb  SPI_Base.o [1]
Peripherals::SPI_Base::SPI2_TxDoneCallback
                        0x2000'03c0    0x4  Data  Gb  SPI_Base.o [1]
Peripherals::SPI_Base::SPI2_TxHalfDoneCallback
                        0x2000'03c4    0x4  Data  Gb  SPI_Base.o [1]
Peripherals::SPI_Base::SPI2__IRQHandler()
                         0x800'12cd    0xc  Code  Gb  SPI_Base.o [1]
Peripherals::SPI_Base::SPI_Base()
                         0x800'12a1    0xe  Code  Gb  SPI_Poll.o [1]
Peripherals::SPI_Base::SPI_Base() [subobject]
                         0x800'0769    0xc  Code  Gb  SPI_Poll.o [1]
Peripherals::SPI_Base::m_hdma_spi1_rx
                        0x2000'0264   0x44  Data  Gb  SPI_Base.o [1]
Peripherals::SPI_Base::m_hdma_spi1_tx
                        0x2000'02a8   0x44  Data  Gb  SPI_Base.o [1]
Peripherals::SPI_Base::m_hdma_spi2_rx
                        0x2000'02ec   0x44  Data  Gb  SPI_Base.o [1]
Peripherals::SPI_Base::m_hdma_spi2_tx
                        0x2000'0330   0x44  Data  Gb  SPI_Base.o [1]
Peripherals::SPI_Base::m_hspi_1
                        0x2000'020c   0x58  Data  Gb  SPI_Base.o [1]
Peripherals::SPI_Base::m_pChipSelect_SPI1
                        0x2000'03d8    0x4  Data  Gb  SPI_Base.o [1]
Peripherals::SPI_Base::m_pChipSelect_SPI2
                        0x2000'03dc    0x4  Data  Gb  SPI_Base.o [1]
Peripherals::SPI_Base::m_phdma_spi1_rx
                        0x2000'03c8    0x4  Data  Gb  SPI_Base.o [1]
Peripherals::SPI_Base::m_phdma_spi1_tx
                        0x2000'03cc    0x4  Data  Gb  SPI_Base.o [1]
Peripherals::SPI_Base::m_phdma_spi2_rx
                        0x2000'03d0    0x4  Data  Gb  SPI_Base.o [1]
Peripherals::SPI_Base::m_phdma_spi2_tx
                        0x2000'03d4    0x4  Data  Gb  SPI_Base.o [1]
Peripherals::SPI_Base::m_phspi_1
                        0x2000'03e0    0x4  Data  Gb  SPI_Base.o [1]
Peripherals::SPI_Base::m_phspi_2
                        0x2000'03e4    0x4  Data  Gb  SPI_Base.o [1]
Peripherals::SPI_DMA::HwDeinit()
                         0x800'2629   0x14  Code  Gb  Test.o [1]
Peripherals::SPI_DMA::HwInit()
                         0x800'01bb  0x4d4  Code  Gb  SPI_DMA.o [1]
Peripherals::SPI_DMA::SPI_DMA(Peripherals::SPI_Base::SPIx_t, Peripherals::GpioOutput *, unsigned int, __SPI_HandleTypeDef *, __DMA_HandleTypeDef *, __DMA_HandleTypeDef *)
                         0x800'00ed   0xce  Code  Gb  SPI_DMA.o [1]
Peripherals::SPI_DMA::Tx(unsigned char *, unsigned short)
                         0x800'068f   0x5c  Code  Gb  SPI_DMA.o [1]
Peripherals::SPI_DMA::~SPI_DMA()
                         0x800'2611   0x18  Code  Gb  Test.o [1]
Region$$Table$$Base      0x800'253c          --   Gb  - Linker created -
Region$$Table$$Limit     0x800'2560          --   Gb  - Linker created -
SVC_Handler              0x800'25ef    0x2  Code  Gb  stm32f1xx_it.o [1]
SysTick_Handler          0x800'25f5    0xc  Code  Gb  stm32f1xx_it.o [1]
SystemClock_Config()     0x800'2319   0x84  Code  Gb  main.o [1]
SystemCoreClock         0x2000'0200    0x4  Data  Gb  system_stm32f1xx.o [1]
SystemInit               0x800'23d1   0x3e  Code  Gb  system_stm32f1xx.o [1]
UsageFault_Handler       0x800'25ed    0x2  Code  Gb  stm32f1xx_it.o [1]
Virtual function table for Peripherals::GpioOutput
                         0x800'25ac   0x1c  Data  Gb  GpioOutput.o [1]
Virtual function table for Peripherals::Peripheral
                         0x800'25c8   0x1c  Data  Gb  SPI_Poll.o [1]
Virtual function table for Peripherals::SPI_DMA
                         0x800'247c   0x30  Data  Gb  SPI_DMA.o [1]
[local to Nokia5110LCD_cpp]::Peripherals::ASCII
                         0x800'1dec  0x1e0  Data  Lc  Nokia5110LCD.o [1]
[local to stm32f1xx_hal_cortex_c]::NVIC_EncodePriority(unsigned int, unsigned int, unsigned int)
                         0x800'13fd   0x40  Code  Lc  stm32f1xx_hal_cortex.o [1]
[local to stm32f1xx_hal_cortex_c]::NVIC_GetPriorityGrouping()
                         0x800'13c7    0xa  Code  Lc  stm32f1xx_hal_cortex.o [1]
[local to stm32f1xx_hal_cortex_c]::NVIC_SetPriority(IRQn_Type, unsigned int)
                         0x800'13d1   0x2c  Code  Lc  stm32f1xx_hal_cortex.o [1]
[local to stm32f1xx_hal_cortex_c]::NVIC_SetPriorityGrouping(unsigned int)
                         0x800'13a9   0x1e  Code  Lc  stm32f1xx_hal_cortex.o [1]
[local to stm32f1xx_hal_cortex_c]::SysTick_Config(unsigned int)
                         0x800'143d   0x30  Code  Lc  stm32f1xx_hal_cortex.o [1]
[local to stm32f1xx_hal_dma_c]::DMA_SetConfig(__DMA_HandleTypeDef *, unsigned int, unsigned int, unsigned int)
                         0x800'0d49   0x2c  Code  Lc  stm32f1xx_hal_dma.o [1]
[local to stm32f1xx_hal_rcc_c]::RCC_Delay(unsigned int)
                         0x800'1abd   0x26  Code  Lc  stm32f1xx_hal_rcc.o [1]
[local to stm32f1xx_hal_spi_c]::SPI_CheckFlag_BSY(__SPI_HandleTypeDef *, unsigned int, unsigned int)
                         0x800'119f   0x2a  Code  Lc  stm32f1xx_hal_spi.o [1]
[local to stm32f1xx_hal_spi_c]::SPI_DMAAbortOnError(__DMA_HandleTypeDef *)
                         0x800'10e5   0x16  Code  Lc  stm32f1xx_hal_spi.o [1]
[local to stm32f1xx_hal_spi_c]::SPI_DMAError(__DMA_HandleTypeDef *)
                         0x800'10bd   0x28  Code  Lc  stm32f1xx_hal_spi.o [1]
[local to stm32f1xx_hal_spi_c]::SPI_DMAHalfTransmitCplt(__DMA_HandleTypeDef *)
                         0x800'10ad    0xe  Code  Lc  stm32f1xx_hal_spi.o [1]
[local to stm32f1xx_hal_spi_c]::SPI_DMATransmitCplt(__DMA_HandleTypeDef *)
                         0x800'103d   0x70  Code  Lc  stm32f1xx_hal_spi.o [1]
[local to stm32f1xx_hal_spi_c]::SPI_WaitFlagStateUntilTimeout(__SPI_HandleTypeDef *, unsigned int, unsigned int, unsigned int, unsigned int)
                         0x800'10fd   0xa2  Code  Lc  stm32f1xx_hal_spi.o [1]
_Error_Handler           0x800'23a1    0x2  Code  Gb  main.o [1]
__aeabi_atexit           0x800'2265    0xa  Code  Gb  cxxabi.o [3]
__aeabi_memcpy4          0x800'1b61         Code  Gb  ABImemcpy.o [5]
__aeabi_memcpy8          0x800'1b61         Code  Gb  ABImemcpy.o [5]
__call_dtors             0x800'22b7    0xc  Code  Gb  cppinit.o [2]
__call_dtors0            0x800'22c3   0x36  Code  Gb  cppinit.o [2]
__cexit_call_dtors       0x800'258b         Code  Gb  cexit.o [5]
__cmain                  0x800'2561         Code  Gb  cmain.o [5]
__cstart_call_dtors      0x800'2758         Data  Gb  cstart_call_dtors.o [5]
__cxa_atexit             0x800'2281   0x36  Code  Gb  cppinit.o [2]
__dso_handle            0x2000'03f0    0x4  Data  Gb  cppinit.o [2]
__exit                   0x800'2599   0x14  Code  Gb  exit.o [6]
__iar_close_ttio         0x800'24ad   0x2e  Code  Gb  iarttio.o [6]
__iar_copy_init3         0x800'24e9   0x2c  Code  Gb  copy_init3.o [5]
__iar_data_init3         0x800'2515   0x28  Code  Gb  data_init.o [5]
__iar_debug_exceptions   0x800'150e    0x1  Data  Gb  unwind_debug.o [6]
__iar_lookup_ttioh       0x800'24dd    0x4  Code  Gb  XShttio.o [2]
__iar_program_start      0x800'268d         Code  Gb  cstartup_M.o [5]
__iar_ttio_handles      0x2000'0204    0x8  Data  Lc  XShttio.o [2]
__iar_zero_init3         0x800'11cb   0x3a  Code  Gb  zero_init3.o [5]
__low_level_init         0x800'257f    0x4  Code  Gb  low_level_init.o [2]
__vector_table           0x800'0000         Data  Gb  startup_stm32f103xb.o [1]
_call_main               0x800'256d         Code  Gb  cmain.o [5]
_exit                    0x800'2589         Code  Gb  cexit.o [5]
_main                    0x800'257b         Code  Gb  cmain.o [5]
exit                     0x800'2583    0x4  Code  Gb  exit.o [2]
main                     0x800'2309   0x10  Code  Gb  main.o [1]
next_abi_dtor_rec       0x2000'03ec    0x4  Data  Lc  cppinit.o [2]
uwTick                  0x2000'03e8    0x4  Data  Gb  stm32f1xx_hal.o [1]


[1] = C:\Amit_Chaudhary\STM32\Projects\IAR\IAR_Projects\Main\Main_Temp1\IAR\Debug\Obj
[2] = dl7M_tln.a
[3] = dlpp7M_tl_nc.a
[4] = m7M_tl.a
[5] = rt7M_tl.a
[6] = shb_l.a

  9 279 bytes of readonly  code memory
    793 bytes of readonly  data memory
  2 949 bytes of readwrite data memory (+ 256 absolute)

Errors: none
Warnings: none
