###############################################################################
#
# IAR ELF Linker V8.30.1.114/W32 for ARM                  10/Aug/2018  10:43:59
# Copyright 2007-2018 IAR Systems AB.
#
#    Output file  =  
#        C:\Amit_Chaudhary\STM32\Projects\IAR\IAR_Projects\CPP_Drivers\Gpio\IAR\Debug\Exe\Gpio.out
#    Map file     =  
#        C:\Amit_Chaudhary\STM32\Projects\IAR\IAR_Projects\CPP_Drivers\Gpio\IAR\Debug\List\Gpio.map
#    Command line =  
#        -f C:\Users\achaudha\AppData\Local\Temp\EWA852.tmp
#        (C:\Amit_Chaudhary\STM32\Projects\IAR\IAR_Projects\CPP_Drivers\Gpio\IAR\Debug\Obj\GpioInput.o
#        C:\Amit_Chaudhary\STM32\Projects\IAR\IAR_Projects\CPP_Drivers\Gpio\IAR\Debug\Obj\GpioOutput.o
#        C:\Amit_Chaudhary\STM32\Projects\IAR\IAR_Projects\CPP_Drivers\Gpio\IAR\Debug\Obj\Interrupt.o
#        C:\Amit_Chaudhary\STM32\Projects\IAR\IAR_Projects\CPP_Drivers\Gpio\IAR\Debug\Obj\low_level_init.o
#        C:\Amit_Chaudhary\STM32\Projects\IAR\IAR_Projects\CPP_Drivers\Gpio\IAR\Debug\Obj\main.o
#        C:\Amit_Chaudhary\STM32\Projects\IAR\IAR_Projects\CPP_Drivers\Gpio\IAR\Debug\Obj\Peripheral.o
#        C:\Amit_Chaudhary\STM32\Projects\IAR\IAR_Projects\CPP_Drivers\Gpio\IAR\Debug\Obj\startup_stm32f103xb.o
#        C:\Amit_Chaudhary\STM32\Projects\IAR\IAR_Projects\CPP_Drivers\Gpio\IAR\Debug\Obj\stm32f1xx_hal.o
#        C:\Amit_Chaudhary\STM32\Projects\IAR\IAR_Projects\CPP_Drivers\Gpio\IAR\Debug\Obj\stm32f1xx_hal_cortex.o
#        C:\Amit_Chaudhary\STM32\Projects\IAR\IAR_Projects\CPP_Drivers\Gpio\IAR\Debug\Obj\stm32f1xx_hal_gpio.o
#        C:\Amit_Chaudhary\STM32\Projects\IAR\IAR_Projects\CPP_Drivers\Gpio\IAR\Debug\Obj\stm32f1xx_hal_gpio_ex.o
#        C:\Amit_Chaudhary\STM32\Projects\IAR\IAR_Projects\CPP_Drivers\Gpio\IAR\Debug\Obj\stm32f1xx_hal_pwr.o
#        C:\Amit_Chaudhary\STM32\Projects\IAR\IAR_Projects\CPP_Drivers\Gpio\IAR\Debug\Obj\stm32f1xx_hal_rcc.o
#        C:\Amit_Chaudhary\STM32\Projects\IAR\IAR_Projects\CPP_Drivers\Gpio\IAR\Debug\Obj\stm32f1xx_hal_rcc_ex.o
#        C:\Amit_Chaudhary\STM32\Projects\IAR\IAR_Projects\CPP_Drivers\Gpio\IAR\Debug\Obj\stm32f1xx_it.o
#        C:\Amit_Chaudhary\STM32\Projects\IAR\IAR_Projects\CPP_Drivers\Gpio\IAR\Debug\Obj\stm32f1xx_ll_exti.o
#        C:\Amit_Chaudhary\STM32\Projects\IAR\IAR_Projects\CPP_Drivers\Gpio\IAR\Debug\Obj\system_stm32f1xx.o
#        --no_out_extension -o
#        C:\Amit_Chaudhary\STM32\Projects\IAR\IAR_Projects\CPP_Drivers\Gpio\IAR\Debug\Exe\Gpio.out
#        --redirect _Printf=_PrintfFullNoMb --redirect _Scanf=_ScanfFullNoMb
#        --map
#        C:\Amit_Chaudhary\STM32\Projects\IAR\IAR_Projects\CPP_Drivers\Gpio\IAR\Debug\List\Gpio.map
#        --config
#        C:\Amit_Chaudhary\STM32\Projects\IAR\IAR_Projects\CPP_Drivers\Gpio\System\stm32f103x8.icf
#        --semihosting --entry __iar_program_start --vfe --text_out locale)
#
###############################################################################

*******************************************************************************
*** RUNTIME MODEL ATTRIBUTES
***

CppFlavor                     = *
__CPP_Exceptions              = Disabled
__CPP_Language                = C++14
__Heap_Handler                = Basic
__SystemLibrary               = DLib
__dlib_dynamic_initialization = normal
__dlib_version                = 6


*******************************************************************************
*** HEAP SELECTION
***

The basic heap was selected because some modules are built with
size limitations (and not runtime checking), and --advanced_heap
was not specified.


*******************************************************************************
*** PLACEMENT SUMMARY
***

"A0":  place at 0x800'0000 { ro section .intvec };
"P1":  place in [from 0x800'0000 to 0x800'ffff] { ro };
define block CSTACK with size = 2K, alignment = 8 { };
define block HEAP with size = 2K, alignment = 8 { };
"P2":  place in [from 0x2000'0000 to 0x2000'4fff] {
          rw, block CSTACK, block HEAP };
initialize by copy { rw };

  Section                Kind         Address   Size  Object
  -------                ----         -------   ----  ------
"A0":                                           0xec
  .intvec                ro code   0x800'0000   0xec  startup_stm32f103xb.o [1]
                                 - 0x800'00ec   0xec

"P1":                                          0xdc8
  .text                  ro code   0x800'00ec  0x310  Interrupt.o [1]
  .text                  ro code   0x800'03fc  0x240  GpioInput.o [1]
  .text                  ro code   0x800'063c    0x8  GpioOutput.o [1]
  .text                  ro code   0x800'0644  0x200  stm32f1xx_hal_gpio.o [1]
  .text                  ro code   0x800'0844    0xc  GpioOutput.o [1]
  .text                  ro code   0x800'0850  0x138  GpioOutput.o [1]
  .text                  ro code   0x800'0988  0x10a  stm32f1xx_hal_cortex.o [1]
  .text                  ro code   0x800'0a92   0x3a  zero_init3.o [4]
  .text                  ro code   0x800'0acc  0x108  main.o [1]
  .text                  ro code   0x800'0bd4   0x24  stm32f1xx_hal.o [1]
  .text                  ro code   0x800'0bf8    0xc  main.o [1]
  .text                  ro code   0x800'0c04   0x28  stm32f1xx_hal.o [1]
  .text                  ro code   0x800'0c2c   0x58  system_stm32f1xx.o [1]
  .text                  ro code   0x800'0c84   0x2c  copy_init3.o [4]
  .text                  ro code   0x800'0cb0   0x28  data_init.o [4]
  .iar.init_table        const     0x800'0cd8   0x28  - Linker created -
  .text                  ro code   0x800'0d00   0x20  cmain_call_ctors.o [4]
  .text                  ro code   0x800'0d20   0x18  cppinit.o [2]
  .text                  ro code   0x800'0d38   0x1e  cmain.o [4]
  .text                  ro code   0x800'0d56    0x4  low_level_init.o [1]
  .text                  ro code   0x800'0d5a    0x4  exit.o [2]
  .rodata                const     0x800'0d5e    0x1  unwind_debug.o [5]
  .text                  ro code   0x800'0d60    0xa  cexit.o [4]
  .text                  ro code   0x800'0d6c   0x14  exit.o [5]
  .rodata                const     0x800'0d80   0x1c  GpioInput.o [1]
  .rodata                const     0x800'0d9c   0x1c  GpioOutput.o [1]
  .rodata                const     0x800'0db8   0x1c  GpioOutput.o [1]
  .text                  ro code   0x800'0dd4   0x1c  stm32f1xx_it.o [1]
  .text                  ro code   0x800'0df0   0x10  stm32f1xx_hal.o [1]
  .text                  ro code   0x800'0e00   0x10  startup_stm32f103xb.o [1]
  .text                  ro code   0x800'0e10    0xc  cstartup_M.o [4]
  .text                  ro code   0x800'0e1c    0x4  startup_stm32f103xb.o [1]
  .text                  ro code   0x800'0e20    0x4  startup_stm32f103xb.o [1]
  .text                  ro code   0x800'0e24    0x4  startup_stm32f103xb.o [1]
  .text                  ro code   0x800'0e28    0x4  startup_stm32f103xb.o [1]
  .text                  ro code   0x800'0e2c    0x4  startup_stm32f103xb.o [1]
  .text                  ro code   0x800'0e30    0x4  startup_stm32f103xb.o [1]
  .text                  ro code   0x800'0e34    0x4  startup_stm32f103xb.o [1]
  .text                  ro code   0x800'0e38    0x4  startup_stm32f103xb.o [1]
  .text                  ro code   0x800'0e3c    0x4  startup_stm32f103xb.o [1]
  .text                  ro code   0x800'0e40    0x4  startup_stm32f103xb.o [1]
  .text                  ro code   0x800'0e44    0x4  startup_stm32f103xb.o [1]
  .text                  ro code   0x800'0e48    0x4  startup_stm32f103xb.o [1]
  .text                  ro code   0x800'0e4c    0x4  startup_stm32f103xb.o [1]
  .text                  ro code   0x800'0e50    0x4  startup_stm32f103xb.o [1]
  .text                  ro code   0x800'0e54    0x4  startup_stm32f103xb.o [1]
  .text                  ro code   0x800'0e58    0x4  startup_stm32f103xb.o [1]
  .text                  ro code   0x800'0e5c    0x4  startup_stm32f103xb.o [1]
  .text                  ro code   0x800'0e60    0x4  startup_stm32f103xb.o [1]
  .text                  ro code   0x800'0e64    0x4  startup_stm32f103xb.o [1]
  .text                  ro code   0x800'0e68    0x4  startup_stm32f103xb.o [1]
  .text                  ro code   0x800'0e6c    0x4  startup_stm32f103xb.o [1]
  .text                  ro code   0x800'0e70    0x4  startup_stm32f103xb.o [1]
  .text                  ro code   0x800'0e74    0x4  startup_stm32f103xb.o [1]
  .text                  ro code   0x800'0e78    0x4  startup_stm32f103xb.o [1]
  .text                  ro code   0x800'0e7c    0x4  startup_stm32f103xb.o [1]
  .text                  ro code   0x800'0e80    0x4  startup_stm32f103xb.o [1]
  .text                  ro code   0x800'0e84    0x4  startup_stm32f103xb.o [1]
  .text                  ro code   0x800'0e88    0x4  startup_stm32f103xb.o [1]
  .text                  ro code   0x800'0e8c    0x4  startup_stm32f103xb.o [1]
  .text                  ro code   0x800'0e90    0x4  startup_stm32f103xb.o [1]
  .text                  ro code   0x800'0e94    0x4  startup_stm32f103xb.o [1]
  .text                  ro code   0x800'0e98    0x4  startup_stm32f103xb.o [1]
  .text                  ro code   0x800'0e9c    0x4  startup_stm32f103xb.o [1]
  .text                  ro code   0x800'0ea0    0x4  startup_stm32f103xb.o [1]
  .text                  ro code   0x800'0ea4    0x4  startup_stm32f103xb.o [1]
  .text                  ro code   0x800'0ea8    0x4  startup_stm32f103xb.o [1]
  SHT$$PREINIT_ARRAY               0x800'0eac    0x0  <Block>
  SHT$$INIT_ARRAY                  0x800'0eac    0x4  <Block>
    .init_array          const     0x800'0eac    0x4  main.o [1]
  __iar_tls$$INIT_ARRAY            0x800'0eb0    0x0  <Block>
  Initializer bytes      const     0x800'0eb0    0x4  <for P2-1>
  .rodata                const     0x800'0eb4    0x0  zero_init3.o [4]
  .rodata                const     0x800'0eb4    0x0  copy_init3.o [4]
                                 - 0x800'0eb4  0xdc8

"P2", part 1 of 3:                               0x4
  P2-1                            0x2000'0000    0x4  <Init block>
    .data                inited   0x2000'0000    0x4  system_stm32f1xx.o [1]
                                - 0x2000'0004    0x4

"P2", part 2 of 3:                             0x168
  .bss                   zero     0x2000'0004  0x100  Interrupt.o [1]
  .bss                   zero     0x2000'0104   0x18  main.o [1]
  .bss                   zero     0x2000'011c    0xc  main.o [1]
  .bss                   zero     0x2000'0128    0x4  Interrupt.o [1]
  .bss                   zero     0x2000'012c    0x4  Interrupt.o [1]
  .bss                   zero     0x2000'0130    0x4  Interrupt.o [1]
  .bss                   zero     0x2000'0134    0x4  Interrupt.o [1]
  .bss                   zero     0x2000'0138    0x4  Interrupt.o [1]
  .bss                   zero     0x2000'013c    0x4  Interrupt.o [1]
  .bss                   zero     0x2000'0140    0x4  Interrupt.o [1]
  .bss                   zero     0x2000'0144    0x4  Interrupt.o [1]
  .bss                   zero     0x2000'0148    0x4  Interrupt.o [1]
  .bss                   zero     0x2000'014c    0x4  Interrupt.o [1]
  .bss                   zero     0x2000'0150    0x4  Interrupt.o [1]
  .bss                   zero     0x2000'0154    0x4  Interrupt.o [1]
  .bss                   zero     0x2000'0158    0x4  Interrupt.o [1]
  .bss                   zero     0x2000'015c    0x4  Interrupt.o [1]
  .bss                   zero     0x2000'0160    0x4  Interrupt.o [1]
  .bss                   zero     0x2000'0164    0x4  Interrupt.o [1]
  .bss                   zero     0x2000'0168    0x4  stm32f1xx_hal.o [1]
                                - 0x2000'016c  0x168

"P2", part 3 of 3:                             0x800
  CSTACK                          0x2000'0170  0x800  <Block>
    CSTACK               uninit   0x2000'0170  0x800  <Block tail>
                                - 0x2000'0970  0x800

Unused ranges:

         From           To    Size
         ----           --    ----
   0x800'0eb4   0x800'ffff  0xf14c
  0x2000'016c  0x2000'016f     0x4
  0x2000'0970  0x2000'4fff  0x4690


*******************************************************************************
*** INIT TABLE
***

          Address      Size
          -------      ----
Zero (__iar_zero_init3)
    1 destination range, total size 0x168:
          0x2000'0004  0x168

Copy (__iar_copy_init3)
    1 source range, total size 0x4:
           0x800'0eb0    0x4
    1 destination range, total size 0x4:
          0x2000'0000    0x4

Extra (__iar_cstart_call_ctors)



*******************************************************************************
*** MODULE SUMMARY
***

    Module                  ro code  ro data  rw data
    ------                  -------  -------  -------
command line/config:
    -------------------------------------------------
    Total:

C:\Amit_Chaudhary\STM32\Projects\IAR\IAR_Projects\CPP_Drivers\Gpio\IAR\Debug\Obj: [1]
    GpioInput.o                 576       28
    GpioOutput.o                332       56
    Interrupt.o                 784               320
    low_level_init.o              4
    main.o                      276        4       36
    startup_stm32f103xb.o       396
    stm32f1xx_hal.o              92                 4
    stm32f1xx_hal_cortex.o      266
    stm32f1xx_hal_gpio.o        512
    stm32f1xx_it.o               28
    system_stm32f1xx.o           88        4        4
    -------------------------------------------------
    Total:                    3 354       92      364

dl7M_tln.a: [2]
    cppinit.o                    24
    exit.o                        4
    -------------------------------------------------
    Total:                       28

dlpp7M_tl_nc.a: [3]
    -------------------------------------------------
    Total:

rt7M_tl.a: [4]
    cexit.o                      10
    cmain.o                      30
    cmain_call_ctors.o           32
    copy_init3.o                 44
    cstartup_M.o                 12
    data_init.o                  40
    zero_init3.o                 58
    -------------------------------------------------
    Total:                      226

shb_l.a: [5]
    exit.o                       20
    unwind_debug.o                         1
    -------------------------------------------------
    Total:                       20        1

    Gaps                          3
    Linker created                        40    2 048
-----------------------------------------------------
    Grand Total:              3 631      133    2 412


*******************************************************************************
*** ENTRY LIST
***

Entry                       Address   Size  Type      Object
-----                       -------   ----  ----      ------
.iar.init_table$$Base    0x800'0cd8          --   Gb  - Linker created -
.iar.init_table$$Limit   0x800'0d00          --   Gb  - Linker created -
?main                    0x800'0d39         Code  Gb  cmain.o [4]
BusFault_Handler         0x800'0ddb    0x2  Code  Gb  stm32f1xx_it.o [1]
CSTACK$$Base            0x2000'0170          --   Gb  - Linker created -
CSTACK$$Limit           0x2000'0970          --   Gb  - Linker created -
DebugMon_Handler         0x800'0de1    0x2  Code  Gb  stm32f1xx_it.o [1]
EXTI0_IRQHandler         0x800'033b   0x16  Code  Gb  Interrupt.o [1]
EXTI15_10_IRQHandler     0x800'0261   0xda  Code  Gb  Interrupt.o [1]
EXTI1_IRQHandler         0x800'0351   0x16  Code  Gb  Interrupt.o [1]
EXTI2_IRQHandler         0x800'0367   0x16  Code  Gb  Interrupt.o [1]
EXTI3_IRQHandler         0x800'037d   0x16  Code  Gb  Interrupt.o [1]
EXTI4_IRQHandler         0x800'0393   0x16  Code  Gb  Interrupt.o [1]
EXTI9_5_IRQHandler       0x800'01b1   0xb0  Code  Gb  Interrupt.o [1]
HAL_GPIO_Init            0x800'0645  0x1b4  Code  Gb  stm32f1xx_hal_gpio.o [1]
HAL_GPIO_TogglePin       0x800'07f9    0xa  Code  Gb  stm32f1xx_hal_gpio.o [1]
HAL_IncTick              0x800'0df1   0x10  Code  Wk  stm32f1xx_hal.o [1]
HAL_Init                 0x800'0bd5   0x20  Code  Gb  stm32f1xx_hal.o [1]
HAL_MspInit              0x800'0b1b   0x98  Code  Gb  main.o [1]
HAL_NVIC_SetPriority     0x800'0a43   0x22  Code  Gb  stm32f1xx_hal_cortex.o [1]
HAL_NVIC_SetPriorityGrouping
                         0x800'0a3b    0x8  Code  Gb  stm32f1xx_hal_cortex.o [1]
HAL_SYSTICK_Config       0x800'0a65    0x8  Code  Gb  stm32f1xx_hal_cortex.o [1]
HAL_SYSTICK_IRQHandler   0x800'0a89    0x8  Code  Gb  stm32f1xx_hal_cortex.o [1]
HardFault_Handler        0x800'0dd7    0x2  Code  Gb  stm32f1xx_it.o [1]
LED                     0x2000'011c    0xc  Data  Gb  main.o [1]
Led()                    0x800'0b11    0xa  Code  Gb  main.o [1]
MemManage_Handler        0x800'0dd9    0x2  Code  Gb  stm32f1xx_it.o [1]
NMI_Handler              0x800'0dd5    0x2  Code  Gb  stm32f1xx_it.o [1]
PendSV_Handler           0x800'0de3    0x2  Code  Gb  stm32f1xx_it.o [1]
Peripherals::GpioInput::ConfigureInterrupt()
                         0x800'060d   0x30  Code  Gb  GpioInput.o [1]
Peripherals::GpioInput::GpioInput(GPIO_TypeDef *, unsigned short, void (*)(), Peripherals::GpioInput::Intr_Event_Edge_t, Peripherals::GpioInput::PULL_t)
                         0x800'03fd   0x30  Code  Gb  GpioInput.o [1]
Peripherals::GpioInput::HwInit()
                         0x800'04e3  0x10c  Code  Gb  GpioInput.o [1]
Peripherals::GpioInput::MapPin2ExtLine()
                         0x800'042d   0xb6  Code  Gb  GpioInput.o [1]
Peripherals::GpioOutput::GpioOutput(GPIO_TypeDef *, unsigned short)
                         0x800'0851   0x22  Code  Gb  GpioOutput.o [1]
Peripherals::GpioOutput::HwInit()
                         0x800'0873   0xf8  Code  Gb  GpioOutput.o [1]
Peripherals::GpioOutput::ToggleOutput()
                         0x800'0bf9    0xc  Code  Gb  main.o [1]
Peripherals::Interrupt::EnableInterrupt(Peripherals::Interrupt::IRQn)
                         0x800'0111   0x34  Code  Gb  Interrupt.o [1]
Peripherals::Interrupt::NVICConfig(Peripherals::Interrupt::IRQn, unsigned char, unsigned char)
                         0x800'0145   0x1e  Code  Gb  Interrupt.o [1]
Peripherals::Interrupt::RegisterInterrupt_Vct_Table(void (*)(), Peripherals::Interrupt::IRQn, unsigned char, unsigned char)
                         0x800'0163   0x28  Code  Gb  Interrupt.o [1]
Peripherals::Interrupt::Relocate_Vector_Table()
                         0x800'018b   0x26  Code  Gb  Interrupt.o [1]
Peripherals::Interrupt::Vectors_RAM
                        0x2000'0004  0x100  Data  Gb  Interrupt.o [1]
Peripherals::Interrupt::m_EXTI0_IRQHandler
                        0x2000'0128    0x4  Data  Gb  Interrupt.o [1]
Peripherals::Interrupt::m_EXTI10_IRQHandler
                        0x2000'0150    0x4  Data  Gb  Interrupt.o [1]
Peripherals::Interrupt::m_EXTI11_IRQHandler
                        0x2000'0154    0x4  Data  Gb  Interrupt.o [1]
Peripherals::Interrupt::m_EXTI12_IRQHandler
                        0x2000'0158    0x4  Data  Gb  Interrupt.o [1]
Peripherals::Interrupt::m_EXTI13_IRQHandler
                        0x2000'015c    0x4  Data  Gb  Interrupt.o [1]
Peripherals::Interrupt::m_EXTI14_IRQHandler
                        0x2000'0160    0x4  Data  Gb  Interrupt.o [1]
Peripherals::Interrupt::m_EXTI15_IRQHandler
                        0x2000'0164    0x4  Data  Gb  Interrupt.o [1]
Peripherals::Interrupt::m_EXTI1_IRQHandler
                        0x2000'012c    0x4  Data  Gb  Interrupt.o [1]
Peripherals::Interrupt::m_EXTI2_IRQHandler
                        0x2000'0130    0x4  Data  Gb  Interrupt.o [1]
Peripherals::Interrupt::m_EXTI3_IRQHandler
                        0x2000'0134    0x4  Data  Gb  Interrupt.o [1]
Peripherals::Interrupt::m_EXTI4_IRQHandler
                        0x2000'0138    0x4  Data  Gb  Interrupt.o [1]
Peripherals::Interrupt::m_EXTI5_IRQHandler
                        0x2000'013c    0x4  Data  Gb  Interrupt.o [1]
Peripherals::Interrupt::m_EXTI6_IRQHandler
                        0x2000'0140    0x4  Data  Gb  Interrupt.o [1]
Peripherals::Interrupt::m_EXTI7_IRQHandler
                        0x2000'0144    0x4  Data  Gb  Interrupt.o [1]
Peripherals::Interrupt::m_EXTI8_IRQHandler
                        0x2000'0148    0x4  Data  Gb  Interrupt.o [1]
Peripherals::Interrupt::m_EXTI9_IRQHandler
                        0x2000'014c    0x4  Data  Gb  Interrupt.o [1]
Peripherals::Peripheral::Peripheral()
                         0x800'0845    0xc  Code  Gb  GpioOutput.o [1]
Peripherals::Peripheral::Peripheral() [subobject]
                         0x800'063d    0x8  Code  Gb  GpioOutput.o [1]
Region$$Table$$Base      0x800'0cd8          --   Gb  - Linker created -
Region$$Table$$Limit     0x800'0d00          --   Gb  - Linker created -
SHT$$INIT_ARRAY$$Base    0x800'0eac          --   Gb  - Linker created -
SHT$$INIT_ARRAY$$Limit   0x800'0eb0          --   Gb  - Linker created -
SHT$$PREINIT_ARRAY$$Base
                         0x800'0eac          --   Gb  - Linker created -
SHT$$PREINIT_ARRAY$$Limit
                         0x800'0eac          --   Gb  - Linker created -
SVC_Handler              0x800'0ddf    0x2  Code  Gb  stm32f1xx_it.o [1]
SysTick_Handler          0x800'0de5    0xc  Code  Gb  stm32f1xx_it.o [1]
SystemCoreClock         0x2000'0000    0x4  Data  Gb  system_stm32f1xx.o [1]
SystemInit               0x800'0c2d   0x3e  Code  Gb  system_stm32f1xx.o [1]
TouchButton             0x2000'0104   0x18  Data  Gb  main.o [1]
UsageFault_Handler       0x800'0ddd    0x2  Code  Gb  stm32f1xx_it.o [1]
Virtual function table for Peripherals::GpioInput
                         0x800'0d80   0x1c  Data  Gb  GpioInput.o [1]
Virtual function table for Peripherals::GpioOutput
                         0x800'0db8   0x1c  Data  Gb  GpioOutput.o [1]
Virtual function table for Peripherals::Peripheral
                         0x800'0d9c   0x1c  Data  Gb  GpioOutput.o [1]
[local to Interrupt_cpp]::LL_EXTI_DisableIT_0_31(unsigned int)
                         0x800'00ed    0xe  Code  Lc  Interrupt.o [1]
[local to Interrupt_cpp]::LL_EXTI_IsEnabledIT_0_31(unsigned int)
                         0x800'00fb   0x16  Code  Lc  Interrupt.o [1]
[local to stm32f1xx_hal_cortex_c]::NVIC_EncodePriority(unsigned int, unsigned int, unsigned int)
                         0x800'09d1   0x3c  Code  Lc  stm32f1xx_hal_cortex.o [1]
[local to stm32f1xx_hal_cortex_c]::NVIC_GetPriorityGrouping()
                         0x800'09a3    0xa  Code  Lc  stm32f1xx_hal_cortex.o [1]
[local to stm32f1xx_hal_cortex_c]::NVIC_SetPriority(IRQn_Type, unsigned int)
                         0x800'09ad   0x24  Code  Lc  stm32f1xx_hal_cortex.o [1]
[local to stm32f1xx_hal_cortex_c]::NVIC_SetPriorityGrouping(unsigned int)
                         0x800'0989   0x1a  Code  Lc  stm32f1xx_hal_cortex.o [1]
[local to stm32f1xx_hal_cortex_c]::SysTick_Config(unsigned int)
                         0x800'0a0d   0x2e  Code  Lc  stm32f1xx_hal_cortex.o [1]
__call_ctors             0x800'0d21   0x18  Code  Gb  cppinit.o [2]
__cmain                  0x800'0d39         Code  Gb  cmain.o [4]
__exit                   0x800'0d6d   0x14  Code  Gb  exit.o [5]
__iar_copy_init3         0x800'0c85   0x2c  Code  Gb  copy_init3.o [4]
__iar_cstart_call_ctors
                         0x800'0d01   0x20  Code  Gb  cmain_call_ctors.o [4]
__iar_data_init3         0x800'0cb1   0x28  Code  Gb  data_init.o [4]
__iar_debug_exceptions   0x800'0d5e    0x1  Data  Gb  unwind_debug.o [5]
__iar_program_start      0x800'0e11         Code  Gb  cstartup_M.o [4]
__iar_tls$$INIT_ARRAY$$Base
                         0x800'0eb0          --   Gb  - Linker created -
__iar_tls$$INIT_ARRAY$$Limit
                         0x800'0eb0          --   Gb  - Linker created -
__iar_zero_init3         0x800'0a93   0x3a  Code  Gb  zero_init3.o [4]
__low_level_init         0x800'0d57    0x4  Code  Gb  low_level_init.o [1]
__sti__routine           0x800'0acd   0x28  Code  Lc  main.o [1]
__vector_table           0x800'0000         Data  Gb  startup_stm32f103xb.o [1]
_call_main               0x800'0d45         Code  Gb  cmain.o [4]
_exit                    0x800'0d61         Code  Gb  cexit.o [4]
_main                    0x800'0d53         Code  Gb  cmain.o [4]
exit                     0x800'0d5b    0x4  Code  Gb  exit.o [2]
main                     0x800'0af5   0x1c  Code  Gb  main.o [1]
uwTick                  0x2000'0168    0x4  Data  Gb  stm32f1xx_hal.o [1]


[1] = C:\Amit_Chaudhary\STM32\Projects\IAR\IAR_Projects\CPP_Drivers\Gpio\IAR\Debug\Obj
[2] = dl7M_tln.a
[3] = dlpp7M_tl_nc.a
[4] = rt7M_tl.a
[5] = shb_l.a

  3 631 bytes of readonly  code memory
    133 bytes of readonly  data memory
  2 412 bytes of readwrite data memory

Errors: none
Warnings: none
