###############################################################################
#
# IAR ELF Linker V8.30.1.114/W32 for ARM                  10/Aug/2018  22:11:45
# Copyright 2007-2018 IAR Systems AB.
#
#    Output file  =  
#        C:\Amit_Chaudhary\STM32\Projects\IAR\IAR_Projects\CPP_Drivers\Gpio\IAR\Debug\Exe\Gpio.out
#    Map file     =  
#        C:\Amit_Chaudhary\STM32\Projects\IAR\IAR_Projects\CPP_Drivers\Gpio\IAR\Debug\List\Gpio.map
#    Command line =  
#        -f C:\Users\achaudha\AppData\Local\Temp\EW576B.tmp
#        (C:\Amit_Chaudhary\STM32\Projects\IAR\IAR_Projects\CPP_Drivers\Gpio\IAR\Debug\Obj\GpioInput.o
#        C:\Amit_Chaudhary\STM32\Projects\IAR\IAR_Projects\CPP_Drivers\Gpio\IAR\Debug\Obj\GpioOutput.o
#        C:\Amit_Chaudhary\STM32\Projects\IAR\IAR_Projects\CPP_Drivers\Gpio\IAR\Debug\Obj\Interrupt.o
#        C:\Amit_Chaudhary\STM32\Projects\IAR\IAR_Projects\CPP_Drivers\Gpio\IAR\Debug\Obj\main.o
#        C:\Amit_Chaudhary\STM32\Projects\IAR\IAR_Projects\CPP_Drivers\Gpio\IAR\Debug\Obj\Peripheral.o
#        C:\Amit_Chaudhary\STM32\Projects\IAR\IAR_Projects\CPP_Drivers\Gpio\IAR\Debug\Obj\startup_stm32f103xb.o
#        C:\Amit_Chaudhary\STM32\Projects\IAR\IAR_Projects\CPP_Drivers\Gpio\IAR\Debug\Obj\stm32f1xx_hal.o
#        C:\Amit_Chaudhary\STM32\Projects\IAR\IAR_Projects\CPP_Drivers\Gpio\IAR\Debug\Obj\stm32f1xx_hal_cortex.o
#        C:\Amit_Chaudhary\STM32\Projects\IAR\IAR_Projects\CPP_Drivers\Gpio\IAR\Debug\Obj\stm32f1xx_hal_gpio.o
#        C:\Amit_Chaudhary\STM32\Projects\IAR\IAR_Projects\CPP_Drivers\Gpio\IAR\Debug\Obj\stm32f1xx_hal_gpio_ex.o
#        C:\Amit_Chaudhary\STM32\Projects\IAR\IAR_Projects\CPP_Drivers\Gpio\IAR\Debug\Obj\stm32f1xx_hal_pwr.o
#        C:\Amit_Chaudhary\STM32\Projects\IAR\IAR_Projects\CPP_Drivers\Gpio\IAR\Debug\Obj\stm32f1xx_hal_rcc.o
#        C:\Amit_Chaudhary\STM32\Projects\IAR\IAR_Projects\CPP_Drivers\Gpio\IAR\Debug\Obj\stm32f1xx_hal_rcc_ex.o
#        C:\Amit_Chaudhary\STM32\Projects\IAR\IAR_Projects\CPP_Drivers\Gpio\IAR\Debug\Obj\stm32f1xx_it.o
#        C:\Amit_Chaudhary\STM32\Projects\IAR\IAR_Projects\CPP_Drivers\Gpio\IAR\Debug\Obj\stm32f1xx_ll_exti.o
#        C:\Amit_Chaudhary\STM32\Projects\IAR\IAR_Projects\CPP_Drivers\Gpio\IAR\Debug\Obj\system_stm32f1xx.o
#        --no_out_extension -o
#        C:\Amit_Chaudhary\STM32\Projects\IAR\IAR_Projects\CPP_Drivers\Gpio\IAR\Debug\Exe\Gpio.out
#        --redirect _Printf=_PrintfFullNoMb --redirect _Scanf=_ScanfFullNoMb
#        --map
#        C:\Amit_Chaudhary\STM32\Projects\IAR\IAR_Projects\CPP_Drivers\Gpio\IAR\Debug\List\Gpio.map
#        --config
#        C:\Amit_Chaudhary\STM32\Projects\IAR\IAR_Projects\CPP_Drivers\Gpio\System\stm32f103x8.icf
#        --semihosting --entry __iar_program_start --vfe --text_out locale)
#
###############################################################################

*******************************************************************************
*** RUNTIME MODEL ATTRIBUTES
***

CppFlavor                     = *
__CPP_Exceptions              = Disabled
__CPP_Language                = C++14
__Heap_Handler                = Basic
__SystemLibrary               = DLib
__dlib_dynamic_initialization = normal
__dlib_version                = 6


*******************************************************************************
*** HEAP SELECTION
***

The basic heap was selected because some modules are built with
size limitations (and not runtime checking), and --advanced_heap
was not specified.


*******************************************************************************
*** PLACEMENT SUMMARY
***

"A0":  place at 0x800'0000 { ro section .intvec };
"P1":  place in [from 0x800'0000 to 0x800'ffff] { ro };
define block CSTACK with size = 2K, alignment = 8 { };
define block HEAP with size = 2K, alignment = 8 { };
"P2":  place in [from 0x2000'0000 to 0x2000'4fff] {
          rw, block CSTACK, block HEAP };
initialize by copy { rw };

  Section                Kind         Address   Size  Object
  -------                ----         -------   ----  ------
"A0":                                           0xec
  .intvec                ro code   0x800'0000   0xec  startup_stm32f103xb.o [1]
                                 - 0x800'00ec   0xec

"P1":                                          0xc63
  .text                  ro code   0x800'00ec  0x240  GpioInput.o [1]
  .text                  ro code   0x800'032c    0x8  GpioOutput.o [1]
  .text                  ro code   0x800'0334  0x200  stm32f1xx_hal_gpio.o [1]
  .text                  ro code   0x800'0534  0x1e2  Interrupt.o [1]
  .rodata                const     0x800'0716    0x1  unwind_debug.o [5]
  .text                  ro code   0x800'0718    0xc  GpioOutput.o [1]
  .text                  ro code   0x800'0724  0x10a  stm32f1xx_hal_cortex.o [1]
  .text                  ro code   0x800'0830  0x138  GpioOutput.o [1]
  .text                  ro code   0x800'0968  0x10c  main.o [1]
  .text                  ro code   0x800'0a74   0x24  stm32f1xx_hal.o [1]
  .text                  ro code   0x800'0a98    0xc  main.o [1]
  .text                  ro code   0x800'0aa4   0x28  stm32f1xx_hal.o [1]
  .text                  ro code   0x800'0acc   0x58  system_stm32f1xx.o [1]
  .text                  ro code   0x800'0b24   0x38  packbits_init_single.o [4]
  .text                  ro code   0x800'0b5c   0x28  data_init.o [4]
  .iar.init_table        const     0x800'0b84   0x14  - Linker created -
  .text                  ro code   0x800'0b98   0x20  cmain_call_ctors.o [4]
  .text                  ro code   0x800'0bb8   0x18  cppinit.o [2]
  .text                  ro code   0x800'0bd0   0x1e  cmain.o [4]
  .text                  ro code   0x800'0bee    0x4  low_level_init.o [2]
  .text                  ro code   0x800'0bf2    0x4  exit.o [2]
  .text                  ro code   0x800'0bf8    0xa  cexit.o [4]
  .text                  ro code   0x800'0c04   0x14  exit.o [5]
  .rodata                const     0x800'0c18   0x1c  GpioInput.o [1]
  .rodata                const     0x800'0c34   0x1c  GpioOutput.o [1]
  .rodata                const     0x800'0c50   0x1c  GpioOutput.o [1]
  .text                  ro code   0x800'0c6c   0x1c  stm32f1xx_it.o [1]
  .text                  ro code   0x800'0c88   0x10  stm32f1xx_hal.o [1]
  .text                  ro code   0x800'0c98   0x10  startup_stm32f103xb.o [1]
  .text                  ro code   0x800'0ca8    0xc  cstartup_M.o [4]
  .text                  ro code   0x800'0cb4    0x4  startup_stm32f103xb.o [1]
  .text                  ro code   0x800'0cb8    0x4  startup_stm32f103xb.o [1]
  .text                  ro code   0x800'0cbc    0x4  startup_stm32f103xb.o [1]
  .text                  ro code   0x800'0cc0    0x4  startup_stm32f103xb.o [1]
  .text                  ro code   0x800'0cc4    0x4  startup_stm32f103xb.o [1]
  .text                  ro code   0x800'0cc8    0x4  startup_stm32f103xb.o [1]
  .text                  ro code   0x800'0ccc    0x4  startup_stm32f103xb.o [1]
  .text                  ro code   0x800'0cd0    0x4  startup_stm32f103xb.o [1]
  .text                  ro code   0x800'0cd4    0x4  startup_stm32f103xb.o [1]
  .text                  ro code   0x800'0cd8    0x4  startup_stm32f103xb.o [1]
  .text                  ro code   0x800'0cdc    0x4  startup_stm32f103xb.o [1]
  .text                  ro code   0x800'0ce0    0x4  startup_stm32f103xb.o [1]
  .text                  ro code   0x800'0ce4    0x4  startup_stm32f103xb.o [1]
  .text                  ro code   0x800'0ce8    0x4  startup_stm32f103xb.o [1]
  .text                  ro code   0x800'0cec    0x4  startup_stm32f103xb.o [1]
  .text                  ro code   0x800'0cf0    0x4  startup_stm32f103xb.o [1]
  .text                  ro code   0x800'0cf4    0x4  startup_stm32f103xb.o [1]
  .text                  ro code   0x800'0cf8    0x4  startup_stm32f103xb.o [1]
  .text                  ro code   0x800'0cfc    0x4  startup_stm32f103xb.o [1]
  .text                  ro code   0x800'0d00    0x4  startup_stm32f103xb.o [1]
  .text                  ro code   0x800'0d04    0x4  startup_stm32f103xb.o [1]
  .text                  ro code   0x800'0d08    0x4  startup_stm32f103xb.o [1]
  .text                  ro code   0x800'0d0c    0x4  startup_stm32f103xb.o [1]
  .text                  ro code   0x800'0d10    0x4  startup_stm32f103xb.o [1]
  .text                  ro code   0x800'0d14    0x4  startup_stm32f103xb.o [1]
  .text                  ro code   0x800'0d18    0x4  startup_stm32f103xb.o [1]
  .text                  ro code   0x800'0d1c    0x4  startup_stm32f103xb.o [1]
  .text                  ro code   0x800'0d20    0x4  startup_stm32f103xb.o [1]
  .text                  ro code   0x800'0d24    0x4  startup_stm32f103xb.o [1]
  .text                  ro code   0x800'0d28    0x4  startup_stm32f103xb.o [1]
  .text                  ro code   0x800'0d2c    0x4  startup_stm32f103xb.o [1]
  .text                  ro code   0x800'0d30    0x4  startup_stm32f103xb.o [1]
  .text                  ro code   0x800'0d34    0x4  startup_stm32f103xb.o [1]
  .text                  ro code   0x800'0d38    0x4  startup_stm32f103xb.o [1]
  .text                  ro code   0x800'0d3c    0x4  startup_stm32f103xb.o [1]
  .text                  ro code   0x800'0d40    0x4  startup_stm32f103xb.o [1]
  SHT$$PREINIT_ARRAY               0x800'0d44    0x0  <Block>
  SHT$$INIT_ARRAY                  0x800'0d44    0x4  <Block>
    .init_array          const     0x800'0d44    0x4  main.o [1]
  __iar_tls$$INIT_ARRAY            0x800'0d48    0x0  <Block>
  .rodata                const     0x800'0d48    0x0  packbits_init_single.o [4]
  Initializer bytes      const     0x800'0d48    0x7  <for P2-1>
                                 - 0x800'0d4f  0xc63

Absolute sections:                             0x100
  .noinit                uninit   0x2000'0100  0x100  Interrupt.o [1]
                                - 0x2000'0200  0x100

"P2", part 1 of 2:                              0x2c
  P2-1                            0x2000'0200   0x2c  <Init block>
    .data                inited   0x2000'0200    0x4  system_stm32f1xx.o [1]
    .bss                 inited   0x2000'0204    0xc  main.o [1]
    .bss                 inited   0x2000'0210   0x18  main.o [1]
    .bss                 inited   0x2000'0228    0x4  stm32f1xx_hal.o [1]
                                - 0x2000'022c   0x2c

"P2", part 2 of 2:                             0x800
  CSTACK                          0x2000'0230  0x800  <Block>
    CSTACK               uninit   0x2000'0230  0x800  <Block tail>
                                - 0x2000'0a30  0x800

Unused ranges:

         From           To    Size
         ----           --    ----
   0x800'0d4f   0x800'ffff  0xf2b1
  0x2000'0000  0x2000'00ff   0x100
  0x2000'022c  0x2000'022f     0x4
  0x2000'0a30  0x2000'4fff  0x45d0


*******************************************************************************
*** INIT TABLE
***

          Address      Size
          -------      ----
Copy/packbits (__iar_packbits_init_single3)
    1 source range, total size 0x7 (15% of destination):
           0x800'0d48   0x7
    1 destination range, total size 0x2c:
          0x2000'0200  0x2c

Extra (__iar_cstart_call_ctors)



*******************************************************************************
*** MODULE SUMMARY
***

    Module                  ro code  ro data  rw data  rw data
                                                        (abs)
    ------                  -------  -------  -------  -------
command line/config:
    ----------------------------------------------------------
    Total:

C:\Amit_Chaudhary\STM32\Projects\IAR\IAR_Projects\CPP_Drivers\Gpio\IAR\Debug\Obj: [1]
    GpioInput.o                 576       28
    GpioOutput.o                332       56
    Interrupt.o                 482                        256
    main.o                      280       10       36
    startup_stm32f103xb.o       396
    stm32f1xx_hal.o              92        1        4
    stm32f1xx_hal_cortex.o      266
    stm32f1xx_hal_gpio.o        512
    stm32f1xx_it.o               28
    system_stm32f1xx.o           88                 4
    ----------------------------------------------------------
    Total:                    3 052       95       44      256

dl7M_tln.a: [2]
    cppinit.o                    24
    exit.o                        4
    low_level_init.o              4
    ----------------------------------------------------------
    Total:                       32

dlpp7M_tl_nc.a: [3]
    ----------------------------------------------------------
    Total:

rt7M_tl.a: [4]
    cexit.o                      10
    cmain.o                      30
    cmain_call_ctors.o           32
    cstartup_M.o                 12
    data_init.o                  40
    packbits_init_single.o       56
    ----------------------------------------------------------
    Total:                      180

shb_l.a: [5]
    exit.o                       20
    unwind_debug.o                         1
    ----------------------------------------------------------
    Total:                       20        1

    Gaps                          7
    Linker created                        20    2 048
--------------------------------------------------------------
    Grand Total:              3 291      116    2 092      256


*******************************************************************************
*** ENTRY LIST
***

Entry                       Address   Size  Type      Object
-----                       -------   ----  ----      ------
.iar.init_table$$Base    0x800'0b84          --   Gb  - Linker created -
.iar.init_table$$Limit   0x800'0b98          --   Gb  - Linker created -
?main                    0x800'0bd1         Code  Gb  cmain.o [4]
BusFault_Handler         0x800'0c73    0x2  Code  Gb  stm32f1xx_it.o [1]
CSTACK$$Base            0x2000'0230          --   Gb  - Linker created -
CSTACK$$Limit           0x2000'0a30          --   Gb  - Linker created -
DebugMon_Handler         0x800'0c79    0x2  Code  Gb  stm32f1xx_it.o [1]
EXTI0_IRQHandler         0x800'06e5    0xa  Code  Gb  Interrupt.o [1]
EXTI15_10_IRQHandler     0x800'063b   0x92  Code  Gb  Interrupt.o [1]
EXTI1_IRQHandler         0x800'06ef    0xa  Code  Gb  Interrupt.o [1]
EXTI2_IRQHandler         0x800'06f9    0xa  Code  Gb  Interrupt.o [1]
EXTI3_IRQHandler         0x800'0703    0xa  Code  Gb  Interrupt.o [1]
EXTI4_IRQHandler         0x800'070d    0xa  Code  Gb  Interrupt.o [1]
EXTI9_5_IRQHandler       0x800'05c7   0x74  Code  Gb  Interrupt.o [1]
HAL_GPIO_Init            0x800'0335  0x1b4  Code  Gb  stm32f1xx_hal_gpio.o [1]
HAL_GPIO_TogglePin       0x800'04e9    0xa  Code  Gb  stm32f1xx_hal_gpio.o [1]
HAL_IncTick              0x800'0c89   0x10  Code  Wk  stm32f1xx_hal.o [1]
HAL_Init                 0x800'0a75   0x20  Code  Gb  stm32f1xx_hal.o [1]
HAL_MspInit              0x800'09bb   0x98  Code  Gb  main.o [1]
HAL_NVIC_SetPriority     0x800'07df   0x22  Code  Gb  stm32f1xx_hal_cortex.o [1]
HAL_NVIC_SetPriorityGrouping
                         0x800'07d7    0x8  Code  Gb  stm32f1xx_hal_cortex.o [1]
HAL_SYSTICK_Config       0x800'0801    0x8  Code  Gb  stm32f1xx_hal_cortex.o [1]
HAL_SYSTICK_IRQHandler   0x800'0825    0x8  Code  Gb  stm32f1xx_hal_cortex.o [1]
HardFault_Handler        0x800'0c6f    0x2  Code  Gb  stm32f1xx_it.o [1]
LED                     0x2000'0204    0xc  Data  Gb  main.o [1]
Led()                    0x800'09ad    0xe  Code  Gb  main.o [1]
MemManage_Handler        0x800'0c71    0x2  Code  Gb  stm32f1xx_it.o [1]
NMI_Handler              0x800'0c6d    0x2  Code  Gb  stm32f1xx_it.o [1]
PendSV_Handler           0x800'0c7b    0x2  Code  Gb  stm32f1xx_it.o [1]
Peripherals::GpioInput::ConfigureInterrupt()
                         0x800'02fd   0x30  Code  Gb  GpioInput.o [1]
Peripherals::GpioInput::GpioInput(GPIO_TypeDef *, unsigned short, void (*)(), Peripherals::GpioInput::Intr_Event_Edge_t, Peripherals::GpioInput::PULL_t)
                         0x800'00ed   0x30  Code  Gb  GpioInput.o [1]
Peripherals::GpioInput::HwInit()
                         0x800'01d3  0x10c  Code  Gb  GpioInput.o [1]
Peripherals::GpioInput::MapPin2ExtLine()
                         0x800'011d   0xb6  Code  Gb  GpioInput.o [1]
Peripherals::GpioOutput::GpioOutput(GPIO_TypeDef *, unsigned short)
                         0x800'0831   0x22  Code  Gb  GpioOutput.o [1]
Peripherals::GpioOutput::HwInit()
                         0x800'0853   0xf8  Code  Gb  GpioOutput.o [1]
Peripherals::GpioOutput::ToggleOutput()
                         0x800'0a99    0xc  Code  Gb  main.o [1]
Peripherals::Interrupt::EnableInterrupt(Peripherals::Interrupt::IRQn)
                         0x800'0555   0x18  Code  Gb  Interrupt.o [1]
Peripherals::Interrupt::RegisterInterrupt_Vct_Table(void (*)(), Peripherals::Interrupt::IRQn, unsigned char, unsigned char)
                         0x800'056d   0x36  Code  Gb  Interrupt.o [1]
Peripherals::Interrupt::Relocate_Vector_Table()
                         0x800'05a3   0x24  Code  Gb  Interrupt.o [1]
Peripherals::Peripheral::Peripheral()
                         0x800'0719    0xc  Code  Gb  GpioOutput.o [1]
Peripherals::Peripheral::Peripheral() [subobject]
                         0x800'032d    0x8  Code  Gb  GpioOutput.o [1]
Peripherals::Vectors_RAM
                        0x2000'0100  0x100  Data  Gb  Interrupt.o [1]
Region$$Table$$Base      0x800'0b84          --   Gb  - Linker created -
Region$$Table$$Limit     0x800'0b98          --   Gb  - Linker created -
SHT$$INIT_ARRAY$$Base    0x800'0d44          --   Gb  - Linker created -
SHT$$INIT_ARRAY$$Limit   0x800'0d48          --   Gb  - Linker created -
SHT$$PREINIT_ARRAY$$Base
                         0x800'0d44          --   Gb  - Linker created -
SHT$$PREINIT_ARRAY$$Limit
                         0x800'0d44          --   Gb  - Linker created -
SVC_Handler              0x800'0c77    0x2  Code  Gb  stm32f1xx_it.o [1]
SysTick_Handler          0x800'0c7d    0xc  Code  Gb  stm32f1xx_it.o [1]
SystemCoreClock         0x2000'0200    0x4  Data  Gb  system_stm32f1xx.o [1]
SystemInit               0x800'0acd   0x3e  Code  Gb  system_stm32f1xx.o [1]
TouchButton             0x2000'0210   0x18  Data  Gb  main.o [1]
UsageFault_Handler       0x800'0c75    0x2  Code  Gb  stm32f1xx_it.o [1]
Virtual function table for Peripherals::GpioInput
                         0x800'0c18   0x1c  Data  Gb  GpioInput.o [1]
Virtual function table for Peripherals::GpioOutput
                         0x800'0c50   0x1c  Data  Gb  GpioOutput.o [1]
Virtual function table for Peripherals::Peripheral
                         0x800'0c34   0x1c  Data  Gb  GpioOutput.o [1]
[local to Interrupt_cpp]::LL_EXTI_DisableIT_0_31(unsigned int)
                         0x800'0535    0xc  Code  Lc  Interrupt.o [1]
[local to Interrupt_cpp]::LL_EXTI_IsEnabledIT_0_31(unsigned int)
                         0x800'0541   0x14  Code  Lc  Interrupt.o [1]
[local to stm32f1xx_hal_cortex_c]::NVIC_EncodePriority(unsigned int, unsigned int, unsigned int)
                         0x800'076d   0x3c  Code  Lc  stm32f1xx_hal_cortex.o [1]
[local to stm32f1xx_hal_cortex_c]::NVIC_GetPriorityGrouping()
                         0x800'073f    0xa  Code  Lc  stm32f1xx_hal_cortex.o [1]
[local to stm32f1xx_hal_cortex_c]::NVIC_SetPriority(IRQn_Type, unsigned int)
                         0x800'0749   0x24  Code  Lc  stm32f1xx_hal_cortex.o [1]
[local to stm32f1xx_hal_cortex_c]::NVIC_SetPriorityGrouping(unsigned int)
                         0x800'0725   0x1a  Code  Lc  stm32f1xx_hal_cortex.o [1]
[local to stm32f1xx_hal_cortex_c]::SysTick_Config(unsigned int)
                         0x800'07a9   0x2e  Code  Lc  stm32f1xx_hal_cortex.o [1]
__call_ctors             0x800'0bb9   0x18  Code  Gb  cppinit.o [2]
__cmain                  0x800'0bd1         Code  Gb  cmain.o [4]
__exit                   0x800'0c05   0x14  Code  Gb  exit.o [5]
__iar_cstart_call_ctors
                         0x800'0b99   0x20  Code  Gb  cmain_call_ctors.o [4]
__iar_data_init3         0x800'0b5d   0x28  Code  Gb  data_init.o [4]
__iar_debug_exceptions   0x800'0716    0x1  Data  Gb  unwind_debug.o [5]
__iar_packbits_init_single3
                         0x800'0b25   0x38  Code  Gb  packbits_init_single.o [4]
__iar_program_start      0x800'0ca9         Code  Gb  cstartup_M.o [4]
__iar_tls$$INIT_ARRAY$$Base
                         0x800'0d48          --   Gb  - Linker created -
__iar_tls$$INIT_ARRAY$$Limit
                         0x800'0d48          --   Gb  - Linker created -
__low_level_init         0x800'0bef    0x4  Code  Gb  low_level_init.o [2]
__sti__routine           0x800'0969   0x28  Code  Lc  main.o [1]
__vector_table           0x800'0000         Data  Gb  startup_stm32f103xb.o [1]
_call_main               0x800'0bdd         Code  Gb  cmain.o [4]
_exit                    0x800'0bf9         Code  Gb  cexit.o [4]
_main                    0x800'0beb         Code  Gb  cmain.o [4]
exit                     0x800'0bf3    0x4  Code  Gb  exit.o [2]
main                     0x800'0991   0x1c  Code  Gb  main.o [1]
uwTick                  0x2000'0228    0x4  Data  Gb  stm32f1xx_hal.o [1]


[1] = C:\Amit_Chaudhary\STM32\Projects\IAR\IAR_Projects\CPP_Drivers\Gpio\IAR\Debug\Obj
[2] = dl7M_tln.a
[3] = dlpp7M_tl_nc.a
[4] = rt7M_tl.a
[5] = shb_l.a

  3 291 bytes of readonly  code memory
    116 bytes of readonly  data memory
  2 092 bytes of readwrite data memory (+ 256 absolute)

Errors: none
Warnings: none
