###############################################################################
#
# IAR ELF Linker V8.30.1.114/W32 for ARM                  06/Aug/2018  20:32:10
# Copyright 2007-2018 IAR Systems AB.
#
#    Output file  =  
#        C:\Amit
#        Caudhary\STM\STM32_IAR\IAR_Projects\CPP_Drivers\Gpio\IAR\Debug\Exe\Gpio.out
#    Map file     =  
#        C:\Amit
#        Caudhary\STM\STM32_IAR\IAR_Projects\CPP_Drivers\Gpio\IAR\Debug\List\Gpio.map
#    Command line =  
#        -f C:\Users\AMITCH~1\AppData\Local\Temp\EWEAB0.tmp ("C:\Amit
#        Caudhary\STM\STM32_IAR\IAR_Projects\CPP_Drivers\Gpio\IAR\Debug\Obj\GpioOutput.o"
#        "C:\Amit
#        Caudhary\STM\STM32_IAR\IAR_Projects\CPP_Drivers\Gpio\IAR\Debug\Obj\main.o"
#        "C:\Amit
#        Caudhary\STM\STM32_IAR\IAR_Projects\CPP_Drivers\Gpio\IAR\Debug\Obj\Peripheral.o"
#        "C:\Amit
#        Caudhary\STM\STM32_IAR\IAR_Projects\CPP_Drivers\Gpio\IAR\Debug\Obj\stm32f1xx_hal.o"
#        "C:\Amit
#        Caudhary\STM\STM32_IAR\IAR_Projects\CPP_Drivers\Gpio\IAR\Debug\Obj\stm32f1xx_hal_cortex.o"
#        "C:\Amit
#        Caudhary\STM\STM32_IAR\IAR_Projects\CPP_Drivers\Gpio\IAR\Debug\Obj\stm32f1xx_hal_gpio.o"
#        "C:\Amit
#        Caudhary\STM\STM32_IAR\IAR_Projects\CPP_Drivers\Gpio\IAR\Debug\Obj\stm32f1xx_hal_pwr.o"
#        "C:\Amit
#        Caudhary\STM\STM32_IAR\IAR_Projects\CPP_Drivers\Gpio\IAR\Debug\Obj\stm32f1xx_hal_rcc.o"
#        "C:\Amit
#        Caudhary\STM\STM32_IAR\IAR_Projects\CPP_Drivers\Gpio\IAR\Debug\Obj\stm32f1xx_hal_rcc_ex.o"
#        "C:\Amit
#        Caudhary\STM\STM32_IAR\IAR_Projects\CPP_Drivers\Gpio\IAR\Debug\Obj\stm32f1xx_it.o"
#        "C:\Amit
#        Caudhary\STM\STM32_IAR\IAR_Projects\CPP_Drivers\Gpio\IAR\Debug\Obj\system_stm32f1xx.o"
#        --no_out_extension -o "C:\Amit
#        Caudhary\STM\STM32_IAR\IAR_Projects\CPP_Drivers\Gpio\IAR\Debug\Exe\Gpio.out"
#        --redirect _Printf=_PrintfFullNoMb --redirect _Scanf=_ScanfFullNoMb
#        --map "C:\Amit
#        Caudhary\STM\STM32_IAR\IAR_Projects\CPP_Drivers\Gpio\IAR\Debug\List\Gpio.map"
#        --config "C:\Program Files (x86)\IAR Systems\Embedded Workbench
#        8.1\arm\config\linker\ST\stm32f103x8.icf" --semihosting --entry
#        __iar_program_start --vfe --text_out locale)
#
###############################################################################

*******************************************************************************
*** RUNTIME MODEL ATTRIBUTES
***

CppFlavor                     = *
__CPP_Exceptions              = Disabled
__CPP_Language                = C++14
__Heap_Handler                = Basic
__SystemLibrary               = DLib
__dlib_dynamic_initialization = normal
__dlib_version                = 6


*******************************************************************************
*** HEAP SELECTION
***

The basic heap was selected because no calls to memory allocation
functions were found in the application outside of system library
functions, and there are calls to deallocation functions in the
application.


*******************************************************************************
*** PLACEMENT SUMMARY
***

"A0":  place at 0x800'0000 { ro section .intvec };
"P1":  place in [from 0x800'0000 to 0x800'ffff] { ro };
define block CSTACK with size = 2K, alignment = 8 { };
define block HEAP with size = 2K, alignment = 8 { };
"P2":  place in [from 0x2000'0000 to 0x2000'4fff] {
          rw, block CSTACK, block HEAP };
initialize by copy { rw };

  Section                Kind         Address   Size  Object
  -------                ----         -------   ----  ------
"A0":                                           0x40
  .intvec                ro code   0x800'0000   0x40  vector_table_M.o [4]
                                 - 0x800'0040   0x40

"P1":                                          0x74b
  .text                  ro code   0x800'0040  0x208  stm32f1xx_hal_gpio.o [1]
  .text                  ro code   0x800'0248  0x138  GpioOutput.o [1]
  .text                  ro code   0x800'0380    0x8  GpioOutput.o [1]
  .text                  ro code   0x800'0388    0xc  GpioOutput.o [1]
  .text                  ro code   0x800'0394  0x10a  stm32f1xx_hal_cortex.o [1]
  .rodata                const     0x800'049e    0x1  unwind_debug.o [5]
  .text                  ro code   0x800'04a0   0xe8  main.o [1]
  .text                  ro code   0x800'0588   0x24  stm32f1xx_hal.o [1]
  .text                  ro code   0x800'05ac    0xe  main.o [1]
  .text                  ro code   0x800'05ba   0x1e  stm32f1xx_hal.o [1]
  .text                  ro code   0x800'05d8    0xe  main.o [1]
  .text                  ro code   0x800'05e8   0x28  stm32f1xx_hal.o [1]
  .text                  ro code   0x800'0610    0xc  stm32f1xx_hal.o [1]
  .text                  ro code   0x800'061c   0x38  packbits_init_single.o [4]
  .text                  ro code   0x800'0654   0x28  data_init.o [4]
  .iar.init_table        const     0x800'067c   0x14  - Linker created -
  .text                  ro code   0x800'0690   0x20  cmain_call_ctors.o [4]
  .text                  ro code   0x800'06b0   0x18  cppinit.o [2]
  .text                  ro code   0x800'06c8   0x1e  cmain.o [4]
  .text                  ro code   0x800'06e6    0x4  low_level_init.o [2]
  .text                  ro code   0x800'06ea    0x4  exit.o [2]
  .text                  ro code   0x800'06f0    0xa  cexit.o [4]
  .text                  ro code   0x800'06fc   0x14  exit.o [5]
  .rodata                const     0x800'0710   0x1c  GpioOutput.o [1]
  .rodata                const     0x800'072c   0x1c  GpioOutput.o [1]
  .text                  ro code   0x800'0748   0x1c  stm32f1xx_it.o [1]
  .text                  ro code   0x800'0764   0x10  stm32f1xx_hal.o [1]
  .text                  ro code   0x800'0774    0xc  cstartup_M.o [4]
  SHT$$PREINIT_ARRAY               0x800'0780    0x0  <Block>
  SHT$$INIT_ARRAY                  0x800'0780    0x4  <Block>
    .init_array          const     0x800'0780    0x4  main.o [1]
  __iar_tls$$INIT_ARRAY            0x800'0784    0x0  <Block>
  .rodata                const     0x800'0784    0x0  packbits_init_single.o [4]
  Initializer bytes      const     0x800'0784    0x7  <for P2-1>
                                 - 0x800'078b  0x74b

"P2", part 1 of 2:                              0x14
  P2-1                            0x2000'0000   0x14  <Init block>
    .data                inited   0x2000'0000    0x4  system_stm32f1xx.o [1]
    .bss                 inited   0x2000'0004    0xc  main.o [1]
    .bss                 inited   0x2000'0010    0x4  stm32f1xx_hal.o [1]
                                - 0x2000'0014   0x14

"P2", part 2 of 2:                             0x800
  CSTACK                          0x2000'0018  0x800  <Block>
    CSTACK               uninit   0x2000'0018  0x800  <Block tail>
                                - 0x2000'0818  0x800

Unused ranges:

         From           To    Size
         ----           --    ----
   0x800'078b   0x800'ffff  0xf875
  0x2000'0014  0x2000'0017     0x4
  0x2000'0818  0x2000'4fff  0x47e8


*******************************************************************************
*** INIT TABLE
***

          Address      Size
          -------      ----
Copy/packbits (__iar_packbits_init_single3)
    1 source range, total size 0x7 (35% of destination):
           0x800'0784   0x7
    1 destination range, total size 0x14:
          0x2000'0000  0x14

Extra (__iar_cstart_call_ctors)



*******************************************************************************
*** MODULE SUMMARY
***

    Module                  ro code  ro data  rw data
    ------                  -------  -------  -------
command line/config:
    -------------------------------------------------
    Total:

C:\Amit Caudhary\STM\STM32_IAR\IAR_Projects\CPP_Drivers\Gpio\IAR\Debug\Obj: [1]
    GpioOutput.o                332       56
    main.o                      260        8       12
    stm32f1xx_hal.o             134        2        4
    stm32f1xx_hal_cortex.o      266
    stm32f1xx_hal_gpio.o        520
    stm32f1xx_it.o               28
    system_stm32f1xx.o                     1        4
    -------------------------------------------------
    Total:                    1 540       67       20

dl7M_tln.a: [2]
    cppinit.o                    24
    exit.o                        4
    low_level_init.o              4
    -------------------------------------------------
    Total:                       32

dlpp7M_tl_nc.a: [3]
    -------------------------------------------------
    Total:

rt7M_tl.a: [4]
    cexit.o                      10
    cmain.o                      30
    cmain_call_ctors.o           32
    cstartup_M.o                 12
    data_init.o                  40
    packbits_init_single.o       56
    vector_table_M.o             64
    -------------------------------------------------
    Total:                      244

shb_l.a: [5]
    exit.o                       20
    unwind_debug.o                         1
    -------------------------------------------------
    Total:                       20        1

    Gaps                          7
    Linker created                        20    2 048
-----------------------------------------------------
    Grand Total:              1 843       88    2 068


*******************************************************************************
*** ENTRY LIST
***

Entry                       Address   Size  Type      Object
-----                       -------   ----  ----      ------
.iar.init_table$$Base    0x800'067c          --   Gb  - Linker created -
.iar.init_table$$Limit   0x800'0690          --   Gb  - Linker created -
?main                    0x800'06c9         Code  Gb  cmain.o [4]
BusFault_Handler         0x800'074f    0x2  Code  Gb  stm32f1xx_it.o [1]
CSTACK$$Base            0x2000'0018          --   Gb  - Linker created -
CSTACK$$Limit           0x2000'0818          --   Gb  - Linker created -
DebugMon_Handler         0x800'0755    0x2  Code  Gb  stm32f1xx_it.o [1]
HAL_Delay                0x800'05bb   0x1e  Code  Wk  stm32f1xx_hal.o [1]
HAL_GPIO_Init            0x800'0041  0x1b4  Code  Gb  stm32f1xx_hal_gpio.o [1]
HAL_GPIO_WritePin        0x800'01f5   0x14  Code  Gb  stm32f1xx_hal_gpio.o [1]
HAL_IncTick              0x800'0765   0x10  Code  Wk  stm32f1xx_hal.o [1]
HAL_Init                 0x800'0589   0x20  Code  Gb  stm32f1xx_hal.o [1]
HAL_MspInit              0x800'04dd   0x98  Code  Gb  main.o [1]
HAL_NVIC_SetPriority     0x800'044f   0x22  Code  Gb  stm32f1xx_hal_cortex.o [1]
HAL_NVIC_SetPriorityGrouping
                         0x800'0447    0x8  Code  Gb  stm32f1xx_hal_cortex.o [1]
HAL_SYSTICK_Config       0x800'0471    0x8  Code  Gb  stm32f1xx_hal_cortex.o [1]
HAL_SYSTICK_IRQHandler   0x800'0495    0x8  Code  Gb  stm32f1xx_hal_cortex.o [1]
HardFault_Handler        0x800'074b    0x2  Code  Gb  stm32f1xx_it.o [1]
LED                     0x2000'0004    0xc  Data  Gb  main.o [1]
MemManage_Handler        0x800'074d    0x2  Code  Gb  stm32f1xx_it.o [1]
NMI_Handler              0x800'0749    0x2  Code  Gb  stm32f1xx_it.o [1]
PendSV_Handler           0x800'0757    0x2  Code  Gb  stm32f1xx_it.o [1]
Peripherals::GpioOutput::GpioOutput(GPIO_TypeDef *, unsigned short)
                         0x800'0249   0x22  Code  Gb  GpioOutput.o [1]
Peripherals::GpioOutput::HwInit()
                         0x800'026b   0xf8  Code  Gb  GpioOutput.o [1]
Peripherals::GpioOutput::Off()
                         0x800'05d9    0xe  Code  Gb  main.o [1]
Peripherals::GpioOutput::On()
                         0x800'05ad    0xe  Code  Gb  main.o [1]
Peripherals::Peripheral::Peripheral()
                         0x800'0389    0xc  Code  Gb  GpioOutput.o [1]
Peripherals::Peripheral::Peripheral() [subobject]
                         0x800'0381    0x8  Code  Gb  GpioOutput.o [1]
Region$$Table$$Base      0x800'067c          --   Gb  - Linker created -
Region$$Table$$Limit     0x800'0690          --   Gb  - Linker created -
SHT$$INIT_ARRAY$$Base    0x800'0780          --   Gb  - Linker created -
SHT$$INIT_ARRAY$$Limit   0x800'0784          --   Gb  - Linker created -
SHT$$PREINIT_ARRAY$$Base
                         0x800'0780          --   Gb  - Linker created -
SHT$$PREINIT_ARRAY$$Limit
                         0x800'0780          --   Gb  - Linker created -
SVC_Handler              0x800'0753    0x2  Code  Gb  stm32f1xx_it.o [1]
SysTick_Handler          0x800'0759    0xc  Code  Gb  stm32f1xx_it.o [1]
SystemCoreClock         0x2000'0000    0x4  Data  Gb  system_stm32f1xx.o [1]
UsageFault_Handler       0x800'0751    0x2  Code  Gb  stm32f1xx_it.o [1]
Virtual function table for Peripherals::GpioOutput
                         0x800'072c   0x1c  Data  Gb  GpioOutput.o [1]
Virtual function table for Peripherals::Peripheral
                         0x800'0710   0x1c  Data  Gb  GpioOutput.o [1]
[local to stm32f1xx_hal_cortex_c]::NVIC_EncodePriority(unsigned int, unsigned int, unsigned int)
                         0x800'03dd   0x3c  Code  Lc  stm32f1xx_hal_cortex.o [1]
[local to stm32f1xx_hal_cortex_c]::NVIC_GetPriorityGrouping()
                         0x800'03af    0xa  Code  Lc  stm32f1xx_hal_cortex.o [1]
[local to stm32f1xx_hal_cortex_c]::NVIC_SetPriority(IRQn_Type, unsigned int)
                         0x800'03b9   0x24  Code  Lc  stm32f1xx_hal_cortex.o [1]
[local to stm32f1xx_hal_cortex_c]::NVIC_SetPriorityGrouping(unsigned int)
                         0x800'0395   0x1a  Code  Lc  stm32f1xx_hal_cortex.o [1]
[local to stm32f1xx_hal_cortex_c]::SysTick_Config(unsigned int)
                         0x800'0419   0x2e  Code  Lc  stm32f1xx_hal_cortex.o [1]
__call_ctors             0x800'06b1   0x18  Code  Gb  cppinit.o [2]
__cmain                  0x800'06c9         Code  Gb  cmain.o [4]
__exit                   0x800'06fd   0x14  Code  Gb  exit.o [5]
__iar_cstart_call_ctors
                         0x800'0691   0x20  Code  Gb  cmain_call_ctors.o [4]
__iar_data_init3         0x800'0655   0x28  Code  Gb  data_init.o [4]
__iar_debug_exceptions   0x800'049e    0x1  Data  Gb  unwind_debug.o [5]
__iar_packbits_init_single3
                         0x800'061d   0x38  Code  Gb  packbits_init_single.o [4]
__iar_program_start      0x800'0775         Code  Gb  cstartup_M.o [4]
__iar_tls$$INIT_ARRAY$$Base
                         0x800'0784          --   Gb  - Linker created -
__iar_tls$$INIT_ARRAY$$Limit
                         0x800'0784          --   Gb  - Linker created -
__low_level_init         0x800'06e7    0x4  Code  Gb  low_level_init.o [2]
__sti__routine           0x800'04a1   0x10  Code  Lc  main.o [1]
__vector_table           0x800'0000         Data  Gb  vector_table_M.o [4]
_call_main               0x800'06d5         Code  Gb  cmain.o [4]
_exit                    0x800'06f1         Code  Gb  cexit.o [4]
_main                    0x800'06e3         Code  Gb  cmain.o [4]
exit                     0x800'06eb    0x4  Code  Gb  exit.o [2]
main                     0x800'04b1   0x2c  Code  Gb  main.o [1]
uwTick                  0x2000'0010    0x4  Data  Gb  stm32f1xx_hal.o [1]


[1] = C:\Amit Caudhary\STM\STM32_IAR\IAR_Projects\CPP_Drivers\Gpio\IAR\Debug\Obj
[2] = dl7M_tln.a
[3] = dlpp7M_tl_nc.a
[4] = rt7M_tl.a
[5] = shb_l.a

  1 843 bytes of readonly  code memory
     88 bytes of readonly  data memory
  2 068 bytes of readwrite data memory

Errors: none
Warnings: none
