###############################################################################
#
# IAR ELF Linker V8.30.1.114/W32 for ARM                  08/Aug/2018  20:56:30
# Copyright 2007-2018 IAR Systems AB.
#
#    Output file  =  
#        C:\Amit
#        Caudhary\STM\STM32_IAR\IAR_Projects\CPP_Drivers\Gpio\IAR\Debug\Exe\Gpio.out
#    Map file     =  
#        C:\Amit
#        Caudhary\STM\STM32_IAR\IAR_Projects\CPP_Drivers\Gpio\IAR\Debug\List\Gpio.map
#    Command line =  
#        -f C:\Users\AMITCH~1\AppData\Local\Temp\EWFA5F.tmp ("C:\Amit
#        Caudhary\STM\STM32_IAR\IAR_Projects\CPP_Drivers\Gpio\IAR\Debug\Obj\GpioInput.o"
#        "C:\Amit
#        Caudhary\STM\STM32_IAR\IAR_Projects\CPP_Drivers\Gpio\IAR\Debug\Obj\GpioOutput.o"
#        "C:\Amit
#        Caudhary\STM\STM32_IAR\IAR_Projects\CPP_Drivers\Gpio\IAR\Debug\Obj\Interrupt.o"
#        "C:\Amit
#        Caudhary\STM\STM32_IAR\IAR_Projects\CPP_Drivers\Gpio\IAR\Debug\Obj\main.o"
#        "C:\Amit
#        Caudhary\STM\STM32_IAR\IAR_Projects\CPP_Drivers\Gpio\IAR\Debug\Obj\Peripheral.o"
#        "C:\Amit
#        Caudhary\STM\STM32_IAR\IAR_Projects\CPP_Drivers\Gpio\IAR\Debug\Obj\startup_stm32f103xb.o"
#        "C:\Amit
#        Caudhary\STM\STM32_IAR\IAR_Projects\CPP_Drivers\Gpio\IAR\Debug\Obj\stm32f1xx_hal.o"
#        "C:\Amit
#        Caudhary\STM\STM32_IAR\IAR_Projects\CPP_Drivers\Gpio\IAR\Debug\Obj\stm32f1xx_hal_cortex.o"
#        "C:\Amit
#        Caudhary\STM\STM32_IAR\IAR_Projects\CPP_Drivers\Gpio\IAR\Debug\Obj\stm32f1xx_hal_gpio.o"
#        "C:\Amit
#        Caudhary\STM\STM32_IAR\IAR_Projects\CPP_Drivers\Gpio\IAR\Debug\Obj\stm32f1xx_hal_gpio_ex.o"
#        "C:\Amit
#        Caudhary\STM\STM32_IAR\IAR_Projects\CPP_Drivers\Gpio\IAR\Debug\Obj\stm32f1xx_hal_pwr.o"
#        "C:\Amit
#        Caudhary\STM\STM32_IAR\IAR_Projects\CPP_Drivers\Gpio\IAR\Debug\Obj\stm32f1xx_hal_rcc.o"
#        "C:\Amit
#        Caudhary\STM\STM32_IAR\IAR_Projects\CPP_Drivers\Gpio\IAR\Debug\Obj\stm32f1xx_hal_rcc_ex.o"
#        "C:\Amit
#        Caudhary\STM\STM32_IAR\IAR_Projects\CPP_Drivers\Gpio\IAR\Debug\Obj\stm32f1xx_it.o"
#        "C:\Amit
#        Caudhary\STM\STM32_IAR\IAR_Projects\CPP_Drivers\Gpio\IAR\Debug\Obj\stm32f1xx_ll_exti.o"
#        "C:\Amit
#        Caudhary\STM\STM32_IAR\IAR_Projects\CPP_Drivers\Gpio\IAR\Debug\Obj\system_stm32f1xx.o"
#        --no_out_extension -o "C:\Amit
#        Caudhary\STM\STM32_IAR\IAR_Projects\CPP_Drivers\Gpio\IAR\Debug\Exe\Gpio.out"
#        --redirect _Printf=_PrintfFullNoMb --redirect _Scanf=_ScanfFullNoMb
#        --map "C:\Amit
#        Caudhary\STM\STM32_IAR\IAR_Projects\CPP_Drivers\Gpio\IAR\Debug\List\Gpio.map"
#        --config "C:\Program Files (x86)\IAR Systems\Embedded Workbench
#        8.1\arm\config\linker\ST\stm32f103x8.icf" --semihosting --entry
#        __iar_program_start --vfe --text_out locale)
#
###############################################################################

*******************************************************************************
*** RUNTIME MODEL ATTRIBUTES
***

CppFlavor                     = *
__CPP_Exceptions              = Disabled
__CPP_Language                = C++14
__Heap_Handler                = Basic
__SystemLibrary               = DLib
__dlib_dynamic_initialization = normal
__dlib_version                = 6


*******************************************************************************
*** HEAP SELECTION
***

The basic heap was selected because no calls to memory allocation
functions were found in the application outside of system library
functions, and there are calls to deallocation functions in the
application.


*******************************************************************************
*** PLACEMENT SUMMARY
***

"A0":  place at 0x800'0000 { ro section .intvec };
"P1":  place in [from 0x800'0000 to 0x800'ffff] { ro };
define block CSTACK with size = 2K, alignment = 8 { };
define block HEAP with size = 2K, alignment = 8 { };
"P2":  place in [from 0x2000'0000 to 0x2000'4fff] {
          rw, block CSTACK, block HEAP };
initialize by copy { rw };

  Section                Kind         Address    Size  Object
  -------                ----         -------    ----  ------
"A0":                                            0xec
  .intvec                ro code   0x800'0000    0xec  startup_stm32f103xb.o [1]
                                 - 0x800'00ec    0xec

"P1":                                          0x11d0
  .text                  ro code   0x800'00ec   0x714  Interrupt.o [1]
  .text                  ro code   0x800'0800   0x240  GpioInput.o [1]
  .text                  ro code   0x800'0a40     0x8  GpioOutput.o [1]
  .text                  ro code   0x800'0a48   0x200  stm32f1xx_hal_gpio.o [1]
  .text                  ro code   0x800'0c48     0xc  GpioOutput.o [1]
  .text                  ro code   0x800'0c54   0x138  GpioOutput.o [1]
  .text                  ro code   0x800'0d8c   0x10a  stm32f1xx_hal_cortex.o [1]
  .text                  ro code   0x800'0e96    0x3a  zero_init3.o [4]
  .text                  ro code   0x800'0ed0   0x108  main.o [1]
  .text                  ro code   0x800'0fd8     0x2  main.o [1]
  .rodata                const     0x800'0fda     0x1  unwind_debug.o [5]
  .text                  ro code   0x800'0fdc    0x24  stm32f1xx_hal.o [1]
  .text                  ro code   0x800'1000     0xc  main.o [1]
  .text                  ro code   0x800'100c    0x28  stm32f1xx_hal.o [1]
  .text                  ro code   0x800'1034    0x58  system_stm32f1xx.o [1]
  .text                  ro code   0x800'108c    0x2c  copy_init3.o [4]
  .text                  ro code   0x800'10b8    0x28  data_init.o [4]
  .iar.init_table        const     0x800'10e0    0x28  - Linker created -
  .text                  ro code   0x800'1108    0x20  cmain_call_ctors.o [4]
  .text                  ro code   0x800'1128    0x18  cppinit.o [2]
  .text                  ro code   0x800'1140    0x1e  cmain.o [4]
  .text                  ro code   0x800'115e     0x4  low_level_init.o [2]
  .text                  ro code   0x800'1162     0x4  exit.o [2]
  .text                  ro code   0x800'1168     0xa  cexit.o [4]
  .text                  ro code   0x800'1174    0x14  exit.o [5]
  .rodata                const     0x800'1188    0x1c  GpioInput.o [1]
  .rodata                const     0x800'11a4    0x1c  GpioOutput.o [1]
  .rodata                const     0x800'11c0    0x1c  GpioOutput.o [1]
  .text                  ro code   0x800'11dc    0x1c  stm32f1xx_it.o [1]
  .text                  ro code   0x800'11f8    0x10  stm32f1xx_hal.o [1]
  .text                  ro code   0x800'1208    0x10  startup_stm32f103xb.o [1]
  .text                  ro code   0x800'1218     0xc  cstartup_M.o [4]
  .text                  ro code   0x800'1224     0x4  startup_stm32f103xb.o [1]
  .text                  ro code   0x800'1228     0x4  startup_stm32f103xb.o [1]
  .text                  ro code   0x800'122c     0x4  startup_stm32f103xb.o [1]
  .text                  ro code   0x800'1230     0x4  startup_stm32f103xb.o [1]
  .text                  ro code   0x800'1234     0x4  startup_stm32f103xb.o [1]
  .text                  ro code   0x800'1238     0x4  startup_stm32f103xb.o [1]
  .text                  ro code   0x800'123c     0x4  startup_stm32f103xb.o [1]
  .text                  ro code   0x800'1240     0x4  startup_stm32f103xb.o [1]
  .text                  ro code   0x800'1244     0x4  startup_stm32f103xb.o [1]
  .text                  ro code   0x800'1248     0x4  startup_stm32f103xb.o [1]
  .text                  ro code   0x800'124c     0x4  startup_stm32f103xb.o [1]
  .text                  ro code   0x800'1250     0x4  startup_stm32f103xb.o [1]
  .text                  ro code   0x800'1254     0x4  startup_stm32f103xb.o [1]
  .text                  ro code   0x800'1258     0x4  startup_stm32f103xb.o [1]
  .text                  ro code   0x800'125c     0x4  startup_stm32f103xb.o [1]
  .text                  ro code   0x800'1260     0x4  startup_stm32f103xb.o [1]
  .text                  ro code   0x800'1264     0x4  startup_stm32f103xb.o [1]
  .text                  ro code   0x800'1268     0x4  startup_stm32f103xb.o [1]
  .text                  ro code   0x800'126c     0x4  startup_stm32f103xb.o [1]
  .text                  ro code   0x800'1270     0x4  startup_stm32f103xb.o [1]
  .text                  ro code   0x800'1274     0x4  startup_stm32f103xb.o [1]
  .text                  ro code   0x800'1278     0x4  startup_stm32f103xb.o [1]
  .text                  ro code   0x800'127c     0x4  startup_stm32f103xb.o [1]
  .text                  ro code   0x800'1280     0x4  startup_stm32f103xb.o [1]
  .text                  ro code   0x800'1284     0x4  startup_stm32f103xb.o [1]
  .text                  ro code   0x800'1288     0x4  startup_stm32f103xb.o [1]
  .text                  ro code   0x800'128c     0x4  startup_stm32f103xb.o [1]
  .text                  ro code   0x800'1290     0x4  startup_stm32f103xb.o [1]
  .text                  ro code   0x800'1294     0x4  startup_stm32f103xb.o [1]
  .text                  ro code   0x800'1298     0x4  startup_stm32f103xb.o [1]
  .text                  ro code   0x800'129c     0x4  startup_stm32f103xb.o [1]
  .text                  ro code   0x800'12a0     0x4  startup_stm32f103xb.o [1]
  .text                  ro code   0x800'12a4     0x4  startup_stm32f103xb.o [1]
  .text                  ro code   0x800'12a8     0x4  startup_stm32f103xb.o [1]
  .text                  ro code   0x800'12ac     0x4  startup_stm32f103xb.o [1]
  .text                  ro code   0x800'12b0     0x4  startup_stm32f103xb.o [1]
  SHT$$PREINIT_ARRAY               0x800'12b4     0x0  <Block>
  SHT$$INIT_ARRAY                  0x800'12b4     0x4  <Block>
    .init_array          const     0x800'12b4     0x4  main.o [1]
  __iar_tls$$INIT_ARRAY            0x800'12b8     0x0  <Block>
  Initializer bytes      const     0x800'12b8     0x4  <for P2-1>
  .rodata                const     0x800'12bc     0x0  zero_init3.o [4]
  .rodata                const     0x800'12bc     0x0  copy_init3.o [4]
                                 - 0x800'12bc  0x11d0

"P2", part 1 of 3:                                0x4
  P2-1                            0x2000'0000     0x4  <Init block>
    .data                inited   0x2000'0000     0x4  system_stm32f1xx.o [1]
                                - 0x2000'0004     0x4

"P2", part 2 of 3:                              0x11c
  .bss                   zero     0x2000'0004    0x18  main.o [1]
  .bss                   zero     0x2000'001c     0xc  main.o [1]
  .bss                   zero     0x2000'0028     0x4  Interrupt.o [1]
  .bss                   zero     0x2000'002c     0x4  Interrupt.o [1]
  .bss                   zero     0x2000'0030     0x4  Interrupt.o [1]
  .bss                   zero     0x2000'0034     0x4  Interrupt.o [1]
  .bss                   zero     0x2000'0038     0x4  Interrupt.o [1]
  .bss                   zero     0x2000'003c     0x4  Interrupt.o [1]
  .bss                   zero     0x2000'0040     0x4  Interrupt.o [1]
  .bss                   zero     0x2000'0044     0x4  Interrupt.o [1]
  .bss                   zero     0x2000'0048     0x4  Interrupt.o [1]
  .bss                   zero     0x2000'004c     0x4  Interrupt.o [1]
  .bss                   zero     0x2000'0050     0x4  Interrupt.o [1]
  .bss                   zero     0x2000'0054     0x4  Interrupt.o [1]
  .bss                   zero     0x2000'0058     0x4  Interrupt.o [1]
  .bss                   zero     0x2000'005c     0x4  Interrupt.o [1]
  .bss                   zero     0x2000'0060     0x4  Interrupt.o [1]
  .bss                   zero     0x2000'0064     0x4  Interrupt.o [1]
  .bss                   zero     0x2000'0068     0x4  Interrupt.o [1]
  .bss                   zero     0x2000'006c     0x4  Interrupt.o [1]
  .bss                   zero     0x2000'0070     0x4  Interrupt.o [1]
  .bss                   zero     0x2000'0074     0x4  Interrupt.o [1]
  .bss                   zero     0x2000'0078     0x4  Interrupt.o [1]
  .bss                   zero     0x2000'007c     0x4  Interrupt.o [1]
  .bss                   zero     0x2000'0080     0x4  Interrupt.o [1]
  .bss                   zero     0x2000'0084     0x4  Interrupt.o [1]
  .bss                   zero     0x2000'0088     0x4  Interrupt.o [1]
  .bss                   zero     0x2000'008c     0x4  Interrupt.o [1]
  .bss                   zero     0x2000'0090     0x4  Interrupt.o [1]
  .bss                   zero     0x2000'0094     0x4  Interrupt.o [1]
  .bss                   zero     0x2000'0098     0x4  Interrupt.o [1]
  .bss                   zero     0x2000'009c     0x4  Interrupt.o [1]
  .bss                   zero     0x2000'00a0     0x4  Interrupt.o [1]
  .bss                   zero     0x2000'00a4     0x4  Interrupt.o [1]
  .bss                   zero     0x2000'00a8     0x4  Interrupt.o [1]
  .bss                   zero     0x2000'00ac     0x4  Interrupt.o [1]
  .bss                   zero     0x2000'00b0     0x4  Interrupt.o [1]
  .bss                   zero     0x2000'00b4     0x4  Interrupt.o [1]
  .bss                   zero     0x2000'00b8     0x4  Interrupt.o [1]
  .bss                   zero     0x2000'00bc     0x4  Interrupt.o [1]
  .bss                   zero     0x2000'00c0     0x4  Interrupt.o [1]
  .bss                   zero     0x2000'00c4     0x4  Interrupt.o [1]
  .bss                   zero     0x2000'00c8     0x4  Interrupt.o [1]
  .bss                   zero     0x2000'00cc     0x4  Interrupt.o [1]
  .bss                   zero     0x2000'00d0     0x4  Interrupt.o [1]
  .bss                   zero     0x2000'00d4     0x4  Interrupt.o [1]
  .bss                   zero     0x2000'00d8     0x4  Interrupt.o [1]
  .bss                   zero     0x2000'00dc     0x4  Interrupt.o [1]
  .bss                   zero     0x2000'00e0     0x4  Interrupt.o [1]
  .bss                   zero     0x2000'00e4     0x4  Interrupt.o [1]
  .bss                   zero     0x2000'00e8     0x4  Interrupt.o [1]
  .bss                   zero     0x2000'00ec     0x4  Interrupt.o [1]
  .bss                   zero     0x2000'00f0     0x4  Interrupt.o [1]
  .bss                   zero     0x2000'00f4     0x4  Interrupt.o [1]
  .bss                   zero     0x2000'00f8     0x4  Interrupt.o [1]
  .bss                   zero     0x2000'00fc     0x4  Interrupt.o [1]
  .bss                   zero     0x2000'0100     0x4  Interrupt.o [1]
  .bss                   zero     0x2000'0104     0x4  Interrupt.o [1]
  .bss                   zero     0x2000'0108     0x4  Interrupt.o [1]
  .bss                   zero     0x2000'010c     0x4  Interrupt.o [1]
  .bss                   zero     0x2000'0110     0x4  Interrupt.o [1]
  .bss                   zero     0x2000'0114     0x4  Interrupt.o [1]
  .bss                   zero     0x2000'0118     0x4  Interrupt.o [1]
  .bss                   zero     0x2000'011c     0x4  stm32f1xx_hal.o [1]
                                - 0x2000'0120   0x11c

"P2", part 3 of 3:                              0x800
  CSTACK                          0x2000'0120   0x800  <Block>
    CSTACK               uninit   0x2000'0120   0x800  <Block tail>
                                - 0x2000'0920   0x800

Unused ranges:

         From           To    Size
         ----           --    ----
   0x800'12bc   0x800'ffff  0xed44
  0x2000'0920  0x2000'4fff  0x46e0


*******************************************************************************
*** INIT TABLE
***

          Address      Size
          -------      ----
Zero (__iar_zero_init3)
    1 destination range, total size 0x11c:
          0x2000'0004  0x11c

Copy (__iar_copy_init3)
    1 source range, total size 0x4:
           0x800'12b8    0x4
    1 destination range, total size 0x4:
          0x2000'0000    0x4

Extra (__iar_cstart_call_ctors)



*******************************************************************************
*** MODULE SUMMARY
***

    Module                  ro code  ro data  rw data
    ------                  -------  -------  -------
command line/config:
    -------------------------------------------------
    Total:

C:\Amit Caudhary\STM\STM32_IAR\IAR_Projects\CPP_Drivers\Gpio\IAR\Debug\Obj: [1]
    GpioInput.o                 576       28
    GpioOutput.o                332       56
    Interrupt.o               1 812               244
    main.o                      278        4       36
    startup_stm32f103xb.o       396
    stm32f1xx_hal.o              92                 4
    stm32f1xx_hal_cortex.o      266
    stm32f1xx_hal_gpio.o        512
    stm32f1xx_it.o               28
    system_stm32f1xx.o           88        4        4
    -------------------------------------------------
    Total:                    4 380       92      288

dl7M_tln.a: [2]
    cppinit.o                    24
    exit.o                        4
    low_level_init.o              4
    -------------------------------------------------
    Total:                       32

dlpp7M_tl_nc.a: [3]
    -------------------------------------------------
    Total:

rt7M_tl.a: [4]
    cexit.o                      10
    cmain.o                      30
    cmain_call_ctors.o           32
    copy_init3.o                 44
    cstartup_M.o                 12
    data_init.o                  40
    zero_init3.o                 58
    -------------------------------------------------
    Total:                      226

shb_l.a: [5]
    exit.o                       20
    unwind_debug.o                         1
    -------------------------------------------------
    Total:                       20        1

    Gaps                          5
    Linker created                        40    2 048
-----------------------------------------------------
    Grand Total:              4 663      133    2 336


*******************************************************************************
*** ENTRY LIST
***

Entry                       Address   Size  Type      Object
-----                       -------   ----  ----      ------
.iar.init_table$$Base    0x800'10e0          --   Gb  - Linker created -
.iar.init_table$$Limit   0x800'1108          --   Gb  - Linker created -
?main                    0x800'1141         Code  Gb  cmain.o [4]
BusFault_Handler         0x800'11e3    0x2  Code  Gb  stm32f1xx_it.o [1]
CSTACK$$Base            0x2000'0120          --   Gb  - Linker created -
CSTACK$$Limit           0x2000'0920          --   Gb  - Linker created -
DebugMon_Handler         0x800'11e9    0x2  Code  Gb  stm32f1xx_it.o [1]
EXTI0_IRQHandler         0x800'0691   0x16  Code  Gb  Interrupt.o [1]
EXTI15_10_IRQHandler     0x800'05b7   0xda  Code  Gb  Interrupt.o [1]
EXTI1_IRQHandler         0x800'06a7   0x16  Code  Gb  Interrupt.o [1]
EXTI2_IRQHandler         0x800'06bd   0x16  Code  Gb  Interrupt.o [1]
EXTI3_IRQHandler         0x800'06d3   0x16  Code  Gb  Interrupt.o [1]
EXTI4_IRQHandler         0x800'06e9   0x16  Code  Gb  Interrupt.o [1]
EXTI9_5_IRQHandler       0x800'0507   0xb0  Code  Gb  Interrupt.o [1]
HAL_GPIO_Init            0x800'0a49  0x1b4  Code  Gb  stm32f1xx_hal_gpio.o [1]
HAL_GPIO_TogglePin       0x800'0bfd    0xa  Code  Gb  stm32f1xx_hal_gpio.o [1]
HAL_IncTick              0x800'11f9   0x10  Code  Wk  stm32f1xx_hal.o [1]
HAL_Init                 0x800'0fdd   0x20  Code  Gb  stm32f1xx_hal.o [1]
HAL_MspInit              0x800'0f1f   0x98  Code  Gb  main.o [1]
HAL_NVIC_SetPriority     0x800'0e47   0x22  Code  Gb  stm32f1xx_hal_cortex.o [1]
HAL_NVIC_SetPriorityGrouping
                         0x800'0e3f    0x8  Code  Gb  stm32f1xx_hal_cortex.o [1]
HAL_SYSTICK_Config       0x800'0e69    0x8  Code  Gb  stm32f1xx_hal_cortex.o [1]
HAL_SYSTICK_IRQHandler   0x800'0e8d    0x8  Code  Gb  stm32f1xx_hal_cortex.o [1]
HardFault_Handler        0x800'11df    0x2  Code  Gb  stm32f1xx_it.o [1]
LED                     0x2000'001c    0xc  Data  Gb  main.o [1]
Led()                    0x800'0f15    0xa  Code  Gb  main.o [1]
MemManage_Handler        0x800'11e1    0x2  Code  Gb  stm32f1xx_it.o [1]
NMI_Handler              0x800'11dd    0x2  Code  Gb  stm32f1xx_it.o [1]
PendSV_Handler           0x800'11eb    0x2  Code  Gb  stm32f1xx_it.o [1]
Peripherals::GpioInput::ConfigureInterrupt()
                         0x800'0a11   0x30  Code  Gb  GpioInput.o [1]
Peripherals::GpioInput::GpioInput(GPIO_TypeDef *, unsigned short, void (*)(), Peripherals::GpioInput::Intr_Event_Edge_t, Peripherals::GpioInput::PULL_t)
                         0x800'0801   0x30  Code  Gb  GpioInput.o [1]
Peripherals::GpioInput::HwInit()
                         0x800'08e7  0x10c  Code  Gb  GpioInput.o [1]
Peripherals::GpioInput::MapPin2ExtLine()
                         0x800'0831   0xb6  Code  Gb  GpioInput.o [1]
Peripherals::GpioOutput::GpioOutput(GPIO_TypeDef *, unsigned short)
                         0x800'0c55   0x22  Code  Gb  GpioOutput.o [1]
Peripherals::GpioOutput::HwInit()
                         0x800'0c77   0xf8  Code  Gb  GpioOutput.o [1]
Peripherals::GpioOutput::ToggleOutput()
                         0x800'1001    0xc  Code  Gb  main.o [1]
Peripherals::Interrupt::EnableInterrupt(Peripherals::Interrupt::IRQn)
                         0x800'04b5   0x34  Code  Gb  Interrupt.o [1]
Peripherals::Interrupt::NVICConfig(Peripherals::Interrupt::IRQn, unsigned char, unsigned char)
                         0x800'04e9   0x1e  Code  Gb  Interrupt.o [1]
Peripherals::Interrupt::RegisterInterrupt(void (*)(), Peripherals::Interrupt::IRQn, unsigned char, unsigned char)
                         0x800'0111  0x3a4  Code  Gb  Interrupt.o [1]
Peripherals::Interrupt::Relocate_Vector_Table()
                         0x800'0fd9    0x2  Code  Gb  main.o [1]
Peripherals::Interrupt::m_ADC1_2_IRQHandler
                        0x2000'0090    0x4  Data  Gb  Interrupt.o [1]
Peripherals::Interrupt::m_BusFault_Handler
                        0x2000'0034    0x4  Data  Gb  Interrupt.o [1]
Peripherals::Interrupt::m_CAN1_RX1_IRQHandler
                        0x2000'009c    0x4  Data  Gb  Interrupt.o [1]
Peripherals::Interrupt::m_CAN1_SCE_IRQHandler
                        0x2000'00a0    0x4  Data  Gb  Interrupt.o [1]
Peripherals::Interrupt::m_DMA1_Channel1_IRQHandler
                        0x2000'0078    0x4  Data  Gb  Interrupt.o [1]
Peripherals::Interrupt::m_DMA1_Channel2_IRQHandler
                        0x2000'007c    0x4  Data  Gb  Interrupt.o [1]
Peripherals::Interrupt::m_DMA1_Channel4_IRQHandler
                        0x2000'0080    0x4  Data  Gb  Interrupt.o [1]
Peripherals::Interrupt::m_DMA1_Channel5_IRQHandler
                        0x2000'0084    0x4  Data  Gb  Interrupt.o [1]
Peripherals::Interrupt::m_DMA1_Channel6_IRQHandler
                        0x2000'0088    0x4  Data  Gb  Interrupt.o [1]
Peripherals::Interrupt::m_DMA1_Channel7_IRQHandler
                        0x2000'008c    0x4  Data  Gb  Interrupt.o [1]
Peripherals::Interrupt::m_DebugMon_Handler
                        0x2000'0040    0x4  Data  Gb  Interrupt.o [1]
Peripherals::Interrupt::m_EXTI0_IRQHandler
                        0x2000'0064    0x4  Data  Gb  Interrupt.o [1]
Peripherals::Interrupt::m_EXTI10_IRQHandler
                        0x2000'0104    0x4  Data  Gb  Interrupt.o [1]
Peripherals::Interrupt::m_EXTI11_IRQHandler
                        0x2000'0108    0x4  Data  Gb  Interrupt.o [1]
Peripherals::Interrupt::m_EXTI12_IRQHandler
                        0x2000'010c    0x4  Data  Gb  Interrupt.o [1]
Peripherals::Interrupt::m_EXTI13_IRQHandler
                        0x2000'0110    0x4  Data  Gb  Interrupt.o [1]
Peripherals::Interrupt::m_EXTI14_IRQHandler
                        0x2000'0114    0x4  Data  Gb  Interrupt.o [1]
Peripherals::Interrupt::m_EXTI15_10_IRQHandler
                        0x2000'00e4    0x4  Data  Gb  Interrupt.o [1]
Peripherals::Interrupt::m_EXTI15_IRQHandler
                        0x2000'0118    0x4  Data  Gb  Interrupt.o [1]
Peripherals::Interrupt::m_EXTI1_IRQHandler
                        0x2000'0068    0x4  Data  Gb  Interrupt.o [1]
Peripherals::Interrupt::m_EXTI2_IRQHandler
                        0x2000'006c    0x4  Data  Gb  Interrupt.o [1]
Peripherals::Interrupt::m_EXTI3_IRQHandler
                        0x2000'0070    0x4  Data  Gb  Interrupt.o [1]
Peripherals::Interrupt::m_EXTI4_IRQHandler
                        0x2000'0074    0x4  Data  Gb  Interrupt.o [1]
Peripherals::Interrupt::m_EXTI5_IRQHandler
                        0x2000'00f0    0x4  Data  Gb  Interrupt.o [1]
Peripherals::Interrupt::m_EXTI6_IRQHandler
                        0x2000'00f4    0x4  Data  Gb  Interrupt.o [1]
Peripherals::Interrupt::m_EXTI7_IRQHandler
                        0x2000'00f8    0x4  Data  Gb  Interrupt.o [1]
Peripherals::Interrupt::m_EXTI8_IRQHandler
                        0x2000'00fc    0x4  Data  Gb  Interrupt.o [1]
Peripherals::Interrupt::m_EXTI9_5_IRQHandler
                        0x2000'00a4    0x4  Data  Gb  Interrupt.o [1]
Peripherals::Interrupt::m_EXTI9_IRQHandler
                        0x2000'0100    0x4  Data  Gb  Interrupt.o [1]
Peripherals::Interrupt::m_FLASH_IRQHandler
                        0x2000'005c    0x4  Data  Gb  Interrupt.o [1]
Peripherals::Interrupt::m_HardFault_Handler
                        0x2000'002c    0x4  Data  Gb  Interrupt.o [1]
Peripherals::Interrupt::m_I2C1_ER_IRQHandler
                        0x2000'00c4    0x4  Data  Gb  Interrupt.o [1]
Peripherals::Interrupt::m_I2C2_ER_IRQHandler
                        0x2000'00cc    0x4  Data  Gb  Interrupt.o [1]
Peripherals::Interrupt::m_I2C2_EV_IRQHandler
                        0x2000'00c8    0x4  Data  Gb  Interrupt.o [1]
Peripherals::Interrupt::m_MemManage_Handler
                        0x2000'0030    0x4  Data  Gb  Interrupt.o [1]
Peripherals::Interrupt::m_NMI_Handler
                        0x2000'0028    0x4  Data  Gb  Interrupt.o [1]
Peripherals::Interrupt::m_PVD_IRQHandler
                        0x2000'0050    0x4  Data  Gb  Interrupt.o [1]
Peripherals::Interrupt::m_PendSV_Handler
                        0x2000'0044    0x4  Data  Gb  Interrupt.o [1]
Peripherals::Interrupt::m_RCC_IRQHandler
                        0x2000'0060    0x4  Data  Gb  Interrupt.o [1]
Peripherals::Interrupt::m_RTCAlarm_IRQHandler
                        0x2000'00e8    0x4  Data  Gb  Interrupt.o [1]
Peripherals::Interrupt::m_RTC_IRQHandler
                        0x2000'0058    0x4  Data  Gb  Interrupt.o [1]
Peripherals::Interrupt::m_SPI1_IRQHandler
                        0x2000'00d0    0x4  Data  Gb  Interrupt.o [1]
Peripherals::Interrupt::m_SPI2_IRQHandler
                        0x2000'00d4    0x4  Data  Gb  Interrupt.o [1]
Peripherals::Interrupt::m_SVC_Handler
                        0x2000'003c    0x4  Data  Gb  Interrupt.o [1]
Peripherals::Interrupt::m_SysTick_Handler
                        0x2000'0048    0x4  Data  Gb  Interrupt.o [1]
Peripherals::Interrupt::m_TAMPER_IRQHandler
                        0x2000'0054    0x4  Data  Gb  Interrupt.o [1]
Peripherals::Interrupt::m_TIM1_BRK_IRQHandler
                        0x2000'00a8    0x4  Data  Gb  Interrupt.o [1]
Peripherals::Interrupt::m_TIM1_CC_IRQHandler
                        0x2000'00b4    0x4  Data  Gb  Interrupt.o [1]
Peripherals::Interrupt::m_TIM1_TRG_COM_IRQHandler
                        0x2000'00b0    0x4  Data  Gb  Interrupt.o [1]
Peripherals::Interrupt::m_TIM1_UP_IRQHandler
                        0x2000'00ac    0x4  Data  Gb  Interrupt.o [1]
Peripherals::Interrupt::m_TIM2_IRQHandler
                        0x2000'00b8    0x4  Data  Gb  Interrupt.o [1]
Peripherals::Interrupt::m_TIM3_IRQHandler
                        0x2000'00bc    0x4  Data  Gb  Interrupt.o [1]
Peripherals::Interrupt::m_TIM4_IRQHandler
                        0x2000'00c0    0x4  Data  Gb  Interrupt.o [1]
Peripherals::Interrupt::m_USART1_IRQHandler
                        0x2000'00d8    0x4  Data  Gb  Interrupt.o [1]
Peripherals::Interrupt::m_USART2_IRQHandler
                        0x2000'00dc    0x4  Data  Gb  Interrupt.o [1]
Peripherals::Interrupt::m_USART3_IRQHandler
                        0x2000'00e0    0x4  Data  Gb  Interrupt.o [1]
Peripherals::Interrupt::m_USBWakeUp_IRQHandler
                        0x2000'00ec    0x4  Data  Gb  Interrupt.o [1]
Peripherals::Interrupt::m_USB_HP_CAN1_TX_IRQHandler
                        0x2000'0094    0x4  Data  Gb  Interrupt.o [1]
Peripherals::Interrupt::m_USB_LP_CAN1_RX0_IRQHandler
                        0x2000'0098    0x4  Data  Gb  Interrupt.o [1]
Peripherals::Interrupt::m_UsageFault_Handler
                        0x2000'0038    0x4  Data  Gb  Interrupt.o [1]
Peripherals::Interrupt::m_WWDG_IRQHandler
                        0x2000'004c    0x4  Data  Gb  Interrupt.o [1]
Peripherals::Peripheral::Peripheral()
                         0x800'0c49    0xc  Code  Gb  GpioOutput.o [1]
Peripherals::Peripheral::Peripheral() [subobject]
                         0x800'0a41    0x8  Code  Gb  GpioOutput.o [1]
Region$$Table$$Base      0x800'10e0          --   Gb  - Linker created -
Region$$Table$$Limit     0x800'1108          --   Gb  - Linker created -
SHT$$INIT_ARRAY$$Base    0x800'12b4          --   Gb  - Linker created -
SHT$$INIT_ARRAY$$Limit   0x800'12b8          --   Gb  - Linker created -
SHT$$PREINIT_ARRAY$$Base
                         0x800'12b4          --   Gb  - Linker created -
SHT$$PREINIT_ARRAY$$Limit
                         0x800'12b4          --   Gb  - Linker created -
SVC_Handler              0x800'11e7    0x2  Code  Gb  stm32f1xx_it.o [1]
SysTick_Handler          0x800'11ed    0xc  Code  Gb  stm32f1xx_it.o [1]
SystemCoreClock         0x2000'0000    0x4  Data  Gb  system_stm32f1xx.o [1]
SystemInit               0x800'1035   0x3e  Code  Gb  system_stm32f1xx.o [1]
TouchButton             0x2000'0004   0x18  Data  Gb  main.o [1]
UsageFault_Handler       0x800'11e5    0x2  Code  Gb  stm32f1xx_it.o [1]
Virtual function table for Peripherals::GpioInput
                         0x800'1188   0x1c  Data  Gb  GpioInput.o [1]
Virtual function table for Peripherals::GpioOutput
                         0x800'11c0   0x1c  Data  Gb  GpioOutput.o [1]
Virtual function table for Peripherals::Peripheral
                         0x800'11a4   0x1c  Data  Gb  GpioOutput.o [1]
[local to Interrupt_cpp]::LL_EXTI_DisableIT_0_31(unsigned int)
                         0x800'00ed    0xe  Code  Lc  Interrupt.o [1]
[local to Interrupt_cpp]::LL_EXTI_IsEnabledIT_0_31(unsigned int)
                         0x800'00fb   0x16  Code  Lc  Interrupt.o [1]
[local to stm32f1xx_hal_cortex_c]::NVIC_EncodePriority(unsigned int, unsigned int, unsigned int)
                         0x800'0dd5   0x3c  Code  Lc  stm32f1xx_hal_cortex.o [1]
[local to stm32f1xx_hal_cortex_c]::NVIC_GetPriorityGrouping()
                         0x800'0da7    0xa  Code  Lc  stm32f1xx_hal_cortex.o [1]
[local to stm32f1xx_hal_cortex_c]::NVIC_SetPriority(IRQn_Type, unsigned int)
                         0x800'0db1   0x24  Code  Lc  stm32f1xx_hal_cortex.o [1]
[local to stm32f1xx_hal_cortex_c]::NVIC_SetPriorityGrouping(unsigned int)
                         0x800'0d8d   0x1a  Code  Lc  stm32f1xx_hal_cortex.o [1]
[local to stm32f1xx_hal_cortex_c]::SysTick_Config(unsigned int)
                         0x800'0e11   0x2e  Code  Lc  stm32f1xx_hal_cortex.o [1]
__call_ctors             0x800'1129   0x18  Code  Gb  cppinit.o [2]
__cmain                  0x800'1141         Code  Gb  cmain.o [4]
__exit                   0x800'1175   0x14  Code  Gb  exit.o [5]
__iar_copy_init3         0x800'108d   0x2c  Code  Gb  copy_init3.o [4]
__iar_cstart_call_ctors
                         0x800'1109   0x20  Code  Gb  cmain_call_ctors.o [4]
__iar_data_init3         0x800'10b9   0x28  Code  Gb  data_init.o [4]
__iar_debug_exceptions   0x800'0fda    0x1  Data  Gb  unwind_debug.o [5]
__iar_program_start      0x800'1219         Code  Gb  cstartup_M.o [4]
__iar_tls$$INIT_ARRAY$$Base
                         0x800'12b8          --   Gb  - Linker created -
__iar_tls$$INIT_ARRAY$$Limit
                         0x800'12b8          --   Gb  - Linker created -
__iar_zero_init3         0x800'0e97   0x3a  Code  Gb  zero_init3.o [4]
__low_level_init         0x800'115f    0x4  Code  Gb  low_level_init.o [2]
__sti__routine           0x800'0ed1   0x28  Code  Lc  main.o [1]
__vector_table           0x800'0000         Data  Gb  startup_stm32f103xb.o [1]
_call_main               0x800'114d         Code  Gb  cmain.o [4]
_exit                    0x800'1169         Code  Gb  cexit.o [4]
_main                    0x800'115b         Code  Gb  cmain.o [4]
exit                     0x800'1163    0x4  Code  Gb  exit.o [2]
main                     0x800'0ef9   0x1c  Code  Gb  main.o [1]
uwTick                  0x2000'011c    0x4  Data  Gb  stm32f1xx_hal.o [1]


[1] = C:\Amit Caudhary\STM\STM32_IAR\IAR_Projects\CPP_Drivers\Gpio\IAR\Debug\Obj
[2] = dl7M_tln.a
[3] = dlpp7M_tl_nc.a
[4] = rt7M_tl.a
[5] = shb_l.a

  4 663 bytes of readonly  code memory
    133 bytes of readonly  data memory
  2 336 bytes of readwrite data memory

Errors: none
Warnings: none
