###############################################################################
#
# IAR ELF Linker V8.30.1.114/W32 for ARM                  09/Aug/2018  10:44:51
# Copyright 2007-2018 IAR Systems AB.
#
#    Output file  =  
#        C:\Amit_Chaudhary\STM32\Projects\IAR\IAR_Projects\CPP_Drivers\Gpio\IAR\Debug\Exe\Gpio.out
#    Map file     =  
#        C:\Amit_Chaudhary\STM32\Projects\IAR\IAR_Projects\CPP_Drivers\Gpio\IAR\Debug\List\Gpio.map
#    Command line =  
#        -f C:\Users\achaudha\AppData\Local\Temp\EW198B.tmp
#        (C:\Amit_Chaudhary\STM32\Projects\IAR\IAR_Projects\CPP_Drivers\Gpio\IAR\Debug\Obj\GpioInput.o
#        C:\Amit_Chaudhary\STM32\Projects\IAR\IAR_Projects\CPP_Drivers\Gpio\IAR\Debug\Obj\GpioOutput.o
#        C:\Amit_Chaudhary\STM32\Projects\IAR\IAR_Projects\CPP_Drivers\Gpio\IAR\Debug\Obj\Interrupt.o
#        C:\Amit_Chaudhary\STM32\Projects\IAR\IAR_Projects\CPP_Drivers\Gpio\IAR\Debug\Obj\low_level_init.o
#        C:\Amit_Chaudhary\STM32\Projects\IAR\IAR_Projects\CPP_Drivers\Gpio\IAR\Debug\Obj\main.o
#        C:\Amit_Chaudhary\STM32\Projects\IAR\IAR_Projects\CPP_Drivers\Gpio\IAR\Debug\Obj\Peripheral.o
#        C:\Amit_Chaudhary\STM32\Projects\IAR\IAR_Projects\CPP_Drivers\Gpio\IAR\Debug\Obj\startup_stm32f103xb.o
#        C:\Amit_Chaudhary\STM32\Projects\IAR\IAR_Projects\CPP_Drivers\Gpio\IAR\Debug\Obj\stm32f1xx_hal.o
#        C:\Amit_Chaudhary\STM32\Projects\IAR\IAR_Projects\CPP_Drivers\Gpio\IAR\Debug\Obj\stm32f1xx_hal_cortex.o
#        C:\Amit_Chaudhary\STM32\Projects\IAR\IAR_Projects\CPP_Drivers\Gpio\IAR\Debug\Obj\stm32f1xx_hal_gpio.o
#        C:\Amit_Chaudhary\STM32\Projects\IAR\IAR_Projects\CPP_Drivers\Gpio\IAR\Debug\Obj\stm32f1xx_hal_gpio_ex.o
#        C:\Amit_Chaudhary\STM32\Projects\IAR\IAR_Projects\CPP_Drivers\Gpio\IAR\Debug\Obj\stm32f1xx_hal_pwr.o
#        C:\Amit_Chaudhary\STM32\Projects\IAR\IAR_Projects\CPP_Drivers\Gpio\IAR\Debug\Obj\stm32f1xx_hal_rcc.o
#        C:\Amit_Chaudhary\STM32\Projects\IAR\IAR_Projects\CPP_Drivers\Gpio\IAR\Debug\Obj\stm32f1xx_hal_rcc_ex.o
#        C:\Amit_Chaudhary\STM32\Projects\IAR\IAR_Projects\CPP_Drivers\Gpio\IAR\Debug\Obj\stm32f1xx_it.o
#        C:\Amit_Chaudhary\STM32\Projects\IAR\IAR_Projects\CPP_Drivers\Gpio\IAR\Debug\Obj\stm32f1xx_ll_exti.o
#        C:\Amit_Chaudhary\STM32\Projects\IAR\IAR_Projects\CPP_Drivers\Gpio\IAR\Debug\Obj\system_stm32f1xx.o
#        --no_out_extension -o
#        C:\Amit_Chaudhary\STM32\Projects\IAR\IAR_Projects\CPP_Drivers\Gpio\IAR\Debug\Exe\Gpio.out
#        --redirect _Printf=_PrintfFullNoMb --redirect _Scanf=_ScanfFullNoMb
#        --map
#        C:\Amit_Chaudhary\STM32\Projects\IAR\IAR_Projects\CPP_Drivers\Gpio\IAR\Debug\List\Gpio.map
#        --config
#        C:\Amit_Chaudhary\STM32\Projects\IAR\IAR_Projects\CPP_Drivers\Gpio\System\stm32f103x8.icf
#        --semihosting --entry __iar_program_start --vfe --text_out locale)
#
###############################################################################

*******************************************************************************
*** RUNTIME MODEL ATTRIBUTES
***

CppFlavor                     = *
__CPP_Exceptions              = Disabled
__CPP_Language                = C++14
__Heap_Handler                = Basic
__SystemLibrary               = DLib
__dlib_dynamic_initialization = normal
__dlib_version                = 6


*******************************************************************************
*** HEAP SELECTION
***

The basic heap was selected because some modules are built with
size limitations (and not runtime checking), and --advanced_heap
was not specified.


*******************************************************************************
*** PLACEMENT SUMMARY
***

"A0":  place at 0x2000'0000 { ro section .intvec };
"P1":  place in [from 0x800'0000 to 0x800'ffff] { ro };
define block CSTACK with size = 2K, alignment = 8 { };
define block HEAP with size = 2K, alignment = 8 { };
"P2":  place in [from 0x2000'0000 to 0x2000'4fff] {
          rw, block CSTACK, block HEAP };
initialize by copy { rw };

  Section                Kind         Address    Size  Object
  -------                ----         -------    ----  ------
"P1":                                          0x11e0
  .text                  ro code   0x800'0000   0x714  Interrupt.o [1]
  .text                  ro code   0x800'0714   0x240  GpioInput.o [1]
  .text                  ro code   0x800'0954     0x8  GpioOutput.o [1]
  .text                  ro code   0x800'095c   0x200  stm32f1xx_hal_gpio.o [1]
  .text                  ro code   0x800'0b5c     0xc  GpioOutput.o [1]
  .text                  ro code   0x800'0b68   0x138  GpioOutput.o [1]
  .text                  ro code   0x800'0ca0   0x10a  stm32f1xx_hal_cortex.o [1]
  .text                  ro code   0x800'0daa    0x3a  zero_init3.o [4]
  .text                  ro code   0x800'0de4   0x108  main.o [1]
  .text                  ro code   0x800'0eec     0x2  main.o [1]
  .rodata                const     0x800'0eee     0x1  unwind_debug.o [5]
  .text                  ro code   0x800'0ef0    0x24  stm32f1xx_hal.o [1]
  .text                  ro code   0x800'0f14     0xc  main.o [1]
  .text                  ro code   0x800'0f20    0x28  stm32f1xx_hal.o [1]
  .text                  ro code   0x800'0f48    0x58  system_stm32f1xx.o [1]
  .text                  ro code   0x800'0fa0    0x2c  copy_init3.o [4]
  .text                  ro code   0x800'0fcc    0x28  data_init.o [4]
  .iar.init_table        const     0x800'0ff4    0x28  - Linker created -
  .text                  ro code   0x800'101c    0x20  cmain_call_ctors.o [4]
  .text                  ro code   0x800'103c    0x18  cppinit.o [2]
  .text                  ro code   0x800'1054    0x1e  cmain.o [4]
  .text                  ro code   0x800'1074    0x14  low_level_init.o [1]
  .text                  ro code   0x800'1088     0x4  exit.o [2]
  .text                  ro code   0x800'108c     0xa  cexit.o [4]
  .text                  ro code   0x800'1098    0x14  exit.o [5]
  .rodata                const     0x800'10ac    0x1c  GpioInput.o [1]
  .rodata                const     0x800'10c8    0x1c  GpioOutput.o [1]
  .rodata                const     0x800'10e4    0x1c  GpioOutput.o [1]
  .text                  ro code   0x800'1100    0x1c  stm32f1xx_it.o [1]
  .text                  ro code   0x800'111c    0x10  stm32f1xx_hal.o [1]
  .text                  ro code   0x800'112c    0x10  startup_stm32f103xb.o [1]
  .text                  ro code   0x800'113c     0xc  cstartup_M.o [4]
  .text                  ro code   0x800'1148     0x4  startup_stm32f103xb.o [1]
  .text                  ro code   0x800'114c     0x4  startup_stm32f103xb.o [1]
  .text                  ro code   0x800'1150     0x4  startup_stm32f103xb.o [1]
  .text                  ro code   0x800'1154     0x4  startup_stm32f103xb.o [1]
  .text                  ro code   0x800'1158     0x4  startup_stm32f103xb.o [1]
  .text                  ro code   0x800'115c     0x4  startup_stm32f103xb.o [1]
  .text                  ro code   0x800'1160     0x4  startup_stm32f103xb.o [1]
  .text                  ro code   0x800'1164     0x4  startup_stm32f103xb.o [1]
  .text                  ro code   0x800'1168     0x4  startup_stm32f103xb.o [1]
  .text                  ro code   0x800'116c     0x4  startup_stm32f103xb.o [1]
  .text                  ro code   0x800'1170     0x4  startup_stm32f103xb.o [1]
  .text                  ro code   0x800'1174     0x4  startup_stm32f103xb.o [1]
  .text                  ro code   0x800'1178     0x4  startup_stm32f103xb.o [1]
  .text                  ro code   0x800'117c     0x4  startup_stm32f103xb.o [1]
  .text                  ro code   0x800'1180     0x4  startup_stm32f103xb.o [1]
  .text                  ro code   0x800'1184     0x4  startup_stm32f103xb.o [1]
  .text                  ro code   0x800'1188     0x4  startup_stm32f103xb.o [1]
  .text                  ro code   0x800'118c     0x4  startup_stm32f103xb.o [1]
  .text                  ro code   0x800'1190     0x4  startup_stm32f103xb.o [1]
  .text                  ro code   0x800'1194     0x4  startup_stm32f103xb.o [1]
  .text                  ro code   0x800'1198     0x4  startup_stm32f103xb.o [1]
  .text                  ro code   0x800'119c     0x4  startup_stm32f103xb.o [1]
  .text                  ro code   0x800'11a0     0x4  startup_stm32f103xb.o [1]
  .text                  ro code   0x800'11a4     0x4  startup_stm32f103xb.o [1]
  .text                  ro code   0x800'11a8     0x4  startup_stm32f103xb.o [1]
  .text                  ro code   0x800'11ac     0x4  startup_stm32f103xb.o [1]
  .text                  ro code   0x800'11b0     0x4  startup_stm32f103xb.o [1]
  .text                  ro code   0x800'11b4     0x4  startup_stm32f103xb.o [1]
  .text                  ro code   0x800'11b8     0x4  startup_stm32f103xb.o [1]
  .text                  ro code   0x800'11bc     0x4  startup_stm32f103xb.o [1]
  .text                  ro code   0x800'11c0     0x4  startup_stm32f103xb.o [1]
  .text                  ro code   0x800'11c4     0x4  startup_stm32f103xb.o [1]
  .text                  ro code   0x800'11c8     0x4  startup_stm32f103xb.o [1]
  .text                  ro code   0x800'11cc     0x4  startup_stm32f103xb.o [1]
  .text                  ro code   0x800'11d0     0x4  startup_stm32f103xb.o [1]
  .text                  ro code   0x800'11d4     0x4  startup_stm32f103xb.o [1]
  SHT$$PREINIT_ARRAY               0x800'11d8     0x0  <Block>
  SHT$$INIT_ARRAY                  0x800'11d8     0x4  <Block>
    .init_array          const     0x800'11d8     0x4  main.o [1]
  __iar_tls$$INIT_ARRAY            0x800'11dc     0x0  <Block>
  Initializer bytes      const     0x800'11dc     0x4  <for P2-1>
  .rodata                const     0x800'11e0     0x0  zero_init3.o [4]
  .rodata                const     0x800'11e0     0x0  copy_init3.o [4]
                                 - 0x800'11e0  0x11e0

"A0":                                            0xec
  .intvec                ro code  0x2000'0000    0xec  startup_stm32f103xb.o [1]
                                - 0x2000'00ec    0xec

"P2", part 1 of 3:                                0x4
  P2-1                            0x2000'00ec     0x4  <Init block>
    .data                inited   0x2000'00ec     0x4  system_stm32f1xx.o [1]
                                - 0x2000'00f0     0x4

"P2", part 2 of 3:                              0x11c
  .bss                   zero     0x2000'00f0    0x18  main.o [1]
  .bss                   zero     0x2000'0108     0xc  main.o [1]
  .bss                   zero     0x2000'0114     0x4  Interrupt.o [1]
  .bss                   zero     0x2000'0118     0x4  Interrupt.o [1]
  .bss                   zero     0x2000'011c     0x4  Interrupt.o [1]
  .bss                   zero     0x2000'0120     0x4  Interrupt.o [1]
  .bss                   zero     0x2000'0124     0x4  Interrupt.o [1]
  .bss                   zero     0x2000'0128     0x4  Interrupt.o [1]
  .bss                   zero     0x2000'012c     0x4  Interrupt.o [1]
  .bss                   zero     0x2000'0130     0x4  Interrupt.o [1]
  .bss                   zero     0x2000'0134     0x4  Interrupt.o [1]
  .bss                   zero     0x2000'0138     0x4  Interrupt.o [1]
  .bss                   zero     0x2000'013c     0x4  Interrupt.o [1]
  .bss                   zero     0x2000'0140     0x4  Interrupt.o [1]
  .bss                   zero     0x2000'0144     0x4  Interrupt.o [1]
  .bss                   zero     0x2000'0148     0x4  Interrupt.o [1]
  .bss                   zero     0x2000'014c     0x4  Interrupt.o [1]
  .bss                   zero     0x2000'0150     0x4  Interrupt.o [1]
  .bss                   zero     0x2000'0154     0x4  Interrupt.o [1]
  .bss                   zero     0x2000'0158     0x4  Interrupt.o [1]
  .bss                   zero     0x2000'015c     0x4  Interrupt.o [1]
  .bss                   zero     0x2000'0160     0x4  Interrupt.o [1]
  .bss                   zero     0x2000'0164     0x4  Interrupt.o [1]
  .bss                   zero     0x2000'0168     0x4  Interrupt.o [1]
  .bss                   zero     0x2000'016c     0x4  Interrupt.o [1]
  .bss                   zero     0x2000'0170     0x4  Interrupt.o [1]
  .bss                   zero     0x2000'0174     0x4  Interrupt.o [1]
  .bss                   zero     0x2000'0178     0x4  Interrupt.o [1]
  .bss                   zero     0x2000'017c     0x4  Interrupt.o [1]
  .bss                   zero     0x2000'0180     0x4  Interrupt.o [1]
  .bss                   zero     0x2000'0184     0x4  Interrupt.o [1]
  .bss                   zero     0x2000'0188     0x4  Interrupt.o [1]
  .bss                   zero     0x2000'018c     0x4  Interrupt.o [1]
  .bss                   zero     0x2000'0190     0x4  Interrupt.o [1]
  .bss                   zero     0x2000'0194     0x4  Interrupt.o [1]
  .bss                   zero     0x2000'0198     0x4  Interrupt.o [1]
  .bss                   zero     0x2000'019c     0x4  Interrupt.o [1]
  .bss                   zero     0x2000'01a0     0x4  Interrupt.o [1]
  .bss                   zero     0x2000'01a4     0x4  Interrupt.o [1]
  .bss                   zero     0x2000'01a8     0x4  Interrupt.o [1]
  .bss                   zero     0x2000'01ac     0x4  Interrupt.o [1]
  .bss                   zero     0x2000'01b0     0x4  Interrupt.o [1]
  .bss                   zero     0x2000'01b4     0x4  Interrupt.o [1]
  .bss                   zero     0x2000'01b8     0x4  Interrupt.o [1]
  .bss                   zero     0x2000'01bc     0x4  Interrupt.o [1]
  .bss                   zero     0x2000'01c0     0x4  Interrupt.o [1]
  .bss                   zero     0x2000'01c4     0x4  Interrupt.o [1]
  .bss                   zero     0x2000'01c8     0x4  Interrupt.o [1]
  .bss                   zero     0x2000'01cc     0x4  Interrupt.o [1]
  .bss                   zero     0x2000'01d0     0x4  Interrupt.o [1]
  .bss                   zero     0x2000'01d4     0x4  Interrupt.o [1]
  .bss                   zero     0x2000'01d8     0x4  Interrupt.o [1]
  .bss                   zero     0x2000'01dc     0x4  Interrupt.o [1]
  .bss                   zero     0x2000'01e0     0x4  Interrupt.o [1]
  .bss                   zero     0x2000'01e4     0x4  Interrupt.o [1]
  .bss                   zero     0x2000'01e8     0x4  Interrupt.o [1]
  .bss                   zero     0x2000'01ec     0x4  Interrupt.o [1]
  .bss                   zero     0x2000'01f0     0x4  Interrupt.o [1]
  .bss                   zero     0x2000'01f4     0x4  Interrupt.o [1]
  .bss                   zero     0x2000'01f8     0x4  Interrupt.o [1]
  .bss                   zero     0x2000'01fc     0x4  Interrupt.o [1]
  .bss                   zero     0x2000'0200     0x4  Interrupt.o [1]
  .bss                   zero     0x2000'0204     0x4  Interrupt.o [1]
  .bss                   zero     0x2000'0208     0x4  stm32f1xx_hal.o [1]
                                - 0x2000'020c   0x11c

"P2", part 3 of 3:                              0x800
  CSTACK                          0x2000'0210   0x800  <Block>
    CSTACK               uninit   0x2000'0210   0x800  <Block tail>
                                - 0x2000'0a10   0x800

Absolute sections:                                0x4
  .noinit                uninit   0xe000'ed08     0x4  low_level_init.o [1]
                                - 0xe000'ed0c     0x4

Unused ranges:

         From           To    Size
         ----           --    ----
   0x800'11e0   0x800'ffff  0xee20
  0x2000'020c  0x2000'020f     0x4
  0x2000'0a10  0x2000'4fff  0x45f0


*******************************************************************************
*** INIT TABLE
***

          Address      Size
          -------      ----
Zero (__iar_zero_init3)
    1 destination range, total size 0x11c:
          0x2000'00f0  0x11c

Copy (__iar_copy_init3)
    1 source range, total size 0x4:
           0x800'11dc    0x4
    1 destination range, total size 0x4:
          0x2000'00ec    0x4

Extra (__iar_cstart_call_ctors)



*******************************************************************************
*** MODULE SUMMARY
***

    Module                  ro code  ro data  rw data  rw data
                                                        (abs)
    ------                  -------  -------  -------  -------
command line/config:
    ----------------------------------------------------------
    Total:

C:\Amit_Chaudhary\STM32\Projects\IAR\IAR_Projects\CPP_Drivers\Gpio\IAR\Debug\Obj: [1]
    GpioInput.o                 576       28
    GpioOutput.o                332       56
    Interrupt.o               1 812               244
    low_level_init.o             20                          4
    main.o                      278        4       36
    startup_stm32f103xb.o       396
    stm32f1xx_hal.o              92                 4
    stm32f1xx_hal_cortex.o      266
    stm32f1xx_hal_gpio.o        512
    stm32f1xx_it.o               28
    system_stm32f1xx.o           88        4        4
    ----------------------------------------------------------
    Total:                    4 400       92      288        4

dl7M_tln.a: [2]
    cppinit.o                    24
    exit.o                        4
    ----------------------------------------------------------
    Total:                       28

dlpp7M_tl_nc.a: [3]
    ----------------------------------------------------------
    Total:

rt7M_tl.a: [4]
    cexit.o                      10
    cmain.o                      30
    cmain_call_ctors.o           32
    copy_init3.o                 44
    cstartup_M.o                 12
    data_init.o                  40
    zero_init3.o                 58
    ----------------------------------------------------------
    Total:                      226

shb_l.a: [5]
    exit.o                       20
    unwind_debug.o                         1
    ----------------------------------------------------------
    Total:                       20        1

    Gaps                          5
    Linker created                        40    2 048
--------------------------------------------------------------
    Grand Total:              4 679      133    2 336        4


*******************************************************************************
*** ENTRY LIST
***

Entry                       Address   Size  Type      Object
-----                       -------   ----  ----      ------
.iar.init_table$$Base    0x800'0ff4          --   Gb  - Linker created -
.iar.init_table$$Limit   0x800'101c          --   Gb  - Linker created -
?main                    0x800'1055         Code  Gb  cmain.o [4]
BusFault_Handler         0x800'1107    0x2  Code  Gb  stm32f1xx_it.o [1]
CSTACK$$Base            0x2000'0210          --   Gb  - Linker created -
CSTACK$$Limit           0x2000'0a10          --   Gb  - Linker created -
DebugMon_Handler         0x800'110d    0x2  Code  Gb  stm32f1xx_it.o [1]
EXTI0_IRQHandler         0x800'05a5   0x16  Code  Gb  Interrupt.o [1]
EXTI15_10_IRQHandler     0x800'04cb   0xda  Code  Gb  Interrupt.o [1]
EXTI1_IRQHandler         0x800'05bb   0x16  Code  Gb  Interrupt.o [1]
EXTI2_IRQHandler         0x800'05d1   0x16  Code  Gb  Interrupt.o [1]
EXTI3_IRQHandler         0x800'05e7   0x16  Code  Gb  Interrupt.o [1]
EXTI4_IRQHandler         0x800'05fd   0x16  Code  Gb  Interrupt.o [1]
EXTI9_5_IRQHandler       0x800'041b   0xb0  Code  Gb  Interrupt.o [1]
HAL_GPIO_Init            0x800'095d  0x1b4  Code  Gb  stm32f1xx_hal_gpio.o [1]
HAL_GPIO_TogglePin       0x800'0b11    0xa  Code  Gb  stm32f1xx_hal_gpio.o [1]
HAL_IncTick              0x800'111d   0x10  Code  Wk  stm32f1xx_hal.o [1]
HAL_Init                 0x800'0ef1   0x20  Code  Gb  stm32f1xx_hal.o [1]
HAL_MspInit              0x800'0e33   0x98  Code  Gb  main.o [1]
HAL_NVIC_SetPriority     0x800'0d5b   0x22  Code  Gb  stm32f1xx_hal_cortex.o [1]
HAL_NVIC_SetPriorityGrouping
                         0x800'0d53    0x8  Code  Gb  stm32f1xx_hal_cortex.o [1]
HAL_SYSTICK_Config       0x800'0d7d    0x8  Code  Gb  stm32f1xx_hal_cortex.o [1]
HAL_SYSTICK_IRQHandler   0x800'0da1    0x8  Code  Gb  stm32f1xx_hal_cortex.o [1]
HardFault_Handler        0x800'1103    0x2  Code  Gb  stm32f1xx_it.o [1]
LED                     0x2000'0108    0xc  Data  Gb  main.o [1]
Led()                    0x800'0e29    0xa  Code  Gb  main.o [1]
MemManage_Handler        0x800'1105    0x2  Code  Gb  stm32f1xx_it.o [1]
NMI_Handler              0x800'1101    0x2  Code  Gb  stm32f1xx_it.o [1]
PendSV_Handler           0x800'110f    0x2  Code  Gb  stm32f1xx_it.o [1]
Peripherals::GpioInput::ConfigureInterrupt()
                         0x800'0925   0x30  Code  Gb  GpioInput.o [1]
Peripherals::GpioInput::GpioInput(GPIO_TypeDef *, unsigned short, void (*)(), Peripherals::GpioInput::Intr_Event_Edge_t, Peripherals::GpioInput::PULL_t)
                         0x800'0715   0x30  Code  Gb  GpioInput.o [1]
Peripherals::GpioInput::HwInit()
                         0x800'07fb  0x10c  Code  Gb  GpioInput.o [1]
Peripherals::GpioInput::MapPin2ExtLine()
                         0x800'0745   0xb6  Code  Gb  GpioInput.o [1]
Peripherals::GpioOutput::GpioOutput(GPIO_TypeDef *, unsigned short)
                         0x800'0b69   0x22  Code  Gb  GpioOutput.o [1]
Peripherals::GpioOutput::HwInit()
                         0x800'0b8b   0xf8  Code  Gb  GpioOutput.o [1]
Peripherals::GpioOutput::ToggleOutput()
                         0x800'0f15    0xc  Code  Gb  main.o [1]
Peripherals::Interrupt::EnableInterrupt(Peripherals::Interrupt::IRQn)
                         0x800'03c9   0x34  Code  Gb  Interrupt.o [1]
Peripherals::Interrupt::NVICConfig(Peripherals::Interrupt::IRQn, unsigned char, unsigned char)
                         0x800'03fd   0x1e  Code  Gb  Interrupt.o [1]
Peripherals::Interrupt::RegisterInterrupt(void (*)(), Peripherals::Interrupt::IRQn, unsigned char, unsigned char)
                         0x800'0025  0x3a4  Code  Gb  Interrupt.o [1]
Peripherals::Interrupt::Relocate_Vector_Table()
                         0x800'0eed    0x2  Code  Gb  main.o [1]
Peripherals::Interrupt::m_ADC1_2_IRQHandler
                        0x2000'017c    0x4  Data  Gb  Interrupt.o [1]
Peripherals::Interrupt::m_BusFault_Handler
                        0x2000'0120    0x4  Data  Gb  Interrupt.o [1]
Peripherals::Interrupt::m_CAN1_RX1_IRQHandler
                        0x2000'0188    0x4  Data  Gb  Interrupt.o [1]
Peripherals::Interrupt::m_CAN1_SCE_IRQHandler
                        0x2000'018c    0x4  Data  Gb  Interrupt.o [1]
Peripherals::Interrupt::m_DMA1_Channel1_IRQHandler
                        0x2000'0164    0x4  Data  Gb  Interrupt.o [1]
Peripherals::Interrupt::m_DMA1_Channel2_IRQHandler
                        0x2000'0168    0x4  Data  Gb  Interrupt.o [1]
Peripherals::Interrupt::m_DMA1_Channel4_IRQHandler
                        0x2000'016c    0x4  Data  Gb  Interrupt.o [1]
Peripherals::Interrupt::m_DMA1_Channel5_IRQHandler
                        0x2000'0170    0x4  Data  Gb  Interrupt.o [1]
Peripherals::Interrupt::m_DMA1_Channel6_IRQHandler
                        0x2000'0174    0x4  Data  Gb  Interrupt.o [1]
Peripherals::Interrupt::m_DMA1_Channel7_IRQHandler
                        0x2000'0178    0x4  Data  Gb  Interrupt.o [1]
Peripherals::Interrupt::m_DebugMon_Handler
                        0x2000'012c    0x4  Data  Gb  Interrupt.o [1]
Peripherals::Interrupt::m_EXTI0_IRQHandler
                        0x2000'0150    0x4  Data  Gb  Interrupt.o [1]
Peripherals::Interrupt::m_EXTI10_IRQHandler
                        0x2000'01f0    0x4  Data  Gb  Interrupt.o [1]
Peripherals::Interrupt::m_EXTI11_IRQHandler
                        0x2000'01f4    0x4  Data  Gb  Interrupt.o [1]
Peripherals::Interrupt::m_EXTI12_IRQHandler
                        0x2000'01f8    0x4  Data  Gb  Interrupt.o [1]
Peripherals::Interrupt::m_EXTI13_IRQHandler
                        0x2000'01fc    0x4  Data  Gb  Interrupt.o [1]
Peripherals::Interrupt::m_EXTI14_IRQHandler
                        0x2000'0200    0x4  Data  Gb  Interrupt.o [1]
Peripherals::Interrupt::m_EXTI15_10_IRQHandler
                        0x2000'01d0    0x4  Data  Gb  Interrupt.o [1]
Peripherals::Interrupt::m_EXTI15_IRQHandler
                        0x2000'0204    0x4  Data  Gb  Interrupt.o [1]
Peripherals::Interrupt::m_EXTI1_IRQHandler
                        0x2000'0154    0x4  Data  Gb  Interrupt.o [1]
Peripherals::Interrupt::m_EXTI2_IRQHandler
                        0x2000'0158    0x4  Data  Gb  Interrupt.o [1]
Peripherals::Interrupt::m_EXTI3_IRQHandler
                        0x2000'015c    0x4  Data  Gb  Interrupt.o [1]
Peripherals::Interrupt::m_EXTI4_IRQHandler
                        0x2000'0160    0x4  Data  Gb  Interrupt.o [1]
Peripherals::Interrupt::m_EXTI5_IRQHandler
                        0x2000'01dc    0x4  Data  Gb  Interrupt.o [1]
Peripherals::Interrupt::m_EXTI6_IRQHandler
                        0x2000'01e0    0x4  Data  Gb  Interrupt.o [1]
Peripherals::Interrupt::m_EXTI7_IRQHandler
                        0x2000'01e4    0x4  Data  Gb  Interrupt.o [1]
Peripherals::Interrupt::m_EXTI8_IRQHandler
                        0x2000'01e8    0x4  Data  Gb  Interrupt.o [1]
Peripherals::Interrupt::m_EXTI9_5_IRQHandler
                        0x2000'0190    0x4  Data  Gb  Interrupt.o [1]
Peripherals::Interrupt::m_EXTI9_IRQHandler
                        0x2000'01ec    0x4  Data  Gb  Interrupt.o [1]
Peripherals::Interrupt::m_FLASH_IRQHandler
                        0x2000'0148    0x4  Data  Gb  Interrupt.o [1]
Peripherals::Interrupt::m_HardFault_Handler
                        0x2000'0118    0x4  Data  Gb  Interrupt.o [1]
Peripherals::Interrupt::m_I2C1_ER_IRQHandler
                        0x2000'01b0    0x4  Data  Gb  Interrupt.o [1]
Peripherals::Interrupt::m_I2C2_ER_IRQHandler
                        0x2000'01b8    0x4  Data  Gb  Interrupt.o [1]
Peripherals::Interrupt::m_I2C2_EV_IRQHandler
                        0x2000'01b4    0x4  Data  Gb  Interrupt.o [1]
Peripherals::Interrupt::m_MemManage_Handler
                        0x2000'011c    0x4  Data  Gb  Interrupt.o [1]
Peripherals::Interrupt::m_NMI_Handler
                        0x2000'0114    0x4  Data  Gb  Interrupt.o [1]
Peripherals::Interrupt::m_PVD_IRQHandler
                        0x2000'013c    0x4  Data  Gb  Interrupt.o [1]
Peripherals::Interrupt::m_PendSV_Handler
                        0x2000'0130    0x4  Data  Gb  Interrupt.o [1]
Peripherals::Interrupt::m_RCC_IRQHandler
                        0x2000'014c    0x4  Data  Gb  Interrupt.o [1]
Peripherals::Interrupt::m_RTCAlarm_IRQHandler
                        0x2000'01d4    0x4  Data  Gb  Interrupt.o [1]
Peripherals::Interrupt::m_RTC_IRQHandler
                        0x2000'0144    0x4  Data  Gb  Interrupt.o [1]
Peripherals::Interrupt::m_SPI1_IRQHandler
                        0x2000'01bc    0x4  Data  Gb  Interrupt.o [1]
Peripherals::Interrupt::m_SPI2_IRQHandler
                        0x2000'01c0    0x4  Data  Gb  Interrupt.o [1]
Peripherals::Interrupt::m_SVC_Handler
                        0x2000'0128    0x4  Data  Gb  Interrupt.o [1]
Peripherals::Interrupt::m_SysTick_Handler
                        0x2000'0134    0x4  Data  Gb  Interrupt.o [1]
Peripherals::Interrupt::m_TAMPER_IRQHandler
                        0x2000'0140    0x4  Data  Gb  Interrupt.o [1]
Peripherals::Interrupt::m_TIM1_BRK_IRQHandler
                        0x2000'0194    0x4  Data  Gb  Interrupt.o [1]
Peripherals::Interrupt::m_TIM1_CC_IRQHandler
                        0x2000'01a0    0x4  Data  Gb  Interrupt.o [1]
Peripherals::Interrupt::m_TIM1_TRG_COM_IRQHandler
                        0x2000'019c    0x4  Data  Gb  Interrupt.o [1]
Peripherals::Interrupt::m_TIM1_UP_IRQHandler
                        0x2000'0198    0x4  Data  Gb  Interrupt.o [1]
Peripherals::Interrupt::m_TIM2_IRQHandler
                        0x2000'01a4    0x4  Data  Gb  Interrupt.o [1]
Peripherals::Interrupt::m_TIM3_IRQHandler
                        0x2000'01a8    0x4  Data  Gb  Interrupt.o [1]
Peripherals::Interrupt::m_TIM4_IRQHandler
                        0x2000'01ac    0x4  Data  Gb  Interrupt.o [1]
Peripherals::Interrupt::m_USART1_IRQHandler
                        0x2000'01c4    0x4  Data  Gb  Interrupt.o [1]
Peripherals::Interrupt::m_USART2_IRQHandler
                        0x2000'01c8    0x4  Data  Gb  Interrupt.o [1]
Peripherals::Interrupt::m_USART3_IRQHandler
                        0x2000'01cc    0x4  Data  Gb  Interrupt.o [1]
Peripherals::Interrupt::m_USBWakeUp_IRQHandler
                        0x2000'01d8    0x4  Data  Gb  Interrupt.o [1]
Peripherals::Interrupt::m_USB_HP_CAN1_TX_IRQHandler
                        0x2000'0180    0x4  Data  Gb  Interrupt.o [1]
Peripherals::Interrupt::m_USB_LP_CAN1_RX0_IRQHandler
                        0x2000'0184    0x4  Data  Gb  Interrupt.o [1]
Peripherals::Interrupt::m_UsageFault_Handler
                        0x2000'0124    0x4  Data  Gb  Interrupt.o [1]
Peripherals::Interrupt::m_WWDG_IRQHandler
                        0x2000'0138    0x4  Data  Gb  Interrupt.o [1]
Peripherals::Peripheral::Peripheral()
                         0x800'0b5d    0xc  Code  Gb  GpioOutput.o [1]
Peripherals::Peripheral::Peripheral() [subobject]
                         0x800'0955    0x8  Code  Gb  GpioOutput.o [1]
Region$$Table$$Base      0x800'0ff4          --   Gb  - Linker created -
Region$$Table$$Limit     0x800'101c          --   Gb  - Linker created -
SHT$$INIT_ARRAY$$Base    0x800'11d8          --   Gb  - Linker created -
SHT$$INIT_ARRAY$$Limit   0x800'11dc          --   Gb  - Linker created -
SHT$$PREINIT_ARRAY$$Base
                         0x800'11d8          --   Gb  - Linker created -
SHT$$PREINIT_ARRAY$$Limit
                         0x800'11d8          --   Gb  - Linker created -
SVC_Handler              0x800'110b    0x2  Code  Gb  stm32f1xx_it.o [1]
SysTick_Handler          0x800'1111    0xc  Code  Gb  stm32f1xx_it.o [1]
SystemCoreClock         0x2000'00ec    0x4  Data  Gb  system_stm32f1xx.o [1]
SystemInit               0x800'0f49   0x3e  Code  Gb  system_stm32f1xx.o [1]
TouchButton             0x2000'00f0   0x18  Data  Gb  main.o [1]
UsageFault_Handler       0x800'1109    0x2  Code  Gb  stm32f1xx_it.o [1]
Virtual function table for Peripherals::GpioInput
                         0x800'10ac   0x1c  Data  Gb  GpioInput.o [1]
Virtual function table for Peripherals::GpioOutput
                         0x800'10e4   0x1c  Data  Gb  GpioOutput.o [1]
Virtual function table for Peripherals::Peripheral
                         0x800'10c8   0x1c  Data  Gb  GpioOutput.o [1]
[local to Interrupt_cpp]::LL_EXTI_DisableIT_0_31(unsigned int)
                         0x800'0001    0xe  Code  Lc  Interrupt.o [1]
[local to Interrupt_cpp]::LL_EXTI_IsEnabledIT_0_31(unsigned int)
                         0x800'000f   0x16  Code  Lc  Interrupt.o [1]
[local to stm32f1xx_hal_cortex_c]::NVIC_EncodePriority(unsigned int, unsigned int, unsigned int)
                         0x800'0ce9   0x3c  Code  Lc  stm32f1xx_hal_cortex.o [1]
[local to stm32f1xx_hal_cortex_c]::NVIC_GetPriorityGrouping()
                         0x800'0cbb    0xa  Code  Lc  stm32f1xx_hal_cortex.o [1]
[local to stm32f1xx_hal_cortex_c]::NVIC_SetPriority(IRQn_Type, unsigned int)
                         0x800'0cc5   0x24  Code  Lc  stm32f1xx_hal_cortex.o [1]
[local to stm32f1xx_hal_cortex_c]::NVIC_SetPriorityGrouping(unsigned int)
                         0x800'0ca1   0x1a  Code  Lc  stm32f1xx_hal_cortex.o [1]
[local to stm32f1xx_hal_cortex_c]::SysTick_Config(unsigned int)
                         0x800'0d25   0x2e  Code  Lc  stm32f1xx_hal_cortex.o [1]
_A_VTOR                 0xe000'ed08    0x4  Data  Gb  low_level_init.o [1]
__call_ctors             0x800'103d   0x18  Code  Gb  cppinit.o [2]
__cmain                  0x800'1055         Code  Gb  cmain.o [4]
__exit                   0x800'1099   0x14  Code  Gb  exit.o [5]
__iar_copy_init3         0x800'0fa1   0x2c  Code  Gb  copy_init3.o [4]
__iar_cstart_call_ctors
                         0x800'101d   0x20  Code  Gb  cmain_call_ctors.o [4]
__iar_data_init3         0x800'0fcd   0x28  Code  Gb  data_init.o [4]
__iar_debug_exceptions   0x800'0eee    0x1  Data  Gb  unwind_debug.o [5]
__iar_program_start      0x800'113d         Code  Gb  cstartup_M.o [4]
__iar_tls$$INIT_ARRAY$$Base
                         0x800'11dc          --   Gb  - Linker created -
__iar_tls$$INIT_ARRAY$$Limit
                         0x800'11dc          --   Gb  - Linker created -
__iar_zero_init3         0x800'0dab   0x3a  Code  Gb  zero_init3.o [4]
__low_level_init         0x800'1075   0x14  Code  Gb  low_level_init.o [1]
__sti__routine           0x800'0de5   0x28  Code  Lc  main.o [1]
__vector_table          0x2000'0000         Data  Gb  startup_stm32f103xb.o [1]
_call_main               0x800'1061         Code  Gb  cmain.o [4]
_exit                    0x800'108d         Code  Gb  cexit.o [4]
_main                    0x800'106f         Code  Gb  cmain.o [4]
exit                     0x800'1089    0x4  Code  Gb  exit.o [2]
main                     0x800'0e0d   0x1c  Code  Gb  main.o [1]
uwTick                  0x2000'0208    0x4  Data  Gb  stm32f1xx_hal.o [1]


[1] = C:\Amit_Chaudhary\STM32\Projects\IAR\IAR_Projects\CPP_Drivers\Gpio\IAR\Debug\Obj
[2] = dl7M_tln.a
[3] = dlpp7M_tl_nc.a
[4] = rt7M_tl.a
[5] = shb_l.a

  4 679 bytes of readonly  code memory
    133 bytes of readonly  data memory
  2 336 bytes of readwrite data memory (+ 4 absolute)

Errors: none
Warnings: none
