###############################################################################
#
# IAR ELF Linker V8.30.1.114/W32 for ARM                  18/Nov/2018  10:04:52
# Copyright 2007-2018 IAR Systems AB.
#
#    Output file  =  
#        C:\Amit_Chaudhary\STM32\Projects\IAR\IAR_Projects\Main\ADC_RTC_CLK\EWARM\ADC_RTC_CLK\Exe\ADC_RTC_CLK.out
#    Map file     =  
#        C:\Amit_Chaudhary\STM32\Projects\IAR\IAR_Projects\Main\ADC_RTC_CLK\EWARM\ADC_RTC_CLK\List\ADC_RTC_CLK.map
#    Command line =  
#        -f C:\Users\achaudha\AppData\Local\Temp\EW84FF.tmp
#        (C:\Amit_Chaudhary\STM32\Projects\IAR\IAR_Projects\Main\ADC_RTC_CLK\EWARM\ADC_RTC_CLK\Obj\main.o
#        C:\Amit_Chaudhary\STM32\Projects\IAR\IAR_Projects\Main\ADC_RTC_CLK\EWARM\ADC_RTC_CLK\Obj\startup_stm32f103xb.o
#        C:\Amit_Chaudhary\STM32\Projects\IAR\IAR_Projects\Main\ADC_RTC_CLK\EWARM\ADC_RTC_CLK\Obj\stm32f1xx_hal.o
#        C:\Amit_Chaudhary\STM32\Projects\IAR\IAR_Projects\Main\ADC_RTC_CLK\EWARM\ADC_RTC_CLK\Obj\stm32f1xx_hal_adc.o
#        C:\Amit_Chaudhary\STM32\Projects\IAR\IAR_Projects\Main\ADC_RTC_CLK\EWARM\ADC_RTC_CLK\Obj\stm32f1xx_hal_adc_ex.o
#        C:\Amit_Chaudhary\STM32\Projects\IAR\IAR_Projects\Main\ADC_RTC_CLK\EWARM\ADC_RTC_CLK\Obj\stm32f1xx_hal_cortex.o
#        C:\Amit_Chaudhary\STM32\Projects\IAR\IAR_Projects\Main\ADC_RTC_CLK\EWARM\ADC_RTC_CLK\Obj\stm32f1xx_hal_dma.o
#        C:\Amit_Chaudhary\STM32\Projects\IAR\IAR_Projects\Main\ADC_RTC_CLK\EWARM\ADC_RTC_CLK\Obj\stm32f1xx_hal_flash.o
#        C:\Amit_Chaudhary\STM32\Projects\IAR\IAR_Projects\Main\ADC_RTC_CLK\EWARM\ADC_RTC_CLK\Obj\stm32f1xx_hal_flash_ex.o
#        C:\Amit_Chaudhary\STM32\Projects\IAR\IAR_Projects\Main\ADC_RTC_CLK\EWARM\ADC_RTC_CLK\Obj\stm32f1xx_hal_gpio.o
#        C:\Amit_Chaudhary\STM32\Projects\IAR\IAR_Projects\Main\ADC_RTC_CLK\EWARM\ADC_RTC_CLK\Obj\stm32f1xx_hal_gpio_ex.o
#        C:\Amit_Chaudhary\STM32\Projects\IAR\IAR_Projects\Main\ADC_RTC_CLK\EWARM\ADC_RTC_CLK\Obj\stm32f1xx_hal_msp.o
#        C:\Amit_Chaudhary\STM32\Projects\IAR\IAR_Projects\Main\ADC_RTC_CLK\EWARM\ADC_RTC_CLK\Obj\stm32f1xx_hal_pwr.o
#        C:\Amit_Chaudhary\STM32\Projects\IAR\IAR_Projects\Main\ADC_RTC_CLK\EWARM\ADC_RTC_CLK\Obj\stm32f1xx_hal_rcc.o
#        C:\Amit_Chaudhary\STM32\Projects\IAR\IAR_Projects\Main\ADC_RTC_CLK\EWARM\ADC_RTC_CLK\Obj\stm32f1xx_hal_rcc_ex.o
#        C:\Amit_Chaudhary\STM32\Projects\IAR\IAR_Projects\Main\ADC_RTC_CLK\EWARM\ADC_RTC_CLK\Obj\stm32f1xx_hal_rtc.o
#        C:\Amit_Chaudhary\STM32\Projects\IAR\IAR_Projects\Main\ADC_RTC_CLK\EWARM\ADC_RTC_CLK\Obj\stm32f1xx_hal_rtc_ex.o
#        C:\Amit_Chaudhary\STM32\Projects\IAR\IAR_Projects\Main\ADC_RTC_CLK\EWARM\ADC_RTC_CLK\Obj\stm32f1xx_hal_tim.o
#        C:\Amit_Chaudhary\STM32\Projects\IAR\IAR_Projects\Main\ADC_RTC_CLK\EWARM\ADC_RTC_CLK\Obj\stm32f1xx_hal_tim_ex.o
#        C:\Amit_Chaudhary\STM32\Projects\IAR\IAR_Projects\Main\ADC_RTC_CLK\EWARM\ADC_RTC_CLK\Obj\stm32f1xx_it.o
#        C:\Amit_Chaudhary\STM32\Projects\IAR\IAR_Projects\Main\ADC_RTC_CLK\EWARM\ADC_RTC_CLK\Obj\system_stm32f1xx.o
#        --redirect _Printf=_PrintfFull --redirect _Scanf=_ScanfFull
#        --no_out_extension -o
#        C:\Amit_Chaudhary\STM32\Projects\IAR\IAR_Projects\Main\ADC_RTC_CLK\EWARM\ADC_RTC_CLK\Exe\ADC_RTC_CLK.out
#        --map
#        C:\Amit_Chaudhary\STM32\Projects\IAR\IAR_Projects\Main\ADC_RTC_CLK\EWARM\ADC_RTC_CLK\List\ADC_RTC_CLK.map
#        --config
#        C:\Amit_Chaudhary\STM32\Projects\IAR\IAR_Projects\Main\ADC_RTC_CLK\EWARM/stm32f103xb_flash.icf
#        --semihosting --entry __iar_program_start --vfe --text_out locale)
#
###############################################################################

*******************************************************************************
*** RUNTIME MODEL ATTRIBUTES
***

CppFlavor       = *
__SystemLibrary = DLib
__dlib_version  = 6


*******************************************************************************
*** HEAP SELECTION
***

The basic heap was selected because some modules are built with
size limitations (and not runtime checking), and --advanced_heap
was not specified.


*******************************************************************************
*** PLACEMENT SUMMARY
***

"A0":  place at 0x800'0000 { ro section .intvec };
"P1":  place in [from 0x800'0000 to 0x801'ffff] { ro };
define block CSTACK with size = 1K, alignment = 8 { };
define block HEAP with size = 512, alignment = 8 { };
"P2":  place in [from 0x2000'0000 to 0x2000'4fff] {
          rw, block CSTACK, block HEAP };
initialize by copy { rw };

  Section            Kind         Address    Size  Object
  -------            ----         -------    ----  ------
"A0":                                        0xec
  .intvec            ro code   0x800'0000    0xec  startup_stm32f103xb.o [1]
                             - 0x800'00ec    0xec

"P1":                                      0x1b30
  .text              ro code   0x800'00ec   0x624  stm32f1xx_hal_rcc.o [1]
  .text              ro code   0x800'0710     0xc  stm32f1xx_hal.o [1]
  .text              ro code   0x800'071c    0x4c  stm32f1xx_hal.o [1]
  .text              ro code   0x800'0768    0x86  ABImemcpy.o [3]
  .rodata            const     0x800'07ee     0x2  stm32f1xx_hal_rcc.o [1]
  .text              ro code   0x800'07f0   0x172  stm32f1xx_hal_cortex.o [1]
  .rodata            const     0x800'0962     0x2  stm32f1xx_hal_rcc_ex.o [1]
  .text              ro code   0x800'0964   0x4d2  stm32f1xx_hal_rtc.o [1]
  .text              ro code   0x800'0e38   0x124  stm32f1xx_hal_msp.o [1]
  .text              ro code   0x800'0f5c   0x24c  stm32f1xx_hal_rcc_ex.o [1]
  .text              ro code   0x800'11a8   0x268  stm32f1xx_hal_gpio.o [1]
  .text              ro code   0x800'1410     0xc  stm32f1xx_hal_pwr.o [1]
  .text              ro code   0x800'141c   0x2f8  stm32f1xx_hal_adc.o [1]
  .text              ro code   0x800'1714   0x1ee  main.o [1]
  .text              ro code   0x800'1904    0x24  stm32f1xx_hal.o [1]
  .text              ro code   0x800'1928    0x58  system_stm32f1xx.o [1]
  .rodata            const     0x800'1980    0x50  main.o [1]
  .text              ro code   0x800'19d0    0x44  stm32f1xx_hal_rtc_ex.o [1]
  .text              ro code   0x800'1a14     0x2  stm32f1xx_hal_rtc_ex.o [1]
  .text              ro code   0x800'1a16     0x2  stm32f1xx_hal_rtc_ex.o [1]
  .text              ro code   0x800'1a18    0x38  packbits_init_single.o [3]
  .text              ro code   0x800'1a50    0x2c  stm32f1xx_it.o [1]
  .text              ro code   0x800'1a7c    0x18  stm32f1xx_hal.o [1]
  .text              ro code   0x800'1a94    0x28  data_init.o [3]
  .iar.init_table    const     0x800'1abc    0x10  - Linker created -
  .text              ro code   0x800'1acc    0x1e  cmain.o [3]
  .text              ro code   0x800'1aea     0x4  low_level_init.o [2]
  .text              ro code   0x800'1aee     0x4  exit.o [2]
  .text              ro code   0x800'1af4     0xa  cexit.o [3]
  .text              ro code   0x800'1b00    0x14  exit.o [4]
  .rodata            const     0x800'1b14    0x10  stm32f1xx_hal_rcc.o [1]
  .rodata            const     0x800'1b24    0x10  stm32f1xx_hal_rcc_ex.o [1]
  .rodata            const     0x800'1b34    0x10  system_stm32f1xx.o [1]
  .text              ro code   0x800'1b44    0x10  startup_stm32f103xb.o [1]
  .text              ro code   0x800'1b54     0xc  cstartup_M.o [3]
  .rodata            const     0x800'1b60     0x8  system_stm32f1xx.o [1]
  .text              ro code   0x800'1b68     0x4  startup_stm32f103xb.o [1]
  .text              ro code   0x800'1b6c     0x4  startup_stm32f103xb.o [1]
  .text              ro code   0x800'1b70     0x4  startup_stm32f103xb.o [1]
  .text              ro code   0x800'1b74     0x4  startup_stm32f103xb.o [1]
  .text              ro code   0x800'1b78     0x4  startup_stm32f103xb.o [1]
  .text              ro code   0x800'1b7c     0x4  startup_stm32f103xb.o [1]
  .text              ro code   0x800'1b80     0x4  startup_stm32f103xb.o [1]
  .text              ro code   0x800'1b84     0x4  startup_stm32f103xb.o [1]
  .text              ro code   0x800'1b88     0x4  startup_stm32f103xb.o [1]
  .text              ro code   0x800'1b8c     0x4  startup_stm32f103xb.o [1]
  .text              ro code   0x800'1b90     0x4  startup_stm32f103xb.o [1]
  .text              ro code   0x800'1b94     0x4  startup_stm32f103xb.o [1]
  .text              ro code   0x800'1b98     0x4  startup_stm32f103xb.o [1]
  .text              ro code   0x800'1b9c     0x4  startup_stm32f103xb.o [1]
  .text              ro code   0x800'1ba0     0x4  startup_stm32f103xb.o [1]
  .text              ro code   0x800'1ba4     0x4  startup_stm32f103xb.o [1]
  .text              ro code   0x800'1ba8     0x4  startup_stm32f103xb.o [1]
  .text              ro code   0x800'1bac     0x4  startup_stm32f103xb.o [1]
  .text              ro code   0x800'1bb0     0x4  startup_stm32f103xb.o [1]
  .text              ro code   0x800'1bb4     0x4  startup_stm32f103xb.o [1]
  .text              ro code   0x800'1bb8     0x4  startup_stm32f103xb.o [1]
  .text              ro code   0x800'1bbc     0x4  startup_stm32f103xb.o [1]
  .text              ro code   0x800'1bc0     0x4  startup_stm32f103xb.o [1]
  .text              ro code   0x800'1bc4     0x4  startup_stm32f103xb.o [1]
  .text              ro code   0x800'1bc8     0x4  startup_stm32f103xb.o [1]
  .text              ro code   0x800'1bcc     0x4  startup_stm32f103xb.o [1]
  .text              ro code   0x800'1bd0     0x4  startup_stm32f103xb.o [1]
  .text              ro code   0x800'1bd4     0x4  startup_stm32f103xb.o [1]
  .text              ro code   0x800'1bd8     0x4  startup_stm32f103xb.o [1]
  .text              ro code   0x800'1bdc     0x4  startup_stm32f103xb.o [1]
  .text              ro code   0x800'1be0     0x4  startup_stm32f103xb.o [1]
  .text              ro code   0x800'1be4     0x4  startup_stm32f103xb.o [1]
  .text              ro code   0x800'1be8     0x4  startup_stm32f103xb.o [1]
  .text              ro code   0x800'1bec     0x4  startup_stm32f103xb.o [1]
  .text              ro code   0x800'1bf0     0x4  startup_stm32f103xb.o [1]
  .text              ro code   0x800'1bf4     0x4  startup_stm32f103xb.o [1]
  .text              ro code   0x800'1bf8     0x4  startup_stm32f103xb.o [1]
  .text              ro code   0x800'1bfc     0x4  startup_stm32f103xb.o [1]
  .text              ro code   0x800'1c00     0x4  startup_stm32f103xb.o [1]
  .text              ro code   0x800'1c04     0x4  startup_stm32f103xb.o [1]
  .text              ro code   0x800'1c08     0x4  startup_stm32f103xb.o [1]
  .text              ro code   0x800'1c0c     0x4  startup_stm32f103xb.o [1]
  .rodata            const     0x800'1c10     0x0  packbits_init_single.o [3]
  Initializer bytes  const     0x800'1c10     0xc  <for P2-1>
                             - 0x800'1c1c  0x1b30

"P2", part 1 of 2:                           0x51
  P2-1                        0x2000'0000    0x51  <Init block>
    .data            inited   0x2000'0000     0x4  stm32f1xx_hal.o [1]
    .data            inited   0x2000'0004     0x4  system_stm32f1xx.o [1]
    .bss             inited   0x2000'0008    0x30  main.o [1]
    .bss             inited   0x2000'0038    0x14  main.o [1]
    .bss             inited   0x2000'004c     0x4  stm32f1xx_hal.o [1]
    .data            inited   0x2000'0050     0x1  stm32f1xx_hal.o [1]
                            - 0x2000'0051    0x51

"P2", part 2 of 2:                          0x400
  CSTACK                      0x2000'0058   0x400  <Block>
    CSTACK           uninit   0x2000'0058   0x400  <Block tail>
                            - 0x2000'0458   0x400

Unused ranges:

         From           To      Size
         ----           --      ----
   0x800'1c1c   0x801'ffff  0x1'e3e4
  0x2000'0051  0x2000'0057       0x7
  0x2000'0458  0x2000'4fff    0x4ba8


*******************************************************************************
*** INIT TABLE
***

          Address      Size
          -------      ----
Copy/packbits (__iar_packbits_init_single3)
    1 source range, total size 0xc (14% of destination):
           0x800'1c10   0xc
    1 destination range, total size 0x51:
          0x2000'0000  0x51



*******************************************************************************
*** MODULE SUMMARY
***

    Module                  ro code  ro data  rw data
    ------                  -------  -------  -------
command line/config:
    -------------------------------------------------
    Total:

C:\Amit_Chaudhary\STM32\Projects\IAR\IAR_Projects\Main\ADC_RTC_CLK\EWARM\ADC_RTC_CLK\Obj: [1]
    main.o                      494       90       68
    startup_stm32f103xb.o       420
    stm32f1xx_hal.o             148        1        9
    stm32f1xx_hal_adc.o         760
    stm32f1xx_hal_cortex.o      370
    stm32f1xx_hal_gpio.o        616
    stm32f1xx_hal_msp.o         292
    stm32f1xx_hal_pwr.o          12
    stm32f1xx_hal_rcc.o       1 572       18
    stm32f1xx_hal_rcc_ex.o      588       18
    stm32f1xx_hal_rtc.o       1 234
    stm32f1xx_hal_rtc_ex.o       72
    stm32f1xx_it.o               44
    system_stm32f1xx.o           88       25        4
    -------------------------------------------------
    Total:                    6 710      152       81

dl7M_tlf.a: [2]
    exit.o                        4
    low_level_init.o              4
    -------------------------------------------------
    Total:                        8

rt7M_tl.a: [3]
    ABImemcpy.o                 134
    cexit.o                      10
    cmain.o                      30
    cstartup_M.o                 12
    data_init.o                  40
    packbits_init_single.o       56
    -------------------------------------------------
    Total:                      282

shb_l.a: [4]
    exit.o                       20
    -------------------------------------------------
    Total:                       20

    Gaps                          8
    Linker created                        16    1 024
-----------------------------------------------------
    Grand Total:              7 028      168    1 105


*******************************************************************************
*** ENTRY LIST
***

Entry                       Address   Size  Type      Object
-----                       -------   ----  ----      ------
.iar.init_table$$Base    0x800'1abc          --   Gb  - Linker created -
.iar.init_table$$Limit   0x800'1acc          --   Gb  - Linker created -
?main                    0x800'1acd         Code  Gb  cmain.o [3]
ADC_ConversionStop_Disable
                         0x800'16c9   0x4a  Code  Gb  stm32f1xx_hal_adc.o [1]
AHBPrescTable            0x800'1b34   0x10  Data  Gb  system_stm32f1xx.o [1]
APBPrescTable            0x800'1b60    0x8  Data  Gb  system_stm32f1xx.o [1]
BusFault_Handler         0x800'1a57    0x2  Code  Gb  stm32f1xx_it.o [1]
CSTACK$$Base            0x2000'0058          --   Gb  - Linker created -
CSTACK$$Limit           0x2000'0458          --   Gb  - Linker created -
DebugMon_Handler         0x800'1a5d    0x2  Code  Gb  stm32f1xx_it.o [1]
HAL_ADC_ConfigChannel    0x800'1561  0x152  Code  Gb  stm32f1xx_hal_adc.o [1]
HAL_ADC_Init             0x800'141d  0x144  Code  Gb  stm32f1xx_hal_adc.o [1]
HAL_ADC_MspInit          0x800'0ecd   0x36  Code  Gb  stm32f1xx_hal_msp.o [1]
HAL_GPIO_Init            0x800'11a9  0x226  Code  Gb  stm32f1xx_hal_gpio.o [1]
HAL_GetTick              0x800'0711    0xc  Code  Wk  stm32f1xx_hal.o [1]
HAL_IncTick              0x800'1a7d   0x18  Code  Wk  stm32f1xx_hal.o [1]
HAL_Init                 0x800'1905   0x20  Code  Gb  stm32f1xx_hal.o [1]
HAL_InitTick             0x800'071d   0x4c  Code  Wk  stm32f1xx_hal.o [1]
HAL_MspInit              0x800'0e39   0x94  Code  Gb  stm32f1xx_hal_msp.o [1]
HAL_NVIC_EnableIRQ       0x800'0901    0xe  Code  Gb  stm32f1xx_hal_cortex.o [1]
HAL_NVIC_SetPriority     0x800'08d7   0x2a  Code  Gb  stm32f1xx_hal_cortex.o [1]
HAL_NVIC_SetPriorityGrouping
                         0x800'08cb    0xc  Code  Gb  stm32f1xx_hal_cortex.o [1]
HAL_PWR_EnableBkUpAccess
                         0x800'1411    0x8  Code  Gb  stm32f1xx_hal_pwr.o [1]
HAL_RCCEx_GetPeriphCLKFreq
                         0x800'1075  0x106  Code  Gb  stm32f1xx_hal_rcc_ex.o [1]
HAL_RCCEx_PeriphCLKConfig
                         0x800'0f5d  0x118  Code  Gb  stm32f1xx_hal_rcc_ex.o [1]
HAL_RCC_ClockConfig      0x800'04ad  0x16c  Code  Gb  stm32f1xx_hal_rcc.o [1]
HAL_RCC_GetHCLKFreq      0x800'0689    0x6  Code  Gb  stm32f1xx_hal_rcc.o [1]
HAL_RCC_GetPCLK2Freq     0x800'068f   0x16  Code  Gb  stm32f1xx_hal_rcc.o [1]
HAL_RCC_GetSysClockFreq
                         0x800'0619   0x70  Code  Gb  stm32f1xx_hal_rcc.o [1]
HAL_RCC_OscConfig        0x800'00ed  0x3c0  Code  Gb  stm32f1xx_hal_rcc.o [1]
HAL_RTCEx_RTCIRQHandler
                         0x800'19d1   0x44  Code  Gb  stm32f1xx_hal_rtc_ex.o [1]
HAL_RTC_Init             0x800'0965   0xdc  Code  Gb  stm32f1xx_hal_rtc.o [1]
HAL_RTC_MspInit          0x800'0f03   0x3c  Code  Gb  stm32f1xx_hal_msp.o [1]
HAL_RTC_SetDate          0x800'0b19   0xe4  Code  Gb  stm32f1xx_hal_rtc.o [1]
HAL_RTC_SetTime          0x800'0a41   0xd8  Code  Gb  stm32f1xx_hal_rtc.o [1]
HAL_RTC_WaitForSynchro   0x800'0c09   0x3e  Code  Gb  stm32f1xx_hal_rtc.o [1]
HAL_SYSTICK_CLKSourceConfig
                         0x800'091b   0x1c  Code  Gb  stm32f1xx_hal_cortex.o [1]
HAL_SYSTICK_Config       0x800'090f    0xc  Code  Gb  stm32f1xx_hal_cortex.o [1]
HAL_SYSTICK_IRQHandler   0x800'0959    0x8  Code  Gb  stm32f1xx_hal_cortex.o [1]
HardFault_Handler        0x800'1a53    0x2  Code  Gb  stm32f1xx_it.o [1]
MX_ADC1_Init             0x800'17d3   0x56  Code  Lc  main.o [1]
MX_GPIO_Init             0x800'18a9   0x3e  Code  Lc  main.o [1]
MX_RTC_Init              0x800'1829   0x80  Code  Lc  main.o [1]
MemManage_Handler        0x800'1a55    0x2  Code  Gb  stm32f1xx_it.o [1]
NMI_Handler              0x800'1a51    0x2  Code  Gb  stm32f1xx_it.o [1]
NVIC_EnableIRQ           0x800'0819   0x16  Code  Lc  stm32f1xx_hal_cortex.o [1]
NVIC_EncodePriority      0x800'085b   0x40  Code  Lc  stm32f1xx_hal_cortex.o [1]
NVIC_GetPriorityGrouping
                         0x800'080f    0xa  Code  Lc  stm32f1xx_hal_cortex.o [1]
NVIC_SetPriority         0x800'082f   0x2c  Code  Lc  stm32f1xx_hal_cortex.o [1]
NVIC_SetPriorityGrouping
                         0x800'07f1   0x1e  Code  Lc  stm32f1xx_hal_cortex.o [1]
PendSV_Handler           0x800'1a5f    0x2  Code  Gb  stm32f1xx_it.o [1]
RCC_Delay                0x800'06a5   0x26  Code  Lc  stm32f1xx_hal_rcc.o [1]
RTC_Bcd2ToByte           0x800'0d89   0x1a  Code  Lc  stm32f1xx_hal_rtc.o [1]
RTC_EnterInitMode        0x800'0d1d   0x36  Code  Lc  stm32f1xx_hal_rtc.o [1]
RTC_ExitInitMode         0x800'0d53   0x36  Code  Lc  stm32f1xx_hal_rtc.o [1]
RTC_IRQHandler           0x800'1a6d    0xa  Code  Gb  stm32f1xx_it.o [1]
RTC_ReadAlarmCounter     0x800'0cc7   0x1c  Code  Lc  stm32f1xx_hal_rtc.o [1]
RTC_ReadTimeCounter      0x800'0c47   0x46  Code  Lc  stm32f1xx_hal_rtc.o [1]
RTC_WeekDayNum           0x800'0da3   0x94  Code  Lc  stm32f1xx_hal_rtc.o [1]
RTC_WriteAlarmCounter    0x800'0ce3   0x3a  Code  Lc  stm32f1xx_hal_rtc.o [1]
RTC_WriteTimeCounter     0x800'0c8d   0x3a  Code  Lc  stm32f1xx_hal_rtc.o [1]
Region$$Table$$Base      0x800'1abc          --   Gb  - Linker created -
Region$$Table$$Limit     0x800'1acc          --   Gb  - Linker created -
SVC_Handler              0x800'1a5b    0x2  Code  Gb  stm32f1xx_it.o [1]
SysTick_Config           0x800'089b   0x30  Code  Lc  stm32f1xx_hal_cortex.o [1]
SysTick_Handler          0x800'1a61    0xc  Code  Gb  stm32f1xx_it.o [1]
SystemClock_Config       0x800'172d   0xa6  Code  Gb  main.o [1]
SystemCoreClock         0x2000'0004    0x4  Data  Gb  system_stm32f1xx.o [1]
SystemInit               0x800'1929   0x3e  Code  Gb  system_stm32f1xx.o [1]
UsageFault_Handler       0x800'1a59    0x2  Code  Gb  stm32f1xx_it.o [1]
_Error_Handler           0x800'1901    0x2  Code  Gb  main.o [1]
__aeabi_memcpy4          0x800'0769         Code  Gb  ABImemcpy.o [3]
__aeabi_memcpy8          0x800'0769         Code  Gb  ABImemcpy.o [3]
__cmain                  0x800'1acd         Code  Gb  cmain.o [3]
__exit                   0x800'1b01   0x14  Code  Gb  exit.o [4]
__iar_data_init3         0x800'1a95   0x28  Code  Gb  data_init.o [3]
__iar_packbits_init_single3
                         0x800'1a19   0x38  Code  Gb  packbits_init_single.o [3]
__iar_program_start      0x800'1b55         Code  Gb  cstartup_M.o [3]
__low_level_init         0x800'1aeb    0x4  Code  Gb  low_level_init.o [2]
__vector_table           0x800'0000         Data  Gb  startup_stm32f103xb.o [1]
_call_main               0x800'1ad9         Code  Gb  cmain.o [3]
_exit                    0x800'1af5         Code  Gb  cexit.o [3]
_main                    0x800'1ae7         Code  Gb  cmain.o [3]
exit                     0x800'1aef    0x4  Code  Gb  exit.o [2]
hadc1                   0x2000'0008   0x30  Data  Gb  main.o [1]
hrtc                    0x2000'0038   0x14  Data  Gb  main.o [1]
main                     0x800'1715   0x18  Code  Gb  main.o [1]
uwTick                  0x2000'004c    0x4  Data  Gb  stm32f1xx_hal.o [1]
uwTickFreq              0x2000'0050    0x1  Data  Gb  stm32f1xx_hal.o [1]
uwTickPrio              0x2000'0000    0x4  Data  Gb  stm32f1xx_hal.o [1]


[1] = C:\Amit_Chaudhary\STM32\Projects\IAR\IAR_Projects\Main\ADC_RTC_CLK\EWARM\ADC_RTC_CLK\Obj
[2] = dl7M_tlf.a
[3] = rt7M_tl.a
[4] = shb_l.a

  7 028 bytes of readonly  code memory
    168 bytes of readonly  data memory
  1 105 bytes of readwrite data memory

Errors: none
Warnings: none
