###############################################################################
#
# IAR ELF Linker V8.30.1.114/W32 for ARM                  26/Aug/2018  15:23:45
# Copyright 2007-2018 IAR Systems AB.
#
#    Output file  =  
#        C:\Amit_Chaudhary\STM32\Projects\IAR\IAR_Projects\CPP_Drivers\I2C\I2C_Master_IT\IAR\Debug\Exe\I2C_Master_IT.out
#    Map file     =  
#        C:\Amit_Chaudhary\STM32\Projects\IAR\IAR_Projects\CPP_Drivers\I2C\I2C_Master_IT\IAR\Debug\List\I2C_Master_IT.map
#    Command line =  
#        -f C:\Users\achaudha\AppData\Local\Temp\EWC5F.tmp
#        (C:\Amit_Chaudhary\STM32\Projects\IAR\IAR_Projects\CPP_Drivers\I2C\I2C_Master_IT\IAR\Debug\Obj\GpioInput.o
#        C:\Amit_Chaudhary\STM32\Projects\IAR\IAR_Projects\CPP_Drivers\I2C\I2C_Master_IT\IAR\Debug\Obj\GpioOutput.o
#        C:\Amit_Chaudhary\STM32\Projects\IAR\IAR_Projects\CPP_Drivers\I2C\I2C_Master_IT\IAR\Debug\Obj\I2C_Base.o
#        C:\Amit_Chaudhary\STM32\Projects\IAR\IAR_Projects\CPP_Drivers\I2C\I2C_Master_IT\IAR\Debug\Obj\I2C_Master.o
#        C:\Amit_Chaudhary\STM32\Projects\IAR\IAR_Projects\CPP_Drivers\I2C\I2C_Master_IT\IAR\Debug\Obj\I2C_Master_IT.o
#        C:\Amit_Chaudhary\STM32\Projects\IAR\IAR_Projects\CPP_Drivers\I2C\I2C_Master_IT\IAR\Debug\Obj\I2C_Slave.o
#        C:\Amit_Chaudhary\STM32\Projects\IAR\IAR_Projects\CPP_Drivers\I2C\I2C_Master_IT\IAR\Debug\Obj\INA219.o
#        C:\Amit_Chaudhary\STM32\Projects\IAR\IAR_Projects\CPP_Drivers\I2C\I2C_Master_IT\IAR\Debug\Obj\Interrupt.o
#        C:\Amit_Chaudhary\STM32\Projects\IAR\IAR_Projects\CPP_Drivers\I2C\I2C_Master_IT\IAR\Debug\Obj\main.o
#        C:\Amit_Chaudhary\STM32\Projects\IAR\IAR_Projects\CPP_Drivers\I2C\I2C_Master_IT\IAR\Debug\Obj\Peripheral.o
#        C:\Amit_Chaudhary\STM32\Projects\IAR\IAR_Projects\CPP_Drivers\I2C\I2C_Master_IT\IAR\Debug\Obj\startup_stm32f103xb.o
#        C:\Amit_Chaudhary\STM32\Projects\IAR\IAR_Projects\CPP_Drivers\I2C\I2C_Master_IT\IAR\Debug\Obj\stm32f1xx_hal.o
#        C:\Amit_Chaudhary\STM32\Projects\IAR\IAR_Projects\CPP_Drivers\I2C\I2C_Master_IT\IAR\Debug\Obj\stm32f1xx_hal_cortex.o
#        C:\Amit_Chaudhary\STM32\Projects\IAR\IAR_Projects\CPP_Drivers\I2C\I2C_Master_IT\IAR\Debug\Obj\stm32f1xx_hal_dma.o
#        C:\Amit_Chaudhary\STM32\Projects\IAR\IAR_Projects\CPP_Drivers\I2C\I2C_Master_IT\IAR\Debug\Obj\stm32f1xx_hal_gpio.o
#        C:\Amit_Chaudhary\STM32\Projects\IAR\IAR_Projects\CPP_Drivers\I2C\I2C_Master_IT\IAR\Debug\Obj\stm32f1xx_hal_gpio_ex.o
#        C:\Amit_Chaudhary\STM32\Projects\IAR\IAR_Projects\CPP_Drivers\I2C\I2C_Master_IT\IAR\Debug\Obj\stm32f1xx_hal_i2c.o
#        C:\Amit_Chaudhary\STM32\Projects\IAR\IAR_Projects\CPP_Drivers\I2C\I2C_Master_IT\IAR\Debug\Obj\stm32f1xx_hal_pwr.o
#        C:\Amit_Chaudhary\STM32\Projects\IAR\IAR_Projects\CPP_Drivers\I2C\I2C_Master_IT\IAR\Debug\Obj\stm32f1xx_hal_rcc.o
#        C:\Amit_Chaudhary\STM32\Projects\IAR\IAR_Projects\CPP_Drivers\I2C\I2C_Master_IT\IAR\Debug\Obj\stm32f1xx_hal_rcc_ex.o
#        C:\Amit_Chaudhary\STM32\Projects\IAR\IAR_Projects\CPP_Drivers\I2C\I2C_Master_IT\IAR\Debug\Obj\stm32f1xx_it.o
#        C:\Amit_Chaudhary\STM32\Projects\IAR\IAR_Projects\CPP_Drivers\I2C\I2C_Master_IT\IAR\Debug\Obj\stm32f1xx_ll_exti.o
#        C:\Amit_Chaudhary\STM32\Projects\IAR\IAR_Projects\CPP_Drivers\I2C\I2C_Master_IT\IAR\Debug\Obj\system_stm32f1xx.o
#        --no_out_extension -o
#        C:\Amit_Chaudhary\STM32\Projects\IAR\IAR_Projects\CPP_Drivers\I2C\I2C_Master_IT\IAR\Debug\Exe\I2C_Master_IT.out
#        --redirect _Printf=_PrintfFullNoMb --redirect _Scanf=_ScanfFullNoMb
#        --map
#        C:\Amit_Chaudhary\STM32\Projects\IAR\IAR_Projects\CPP_Drivers\I2C\I2C_Master_IT\IAR\Debug\List\I2C_Master_IT.map
#        --config
#        C:\Amit_Chaudhary\STM32\Projects\IAR\IAR_Projects\CPP_Drivers\Gpio\System\stm32f103x8.icf
#        --semihosting --entry __iar_program_start --vfe --text_out locale)
#
###############################################################################

*******************************************************************************
*** RUNTIME MODEL ATTRIBUTES
***

CppFlavor                     = *
__CPP_Exceptions              = Disabled
__CPP_Language                = C++14
__Heap_Handler                = Basic
__SystemLibrary               = DLib
__dlib_dynamic_initialization = normal
__dlib_version                = 6


*******************************************************************************
*** HEAP SELECTION
***

The basic heap was selected because some modules are built with
size limitations (and not runtime checking), and --advanced_heap
was not specified.


*******************************************************************************
*** PLACEMENT SUMMARY
***

"A0":  place at 0x800'0000 { ro section .intvec };
"P1":  place in [from 0x800'0000 to 0x800'ffff] { ro };
define block CSTACK with size = 2K, alignment = 8 { };
define block HEAP with size = 2K, alignment = 8 { };
"P2":  place in [from 0x2000'0000 to 0x2000'4fff] {
          rw, block CSTACK, block HEAP };
initialize by copy { rw };

  Section                Kind         Address    Size  Object
  -------                ----         -------    ----  ------
"A0":                                            0xec
  .intvec                ro code   0x800'0000    0xec  startup_stm32f103xb.o [1]
                                 - 0x800'00ec    0xec

"P1":                                          0x2b8c
  .text                  ro code   0x800'00ec  0x1074  stm32f1xx_hal_i2c.o [1]
  .text                  ro code   0x800'1160   0x620  stm32f1xx_hal_rcc.o [1]
  .text                  ro code   0x800'1780     0x2  stm32f1xx_hal_i2c.o [1]
  .text                  ro code   0x800'1782    0x3a  zero_init3.o [5]
  .text                  ro code   0x800'17bc   0x31c  I2C_Master_IT.o [1]
  .text                  ro code   0x800'1ad8     0x2  stm32f1xx_hal_i2c.o [1]
  .text                  ro code   0x800'1ada     0x2  stm32f1xx_hal_i2c.o [1]
  .text                  ro code   0x800'1adc    0x30  I2C_Slave.o [1]
  .text                  ro code   0x800'1b0c     0x2  stm32f1xx_hal_i2c.o [1]
  .rodata                const     0x800'1b0e     0x2  stm32f1xx_hal_rcc.o [1]
  .text                  ro code   0x800'1b10    0xd0  stm32f1xx_hal_dma.o [1]
  .text                  ro code   0x800'1be0     0x2  stm32f1xx_hal_i2c.o [1]
  .rodata                const     0x800'1be2     0x1  unwind_debug.o [6]
  .text                  ro code   0x800'1be4     0xc  stm32f1xx_hal.o [1]
  .text                  ro code   0x800'1bf0    0x3c  stm32f1xx_hal.o [1]
  .text                  ro code   0x800'1c2c    0x86  ABImemcpy.o [5]
  .text                  ro code   0x800'1cb2     0xc  I2C_Slave.o [1]
  .text                  ro code   0x800'1cc0   0x268  stm32f1xx_hal_gpio.o [1]
  .text                  ro code   0x800'1f28    0x8c  Interrupt.o [1]
  .text                  ro code   0x800'1fb4    0x1e  stm32f1xx_hal.o [1]
  .text                  ro code   0x800'1fd4   0x14a  stm32f1xx_hal_cortex.o [1]
  .text                  ro code   0x800'211e     0xe  I2C_Slave.o [1]
  .text                  ro code   0x800'212c     0xc  I2C_Slave.o [1]
  .text                  ro code   0x800'2138     0xc  I2C_Slave.o [1]
  .text                  ro code   0x800'2144   0x20c  INA219.o [1]
  .text                  ro code   0x800'2350    0x24  FltCmpLe.o [4]
  .text                  ro code   0x800'2374    0x22  S32ToDbl.o [4]
  .text                  ro code   0x800'2398   0x1a2  DblMul.o [4]
  .text                  ro code   0x800'253c    0x68  DblToFlt.o [4]
  .text                  ro code   0x800'25a4    0x24  S32ToFlt.o [4]
  .text                  ro code   0x800'25c8    0x1c  U32ToFlt.o [4]
  .text                  ro code   0x800'25e4    0xfc  FltDiv.o [4]
  .text                  ro code   0x800'26e0   0x132  main.o [1]
  .text                  ro code   0x800'2814    0x28  GpioOutput.o [1]
  .text                  ro code   0x800'283c     0xa  cxxabi.o [3]
  .text                  ro code   0x800'2848    0x2a  stm32f1xx_hal.o [1]
  .text                  ro code   0x800'2874    0xa0  cppinit.o [2]
  .rodata                const     0x800'2914    0x64  main.o [1]
  .text                  ro code   0x800'2978    0x58  system_stm32f1xx.o [1]
  .rodata                const     0x800'29d0    0x2c  I2C_Master_IT.o [1]
  .text                  ro code   0x800'29fc    0x2c  copy_init3.o [5]
  .text                  ro code   0x800'2a28    0x28  data_init.o [5]
  .iar.init_table        const     0x800'2a50    0x28  - Linker created -
  .text                  ro code   0x800'2a78    0x20  cmain_call_ctors.o [5]
  .text                  ro code   0x800'2a98    0x1e  cmain.o [5]
  .text                  ro code   0x800'2ab6     0x4  low_level_init.o [2]
  .text                  ro code   0x800'2aba     0x4  exit.o [2]
  .text                  ro code   0x800'2ac0     0xe  cexit.o [5]
  .text                  ro code   0x800'2ad0    0x14  exit.o [6]
  .rodata                const     0x800'2ae4    0x1c  GpioOutput.o [1]
  .rodata                const     0x800'2b00    0x1c  I2C_Slave.o [1]
  .text                  ro code   0x800'2b1c    0x1c  stm32f1xx_it.o [1]
  .text                  ro code   0x800'2b38    0x10  stm32f1xx_hal.o [1]
  .text                  ro code   0x800'2b48    0x18  main.o [1]
  .text                  ro code   0x800'2b60    0x10  main.o [1]
  .rodata                const     0x800'2b70    0x10  INA219.o [1]
  .rodata                const     0x800'2b80    0x10  stm32f1xx_hal_rcc.o [1]
  .rodata                const     0x800'2b90    0x10  system_stm32f1xx.o [1]
  .text                  ro code   0x800'2ba0    0x10  startup_stm32f103xb.o [1]
  .text                  ro code   0x800'2bb0     0xc  cstartup_M.o [5]
  .rodata                const     0x800'2bbc     0x8  system_stm32f1xx.o [1]
  .text                  ro code   0x800'2bc4     0x4  startup_stm32f103xb.o [1]
  .text                  ro code   0x800'2bc8     0x4  startup_stm32f103xb.o [1]
  .text                  ro code   0x800'2bcc     0x4  startup_stm32f103xb.o [1]
  .text                  ro code   0x800'2bd0     0x4  startup_stm32f103xb.o [1]
  .text                  ro code   0x800'2bd4     0x4  startup_stm32f103xb.o [1]
  .text                  ro code   0x800'2bd8     0x4  startup_stm32f103xb.o [1]
  .text                  ro code   0x800'2bdc     0x4  startup_stm32f103xb.o [1]
  .text                  ro code   0x800'2be0     0x4  startup_stm32f103xb.o [1]
  .text                  ro code   0x800'2be4     0x4  startup_stm32f103xb.o [1]
  .text                  ro code   0x800'2be8     0x4  startup_stm32f103xb.o [1]
  .text                  ro code   0x800'2bec     0x4  startup_stm32f103xb.o [1]
  .text                  ro code   0x800'2bf0     0x4  startup_stm32f103xb.o [1]
  .text                  ro code   0x800'2bf4     0x4  startup_stm32f103xb.o [1]
  .text                  ro code   0x800'2bf8     0x4  startup_stm32f103xb.o [1]
  .text                  ro code   0x800'2bfc     0x4  startup_stm32f103xb.o [1]
  .text                  ro code   0x800'2c00     0x4  startup_stm32f103xb.o [1]
  .text                  ro code   0x800'2c04     0x4  startup_stm32f103xb.o [1]
  .text                  ro code   0x800'2c08     0x4  startup_stm32f103xb.o [1]
  .text                  ro code   0x800'2c0c     0x4  startup_stm32f103xb.o [1]
  .text                  ro code   0x800'2c10     0x4  startup_stm32f103xb.o [1]
  .text                  ro code   0x800'2c14     0x4  startup_stm32f103xb.o [1]
  .text                  ro code   0x800'2c18     0x4  startup_stm32f103xb.o [1]
  .text                  ro code   0x800'2c1c     0x4  startup_stm32f103xb.o [1]
  .text                  ro code   0x800'2c20     0x4  startup_stm32f103xb.o [1]
  .text                  ro code   0x800'2c24     0x4  startup_stm32f103xb.o [1]
  .text                  ro code   0x800'2c28     0x4  startup_stm32f103xb.o [1]
  .text                  ro code   0x800'2c2c     0x4  startup_stm32f103xb.o [1]
  .text                  ro code   0x800'2c30     0x4  startup_stm32f103xb.o [1]
  .text                  ro code   0x800'2c34     0x4  startup_stm32f103xb.o [1]
  .text                  ro code   0x800'2c38     0x4  startup_stm32f103xb.o [1]
  .text                  ro code   0x800'2c3c     0x4  startup_stm32f103xb.o [1]
  .text                  ro code   0x800'2c40     0x4  startup_stm32f103xb.o [1]
  .text                  ro code   0x800'2c44     0x4  startup_stm32f103xb.o [1]
  .text                  ro code   0x800'2c48     0x4  startup_stm32f103xb.o [1]
  .text                  ro code   0x800'2c4c     0x4  startup_stm32f103xb.o [1]
  .text                  ro code   0x800'2c50     0x4  startup_stm32f103xb.o [1]
  .text                  ro code   0x800'2c54     0x4  startup_stm32f103xb.o [1]
  .text                  ro code   0x800'2c58     0x4  startup_stm32f103xb.o [1]
  .text                  ro code   0x800'2c5c     0x4  startup_stm32f103xb.o [1]
  .text                  ro code   0x800'2c60     0x4  startup_stm32f103xb.o [1]
  .text                  ro code   0x800'2c64     0x4  startup_stm32f103xb.o [1]
  .text                  ro code   0x800'2c68     0x4  startup_stm32f103xb.o [1]
  .text                  ro code   0x800'2c6c     0x4  startup_stm32f103xb.o [1]
  SHT$$PREINIT_ARRAY               0x800'2c70     0x0  <Block>
  SHT$$INIT_ARRAY                  0x800'2c70     0x4  <Block>
    .init_array          const     0x800'2c70     0x4  main.o [1]
  __iar_tls$$INIT_ARRAY            0x800'2c74     0x0  <Block>
  Initializer bytes      const     0x800'2c74     0x4  <for P2-1>
  .text                  ro code   0x800'2c78     0x0  cstart_call_dtors.o [5]
  .rodata                const     0x800'2c78     0x0  zero_init3.o [5]
  .rodata                const     0x800'2c78     0x0  copy_init3.o [5]
                                 - 0x800'2c78  0x2b8c

Absolute sections:                              0x100
  .noinit                uninit   0x2000'0100   0x100  Interrupt.o [1]
                                - 0x2000'0200   0x100

"P2", part 1 of 3:                                0x4
  P2-1                            0x2000'0200     0x4  <Init block>
    .data                inited   0x2000'0200     0x4  system_stm32f1xx.o [1]
                                - 0x2000'0204     0x4

"P2", part 2 of 3:                               0xb0
  .bss                   zero     0x2000'0204    0x54  I2C_Master_IT.o [1]
  .bss                   zero     0x2000'0258    0x18  main.o [1]
  .bss                   zero     0x2000'0270     0xc  main.o [1]
  .bss                   zero     0x2000'027c     0xc  main.o [1]
  .bss                   zero     0x2000'0288     0x8  main.o [1]
  .bss                   zero     0x2000'0290     0x4  I2C_Master_IT.o [1]
  .bss                   zero     0x2000'0294     0x4  I2C_Master_IT.o [1]
  .bss                   zero     0x2000'0298     0x4  I2C_Master_IT.o [1]
  .bss                   zero     0x2000'029c     0x4  I2C_Master_IT.o [1]
  .bss                   zero     0x2000'02a0     0x4  I2C_Slave.o [1]
  .bss                   zero     0x2000'02a4     0x4  I2C_Slave.o [1]
  .bss                   zero     0x2000'02a8     0x4  stm32f1xx_hal.o [1]
  .bss                   zero     0x2000'02ac     0x4  cppinit.o [2]
  .bss                   zero     0x2000'02b0     0x4  cppinit.o [2]
                                - 0x2000'02b4    0xb0

"P2", part 3 of 3:                              0x99c
  .iar.dynexit                    0x2000'02b4   0x198  <Block>
    .iar.dynexit         uninit   0x2000'02b4     0xc  cppinit.o [2]
    .iar.dynexit         uninit   0x2000'02c0   0x18c  <Block tail>
  CSTACK                          0x2000'0450   0x800  <Block>
    CSTACK               uninit   0x2000'0450   0x800  <Block tail>
                                - 0x2000'0c50   0x99c

Unused ranges:

         From           To    Size
         ----           --    ----
   0x800'2c78   0x800'ffff  0xd388
  0x2000'0000  0x2000'00ff   0x100
  0x2000'0c50  0x2000'4fff  0x43b0


*******************************************************************************
*** INIT TABLE
***

          Address      Size
          -------      ----
Zero (__iar_zero_init3)
    1 destination range, total size 0xb0:
          0x2000'0204  0xb0

Copy (__iar_copy_init3)
    1 source range, total size 0x4:
           0x800'2c74   0x4
    1 destination range, total size 0x4:
          0x2000'0200   0x4

Extra (__iar_cstart_call_ctors)



*******************************************************************************
*** MODULE SUMMARY
***

    Module                  ro code  ro data  rw data  rw data
                                                        (abs)
    ------                  -------  -------  -------  -------
command line/config:
    ----------------------------------------------------------
    Total:

C:\Amit_Chaudhary\STM32\Projects\IAR\IAR_Projects\CPP_Drivers\I2C\I2C_Master_IT\IAR\Debug\Obj: [1]
    GpioOutput.o                 40       28
    I2C_Master_IT.o             796       44      100
    I2C_Slave.o                  98       28        8
    INA219.o                    524       16
    Interrupt.o                 140                        256
    main.o                      346      104       56
    startup_stm32f103xb.o       424
    stm32f1xx_hal.o             160                 4
    stm32f1xx_hal_cortex.o      330
    stm32f1xx_hal_dma.o         208
    stm32f1xx_hal_gpio.o        616
    stm32f1xx_hal_i2c.o       4 222
    stm32f1xx_hal_rcc.o       1 568       18
    stm32f1xx_it.o               28
    system_stm32f1xx.o           88       28        4
    ----------------------------------------------------------
    Total:                    9 588      266      172      256

dl7M_tln.a: [2]
    cppinit.o                   160                20
    exit.o                        4
    low_level_init.o              4
    ----------------------------------------------------------
    Total:                      168                20

dlpp7M_tl_nc.a: [3]
    cxxabi.o                     10
    ----------------------------------------------------------
    Total:                       10

m7M_tl.a: [4]
    DblMul.o                    418
    DblToFlt.o                  104
    FltCmpLe.o                   36
    FltDiv.o                    252
    S32ToDbl.o                   34
    S32ToFlt.o                   36
    U32ToFlt.o                   28
    ----------------------------------------------------------
    Total:                      908

rt7M_tl.a: [5]
    ABImemcpy.o                 134
    cexit.o                      14
    cmain.o                      30
    cmain_call_ctors.o           32
    copy_init3.o                 44
    cstart_call_dtors.o
    cstartup_M.o                 12
    data_init.o                  40
    zero_init3.o                 58
    ----------------------------------------------------------
    Total:                      364

shb_l.a: [6]
    exit.o                       20
    unwind_debug.o                         1
    ----------------------------------------------------------
    Total:                       20        1

    Gaps                         19
    Linker created                        40    2 444
--------------------------------------------------------------
    Grand Total:             11 077      307    2 636      256


*******************************************************************************
*** ENTRY LIST
***

Entry                       Address   Size  Type      Object
-----                       -------   ----  ----      ------
.iar.dynexit$$Base      0x2000'02b4          --   Gb  - Linker created -
.iar.dynexit$$Limit     0x2000'044c          --   Gb  - Linker created -
.iar.init_table$$Base    0x800'2a50          --   Gb  - Linker created -
.iar.init_table$$Limit   0x800'2a78          --   Gb  - Linker created -
?main                    0x800'2a99         Code  Gb  cmain.o [5]
AHBPrescTable            0x800'2b90   0x10  Data  Gb  system_stm32f1xx.o [1]
APBPrescTable            0x800'2bbc    0x8  Data  Gb  system_stm32f1xx.o [1]
BusFault_Handler         0x800'2b23    0x2  Code  Gb  stm32f1xx_it.o [1]
CSTACK$$Base            0x2000'0450          --   Gb  - Linker created -
CSTACK$$Limit           0x2000'0c50          --   Gb  - Linker created -
DebugMon_Handler         0x800'2b29    0x2  Code  Gb  stm32f1xx_it.o [1]
DtorRecArray            0x2000'02b4    0xc  Data  Lc  cppinit.o [2]
HAL_DMA_Abort_IT         0x800'1b11   0xb4  Code  Gb  stm32f1xx_hal_dma.o [1]
HAL_Delay                0x800'1fb5   0x1e  Code  Wk  stm32f1xx_hal.o [1]
HAL_GPIO_Init            0x800'1cc1  0x226  Code  Gb  stm32f1xx_hal_gpio.o [1]
HAL_GetTick              0x800'1be5    0xc  Code  Wk  stm32f1xx_hal.o [1]
HAL_I2C_AddrCallback     0x800'1add    0x2  Code  Gb  I2C_Slave.o [1]
HAL_I2C_DeInit           0x800'020f   0x42  Code  Gb  stm32f1xx_hal_i2c.o [1]
HAL_I2C_ER_IRQHandler    0x800'0559   0xf6  Code  Gb  stm32f1xx_hal_i2c.o [1]
HAL_I2C_EV_IRQHandler    0x800'0409  0x150  Code  Gb  stm32f1xx_hal_i2c.o [1]
HAL_I2C_ErrorCallback    0x800'1a8d   0x16  Code  Gb  I2C_Master_IT.o [1]
HAL_I2C_Init             0x800'00ed  0x122  Code  Gb  stm32f1xx_hal_i2c.o [1]
HAL_I2C_MasterRxCpltCallback
                         0x800'1a69   0x12  Code  Gb  I2C_Master_IT.o [1]
HAL_I2C_MasterTxCpltCallback
                         0x800'1a7b   0x12  Code  Gb  I2C_Master_IT.o [1]
HAL_I2C_Master_Receive_IT
                         0x800'031f   0xda  Code  Gb  stm32f1xx_hal_i2c.o [1]
HAL_I2C_Master_Transmit_IT
                         0x800'0251   0xce  Code  Gb  stm32f1xx_hal_i2c.o [1]
HAL_I2C_SlaveRxCpltCallback
                         0x800'1adf   0x12  Code  Gb  I2C_Slave.o [1]
HAL_I2C_SlaveTxCpltCallback
                         0x800'1af1   0x12  Code  Gb  I2C_Slave.o [1]
HAL_IncTick              0x800'2b39   0x10  Code  Wk  stm32f1xx_hal.o [1]
HAL_Init                 0x800'2849   0x24  Code  Gb  stm32f1xx_hal.o [1]
HAL_InitTick             0x800'1bf1   0x3c  Code  Wk  stm32f1xx_hal.o [1]
HAL_NVIC_SetPriority     0x800'20a5   0x2a  Code  Gb  stm32f1xx_hal_cortex.o [1]
HAL_NVIC_SetPriorityGrouping
                         0x800'2099    0xc  Code  Gb  stm32f1xx_hal_cortex.o [1]
HAL_RCC_ClockConfig      0x800'1521  0x16c  Code  Gb  stm32f1xx_hal_rcc.o [1]
HAL_RCC_GetHCLKFreq      0x800'16fb    0x6  Code  Gb  stm32f1xx_hal_rcc.o [1]
HAL_RCC_GetPCLK1Freq     0x800'1701   0x16  Code  Gb  stm32f1xx_hal_rcc.o [1]
HAL_RCC_GetSysClockFreq
                         0x800'168d   0x6e  Code  Gb  stm32f1xx_hal_rcc.o [1]
HAL_RCC_OscConfig        0x800'1161  0x3c0  Code  Gb  stm32f1xx_hal_rcc.o [1]
HAL_SYSTICK_CLKSourceConfig
                         0x800'20db   0x1c  Code  Gb  stm32f1xx_hal_cortex.o [1]
HAL_SYSTICK_Config       0x800'20cf    0xc  Code  Gb  stm32f1xx_hal_cortex.o [1]
HAL_SYSTICK_IRQHandler   0x800'2115    0x8  Code  Gb  stm32f1xx_hal_cortex.o [1]
HardFault_Handler        0x800'2b1f    0x2  Code  Gb  stm32f1xx_it.o [1]
I2C1_Master             0x2000'0288    0x8  Data  Gb  main.o [1]
I2c_RxCallback()         0x800'2749    0x8  Code  Gb  main.o [1]
I2c_TxCallback()         0x800'2751    0x8  Code  Gb  main.o [1]
INA219_Obj              0x2000'0258   0x18  Data  Gb  main.o [1]
MemManage_Handler        0x800'2b21    0x2  Code  Gb  stm32f1xx_it.o [1]
NMI_Handler              0x800'2b1d    0x2  Code  Gb  stm32f1xx_it.o [1]
PendSV_Handler           0x800'2b2b    0x2  Code  Gb  stm32f1xx_it.o [1]
Peripherals::GpioOutput::GpioOutput(GPIO_TypeDef *, unsigned short)
                         0x800'2815   0x22  Code  Gb  GpioOutput.o [1]
Peripherals::I2C_Base::I2C_Base()
                         0x800'211f    0xe  Code  Gb  I2C_Slave.o [1]
Peripherals::I2C_Base::I2C_Base() [subobject]
                         0x800'1cb3    0xc  Code  Gb  I2C_Slave.o [1]
Peripherals::I2C_Master_IT::ErrorISR()
                         0x800'194d    0xa  Code  Gb  I2C_Master_IT.o [1]
Peripherals::I2C_Master_IT::EventISR()
                         0x800'1941    0xa  Code  Gb  I2C_Master_IT.o [1]
Peripherals::I2C_Master_IT::HwDeInit()
                         0x800'2b61   0x10  Code  Gb  main.o [1]
Peripherals::I2C_Master_IT::HwInit()
                         0x800'1843   0xfc  Code  Gb  I2C_Master_IT.o [1]
Peripherals::I2C_Master_IT::I2C_Master_IT(Peripherals::I2C_Base::I2CPort_t, Peripherals::I2C_Base::I2CBaudRate_t)
                         0x800'17bd   0x86  Code  Gb  I2C_Master_IT.o [1]
Peripherals::I2C_Master_IT::Xfer(unsigned short, unsigned char *, unsigned short, unsigned char *, unsigned short)
                         0x800'1957  0x112  Code  Gb  I2C_Master_IT.o [1]
Peripherals::I2C_Master_IT::m_RxCallback
                        0x2000'0298    0x4  Data  Gb  I2C_Master_IT.o [1]
Peripherals::I2C_Master_IT::m_RxDone
                        0x2000'0294    0x4  Data  Gb  I2C_Master_IT.o [1]
Peripherals::I2C_Master_IT::m_TxCallback
                        0x2000'029c    0x4  Data  Gb  I2C_Master_IT.o [1]
Peripherals::I2C_Master_IT::m_TxDone
                        0x2000'0290    0x4  Data  Gb  I2C_Master_IT.o [1]
Peripherals::I2C_Master_IT::m_hi2c
                        0x2000'0204   0x54  Data  Gb  I2C_Master_IT.o [1]
Peripherals::I2C_Master_IT::~I2C_Master_IT()
                         0x800'2b49   0x18  Code  Gb  main.o [1]
Peripherals::I2C_Slave::m_RxCallback
                        0x2000'02a0    0x4  Data  Gb  I2C_Slave.o [1]
Peripherals::I2C_Slave::m_TxCallback
                        0x2000'02a4    0x4  Data  Gb  I2C_Slave.o [1]
Peripherals::INA219::GetBusVoltage_V()
                         0x800'22a1   0x1e  Code  Gb  INA219.o [1]
Peripherals::INA219::GetBusVoltage_raw()
                         0x800'2261   0x1e  Code  Gb  INA219.o [1]
Peripherals::INA219::GetCurrent_mA()
                         0x800'22d1   0x20  Code  Gb  INA219.o [1]
Peripherals::INA219::GetCurrent_raw()
                         0x800'227f   0x22  Code  Gb  INA219.o [1]
Peripherals::INA219::GetPower_mW()
                         0x800'22f1   0x36  Code  Gb  INA219.o [1]
Peripherals::INA219::INA219(Peripherals::I2C_Master_IT *, unsigned char)
                         0x800'2145   0x1a  Code  Gb  INA219.o [1]
Peripherals::INA219::ReadRegister(unsigned char, unsigned short *)
                         0x800'21d5   0x2c  Code  Gb  INA219.o [1]
Peripherals::INA219::Run(Peripherals::INA219::Power_t *)
                         0x800'2161   0x46  Code  Gb  INA219.o [1]
Peripherals::INA219::SetCalibration_32V_1A()
                         0x800'2231   0x30  Code  Gb  INA219.o [1]
Peripherals::INA219::SetCalibration_32V_2A()
                         0x800'2201   0x30  Code  Gb  INA219.o [1]
Peripherals::INA219::WriteRegister(unsigned char, unsigned short)
                         0x800'21a7   0x2e  Code  Gb  INA219.o [1]
Peripherals::INA219::Xfer(unsigned char *, unsigned short, unsigned char *, unsigned short)
                         0x800'2327   0x2a  Code  Gb  INA219.o [1]
Peripherals::INA219::~INA219()
                         0x800'215f    0x2  Code  Gb  INA219.o [1]
Peripherals::Interrupt::EnableInterrupt(Peripherals::Interrupt::IRQn)
                         0x800'1f29   0x20  Code  Gb  Interrupt.o [1]
Peripherals::Interrupt::RegisterInterrupt_Vct_Table(void (*)(), Peripherals::Interrupt::IRQn, unsigned char, unsigned char)
                         0x800'1f49   0x38  Code  Gb  Interrupt.o [1]
Peripherals::Interrupt::Relocate_Vector_Table()
                         0x800'1f81   0x24  Code  Gb  Interrupt.o [1]
Peripherals::Interrupt::Vectors_RAM
                        0x2000'0100  0x100  Data  Gb  Interrupt.o [1]
Peripherals::Peripheral::Peripheral()
                         0x800'2139    0xc  Code  Gb  I2C_Slave.o [1]
Peripherals::Peripheral::Peripheral() [subobject]
                         0x800'212d    0xc  Code  Gb  I2C_Slave.o [1]
Power                   0x2000'027c    0xc  Data  Gb  main.o [1]
Region$$Table$$Base      0x800'2a50          --   Gb  - Linker created -
Region$$Table$$Limit     0x800'2a78          --   Gb  - Linker created -
SCL_6                   0x2000'0270    0xc  Data  Gb  main.o [1]
SHT$$INIT_ARRAY$$Base    0x800'2c70          --   Gb  - Linker created -
SHT$$INIT_ARRAY$$Limit   0x800'2c74          --   Gb  - Linker created -
SHT$$PREINIT_ARRAY$$Base
                         0x800'2c70          --   Gb  - Linker created -
SHT$$PREINIT_ARRAY$$Limit
                         0x800'2c70          --   Gb  - Linker created -
SVC_Handler              0x800'2b27    0x2  Code  Gb  stm32f1xx_it.o [1]
SysTick_Handler          0x800'2b2d    0xc  Code  Gb  stm32f1xx_it.o [1]
SystemClock_Config()     0x800'2759   0x84  Code  Gb  main.o [1]
SystemCoreClock         0x2000'0200    0x4  Data  Gb  system_stm32f1xx.o [1]
SystemInit               0x800'2979   0x3e  Code  Gb  system_stm32f1xx.o [1]
UsageFault_Handler       0x800'2b25    0x2  Code  Gb  stm32f1xx_it.o [1]
Virtual function table for Peripherals::GpioOutput
                         0x800'2ae4   0x1c  Data  Gb  GpioOutput.o [1]
Virtual function table for Peripherals::I2C_Master_IT
                         0x800'29d0   0x2c  Data  Gb  I2C_Master_IT.o [1]
Virtual function table for Peripherals::INA219
                         0x800'2b70   0x10  Data  Gb  INA219.o [1]
Virtual function table for Peripherals::Peripheral
                         0x800'2b00   0x1c  Data  Gb  I2C_Slave.o [1]
[local to stm32f1xx_hal_cortex_c]::NVIC_EncodePriority(unsigned int, unsigned int, unsigned int)
                         0x800'2029   0x40  Code  Lc  stm32f1xx_hal_cortex.o [1]
[local to stm32f1xx_hal_cortex_c]::NVIC_GetPriorityGrouping()
                         0x800'1ff3    0xa  Code  Lc  stm32f1xx_hal_cortex.o [1]
[local to stm32f1xx_hal_cortex_c]::NVIC_SetPriority(IRQn_Type, unsigned int)
                         0x800'1ffd   0x2c  Code  Lc  stm32f1xx_hal_cortex.o [1]
[local to stm32f1xx_hal_cortex_c]::NVIC_SetPriorityGrouping(unsigned int)
                         0x800'1fd5   0x1e  Code  Lc  stm32f1xx_hal_cortex.o [1]
[local to stm32f1xx_hal_cortex_c]::SysTick_Config(unsigned int)
                         0x800'2069   0x30  Code  Lc  stm32f1xx_hal_cortex.o [1]
[local to stm32f1xx_hal_i2c_c]::I2C_DMAAbort(__DMA_HandleTypeDef *)
                         0x800'10f1   0x6e  Code  Lc  stm32f1xx_hal_i2c.o [1]
[local to stm32f1xx_hal_i2c_c]::I2C_ITError(I2C_HandleTypeDef *)
                         0x800'0f85  0x156  Code  Lc  stm32f1xx_hal_i2c.o [1]
[local to stm32f1xx_hal_i2c_c]::I2C_MasterReceive_BTF(I2C_HandleTypeDef *)
                         0x800'091d   0xfe  Code  Lc  stm32f1xx_hal_i2c.o [1]
[local to stm32f1xx_hal_i2c_c]::I2C_MasterReceive_RXNE(I2C_HandleTypeDef *)
                         0x800'0845   0xd8  Code  Lc  stm32f1xx_hal_i2c.o [1]
[local to stm32f1xx_hal_i2c_c]::I2C_MasterTransmit_BTF(I2C_HandleTypeDef *)
                         0x800'079d   0xa4  Code  Lc  stm32f1xx_hal_i2c.o [1]
[local to stm32f1xx_hal_i2c_c]::I2C_MasterTransmit_TXE(I2C_HandleTypeDef *)
                         0x800'064f  0x14e  Code  Lc  stm32f1xx_hal_i2c.o [1]
[local to stm32f1xx_hal_i2c_c]::I2C_Master_ADD10(I2C_HandleTypeDef *)
                         0x800'0aa9    0xe  Code  Lc  stm32f1xx_hal_i2c.o [1]
[local to stm32f1xx_hal_i2c_c]::I2C_Master_ADDR(I2C_HandleTypeDef *)
                         0x800'0ab7  0x216  Code  Lc  stm32f1xx_hal_i2c.o [1]
[local to stm32f1xx_hal_i2c_c]::I2C_Master_SB(I2C_HandleTypeDef *)
                         0x800'0a1b   0x8e  Code  Lc  stm32f1xx_hal_i2c.o [1]
[local to stm32f1xx_hal_i2c_c]::I2C_SlaveReceive_BTF(I2C_HandleTypeDef *)
                         0x800'0d83   0x1e  Code  Lc  stm32f1xx_hal_i2c.o [1]
[local to stm32f1xx_hal_i2c_c]::I2C_SlaveReceive_RXNE(I2C_HandleTypeDef *)
                         0x800'0d39   0x4a  Code  Lc  stm32f1xx_hal_i2c.o [1]
[local to stm32f1xx_hal_i2c_c]::I2C_SlaveTransmit_BTF(I2C_HandleTypeDef *)
                         0x800'0d1b   0x1e  Code  Lc  stm32f1xx_hal_i2c.o [1]
[local to stm32f1xx_hal_i2c_c]::I2C_SlaveTransmit_TXE(I2C_HandleTypeDef *)
                         0x800'0cd1   0x4a  Code  Lc  stm32f1xx_hal_i2c.o [1]
[local to stm32f1xx_hal_i2c_c]::I2C_Slave_ADDR(I2C_HandleTypeDef *)
                         0x800'0da1   0x34  Code  Lc  stm32f1xx_hal_i2c.o [1]
[local to stm32f1xx_hal_i2c_c]::I2C_Slave_AF(I2C_HandleTypeDef *)
                         0x800'0ed5   0xa2  Code  Lc  stm32f1xx_hal_i2c.o [1]
[local to stm32f1xx_hal_i2c_c]::I2C_Slave_STOPF(I2C_HandleTypeDef *)
                         0x800'0dd5  0x100  Code  Lc  stm32f1xx_hal_i2c.o [1]
[local to stm32f1xx_hal_rcc_c]::RCC_Delay(unsigned int)
                         0x800'1717   0x26  Code  Lc  stm32f1xx_hal_rcc.o [1]
_Error_Handler           0x800'2811    0x2  Code  Gb  main.o [1]
__aeabi_atexit           0x800'283d    0xa  Code  Gb  cxxabi.o [3]
__aeabi_cfcmple          0x800'2351         Code  Gb  FltCmpLe.o [4]
__aeabi_d2f              0x800'253d         Code  Gb  DblToFlt.o [4]
__aeabi_dmul             0x800'2399         Code  Gb  DblMul.o [4]
__aeabi_fdiv             0x800'25e5         Code  Gb  FltDiv.o [4]
__aeabi_i2d              0x800'2375         Code  Gb  S32ToDbl.o [4]
__aeabi_i2f              0x800'25a5         Code  Gb  S32ToFlt.o [4]
__aeabi_memcpy4          0x800'1c2d         Code  Gb  ABImemcpy.o [5]
__aeabi_memcpy8          0x800'1c2d         Code  Gb  ABImemcpy.o [5]
__aeabi_ui2f             0x800'25c9         Code  Gb  U32ToFlt.o [4]
__call_ctors             0x800'2875   0x18  Code  Gb  cppinit.o [2]
__call_dtors             0x800'28c3    0xc  Code  Gb  cppinit.o [2]
__call_dtors0            0x800'28cf   0x36  Code  Gb  cppinit.o [2]
__cexit_call_dtors       0x800'2ac3         Code  Gb  cexit.o [5]
__cmain                  0x800'2a99         Code  Gb  cmain.o [5]
__cstart_call_dtors      0x800'2c78         Data  Gb  cstart_call_dtors.o [5]
__cxa_atexit             0x800'288d   0x36  Code  Gb  cppinit.o [2]
__dso_handle            0x2000'02b0    0x4  Data  Gb  cppinit.o [2]
__exit                   0x800'2ad1   0x14  Code  Gb  exit.o [6]
__iar_copy_init3         0x800'29fd   0x2c  Code  Gb  copy_init3.o [5]
__iar_cstart_call_ctors
                         0x800'2a79   0x20  Code  Gb  cmain_call_ctors.o [5]
__iar_data_init3         0x800'2a29   0x28  Code  Gb  data_init.o [5]
__iar_debug_exceptions   0x800'1be2    0x1  Data  Gb  unwind_debug.o [6]
__iar_program_start      0x800'2bb1         Code  Gb  cstartup_M.o [5]
__iar_tls$$INIT_ARRAY$$Base
                         0x800'2c74          --   Gb  - Linker created -
__iar_tls$$INIT_ARRAY$$Limit
                         0x800'2c74          --   Gb  - Linker created -
__iar_zero_init3         0x800'1783   0x3a  Code  Gb  zero_init3.o [5]
__low_level_init         0x800'2ab7    0x4  Code  Gb  low_level_init.o [2]
__sti__routine           0x800'26e1   0x36  Code  Lc  main.o [1]
__vector_table           0x800'0000         Data  Gb  startup_stm32f103xb.o [1]
_call_main               0x800'2aa5         Code  Gb  cmain.o [5]
_exit                    0x800'2ac1         Code  Gb  cexit.o [5]
_main                    0x800'2ab3         Code  Gb  cmain.o [5]
exit                     0x800'2abb    0x4  Code  Gb  exit.o [2]
main                     0x800'2717   0x32  Code  Gb  main.o [1]
next_abi_dtor_rec       0x2000'02ac    0x4  Data  Lc  cppinit.o [2]
uwTick                  0x2000'02a8    0x4  Data  Gb  stm32f1xx_hal.o [1]


[1] = C:\Amit_Chaudhary\STM32\Projects\IAR\IAR_Projects\CPP_Drivers\I2C\I2C_Master_IT\IAR\Debug\Obj
[2] = dl7M_tln.a
[3] = dlpp7M_tl_nc.a
[4] = m7M_tl.a
[5] = rt7M_tl.a
[6] = shb_l.a

  11 077 bytes of readonly  code memory
     307 bytes of readonly  data memory
   2 636 bytes of readwrite data memory (+ 256 absolute)

Errors: none
Warnings: none
