###############################################################################
#
# IAR ELF Linker V8.30.1.114/W32 for ARM                  07/Oct/2018  16:20:27
# Copyright 2007-2018 IAR Systems AB.
#
#    Output file  =  
#        C:\Amit_Chaudhary\STM32\Projects\IAR\IAR_Projects\Main\RTC_MX\EWARM\RTC_MX\Exe\RTC_MX.out
#    Map file     =  
#        C:\Amit_Chaudhary\STM32\Projects\IAR\IAR_Projects\Main\RTC_MX\EWARM\RTC_MX\List\RTC_MX.map
#    Command line =  
#        -f C:\Users\achaudha\AppData\Local\Temp\EW53BE.tmp
#        (C:\Amit_Chaudhary\STM32\Projects\IAR\IAR_Projects\Main\RTC_MX\EWARM\RTC_MX\Obj\main.o
#        C:\Amit_Chaudhary\STM32\Projects\IAR\IAR_Projects\Main\RTC_MX\EWARM\RTC_MX\Obj\startup_stm32f103xb.o
#        C:\Amit_Chaudhary\STM32\Projects\IAR\IAR_Projects\Main\RTC_MX\EWARM\RTC_MX\Obj\stm32f1xx_hal.o
#        C:\Amit_Chaudhary\STM32\Projects\IAR\IAR_Projects\Main\RTC_MX\EWARM\RTC_MX\Obj\stm32f1xx_hal_cortex.o
#        C:\Amit_Chaudhary\STM32\Projects\IAR\IAR_Projects\Main\RTC_MX\EWARM\RTC_MX\Obj\stm32f1xx_hal_dma.o
#        C:\Amit_Chaudhary\STM32\Projects\IAR\IAR_Projects\Main\RTC_MX\EWARM\RTC_MX\Obj\stm32f1xx_hal_flash.o
#        C:\Amit_Chaudhary\STM32\Projects\IAR\IAR_Projects\Main\RTC_MX\EWARM\RTC_MX\Obj\stm32f1xx_hal_flash_ex.o
#        C:\Amit_Chaudhary\STM32\Projects\IAR\IAR_Projects\Main\RTC_MX\EWARM\RTC_MX\Obj\stm32f1xx_hal_gpio.o
#        C:\Amit_Chaudhary\STM32\Projects\IAR\IAR_Projects\Main\RTC_MX\EWARM\RTC_MX\Obj\stm32f1xx_hal_gpio_ex.o
#        C:\Amit_Chaudhary\STM32\Projects\IAR\IAR_Projects\Main\RTC_MX\EWARM\RTC_MX\Obj\stm32f1xx_hal_msp.o
#        C:\Amit_Chaudhary\STM32\Projects\IAR\IAR_Projects\Main\RTC_MX\EWARM\RTC_MX\Obj\stm32f1xx_hal_pwr.o
#        C:\Amit_Chaudhary\STM32\Projects\IAR\IAR_Projects\Main\RTC_MX\EWARM\RTC_MX\Obj\stm32f1xx_hal_rcc.o
#        C:\Amit_Chaudhary\STM32\Projects\IAR\IAR_Projects\Main\RTC_MX\EWARM\RTC_MX\Obj\stm32f1xx_hal_rcc_ex.o
#        C:\Amit_Chaudhary\STM32\Projects\IAR\IAR_Projects\Main\RTC_MX\EWARM\RTC_MX\Obj\stm32f1xx_hal_rtc.o
#        C:\Amit_Chaudhary\STM32\Projects\IAR\IAR_Projects\Main\RTC_MX\EWARM\RTC_MX\Obj\stm32f1xx_hal_rtc_ex.o
#        C:\Amit_Chaudhary\STM32\Projects\IAR\IAR_Projects\Main\RTC_MX\EWARM\RTC_MX\Obj\stm32f1xx_hal_tim.o
#        C:\Amit_Chaudhary\STM32\Projects\IAR\IAR_Projects\Main\RTC_MX\EWARM\RTC_MX\Obj\stm32f1xx_hal_tim_ex.o
#        C:\Amit_Chaudhary\STM32\Projects\IAR\IAR_Projects\Main\RTC_MX\EWARM\RTC_MX\Obj\stm32f1xx_it.o
#        C:\Amit_Chaudhary\STM32\Projects\IAR\IAR_Projects\Main\RTC_MX\EWARM\RTC_MX\Obj\system_stm32f1xx.o
#        --redirect _Printf=_PrintfFull --redirect _Scanf=_ScanfFull
#        --no_out_extension -o
#        C:\Amit_Chaudhary\STM32\Projects\IAR\IAR_Projects\Main\RTC_MX\EWARM\RTC_MX\Exe\RTC_MX.out
#        --map
#        C:\Amit_Chaudhary\STM32\Projects\IAR\IAR_Projects\Main\RTC_MX\EWARM\RTC_MX\List\RTC_MX.map
#        --config
#        C:\Amit_Chaudhary\STM32\Projects\IAR\IAR_Projects\Main\RTC_MX\EWARM/stm32f103xb_flash.icf
#        --semihosting --entry __iar_program_start --vfe --text_out locale)
#
###############################################################################

*******************************************************************************
*** RUNTIME MODEL ATTRIBUTES
***

CppFlavor       = *
__SystemLibrary = DLib
__dlib_version  = 6


*******************************************************************************
*** HEAP SELECTION
***

The basic heap was selected because some modules are built with
size limitations (and not runtime checking), and --advanced_heap
was not specified.


*******************************************************************************
*** PLACEMENT SUMMARY
***

"A0":  place at 0x800'0000 { ro section .intvec };
"P1":  place in [from 0x800'0000 to 0x801'ffff] { ro };
define block CSTACK with size = 1K, alignment = 8 { };
define block HEAP with size = 512, alignment = 8 { };
"P2":  place in [from 0x2000'0000 to 0x2000'4fff] {
          rw, block CSTACK, block HEAP };
initialize by copy { rw };

  Section            Kind         Address    Size  Object
  -------            ----         -------    ----  ------
"A0":                                        0xec
  .intvec            ro code   0x800'0000    0xec  startup_stm32f103xb.o [1]
                             - 0x800'00ec    0xec

"P1":                                      0x1498
  .text              ro code   0x800'00ec   0x624  stm32f1xx_hal_rcc.o [1]
  .text              ro code   0x800'0710     0xc  stm32f1xx_hal.o [1]
  .text              ro code   0x800'071c    0x4c  stm32f1xx_hal.o [1]
  .text              ro code   0x800'0768    0x86  ABImemcpy.o [3]
  .rodata            const     0x800'07ee     0x2  stm32f1xx_hal_rcc.o [1]
  .text              ro code   0x800'07f0   0x14a  stm32f1xx_hal_cortex.o [1]
  .rodata            const     0x800'093a     0x2  stm32f1xx_hal_rcc_ex.o [1]
  .text              ro code   0x800'093c   0x4d2  stm32f1xx_hal_rtc.o [1]
  .text              ro code   0x800'0e10    0xd4  stm32f1xx_hal_msp.o [1]
  .text              ro code   0x800'0ee4   0x24c  stm32f1xx_hal_rcc_ex.o [1]
  .text              ro code   0x800'1130     0xc  stm32f1xx_hal_pwr.o [1]
  .text              ro code   0x800'113c   0x186  main.o [1]
  .text              ro code   0x800'12c4    0x24  stm32f1xx_hal.o [1]
  .text              ro code   0x800'12e8    0x58  system_stm32f1xx.o [1]
  .rodata            const     0x800'1340    0x4c  main.o [1]
  .text              ro code   0x800'138c    0x38  packbits_init_single.o [3]
  .text              ro code   0x800'13c4    0x28  data_init.o [3]
  .iar.init_table    const     0x800'13ec    0x10  - Linker created -
  .text              ro code   0x800'13fc    0x1e  cmain.o [3]
  .text              ro code   0x800'141a     0x4  low_level_init.o [2]
  .text              ro code   0x800'141e     0x4  exit.o [2]
  .text              ro code   0x800'1424     0xa  cexit.o [3]
  .text              ro code   0x800'1430    0x14  exit.o [4]
  .text              ro code   0x800'1444    0x1c  stm32f1xx_it.o [1]
  .text              ro code   0x800'1460    0x18  stm32f1xx_hal.o [1]
  .rodata            const     0x800'1478    0x10  stm32f1xx_hal_rcc.o [1]
  .rodata            const     0x800'1488    0x10  stm32f1xx_hal_rcc_ex.o [1]
  .rodata            const     0x800'1498    0x10  system_stm32f1xx.o [1]
  .text              ro code   0x800'14a8    0x10  startup_stm32f103xb.o [1]
  .text              ro code   0x800'14b8     0xc  cstartup_M.o [3]
  .rodata            const     0x800'14c4     0x8  system_stm32f1xx.o [1]
  .text              ro code   0x800'14cc     0x4  startup_stm32f103xb.o [1]
  .text              ro code   0x800'14d0     0x4  startup_stm32f103xb.o [1]
  .text              ro code   0x800'14d4     0x4  startup_stm32f103xb.o [1]
  .text              ro code   0x800'14d8     0x4  startup_stm32f103xb.o [1]
  .text              ro code   0x800'14dc     0x4  startup_stm32f103xb.o [1]
  .text              ro code   0x800'14e0     0x4  startup_stm32f103xb.o [1]
  .text              ro code   0x800'14e4     0x4  startup_stm32f103xb.o [1]
  .text              ro code   0x800'14e8     0x4  startup_stm32f103xb.o [1]
  .text              ro code   0x800'14ec     0x4  startup_stm32f103xb.o [1]
  .text              ro code   0x800'14f0     0x4  startup_stm32f103xb.o [1]
  .text              ro code   0x800'14f4     0x4  startup_stm32f103xb.o [1]
  .text              ro code   0x800'14f8     0x4  startup_stm32f103xb.o [1]
  .text              ro code   0x800'14fc     0x4  startup_stm32f103xb.o [1]
  .text              ro code   0x800'1500     0x4  startup_stm32f103xb.o [1]
  .text              ro code   0x800'1504     0x4  startup_stm32f103xb.o [1]
  .text              ro code   0x800'1508     0x4  startup_stm32f103xb.o [1]
  .text              ro code   0x800'150c     0x4  startup_stm32f103xb.o [1]
  .text              ro code   0x800'1510     0x4  startup_stm32f103xb.o [1]
  .text              ro code   0x800'1514     0x4  startup_stm32f103xb.o [1]
  .text              ro code   0x800'1518     0x4  startup_stm32f103xb.o [1]
  .text              ro code   0x800'151c     0x4  startup_stm32f103xb.o [1]
  .text              ro code   0x800'1520     0x4  startup_stm32f103xb.o [1]
  .text              ro code   0x800'1524     0x4  startup_stm32f103xb.o [1]
  .text              ro code   0x800'1528     0x4  startup_stm32f103xb.o [1]
  .text              ro code   0x800'152c     0x4  startup_stm32f103xb.o [1]
  .text              ro code   0x800'1530     0x4  startup_stm32f103xb.o [1]
  .text              ro code   0x800'1534     0x4  startup_stm32f103xb.o [1]
  .text              ro code   0x800'1538     0x4  startup_stm32f103xb.o [1]
  .text              ro code   0x800'153c     0x4  startup_stm32f103xb.o [1]
  .text              ro code   0x800'1540     0x4  startup_stm32f103xb.o [1]
  .text              ro code   0x800'1544     0x4  startup_stm32f103xb.o [1]
  .text              ro code   0x800'1548     0x4  startup_stm32f103xb.o [1]
  .text              ro code   0x800'154c     0x4  startup_stm32f103xb.o [1]
  .text              ro code   0x800'1550     0x4  startup_stm32f103xb.o [1]
  .text              ro code   0x800'1554     0x4  startup_stm32f103xb.o [1]
  .text              ro code   0x800'1558     0x4  startup_stm32f103xb.o [1]
  .text              ro code   0x800'155c     0x4  startup_stm32f103xb.o [1]
  .text              ro code   0x800'1560     0x4  startup_stm32f103xb.o [1]
  .text              ro code   0x800'1564     0x4  startup_stm32f103xb.o [1]
  .text              ro code   0x800'1568     0x4  startup_stm32f103xb.o [1]
  .text              ro code   0x800'156c     0x4  startup_stm32f103xb.o [1]
  .text              ro code   0x800'1570     0x4  startup_stm32f103xb.o [1]
  .text              ro code   0x800'1574     0x4  startup_stm32f103xb.o [1]
  .rodata            const     0x800'1578     0x0  packbits_init_single.o [3]
  Initializer bytes  const     0x800'1578     0xc  <for P2-1>
                             - 0x800'1584  0x1498

"P2", part 1 of 2:                           0x21
  P2-1                        0x2000'0000    0x21  <Init block>
    .data            inited   0x2000'0000     0x4  stm32f1xx_hal.o [1]
    .data            inited   0x2000'0004     0x4  system_stm32f1xx.o [1]
    .bss             inited   0x2000'0008    0x14  main.o [1]
    .bss             inited   0x2000'001c     0x4  stm32f1xx_hal.o [1]
    .data            inited   0x2000'0020     0x1  stm32f1xx_hal.o [1]
                            - 0x2000'0021    0x21

"P2", part 2 of 2:                          0x400
  CSTACK                      0x2000'0028   0x400  <Block>
    CSTACK           uninit   0x2000'0028   0x400  <Block tail>
                            - 0x2000'0428   0x400

Unused ranges:

         From           To      Size
         ----           --      ----
   0x800'1584   0x801'ffff  0x1'ea7c
  0x2000'0021  0x2000'0027       0x7
  0x2000'0428  0x2000'4fff    0x4bd8


*******************************************************************************
*** INIT TABLE
***

          Address      Size
          -------      ----
Copy/packbits (__iar_packbits_init_single3)
    1 source range, total size 0xc (36% of destination):
           0x800'1578   0xc
    1 destination range, total size 0x21:
          0x2000'0000  0x21



*******************************************************************************
*** MODULE SUMMARY
***

    Module                  ro code  ro data  rw data
    ------                  -------  -------  -------
command line/config:
    -------------------------------------------------
    Total:

C:\Amit_Chaudhary\STM32\Projects\IAR\IAR_Projects\Main\RTC_MX\EWARM\RTC_MX\Obj: [1]
    main.o                      390       84       20
    startup_stm32f103xb.o       424
    stm32f1xx_hal.o             148        3        9
    stm32f1xx_hal_cortex.o      330
    stm32f1xx_hal_msp.o         212
    stm32f1xx_hal_pwr.o          12
    stm32f1xx_hal_rcc.o       1 572       18
    stm32f1xx_hal_rcc_ex.o      588       18
    stm32f1xx_hal_rtc.o       1 234
    stm32f1xx_it.o               28
    system_stm32f1xx.o           88       25        4
    -------------------------------------------------
    Total:                    5 026      148       33

dl7M_tlf.a: [2]
    exit.o                        4
    low_level_init.o              4
    -------------------------------------------------
    Total:                        8

rt7M_tl.a: [3]
    ABImemcpy.o                 134
    cexit.o                      10
    cmain.o                      30
    cstartup_M.o                 12
    data_init.o                  40
    packbits_init_single.o       56
    -------------------------------------------------
    Total:                      282

shb_l.a: [4]
    exit.o                       20
    -------------------------------------------------
    Total:                       20

    Gaps                          8
    Linker created                        16    1 024
-----------------------------------------------------
    Grand Total:              5 344      164    1 057


*******************************************************************************
*** ENTRY LIST
***

Entry                       Address   Size  Type      Object
-----                       -------   ----  ----      ------
.iar.init_table$$Base    0x800'13ec          --   Gb  - Linker created -
.iar.init_table$$Limit   0x800'13fc          --   Gb  - Linker created -
?main                    0x800'13fd         Code  Gb  cmain.o [3]
AHBPrescTable            0x800'1498   0x10  Data  Gb  system_stm32f1xx.o [1]
APBPrescTable            0x800'14c4    0x8  Data  Gb  system_stm32f1xx.o [1]
BusFault_Handler         0x800'144b    0x2  Code  Gb  stm32f1xx_it.o [1]
CSTACK$$Base            0x2000'0028          --   Gb  - Linker created -
CSTACK$$Limit           0x2000'0428          --   Gb  - Linker created -
DebugMon_Handler         0x800'1451    0x2  Code  Gb  stm32f1xx_it.o [1]
HAL_GetTick              0x800'0711    0xc  Code  Wk  stm32f1xx_hal.o [1]
HAL_IncTick              0x800'1461   0x18  Code  Wk  stm32f1xx_hal.o [1]
HAL_Init                 0x800'12c5   0x20  Code  Gb  stm32f1xx_hal.o [1]
HAL_InitTick             0x800'071d   0x4c  Code  Wk  stm32f1xx_hal.o [1]
HAL_MspInit              0x800'0e11   0x94  Code  Gb  stm32f1xx_hal_msp.o [1]
HAL_NVIC_SetPriority     0x800'08c1   0x2a  Code  Gb  stm32f1xx_hal_cortex.o [1]
HAL_NVIC_SetPriorityGrouping
                         0x800'08b5    0xc  Code  Gb  stm32f1xx_hal_cortex.o [1]
HAL_PWR_EnableBkUpAccess
                         0x800'1131    0x8  Code  Gb  stm32f1xx_hal_pwr.o [1]
HAL_RCCEx_GetPeriphCLKFreq
                         0x800'0ffd  0x106  Code  Gb  stm32f1xx_hal_rcc_ex.o [1]
HAL_RCCEx_PeriphCLKConfig
                         0x800'0ee5  0x118  Code  Gb  stm32f1xx_hal_rcc_ex.o [1]
HAL_RCC_ClockConfig      0x800'04ad  0x16c  Code  Gb  stm32f1xx_hal_rcc.o [1]
HAL_RCC_GetHCLKFreq      0x800'0689    0x6  Code  Gb  stm32f1xx_hal_rcc.o [1]
HAL_RCC_GetPCLK2Freq     0x800'068f   0x16  Code  Gb  stm32f1xx_hal_rcc.o [1]
HAL_RCC_GetSysClockFreq
                         0x800'0619   0x70  Code  Gb  stm32f1xx_hal_rcc.o [1]
HAL_RCC_OscConfig        0x800'00ed  0x3c0  Code  Gb  stm32f1xx_hal_rcc.o [1]
HAL_RTC_Init             0x800'093d   0xdc  Code  Gb  stm32f1xx_hal_rtc.o [1]
HAL_RTC_MspInit          0x800'0ea5   0x2c  Code  Gb  stm32f1xx_hal_msp.o [1]
HAL_RTC_SetDate          0x800'0af1   0xe4  Code  Gb  stm32f1xx_hal_rtc.o [1]
HAL_RTC_SetTime          0x800'0a19   0xd8  Code  Gb  stm32f1xx_hal_rtc.o [1]
HAL_RTC_WaitForSynchro   0x800'0be1   0x3e  Code  Gb  stm32f1xx_hal_rtc.o [1]
HAL_SYSTICK_CLKSourceConfig
                         0x800'08f7   0x1c  Code  Gb  stm32f1xx_hal_cortex.o [1]
HAL_SYSTICK_Config       0x800'08eb    0xc  Code  Gb  stm32f1xx_hal_cortex.o [1]
HAL_SYSTICK_IRQHandler   0x800'0931    0x8  Code  Gb  stm32f1xx_hal_cortex.o [1]
HardFault_Handler        0x800'1447    0x2  Code  Gb  stm32f1xx_it.o [1]
MX_GPIO_Init             0x800'1273   0x3e  Code  Lc  main.o [1]
MX_RTC_Init              0x800'11f5   0x7e  Code  Lc  main.o [1]
MemManage_Handler        0x800'1449    0x2  Code  Gb  stm32f1xx_it.o [1]
NMI_Handler              0x800'1445    0x2  Code  Gb  stm32f1xx_it.o [1]
NVIC_EncodePriority      0x800'0845   0x40  Code  Lc  stm32f1xx_hal_cortex.o [1]
NVIC_GetPriorityGrouping
                         0x800'080f    0xa  Code  Lc  stm32f1xx_hal_cortex.o [1]
NVIC_SetPriority         0x800'0819   0x2c  Code  Lc  stm32f1xx_hal_cortex.o [1]
NVIC_SetPriorityGrouping
                         0x800'07f1   0x1e  Code  Lc  stm32f1xx_hal_cortex.o [1]
PendSV_Handler           0x800'1453    0x2  Code  Gb  stm32f1xx_it.o [1]
RCC_Delay                0x800'06a5   0x26  Code  Lc  stm32f1xx_hal_rcc.o [1]
RTC_Bcd2ToByte           0x800'0d61   0x1a  Code  Lc  stm32f1xx_hal_rtc.o [1]
RTC_EnterInitMode        0x800'0cf5   0x36  Code  Lc  stm32f1xx_hal_rtc.o [1]
RTC_ExitInitMode         0x800'0d2b   0x36  Code  Lc  stm32f1xx_hal_rtc.o [1]
RTC_ReadAlarmCounter     0x800'0c9f   0x1c  Code  Lc  stm32f1xx_hal_rtc.o [1]
RTC_ReadTimeCounter      0x800'0c1f   0x46  Code  Lc  stm32f1xx_hal_rtc.o [1]
RTC_WeekDayNum           0x800'0d7b   0x94  Code  Lc  stm32f1xx_hal_rtc.o [1]
RTC_WriteAlarmCounter    0x800'0cbb   0x3a  Code  Lc  stm32f1xx_hal_rtc.o [1]
RTC_WriteTimeCounter     0x800'0c65   0x3a  Code  Lc  stm32f1xx_hal_rtc.o [1]
Region$$Table$$Base      0x800'13ec          --   Gb  - Linker created -
Region$$Table$$Limit     0x800'13fc          --   Gb  - Linker created -
SVC_Handler              0x800'144f    0x2  Code  Gb  stm32f1xx_it.o [1]
SysTick_Config           0x800'0885   0x30  Code  Lc  stm32f1xx_hal_cortex.o [1]
SysTick_Handler          0x800'1455    0xc  Code  Gb  stm32f1xx_it.o [1]
SystemClock_Config       0x800'1151   0xa4  Code  Gb  main.o [1]
SystemCoreClock         0x2000'0004    0x4  Data  Gb  system_stm32f1xx.o [1]
SystemInit               0x800'12e9   0x3e  Code  Gb  system_stm32f1xx.o [1]
UsageFault_Handler       0x800'144d    0x2  Code  Gb  stm32f1xx_it.o [1]
_Error_Handler           0x800'12c1    0x2  Code  Gb  main.o [1]
__aeabi_memcpy4          0x800'0769         Code  Gb  ABImemcpy.o [3]
__aeabi_memcpy8          0x800'0769         Code  Gb  ABImemcpy.o [3]
__cmain                  0x800'13fd         Code  Gb  cmain.o [3]
__exit                   0x800'1431   0x14  Code  Gb  exit.o [4]
__iar_data_init3         0x800'13c5   0x28  Code  Gb  data_init.o [3]
__iar_packbits_init_single3
                         0x800'138d   0x38  Code  Gb  packbits_init_single.o [3]
__iar_program_start      0x800'14b9         Code  Gb  cstartup_M.o [3]
__low_level_init         0x800'141b    0x4  Code  Gb  low_level_init.o [2]
__vector_table           0x800'0000         Data  Gb  startup_stm32f103xb.o [1]
_call_main               0x800'1409         Code  Gb  cmain.o [3]
_exit                    0x800'1425         Code  Gb  cexit.o [3]
_main                    0x800'1417         Code  Gb  cmain.o [3]
exit                     0x800'141f    0x4  Code  Gb  exit.o [2]
hrtc                    0x2000'0008   0x14  Data  Gb  main.o [1]
main                     0x800'113d   0x14  Code  Gb  main.o [1]
uwTick                  0x2000'001c    0x4  Data  Gb  stm32f1xx_hal.o [1]
uwTickFreq              0x2000'0020    0x1  Data  Gb  stm32f1xx_hal.o [1]
uwTickPrio              0x2000'0000    0x4  Data  Gb  stm32f1xx_hal.o [1]


[1] = C:\Amit_Chaudhary\STM32\Projects\IAR\IAR_Projects\Main\RTC_MX\EWARM\RTC_MX\Obj
[2] = dl7M_tlf.a
[3] = rt7M_tl.a
[4] = shb_l.a

  5 344 bytes of readonly  code memory
    164 bytes of readonly  data memory
  1 057 bytes of readwrite data memory

Errors: none
Warnings: none
