###############################################################################
#
# IAR ELF Linker V8.30.1.114/W32 for ARM                  10/Sep/2018  15:22:53
# Copyright 2007-2018 IAR Systems AB.
#
#    Output file  =  
#        C:\Amit_Chaudhary\STM32\Projects\IAR\IAR_Projects\Main\Main_Temp\IAR\Debug\Exe\Main.out
#    Map file     =  
#        C:\Amit_Chaudhary\STM32\Projects\IAR\IAR_Projects\Main\Main_Temp\IAR\Debug\List\Main.map
#    Command line =  
#        -f C:\Users\achaudha\AppData\Local\Temp\EWF556.tmp
#        (C:\Amit_Chaudhary\STM32\Projects\IAR\IAR_Projects\Main\Main_Temp\IAR\Debug\Obj\GpioInput.o
#        C:\Amit_Chaudhary\STM32\Projects\IAR\IAR_Projects\Main\Main_Temp\IAR\Debug\Obj\GpioOutput.o
#        C:\Amit_Chaudhary\STM32\Projects\IAR\IAR_Projects\Main\Main_Temp\IAR\Debug\Obj\I2C_Base.o
#        C:\Amit_Chaudhary\STM32\Projects\IAR\IAR_Projects\Main\Main_Temp\IAR\Debug\Obj\I2C_Master.o
#        C:\Amit_Chaudhary\STM32\Projects\IAR\IAR_Projects\Main\Main_Temp\IAR\Debug\Obj\I2C_Slave.o
#        C:\Amit_Chaudhary\STM32\Projects\IAR\IAR_Projects\Main\Main_Temp\IAR\Debug\Obj\INA219.o
#        C:\Amit_Chaudhary\STM32\Projects\IAR\IAR_Projects\Main\Main_Temp\IAR\Debug\Obj\Interrupt.o
#        C:\Amit_Chaudhary\STM32\Projects\IAR\IAR_Projects\Main\Main_Temp\IAR\Debug\Obj\main.o
#        C:\Amit_Chaudhary\STM32\Projects\IAR\IAR_Projects\Main\Main_Temp\IAR\Debug\Obj\Nokia5110LCD.o
#        C:\Amit_Chaudhary\STM32\Projects\IAR\IAR_Projects\Main\Main_Temp\IAR\Debug\Obj\Peripheral.o
#        C:\Amit_Chaudhary\STM32\Projects\IAR\IAR_Projects\Main\Main_Temp\IAR\Debug\Obj\SPI_Base.o
#        C:\Amit_Chaudhary\STM32\Projects\IAR\IAR_Projects\Main\Main_Temp\IAR\Debug\Obj\SPI_DMA.o
#        C:\Amit_Chaudhary\STM32\Projects\IAR\IAR_Projects\Main\Main_Temp\IAR\Debug\Obj\SPI_Poll.o
#        C:\Amit_Chaudhary\STM32\Projects\IAR\IAR_Projects\Main\Main_Temp\IAR\Debug\Obj\startup_stm32f103xb.o
#        C:\Amit_Chaudhary\STM32\Projects\IAR\IAR_Projects\Main\Main_Temp\IAR\Debug\Obj\stm32f1xx_hal.o
#        C:\Amit_Chaudhary\STM32\Projects\IAR\IAR_Projects\Main\Main_Temp\IAR\Debug\Obj\stm32f1xx_hal_cortex.o
#        C:\Amit_Chaudhary\STM32\Projects\IAR\IAR_Projects\Main\Main_Temp\IAR\Debug\Obj\stm32f1xx_hal_dma.o
#        C:\Amit_Chaudhary\STM32\Projects\IAR\IAR_Projects\Main\Main_Temp\IAR\Debug\Obj\stm32f1xx_hal_gpio.o
#        C:\Amit_Chaudhary\STM32\Projects\IAR\IAR_Projects\Main\Main_Temp\IAR\Debug\Obj\stm32f1xx_hal_gpio_ex.o
#        C:\Amit_Chaudhary\STM32\Projects\IAR\IAR_Projects\Main\Main_Temp\IAR\Debug\Obj\stm32f1xx_hal_i2c.o
#        C:\Amit_Chaudhary\STM32\Projects\IAR\IAR_Projects\Main\Main_Temp\IAR\Debug\Obj\stm32f1xx_hal_pwr.o
#        C:\Amit_Chaudhary\STM32\Projects\IAR\IAR_Projects\Main\Main_Temp\IAR\Debug\Obj\stm32f1xx_hal_rcc.o
#        C:\Amit_Chaudhary\STM32\Projects\IAR\IAR_Projects\Main\Main_Temp\IAR\Debug\Obj\stm32f1xx_hal_rcc_ex.o
#        C:\Amit_Chaudhary\STM32\Projects\IAR\IAR_Projects\Main\Main_Temp\IAR\Debug\Obj\stm32f1xx_hal_spi.o
#        C:\Amit_Chaudhary\STM32\Projects\IAR\IAR_Projects\Main\Main_Temp\IAR\Debug\Obj\stm32f1xx_it.o
#        C:\Amit_Chaudhary\STM32\Projects\IAR\IAR_Projects\Main\Main_Temp\IAR\Debug\Obj\stm32f1xx_ll_exti.o
#        C:\Amit_Chaudhary\STM32\Projects\IAR\IAR_Projects\Main\Main_Temp\IAR\Debug\Obj\system_stm32f1xx.o
#        C:\Amit_Chaudhary\STM32\Projects\IAR\IAR_Projects\Main\Main_Temp\IAR\Debug\Obj\Test.o
#        --no_out_extension -o
#        C:\Amit_Chaudhary\STM32\Projects\IAR\IAR_Projects\Main\Main_Temp\IAR\Debug\Exe\Main.out
#        --redirect _Printf=_PrintfFullNoMb --redirect _Scanf=_ScanfFullNoMb
#        --map
#        C:\Amit_Chaudhary\STM32\Projects\IAR\IAR_Projects\Main\Main_Temp\IAR\Debug\List\Main.map
#        --config
#        C:\Amit_Chaudhary\STM32\Projects\IAR\IAR_Projects\CPP_Drivers\Gpio\System\stm32f103x8.icf
#        --semihosting --entry __iar_program_start --vfe --text_out locale)
#
###############################################################################

*******************************************************************************
*** RUNTIME MODEL ATTRIBUTES
***

CppFlavor        = *
__CPP_Exceptions = Disabled
__CPP_Language   = C++14
__Heap_Handler   = Basic
__SystemLibrary  = DLib
__dlib_version   = 6


*******************************************************************************
*** HEAP SELECTION
***

The basic heap was selected because some modules are built with
size limitations (and not runtime checking), and --advanced_heap
was not specified.


*******************************************************************************
*** PLACEMENT SUMMARY
***

"A0":  place at 0x800'0000 { ro section .intvec };
"P1":  place in [from 0x800'0000 to 0x800'ffff] { ro };
define block CSTACK with size = 2K, alignment = 8 { };
define block HEAP with size = 2K, alignment = 8 { };
"P2":  place in [from 0x2000'0000 to 0x2000'4fff] {
          rw, block CSTACK, block HEAP };
initialize by copy { rw };

  Section            Kind         Address    Size  Object
  -------            ----         -------    ----  ------
"A0":                                        0xec
  .intvec            ro code   0x800'0000    0xec  startup_stm32f103xb.o [1]
                             - 0x800'00ec    0xec

"P1":                                      0x27e8
  .text              ro code   0x800'00ec   0x6ac  SPI_DMA.o [1]
  .text              ro code   0x800'0798     0xc  SPI_Poll.o [1]
  .text              ro code   0x800'07a4   0x280  stm32f1xx_hal_gpio.o [1]
  .text              ro code   0x800'0a24   0x380  stm32f1xx_hal_dma.o [1]
  .text              ro code   0x800'0da4   0x456  stm32f1xx_hal_spi.o [1]
  .text              ro code   0x800'11fa    0x3a  zero_init3.o [5]
  .text              ro code   0x800'1234    0x8c  Interrupt.o [1]
  .text              ro code   0x800'12c0    0x10  SPI_Poll.o [1]
  .text              ro code   0x800'12d0    0x14  SPI_DMA.o [1]
  .text              ro code   0x800'12e4     0xe  SPI_Poll.o [1]
  .text              ro code   0x800'12f2     0x2  stm32f1xx_hal_spi.o [1]
  .text              ro code   0x800'12f4     0x2  stm32f1xx_hal_spi.o [1]
  .rodata            const     0x800'12f6     0x2  stm32f1xx_hal_rcc.o [1]
  .text              ro code   0x800'12f8     0xc  stm32f1xx_hal.o [1]
  .text              ro code   0x800'1304    0x90  SPI_Base.o [1]
  .text              ro code   0x800'1394   0x14a  stm32f1xx_hal_cortex.o [1]
  .text              ro code   0x800'14de     0xc  SPI_Poll.o [1]
  .text              ro code   0x800'14ea    0x10  SPI_Poll.o [1]
  .rodata            const     0x800'14fa     0x1  unwind_debug.o [6]
  .text              ro code   0x800'14fc     0xc  SPI_Poll.o [1]
  .text              ro code   0x800'1508   0x608  stm32f1xx_hal_rcc.o [1]
  .text              ro code   0x800'1b10    0x3c  stm32f1xx_hal.o [1]
  .text              ro code   0x800'1b4c    0x86  ABImemcpy.o [5]
  .text              ro code   0x800'1bd4   0x2d8  Test.o [1]
  .text              ro code   0x800'1eac   0x13c  GpioOutput.o [1]
  .text              ro code   0x800'1fe8     0xa  cxxabi.o [3]
  .text              ro code   0x800'1ff4   0x1e4  Nokia5110LCD.o [1]
  .text              ro code   0x800'21d8    0x10  Test.o [1]
  .text              ro code   0x800'21e8    0x1e  stm32f1xx_hal.o [1]
  .text              ro code   0x800'2208    0x88  cppinit.o [2]
  .rodata            const     0x800'2290   0x1e0  Nokia5110LCD.o [1]
  .text              ro code   0x800'2470    0x9a  main.o [1]
  .text              ro code   0x800'250c    0x2a  stm32f1xx_hal.o [1]
  .text              ro code   0x800'2538    0x58  system_stm32f1xx.o [1]
  .rodata            const     0x800'2590    0x54  main.o [1]
  .text              ro code   0x800'25e4    0x30  iarttio.o [6]
  .text              ro code   0x800'2614     0xc  XShttio.o [2]
  .rodata            const     0x800'2620    0x2c  SPI_DMA.o [1]
  .text              ro code   0x800'264c    0x2c  copy_init3.o [5]
  .text              ro code   0x800'2678    0x28  data_init.o [5]
  .iar.init_table    const     0x800'26a0    0x24  - Linker created -
  .text              ro code   0x800'26c4    0x1e  cmain.o [5]
  .text              ro code   0x800'26e2     0x4  low_level_init.o [2]
  .text              ro code   0x800'26e6     0x4  exit.o [2]
  .text              ro code   0x800'26ec     0xe  cexit.o [5]
  .text              ro code   0x800'26fc    0x14  exit.o [6]
  .rodata            const     0x800'2710    0x1c  GpioOutput.o [1]
  .rodata            const     0x800'272c    0x1c  SPI_Poll.o [1]
  .text              ro code   0x800'2748    0x1c  stm32f1xx_it.o [1]
  .text              ro code   0x800'2764    0x10  stm32f1xx_hal.o [1]
  .text              ro code   0x800'2774    0x18  Test.o [1]
  .text              ro code   0x800'278c    0x14  Test.o [1]
  .rodata            const     0x800'27a0    0x10  Nokia5110LCD.o [1]
  .rodata            const     0x800'27b0    0x10  stm32f1xx_hal_rcc.o [1]
  .rodata            const     0x800'27c0    0x10  system_stm32f1xx.o [1]
  .rodata            const     0x800'27d0    0x10  Test.o [1]
  .rodata            const     0x800'27e0    0x10  Test.o [1]
  .text              ro code   0x800'27f0    0x10  startup_stm32f103xb.o [1]
  .text              ro code   0x800'2800     0xc  cstartup_M.o [5]
  Initializer bytes  const     0x800'280c     0xc  <for P2-1>
  .rodata            const     0x800'2818     0x8  Test.o [1]
  .rodata            const     0x800'2820     0x8  Test.o [1]
  .text              ro code   0x800'2828     0x4  startup_stm32f103xb.o [1]
  .text              ro code   0x800'282c     0x4  startup_stm32f103xb.o [1]
  .text              ro code   0x800'2830     0x4  startup_stm32f103xb.o [1]
  .text              ro code   0x800'2834     0x4  startup_stm32f103xb.o [1]
  .text              ro code   0x800'2838     0x4  startup_stm32f103xb.o [1]
  .text              ro code   0x800'283c     0x4  startup_stm32f103xb.o [1]
  .text              ro code   0x800'2840     0x4  startup_stm32f103xb.o [1]
  .text              ro code   0x800'2844     0x4  startup_stm32f103xb.o [1]
  .text              ro code   0x800'2848     0x4  startup_stm32f103xb.o [1]
  .text              ro code   0x800'284c     0x4  startup_stm32f103xb.o [1]
  .text              ro code   0x800'2850     0x4  startup_stm32f103xb.o [1]
  .text              ro code   0x800'2854     0x4  startup_stm32f103xb.o [1]
  .text              ro code   0x800'2858     0x4  startup_stm32f103xb.o [1]
  .text              ro code   0x800'285c     0x4  startup_stm32f103xb.o [1]
  .text              ro code   0x800'2860     0x4  startup_stm32f103xb.o [1]
  .text              ro code   0x800'2864     0x4  startup_stm32f103xb.o [1]
  .text              ro code   0x800'2868     0x4  startup_stm32f103xb.o [1]
  .text              ro code   0x800'286c     0x4  startup_stm32f103xb.o [1]
  .text              ro code   0x800'2870     0x4  startup_stm32f103xb.o [1]
  .text              ro code   0x800'2874     0x4  startup_stm32f103xb.o [1]
  .text              ro code   0x800'2878     0x4  startup_stm32f103xb.o [1]
  .text              ro code   0x800'287c     0x4  startup_stm32f103xb.o [1]
  .text              ro code   0x800'2880     0x4  startup_stm32f103xb.o [1]
  .text              ro code   0x800'2884     0x4  startup_stm32f103xb.o [1]
  .text              ro code   0x800'2888     0x4  startup_stm32f103xb.o [1]
  .text              ro code   0x800'288c     0x4  startup_stm32f103xb.o [1]
  .text              ro code   0x800'2890     0x4  startup_stm32f103xb.o [1]
  .text              ro code   0x800'2894     0x4  startup_stm32f103xb.o [1]
  .text              ro code   0x800'2898     0x4  startup_stm32f103xb.o [1]
  .text              ro code   0x800'289c     0x4  startup_stm32f103xb.o [1]
  .text              ro code   0x800'28a0     0x4  startup_stm32f103xb.o [1]
  .text              ro code   0x800'28a4     0x4  startup_stm32f103xb.o [1]
  .text              ro code   0x800'28a8     0x4  startup_stm32f103xb.o [1]
  .text              ro code   0x800'28ac     0x4  startup_stm32f103xb.o [1]
  .text              ro code   0x800'28b0     0x4  startup_stm32f103xb.o [1]
  .text              ro code   0x800'28b4     0x4  startup_stm32f103xb.o [1]
  .text              ro code   0x800'28b8     0x4  startup_stm32f103xb.o [1]
  .text              ro code   0x800'28bc     0x4  startup_stm32f103xb.o [1]
  .text              ro code   0x800'28c0     0x4  startup_stm32f103xb.o [1]
  .text              ro code   0x800'28c4     0x4  startup_stm32f103xb.o [1]
  .text              ro code   0x800'28c8     0x4  startup_stm32f103xb.o [1]
  .text              ro code   0x800'28cc     0x4  startup_stm32f103xb.o [1]
  .text              ro code   0x800'28d0     0x4  startup_stm32f103xb.o [1]
  .text              ro code   0x800'28d4     0x0  cstart_call_dtors.o [5]
  .rodata            const     0x800'28d4     0x0  zero_init3.o [5]
  .rodata            const     0x800'28d4     0x0  copy_init3.o [5]
                             - 0x800'28d4  0x27e8

Absolute sections:                          0x100
  .noinit            uninit   0x2000'0100   0x100  Interrupt.o [1]
                            - 0x2000'0200   0x100

"P2", part 1 of 3:                            0xc
  P2-1                        0x2000'0200     0xc  <Init block>
    .data            inited   0x2000'0200     0x4  system_stm32f1xx.o [1]
    .data            inited   0x2000'0204     0x8  XShttio.o [2]
                            - 0x2000'020c     0xc

"P2", part 2 of 3:                          0x2a8
  .bss               zero     0x2000'020c    0x58  Test.o [1]
  .bss               zero     0x2000'0264    0x58  Test.o [1]
  .bss               zero     0x2000'02bc    0x44  Test.o [1]
  .bss               zero     0x2000'0300    0x44  Test.o [1]
  .bss               zero     0x2000'0344    0x44  Test.o [1]
  .bss               zero     0x2000'0388    0x44  Test.o [1]
  .bss               zero     0x2000'03cc    0x14  Test.o [1]
  .bss               zero     0x2000'03e0    0x14  Test.o [1]
  .bss               zero     0x2000'03f4     0xc  Test.o [1]
  .bss               zero     0x2000'0400     0xc  Test.o [1]
  .bss               zero     0x2000'040c     0xc  Test.o [1]
  .bss               zero     0x2000'0418     0xc  Test.o [1]
  .bss               zero     0x2000'0424     0xc  Test.o [1]
  .bss               zero     0x2000'0430     0xc  Test.o [1]
  .bss               zero     0x2000'043c     0xc  Test.o [1]
  .bss               zero     0x2000'0448     0xc  Test.o [1]
  .bss               zero     0x2000'0454     0xc  Test.o [1]
  .bss               zero     0x2000'0460     0xc  Test.o [1]
  .bss               zero     0x2000'046c     0x4  SPI_Base.o [1]
  .bss               zero     0x2000'0470     0x4  SPI_Base.o [1]
  .bss               zero     0x2000'0474     0x4  SPI_Base.o [1]
  .bss               zero     0x2000'0478     0x4  SPI_Base.o [1]
  .bss               zero     0x2000'047c     0x4  SPI_Base.o [1]
  .bss               zero     0x2000'0480     0x4  SPI_Base.o [1]
  .bss               zero     0x2000'0484     0x4  SPI_DMA.o [1]
  .bss               zero     0x2000'0488     0x4  SPI_DMA.o [1]
  .bss               zero     0x2000'048c     0x4  SPI_DMA.o [1]
  .bss               zero     0x2000'0490     0x4  SPI_DMA.o [1]
  .bss               zero     0x2000'0494     0x4  SPI_DMA.o [1]
  .bss               zero     0x2000'0498     0x4  SPI_DMA.o [1]
  .bss               zero     0x2000'049c     0x4  stm32f1xx_hal.o [1]
  .bss               zero     0x2000'04a0     0x4  cppinit.o [2]
  .bss               zero     0x2000'04a4     0x4  cppinit.o [2]
  .bss               zero     0x2000'04a8     0x1  Test.o [1]
  .bss               zero     0x2000'04a9     0x1  Test.o [1]
  .bss               zero     0x2000'04aa     0x1  Test.o [1]
  .bss               zero     0x2000'04ab     0x1  Test.o [1]
  .bss               zero     0x2000'04ac     0x1  Test.o [1]
  .bss               zero     0x2000'04ad     0x1  Test.o [1]
  .bss               zero     0x2000'04ae     0x1  Test.o [1]
  .bss               zero     0x2000'04af     0x1  Test.o [1]
  .bss               zero     0x2000'04b0     0x1  Test.o [1]
  .bss               zero     0x2000'04b1     0x1  Test.o [1]
  .bss               zero     0x2000'04b2     0x1  Test.o [1]
  .bss               zero     0x2000'04b3     0x1  Test.o [1]
                            - 0x2000'04b4   0x2a8

"P2", part 3 of 3:                          0x99c
  .iar.dynexit                0x2000'04b4   0x198  <Block>
    .iar.dynexit     uninit   0x2000'04b4     0xc  cppinit.o [2]
    .iar.dynexit     uninit   0x2000'04c0   0x18c  <Block tail>
  CSTACK                      0x2000'0650   0x800  <Block>
    CSTACK           uninit   0x2000'0650   0x800  <Block tail>
                            - 0x2000'0e50   0x99c

Unused ranges:

         From           To    Size
         ----           --    ----
   0x800'28d4   0x800'ffff  0xd72c
  0x2000'0000  0x2000'00ff   0x100
  0x2000'0e50  0x2000'4fff  0x41b0


*******************************************************************************
*** INIT TABLE
***

          Address      Size
          -------      ----
Zero (__iar_zero_init3)
    1 destination range, total size 0x2a8:
          0x2000'020c  0x2a8

Copy (__iar_copy_init3)
    1 source range, total size 0xc:
           0x800'280c    0xc
    1 destination range, total size 0xc:
          0x2000'0200    0xc



*******************************************************************************
*** MODULE SUMMARY
***

    Module                  ro code  ro data  rw data  rw data
                                                        (abs)
    ------                  -------  -------  -------  -------
command line/config:
    ----------------------------------------------------------
    Total:

C:\Amit_Chaudhary\STM32\Projects\IAR\IAR_Projects\Main\Main_Temp\IAR\Debug\Obj: [1]
    GpioOutput.o                316       28
    Interrupt.o                 140                        256
    Nokia5110LCD.o              484      496
    SPI_Base.o                  144                24
    SPI_DMA.o                 1 728       44       24
    SPI_Poll.o                   82       28
    Test.o                      788       48      620
    main.o                      154       84
    startup_stm32f103xb.o       424
    stm32f1xx_hal.o             160                 4
    stm32f1xx_hal_cortex.o      330
    stm32f1xx_hal_dma.o         896
    stm32f1xx_hal_gpio.o        640
    stm32f1xx_hal_rcc.o       1 544       18
    stm32f1xx_hal_spi.o       1 114
    stm32f1xx_it.o               28
    system_stm32f1xx.o           88       20        4
    ----------------------------------------------------------
    Total:                    9 060      766      676      256

dl7M_tln.a: [2]
    XShttio.o                    12        8        8
    cppinit.o                   136                20
    exit.o                        4
    low_level_init.o              4
    ----------------------------------------------------------
    Total:                      156        8       28

dlpp7M_tl_nc.a: [3]
    cxxabi.o                     10
    ----------------------------------------------------------
    Total:                       10

m7M_tl.a: [4]
    ----------------------------------------------------------
    Total:

rt7M_tl.a: [5]
    ABImemcpy.o                 134
    cexit.o                      14
    cmain.o                      30
    copy_init3.o                 44
    cstart_call_dtors.o
    cstartup_M.o                 12
    data_init.o                  40
    zero_init3.o                 58
    ----------------------------------------------------------
    Total:                      332

shb_l.a: [6]
    exit.o                       20
    iarttio.o                    48
    unwind_debug.o                         1
    ----------------------------------------------------------
    Total:                       68        1

    Gaps                         15
    Linker created                        36    2 444
--------------------------------------------------------------
    Grand Total:              9 641      811    3 148      256


*******************************************************************************
*** ENTRY LIST
***

Entry                       Address   Size  Type      Object
-----                       -------   ----  ----      ------
.iar.dynexit$$Base      0x2000'04b4          --   Gb  - Linker created -
.iar.dynexit$$Limit     0x2000'064c          --   Gb  - Linker created -
.iar.init_table$$Base    0x800'26a0          --   Gb  - Linker created -
.iar.init_table$$Limit   0x800'26c4          --   Gb  - Linker created -
?main                    0x800'26c5         Code  Gb  cmain.o [5]
AHBPrescTable            0x800'27c0   0x10  Data  Gb  system_stm32f1xx.o [1]
BusFault_Handler         0x800'274f    0x2  Code  Gb  stm32f1xx_it.o [1]
CSTACK$$Base            0x2000'0650          --   Gb  - Linker created -
CSTACK$$Limit           0x2000'0e50          --   Gb  - Linker created -
DebugMon_Handler         0x800'2755    0x2  Code  Gb  stm32f1xx_it.o [1]
DtorRecArray            0x2000'04b4    0xc  Data  Lc  cppinit.o [2]
HAL_DMA_Abort_IT         0x800'0b37   0xb4  Code  Gb  stm32f1xx_hal_dma.o [1]
HAL_DMA_IRQHandler       0x800'0beb  0x16a  Code  Gb  stm32f1xx_hal_dma.o [1]
HAL_DMA_Init             0x800'0a25   0x7a  Code  Gb  stm32f1xx_hal_dma.o [1]
HAL_DMA_Start_IT         0x800'0a9f   0x98  Code  Gb  stm32f1xx_hal_dma.o [1]
HAL_Delay                0x800'21e9   0x1e  Code  Wk  stm32f1xx_hal.o [1]
HAL_GPIO_Init            0x800'07a5  0x226  Code  Gb  stm32f1xx_hal_gpio.o [1]
HAL_GPIO_WritePin        0x800'09cb   0x1a  Code  Gb  stm32f1xx_hal_gpio.o [1]
HAL_GetTick              0x800'12f9    0xc  Code  Wk  stm32f1xx_hal.o [1]
HAL_IncTick              0x800'2765   0x10  Code  Wk  stm32f1xx_hal.o [1]
HAL_Init                 0x800'250d   0x24  Code  Gb  stm32f1xx_hal.o [1]
HAL_InitTick             0x800'1b11   0x3c  Code  Wk  stm32f1xx_hal.o [1]
HAL_NVIC_SetPriority     0x800'1465   0x2a  Code  Gb  stm32f1xx_hal_cortex.o [1]
HAL_NVIC_SetPriorityGrouping
                         0x800'1459    0xc  Code  Gb  stm32f1xx_hal_cortex.o [1]
HAL_RCC_ClockConfig      0x800'18c9  0x16c  Code  Gb  stm32f1xx_hal_rcc.o [1]
HAL_RCC_GetHCLKFreq      0x800'1aa3    0x6  Code  Gb  stm32f1xx_hal_rcc.o [1]
HAL_RCC_GetSysClockFreq
                         0x800'1a35   0x6e  Code  Gb  stm32f1xx_hal_rcc.o [1]
HAL_RCC_OscConfig        0x800'1509  0x3c0  Code  Gb  stm32f1xx_hal_rcc.o [1]
HAL_SPI_DeInit           0x800'0e3f   0x38  Code  Gb  stm32f1xx_hal_spi.o [1]
HAL_SPI_IRQHandler       0x800'0f73   0xf8  Code  Gb  stm32f1xx_hal_spi.o [1]
HAL_SPI_Init             0x800'0da5   0x9a  Code  Gb  stm32f1xx_hal_spi.o [1]
HAL_SPI_Transmit_DMA     0x800'0e77   0xfc  Code  Gb  stm32f1xx_hal_spi.o [1]
HAL_SPI_TxCpltCallback   0x800'1305   0x40  Code  Gb  SPI_Base.o [1]
HAL_SPI_TxHalfCpltCallback
                         0x800'1345   0x30  Code  Gb  SPI_Base.o [1]
HAL_SYSTICK_CLKSourceConfig
                         0x800'149b   0x1c  Code  Gb  stm32f1xx_hal_cortex.o [1]
HAL_SYSTICK_Config       0x800'148f    0xc  Code  Gb  stm32f1xx_hal_cortex.o [1]
HAL_SYSTICK_IRQHandler   0x800'14d5    0x8  Code  Gb  stm32f1xx_hal_cortex.o [1]
HardFault_Handler        0x800'274b    0x2  Code  Gb  stm32f1xx_it.o [1]
MemManage_Handler        0x800'274d    0x2  Code  Gb  stm32f1xx_it.o [1]
NMI_Handler              0x800'2749    0x2  Code  Gb  stm32f1xx_it.o [1]
Nokia5110LCD_Dual_Test()
                         0x800'1bd5  0x230  Code  Gb  Test.o [1]
Nokia5110LCD_Dual_Test()::Backlight1
                        0x2000'0424    0xc  Data  Lc  Test.o [1]
Nokia5110LCD_Dual_Test()::Backlight2
                        0x2000'0460    0xc  Data  Lc  Test.o [1]
Nokia5110LCD_Dual_Test()::CS1
                        0x2000'03f4    0xc  Data  Lc  Test.o [1]
Nokia5110LCD_Dual_Test()::CS2
                        0x2000'0430    0xc  Data  Lc  Test.o [1]
Nokia5110LCD_Dual_Test()::D_C1
                        0x2000'040c    0xc  Data  Lc  Test.o [1]
Nokia5110LCD_Dual_Test()::D_C2
                        0x2000'0448    0xc  Data  Lc  Test.o [1]
Nokia5110LCD_Dual_Test()::LCD1
                        0x2000'03cc   0x14  Data  Lc  Test.o [1]
Nokia5110LCD_Dual_Test()::LCD2
                        0x2000'03e0   0x14  Data  Lc  Test.o [1]
Nokia5110LCD_Dual_Test()::Reset1
                        0x2000'0418    0xc  Data  Lc  Test.o [1]
Nokia5110LCD_Dual_Test()::Reset2
                        0x2000'0454    0xc  Data  Lc  Test.o [1]
Nokia5110LCD_Dual_Test()::SPI_Obj1
                        0x2000'0400    0xc  Data  Lc  Test.o [1]
Nokia5110LCD_Dual_Test()::SPI_Obj2
                        0x2000'043c    0xc  Data  Lc  Test.o [1]
Nokia5110LCD_Dual_Test()::hdma_spi1_rx
                        0x2000'02bc   0x44  Data  Lc  Test.o [1]
Nokia5110LCD_Dual_Test()::hdma_spi1_tx
                        0x2000'0300   0x44  Data  Lc  Test.o [1]
Nokia5110LCD_Dual_Test()::hdma_spi2_rx
                        0x2000'0344   0x44  Data  Lc  Test.o [1]
Nokia5110LCD_Dual_Test()::hdma_spi2_tx
                        0x2000'0388   0x44  Data  Lc  Test.o [1]
Nokia5110LCD_Dual_Test()::hspi1
                        0x2000'020c   0x58  Data  Lc  Test.o [1]
Nokia5110LCD_Dual_Test()::hspi2
                        0x2000'0264   0x58  Data  Lc  Test.o [1]
Nokia5110LCD_Dual_Test()::static guard for Backlight1
                        0x2000'04ac    0x1  Data  Lc  Test.o [1]
Nokia5110LCD_Dual_Test()::static guard for Backlight2
                        0x2000'04b2    0x1  Data  Lc  Test.o [1]
Nokia5110LCD_Dual_Test()::static guard for CS1
                        0x2000'04a8    0x1  Data  Lc  Test.o [1]
Nokia5110LCD_Dual_Test()::static guard for CS2
                        0x2000'04ae    0x1  Data  Lc  Test.o [1]
Nokia5110LCD_Dual_Test()::static guard for D_C1
                        0x2000'04aa    0x1  Data  Lc  Test.o [1]
Nokia5110LCD_Dual_Test()::static guard for D_C2
                        0x2000'04b0    0x1  Data  Lc  Test.o [1]
Nokia5110LCD_Dual_Test()::static guard for LCD1
                        0x2000'04ad    0x1  Data  Lc  Test.o [1]
Nokia5110LCD_Dual_Test()::static guard for LCD2
                        0x2000'04b3    0x1  Data  Lc  Test.o [1]
Nokia5110LCD_Dual_Test()::static guard for Reset1
                        0x2000'04ab    0x1  Data  Lc  Test.o [1]
Nokia5110LCD_Dual_Test()::static guard for Reset2
                        0x2000'04b1    0x1  Data  Lc  Test.o [1]
Nokia5110LCD_Dual_Test()::static guard for SPI_Obj1
                        0x2000'04a9    0x1  Data  Lc  Test.o [1]
Nokia5110LCD_Dual_Test()::static guard for SPI_Obj2
                        0x2000'04af    0x1  Data  Lc  Test.o [1]
PendSV_Handler           0x800'2757    0x2  Code  Gb  stm32f1xx_it.o [1]
Peripherals::GpioOutput::GpioOutput(GPIO_TypeDef *, unsigned short)
                         0x800'1ead   0x22  Code  Gb  GpioOutput.o [1]
Peripherals::GpioOutput::HwInit()
                         0x800'1ecf   0xfc  Code  Gb  GpioOutput.o [1]
Peripherals::GpioOutput::Off()
                         0x800'12c1   0x10  Code  Gb  SPI_Poll.o [1]
Peripherals::GpioOutput::On()
                         0x800'14eb   0x10  Code  Gb  SPI_Poll.o [1]
Peripherals::GpioOutput::ReadOutputValue()
                         0x800'12d1   0x14  Code  Gb  SPI_DMA.o [1]
Peripherals::Interrupt::EnableInterrupt(Peripherals::Interrupt::IRQn)
                         0x800'1235   0x20  Code  Gb  Interrupt.o [1]
Peripherals::Interrupt::RegisterInterrupt_Vct_Table(void (*)(), Peripherals::Interrupt::IRQn, unsigned char, unsigned char)
                         0x800'1255   0x38  Code  Gb  Interrupt.o [1]
Peripherals::Interrupt::Relocate_Vector_Table()
                         0x800'128d   0x24  Code  Gb  Interrupt.o [1]
Peripherals::Interrupt::Vectors_RAM
                        0x2000'0100  0x100  Data  Gb  Interrupt.o [1]
Peripherals::Nokia5110LCD::Clear()
                         0x800'20c9   0x26  Code  Gb  Nokia5110LCD.o [1]
Peripherals::Nokia5110LCD::DisplayInit()
                         0x800'203f   0x5e  Code  Gb  Nokia5110LCD.o [1]
Peripherals::Nokia5110LCD::DrawLine(unsigned char, unsigned char, char const *)
                         0x800'216b   0x64  Code  Gb  Nokia5110LCD.o [1]
Peripherals::Nokia5110LCD::DrawString(char const *)
                         0x800'2151   0x1a  Code  Gb  Nokia5110LCD.o [1]
Peripherals::Nokia5110LCD::GoToXY(int, int)
                         0x800'20ef   0x26  Code  Gb  Nokia5110LCD.o [1]
Peripherals::Nokia5110LCD::HwInit()
                         0x800'2009   0x36  Code  Gb  Nokia5110LCD.o [1]
Peripherals::Nokia5110LCD::LCDCharacter(char)
                         0x800'2115   0x3c  Code  Gb  Nokia5110LCD.o [1]
Peripherals::Nokia5110LCD::Nokia5110LCD(Peripherals::SPI_DMA *, Peripherals::GpioOutput *, Peripherals::GpioOutput *, Peripherals::GpioOutput *)
                         0x800'1ff5   0x14  Code  Gb  Nokia5110LCD.o [1]
Peripherals::Nokia5110LCD::SetBrigntness(unsigned char)
                         0x800'21d9   0x10  Code  Gb  Test.o [1]
Peripherals::Nokia5110LCD::Write(Peripherals::Nokia5110LCD::DC_t, unsigned char)
                         0x800'209d   0x2c  Code  Gb  Nokia5110LCD.o [1]
Peripherals::Peripheral::Peripheral()
                         0x800'14fd    0xc  Code  Gb  SPI_Poll.o [1]
Peripherals::Peripheral::Peripheral() [subobject]
                         0x800'14df    0xc  Code  Gb  SPI_Poll.o [1]
Peripherals::SPI_Base::SPI1_TxDoneCallback
                        0x2000'046c    0x4  Data  Gb  SPI_Base.o [1]
Peripherals::SPI_Base::SPI1_TxHalfDoneCallback
                        0x2000'0470    0x4  Data  Gb  SPI_Base.o [1]
Peripherals::SPI_Base::SPI2_TxDoneCallback
                        0x2000'0474    0x4  Data  Gb  SPI_Base.o [1]
Peripherals::SPI_Base::SPI2_TxHalfDoneCallback
                        0x2000'0478    0x4  Data  Gb  SPI_Base.o [1]
Peripherals::SPI_Base::SPI_Base()
                         0x800'12e5    0xe  Code  Gb  SPI_Poll.o [1]
Peripherals::SPI_Base::SPI_Base() [subobject]
                         0x800'0799    0xc  Code  Gb  SPI_Poll.o [1]
Peripherals::SPI_Base::m_pChipSelect_SPI1
                        0x2000'047c    0x4  Data  Gb  SPI_Base.o [1]
Peripherals::SPI_Base::m_pChipSelect_SPI2
                        0x2000'0480    0x4  Data  Gb  SPI_Base.o [1]
Peripherals::SPI_DMA::DMA_Ch2_IRQHandler()
                         0x800'0709    0xe  Code  Gb  SPI_DMA.o [1]
Peripherals::SPI_DMA::DMA_Ch3_IRQHandler()
                         0x800'0719    0xe  Code  Gb  SPI_DMA.o [1]
Peripherals::SPI_DMA::DMA_Ch4_IRQHandler()
                         0x800'0729    0xe  Code  Gb  SPI_DMA.o [1]
Peripherals::SPI_DMA::DMA_Ch5_IRQHandler()
                         0x800'0739    0xe  Code  Gb  SPI_DMA.o [1]
Peripherals::SPI_DMA::HwDeinit()
                         0x800'278d   0x14  Code  Gb  Test.o [1]
Peripherals::SPI_DMA::HwInit()
                         0x800'019f  0x4e0  Code  Gb  SPI_DMA.o [1]
Peripherals::SPI_DMA::SPI1__IRQHandler()
                         0x800'06f1    0xc  Code  Gb  SPI_DMA.o [1]
Peripherals::SPI_DMA::SPI2__IRQHandler()
                         0x800'06fd    0xc  Code  Gb  SPI_DMA.o [1]
Peripherals::SPI_DMA::SPI_DMA(Peripherals::SPI_Base::SPIx_t, Peripherals::GpioOutput *, unsigned int, __SPI_HandleTypeDef *, __DMA_HandleTypeDef *, __DMA_HandleTypeDef *)
                         0x800'00ed   0xb2  Code  Gb  SPI_DMA.o [1]
Peripherals::SPI_DMA::Tx(unsigned char *, unsigned short)
                         0x800'067f   0x70  Code  Gb  SPI_DMA.o [1]
Peripherals::SPI_DMA::m_phdma_spi1_rx
                        0x2000'0484    0x4  Data  Gb  SPI_DMA.o [1]
Peripherals::SPI_DMA::m_phdma_spi1_tx
                        0x2000'0488    0x4  Data  Gb  SPI_DMA.o [1]
Peripherals::SPI_DMA::m_phdma_spi2_rx
                        0x2000'048c    0x4  Data  Gb  SPI_DMA.o [1]
Peripherals::SPI_DMA::m_phdma_spi2_tx
                        0x2000'0490    0x4  Data  Gb  SPI_DMA.o [1]
Peripherals::SPI_DMA::m_phspi_1
                        0x2000'0494    0x4  Data  Gb  SPI_DMA.o [1]
Peripherals::SPI_DMA::m_phspi_2
                        0x2000'0498    0x4  Data  Gb  SPI_DMA.o [1]
Peripherals::SPI_DMA::~SPI_DMA()
                         0x800'2775   0x18  Code  Gb  Test.o [1]
Region$$Table$$Base      0x800'26a0          --   Gb  - Linker created -
Region$$Table$$Limit     0x800'26c4          --   Gb  - Linker created -
SVC_Handler              0x800'2753    0x2  Code  Gb  stm32f1xx_it.o [1]
SysTick_Handler          0x800'2759    0xc  Code  Gb  stm32f1xx_it.o [1]
SystemClock_Config()     0x800'2481   0x84  Code  Gb  main.o [1]
SystemCoreClock         0x2000'0200    0x4  Data  Gb  system_stm32f1xx.o [1]
SystemInit               0x800'2539   0x3e  Code  Gb  system_stm32f1xx.o [1]
UsageFault_Handler       0x800'2751    0x2  Code  Gb  stm32f1xx_it.o [1]
Virtual function table for Peripherals::GpioOutput
                         0x800'2710   0x1c  Data  Gb  GpioOutput.o [1]
Virtual function table for Peripherals::Peripheral
                         0x800'272c   0x1c  Data  Gb  SPI_Poll.o [1]
Virtual function table for Peripherals::SPI_DMA
                         0x800'2620   0x2c  Data  Gb  SPI_DMA.o [1]
[local to Nokia5110LCD_cpp]::Peripherals::ASCII
                         0x800'2290  0x1e0  Data  Lc  Nokia5110LCD.o [1]
[local to stm32f1xx_hal_cortex_c]::NVIC_EncodePriority(unsigned int, unsigned int, unsigned int)
                         0x800'13e9   0x40  Code  Lc  stm32f1xx_hal_cortex.o [1]
[local to stm32f1xx_hal_cortex_c]::NVIC_GetPriorityGrouping()
                         0x800'13b3    0xa  Code  Lc  stm32f1xx_hal_cortex.o [1]
[local to stm32f1xx_hal_cortex_c]::NVIC_SetPriority(IRQn_Type, unsigned int)
                         0x800'13bd   0x2c  Code  Lc  stm32f1xx_hal_cortex.o [1]
[local to stm32f1xx_hal_cortex_c]::NVIC_SetPriorityGrouping(unsigned int)
                         0x800'1395   0x1e  Code  Lc  stm32f1xx_hal_cortex.o [1]
[local to stm32f1xx_hal_cortex_c]::SysTick_Config(unsigned int)
                         0x800'1429   0x30  Code  Lc  stm32f1xx_hal_cortex.o [1]
[local to stm32f1xx_hal_dma_c]::DMA_SetConfig(__DMA_HandleTypeDef *, unsigned int, unsigned int, unsigned int)
                         0x800'0d79   0x2c  Code  Lc  stm32f1xx_hal_dma.o [1]
[local to stm32f1xx_hal_rcc_c]::RCC_Delay(unsigned int)
                         0x800'1aa9   0x26  Code  Lc  stm32f1xx_hal_rcc.o [1]
[local to stm32f1xx_hal_spi_c]::SPI_CheckFlag_BSY(__SPI_HandleTypeDef *, unsigned int, unsigned int)
                         0x800'11cf   0x2a  Code  Lc  stm32f1xx_hal_spi.o [1]
[local to stm32f1xx_hal_spi_c]::SPI_DMAAbortOnError(__DMA_HandleTypeDef *)
                         0x800'1115   0x16  Code  Lc  stm32f1xx_hal_spi.o [1]
[local to stm32f1xx_hal_spi_c]::SPI_DMAError(__DMA_HandleTypeDef *)
                         0x800'10ed   0x28  Code  Lc  stm32f1xx_hal_spi.o [1]
[local to stm32f1xx_hal_spi_c]::SPI_DMAHalfTransmitCplt(__DMA_HandleTypeDef *)
                         0x800'10dd    0xe  Code  Lc  stm32f1xx_hal_spi.o [1]
[local to stm32f1xx_hal_spi_c]::SPI_DMATransmitCplt(__DMA_HandleTypeDef *)
                         0x800'106d   0x70  Code  Lc  stm32f1xx_hal_spi.o [1]
[local to stm32f1xx_hal_spi_c]::SPI_WaitFlagStateUntilTimeout(__SPI_HandleTypeDef *, unsigned int, unsigned int, unsigned int, unsigned int)
                         0x800'112d   0xa2  Code  Lc  stm32f1xx_hal_spi.o [1]
_Error_Handler           0x800'2509    0x2  Code  Gb  main.o [1]
__aeabi_atexit           0x800'1fe9    0xa  Code  Gb  cxxabi.o [3]
__aeabi_memcpy4          0x800'1b4d         Code  Gb  ABImemcpy.o [5]
__aeabi_memcpy8          0x800'1b4d         Code  Gb  ABImemcpy.o [5]
__call_dtors             0x800'223f    0xc  Code  Gb  cppinit.o [2]
__call_dtors0            0x800'224b   0x36  Code  Gb  cppinit.o [2]
__cexit_call_dtors       0x800'26ef         Code  Gb  cexit.o [5]
__cmain                  0x800'26c5         Code  Gb  cmain.o [5]
__cstart_call_dtors      0x800'28d4         Data  Gb  cstart_call_dtors.o [5]
__cxa_atexit             0x800'2209   0x36  Code  Gb  cppinit.o [2]
__dso_handle            0x2000'04a4    0x4  Data  Gb  cppinit.o [2]
__exit                   0x800'26fd   0x14  Code  Gb  exit.o [6]
__iar_close_ttio         0x800'25e5   0x2e  Code  Gb  iarttio.o [6]
__iar_copy_init3         0x800'264d   0x2c  Code  Gb  copy_init3.o [5]
__iar_data_init3         0x800'2679   0x28  Code  Gb  data_init.o [5]
__iar_debug_exceptions   0x800'14fa    0x1  Data  Gb  unwind_debug.o [6]
__iar_lookup_ttioh       0x800'2615    0x4  Code  Gb  XShttio.o [2]
__iar_program_start      0x800'2801         Code  Gb  cstartup_M.o [5]
__iar_ttio_handles      0x2000'0204    0x8  Data  Lc  XShttio.o [2]
__iar_zero_init3         0x800'11fb   0x3a  Code  Gb  zero_init3.o [5]
__low_level_init         0x800'26e3    0x4  Code  Gb  low_level_init.o [2]
__vector_table           0x800'0000         Data  Gb  startup_stm32f103xb.o [1]
_call_main               0x800'26d1         Code  Gb  cmain.o [5]
_exit                    0x800'26ed         Code  Gb  cexit.o [5]
_main                    0x800'26df         Code  Gb  cmain.o [5]
exit                     0x800'26e7    0x4  Code  Gb  exit.o [2]
main                     0x800'2471   0x10  Code  Gb  main.o [1]
next_abi_dtor_rec       0x2000'04a0    0x4  Data  Lc  cppinit.o [2]
uwTick                  0x2000'049c    0x4  Data  Gb  stm32f1xx_hal.o [1]


[1] = C:\Amit_Chaudhary\STM32\Projects\IAR\IAR_Projects\Main\Main_Temp\IAR\Debug\Obj
[2] = dl7M_tln.a
[3] = dlpp7M_tl_nc.a
[4] = m7M_tl.a
[5] = rt7M_tl.a
[6] = shb_l.a

  9 641 bytes of readonly  code memory
    811 bytes of readonly  data memory
  3 148 bytes of readwrite data memory (+ 256 absolute)

Errors: none
Warnings: none
