###############################################################################
#
# IAR ELF Linker V8.30.1.114/W32 for ARM                  18/Aug/2018  10:24:45
# Copyright 2007-2018 IAR Systems AB.
#
#    Output file  =  
#        C:\Amit_Chaudhary\STM32\Projects\IAR\IAR_Projects\CPP_Drivers\I2C\IAR\Debug\Exe\I2C.out
#    Map file     =  
#        C:\Amit_Chaudhary\STM32\Projects\IAR\IAR_Projects\CPP_Drivers\I2C\IAR\Debug\List\I2C.map
#    Command line =  
#        -f C:\Users\achaudha\AppData\Local\Temp\EWEB01.tmp
#        (C:\Amit_Chaudhary\STM32\Projects\IAR\IAR_Projects\CPP_Drivers\I2C\IAR\Debug\Obj\GpioInput.o
#        C:\Amit_Chaudhary\STM32\Projects\IAR\IAR_Projects\CPP_Drivers\I2C\IAR\Debug\Obj\GpioOutput.o
#        C:\Amit_Chaudhary\STM32\Projects\IAR\IAR_Projects\CPP_Drivers\I2C\IAR\Debug\Obj\I2C_Master.o
#        C:\Amit_Chaudhary\STM32\Projects\IAR\IAR_Projects\CPP_Drivers\I2C\IAR\Debug\Obj\INA219.o
#        C:\Amit_Chaudhary\STM32\Projects\IAR\IAR_Projects\CPP_Drivers\I2C\IAR\Debug\Obj\Interrupt.o
#        C:\Amit_Chaudhary\STM32\Projects\IAR\IAR_Projects\CPP_Drivers\I2C\IAR\Debug\Obj\main.o
#        C:\Amit_Chaudhary\STM32\Projects\IAR\IAR_Projects\CPP_Drivers\I2C\IAR\Debug\Obj\Peripheral.o
#        C:\Amit_Chaudhary\STM32\Projects\IAR\IAR_Projects\CPP_Drivers\I2C\IAR\Debug\Obj\startup_stm32f103xb.o
#        C:\Amit_Chaudhary\STM32\Projects\IAR\IAR_Projects\CPP_Drivers\I2C\IAR\Debug\Obj\stm32f1xx_hal.o
#        C:\Amit_Chaudhary\STM32\Projects\IAR\IAR_Projects\CPP_Drivers\I2C\IAR\Debug\Obj\stm32f1xx_hal_cortex.o
#        C:\Amit_Chaudhary\STM32\Projects\IAR\IAR_Projects\CPP_Drivers\I2C\IAR\Debug\Obj\stm32f1xx_hal_gpio.o
#        C:\Amit_Chaudhary\STM32\Projects\IAR\IAR_Projects\CPP_Drivers\I2C\IAR\Debug\Obj\stm32f1xx_hal_gpio_ex.o
#        C:\Amit_Chaudhary\STM32\Projects\IAR\IAR_Projects\CPP_Drivers\I2C\IAR\Debug\Obj\stm32f1xx_hal_i2c.o
#        C:\Amit_Chaudhary\STM32\Projects\IAR\IAR_Projects\CPP_Drivers\I2C\IAR\Debug\Obj\stm32f1xx_hal_pwr.o
#        C:\Amit_Chaudhary\STM32\Projects\IAR\IAR_Projects\CPP_Drivers\I2C\IAR\Debug\Obj\stm32f1xx_hal_rcc.o
#        C:\Amit_Chaudhary\STM32\Projects\IAR\IAR_Projects\CPP_Drivers\I2C\IAR\Debug\Obj\stm32f1xx_hal_rcc_ex.o
#        C:\Amit_Chaudhary\STM32\Projects\IAR\IAR_Projects\CPP_Drivers\I2C\IAR\Debug\Obj\stm32f1xx_it.o
#        C:\Amit_Chaudhary\STM32\Projects\IAR\IAR_Projects\CPP_Drivers\I2C\IAR\Debug\Obj\stm32f1xx_ll_exti.o
#        C:\Amit_Chaudhary\STM32\Projects\IAR\IAR_Projects\CPP_Drivers\I2C\IAR\Debug\Obj\system_stm32f1xx.o
#        --no_out_extension -o
#        C:\Amit_Chaudhary\STM32\Projects\IAR\IAR_Projects\CPP_Drivers\I2C\IAR\Debug\Exe\I2C.out
#        --redirect _Printf=_PrintfFullNoMb --redirect _Scanf=_ScanfFullNoMb
#        --map
#        C:\Amit_Chaudhary\STM32\Projects\IAR\IAR_Projects\CPP_Drivers\I2C\IAR\Debug\List\I2C.map
#        --config
#        C:\Amit_Chaudhary\STM32\Projects\IAR\IAR_Projects\CPP_Drivers\Gpio\System\stm32f103x8.icf
#        --semihosting --entry __iar_program_start --vfe --text_out locale)
#
###############################################################################

*******************************************************************************
*** RUNTIME MODEL ATTRIBUTES
***

CppFlavor                     = *
__CPP_Exceptions              = Disabled
__CPP_Language                = C++14
__Heap_Handler                = Basic
__SystemLibrary               = DLib
__dlib_dynamic_initialization = normal
__dlib_version                = 6


*******************************************************************************
*** HEAP SELECTION
***

The basic heap was selected because some modules are built with
size limitations (and not runtime checking), and --advanced_heap
was not specified.


*******************************************************************************
*** PLACEMENT SUMMARY
***

"A0":  place at 0x800'0000 { ro section .intvec };
"P1":  place in [from 0x800'0000 to 0x800'ffff] { ro };
define block CSTACK with size = 2K, alignment = 8 { };
define block HEAP with size = 2K, alignment = 8 { };
"P2":  place in [from 0x2000'0000 to 0x2000'4fff] {
          rw, block CSTACK, block HEAP };
initialize by copy { rw };

  Section                Kind         Address    Size  Object
  -------                ----         -------    ----  ------
"A0":                                            0xec
  .intvec                ro code   0x800'0000    0xec  startup_stm32f103xb.o [1]
                                 - 0x800'00ec    0xec

"P1":                                          0x2204
  .text                  ro code   0x800'00ec   0xaa8  stm32f1xx_hal_i2c.o [1]
  .text                  ro code   0x800'0b94   0x620  stm32f1xx_hal_rcc.o [1]
  .text                  ro code   0x800'11b4     0x2  stm32f1xx_hal_i2c.o [1]
  .text                  ro code   0x800'11b6    0x3a  zero_init3.o [5]
  .text                  ro code   0x800'11f0     0xc  stm32f1xx_hal.o [1]
  .text                  ro code   0x800'11fc    0x3c  stm32f1xx_hal.o [1]
  .text                  ro code   0x800'1238    0x86  ABImemcpy.o [5]
  .rodata                const     0x800'12be     0x2  stm32f1xx_hal_rcc.o [1]
  .text                  ro code   0x800'12c0   0x14a  stm32f1xx_hal_cortex.o [1]
  .rodata                const     0x800'140a     0x1  unwind_debug.o [6]
  .text                  ro code   0x800'140c    0x88  Interrupt.o [1]
  .text                  ro code   0x800'1494   0x268  stm32f1xx_hal_gpio.o [1]
  .text                  ro code   0x800'16fc   0x1ca  INA219.o [1]
  .text                  ro code   0x800'18c8    0x24  FltCmpLe.o [4]
  .text                  ro code   0x800'18ec   0x19c  I2C_Master.o [1]
  .text                  ro code   0x800'1a88    0x22  S32ToDbl.o [4]
  .text                  ro code   0x800'1aac   0x1a2  DblMul.o [4]
  .text                  ro code   0x800'1c50    0x68  DblToFlt.o [4]
  .text                  ro code   0x800'1cb8    0x24  S32ToFlt.o [4]
  .text                  ro code   0x800'1cdc    0x1c  U32ToFlt.o [4]
  .text                  ro code   0x800'1cf8    0xfc  FltDiv.o [4]
  .text                  ro code   0x800'1df4     0xc  I2C_Master.o [1]
  .text                  ro code   0x800'1e00     0xc  I2C_Master.o [1]
  .text                  ro code   0x800'1e0c    0xea  main.o [1]
  .text                  ro code   0x800'1ef6     0xa  cxxabi.o [3]
  .text                  ro code   0x800'1f00    0x2a  stm32f1xx_hal.o [1]
  .text                  ro code   0x800'1f2c    0xa0  cppinit.o [2]
  .text                  ro code   0x800'1fcc    0x58  system_stm32f1xx.o [1]
  .rodata                const     0x800'2024    0x54  main.o [1]
  .text                  ro code   0x800'2078    0x2c  copy_init3.o [5]
  .text                  ro code   0x800'20a4    0x28  data_init.o [5]
  .iar.init_table        const     0x800'20cc    0x28  - Linker created -
  .text                  ro code   0x800'20f4    0x20  cmain_call_ctors.o [5]
  .text                  ro code   0x800'2114    0x1e  cmain.o [5]
  .text                  ro code   0x800'2132     0x4  low_level_init.o [2]
  .text                  ro code   0x800'2136     0x4  exit.o [2]
  .text                  ro code   0x800'213c     0xe  cexit.o [5]
  .text                  ro code   0x800'214c    0x14  exit.o [6]
  .rodata                const     0x800'2160    0x1c  I2C_Master.o [1]
  .rodata                const     0x800'217c    0x1c  I2C_Master.o [1]
  .text                  ro code   0x800'2198    0x1c  stm32f1xx_it.o [1]
  .text                  ro code   0x800'21b4    0x10  stm32f1xx_hal.o [1]
  .text                  ro code   0x800'21c4    0x18  main.o [1]
  .text                  ro code   0x800'21dc     0xc  main.o [1]
  .rodata                const     0x800'21e8    0x10  INA219.o [1]
  .rodata                const     0x800'21f8    0x10  stm32f1xx_hal_rcc.o [1]
  .rodata                const     0x800'2208    0x10  system_stm32f1xx.o [1]
  .text                  ro code   0x800'2218    0x10  startup_stm32f103xb.o [1]
  .text                  ro code   0x800'2228     0xc  cstartup_M.o [5]
  .rodata                const     0x800'2234     0x8  system_stm32f1xx.o [1]
  .text                  ro code   0x800'223c     0x4  startup_stm32f103xb.o [1]
  .text                  ro code   0x800'2240     0x4  startup_stm32f103xb.o [1]
  .text                  ro code   0x800'2244     0x4  startup_stm32f103xb.o [1]
  .text                  ro code   0x800'2248     0x4  startup_stm32f103xb.o [1]
  .text                  ro code   0x800'224c     0x4  startup_stm32f103xb.o [1]
  .text                  ro code   0x800'2250     0x4  startup_stm32f103xb.o [1]
  .text                  ro code   0x800'2254     0x4  startup_stm32f103xb.o [1]
  .text                  ro code   0x800'2258     0x4  startup_stm32f103xb.o [1]
  .text                  ro code   0x800'225c     0x4  startup_stm32f103xb.o [1]
  .text                  ro code   0x800'2260     0x4  startup_stm32f103xb.o [1]
  .text                  ro code   0x800'2264     0x4  startup_stm32f103xb.o [1]
  .text                  ro code   0x800'2268     0x4  startup_stm32f103xb.o [1]
  .text                  ro code   0x800'226c     0x4  startup_stm32f103xb.o [1]
  .text                  ro code   0x800'2270     0x4  startup_stm32f103xb.o [1]
  .text                  ro code   0x800'2274     0x4  startup_stm32f103xb.o [1]
  .text                  ro code   0x800'2278     0x4  startup_stm32f103xb.o [1]
  .text                  ro code   0x800'227c     0x4  startup_stm32f103xb.o [1]
  .text                  ro code   0x800'2280     0x4  startup_stm32f103xb.o [1]
  .text                  ro code   0x800'2284     0x4  startup_stm32f103xb.o [1]
  .text                  ro code   0x800'2288     0x4  startup_stm32f103xb.o [1]
  .text                  ro code   0x800'228c     0x4  startup_stm32f103xb.o [1]
  .text                  ro code   0x800'2290     0x4  startup_stm32f103xb.o [1]
  .text                  ro code   0x800'2294     0x4  startup_stm32f103xb.o [1]
  .text                  ro code   0x800'2298     0x4  startup_stm32f103xb.o [1]
  .text                  ro code   0x800'229c     0x4  startup_stm32f103xb.o [1]
  .text                  ro code   0x800'22a0     0x4  startup_stm32f103xb.o [1]
  .text                  ro code   0x800'22a4     0x4  startup_stm32f103xb.o [1]
  .text                  ro code   0x800'22a8     0x4  startup_stm32f103xb.o [1]
  .text                  ro code   0x800'22ac     0x4  startup_stm32f103xb.o [1]
  .text                  ro code   0x800'22b0     0x4  startup_stm32f103xb.o [1]
  .text                  ro code   0x800'22b4     0x4  startup_stm32f103xb.o [1]
  .text                  ro code   0x800'22b8     0x4  startup_stm32f103xb.o [1]
  .text                  ro code   0x800'22bc     0x4  startup_stm32f103xb.o [1]
  .text                  ro code   0x800'22c0     0x4  startup_stm32f103xb.o [1]
  .text                  ro code   0x800'22c4     0x4  startup_stm32f103xb.o [1]
  .text                  ro code   0x800'22c8     0x4  startup_stm32f103xb.o [1]
  .text                  ro code   0x800'22cc     0x4  startup_stm32f103xb.o [1]
  .text                  ro code   0x800'22d0     0x4  startup_stm32f103xb.o [1]
  .text                  ro code   0x800'22d4     0x4  startup_stm32f103xb.o [1]
  .text                  ro code   0x800'22d8     0x4  startup_stm32f103xb.o [1]
  .text                  ro code   0x800'22dc     0x4  startup_stm32f103xb.o [1]
  .text                  ro code   0x800'22e0     0x4  startup_stm32f103xb.o [1]
  .text                  ro code   0x800'22e4     0x4  startup_stm32f103xb.o [1]
  SHT$$PREINIT_ARRAY               0x800'22e8     0x0  <Block>
  SHT$$INIT_ARRAY                  0x800'22e8     0x4  <Block>
    .init_array          const     0x800'22e8     0x4  main.o [1]
  __iar_tls$$INIT_ARRAY            0x800'22ec     0x0  <Block>
  Initializer bytes      const     0x800'22ec     0x4  <for P2-1>
  .text                  ro code   0x800'22f0     0x0  cstart_call_dtors.o [5]
  .rodata                const     0x800'22f0     0x0  zero_init3.o [5]
  .rodata                const     0x800'22f0     0x0  copy_init3.o [5]
                                 - 0x800'22f0  0x2204

Absolute sections:                              0x100
  .noinit                uninit   0x2000'0100   0x100  Interrupt.o [1]
                                - 0x2000'0200   0x100

"P2", part 1 of 3:                                0x4
  P2-1                            0x2000'0200     0x4  <Init block>
    .data                inited   0x2000'0200     0x4  system_stm32f1xx.o [1]
                                - 0x2000'0204     0x4

"P2", part 2 of 3:                               0x8c
  .bss                   zero     0x2000'0204    0x5c  main.o [1]
  .bss                   zero     0x2000'0260    0x18  main.o [1]
  .bss                   zero     0x2000'0278     0xc  main.o [1]
  .bss                   zero     0x2000'0284     0x4  stm32f1xx_hal.o [1]
  .bss                   zero     0x2000'0288     0x4  cppinit.o [2]
  .bss                   zero     0x2000'028c     0x4  cppinit.o [2]
                                - 0x2000'0290    0x8c

"P2", part 3 of 3:                              0x998
  .iar.dynexit                    0x2000'0290   0x198  <Block>
    .iar.dynexit         uninit   0x2000'0290     0xc  cppinit.o [2]
    .iar.dynexit         uninit   0x2000'029c   0x18c  <Block tail>
  CSTACK                          0x2000'0428   0x800  <Block>
    CSTACK               uninit   0x2000'0428   0x800  <Block tail>
                                - 0x2000'0c28   0x998

Unused ranges:

         From           To    Size
         ----           --    ----
   0x800'22f0   0x800'ffff  0xdd10
  0x2000'0000  0x2000'00ff   0x100
  0x2000'0c28  0x2000'4fff  0x43d8


*******************************************************************************
*** INIT TABLE
***

          Address      Size
          -------      ----
Zero (__iar_zero_init3)
    1 destination range, total size 0x8c:
          0x2000'0204  0x8c

Copy (__iar_copy_init3)
    1 source range, total size 0x4:
           0x800'22ec   0x4
    1 destination range, total size 0x4:
          0x2000'0200   0x4

Extra (__iar_cstart_call_ctors)



*******************************************************************************
*** MODULE SUMMARY
***

    Module                  ro code  ro data  rw data  rw data
                                                        (abs)
    ------                  -------  -------  -------  -------
command line/config:
    ----------------------------------------------------------
    Total:

C:\Amit_Chaudhary\STM32\Projects\IAR\IAR_Projects\CPP_Drivers\I2C\IAR\Debug\Obj: [1]
    I2C_Master.o                436       56
    INA219.o                    458       16
    Interrupt.o                 136                        256
    main.o                      270       88      128
    startup_stm32f103xb.o       424
    stm32f1xx_hal.o             130                 4
    stm32f1xx_hal_cortex.o      330
    stm32f1xx_hal_gpio.o        616
    stm32f1xx_hal_i2c.o       2 730
    stm32f1xx_hal_rcc.o       1 568       18
    stm32f1xx_it.o               28
    system_stm32f1xx.o           88       28        4
    ----------------------------------------------------------
    Total:                    7 214      206      136      256

dl7M_tln.a: [2]
    cppinit.o                   160                20
    exit.o                        4
    low_level_init.o              4
    ----------------------------------------------------------
    Total:                      168                20

dlpp7M_tl_nc.a: [3]
    cxxabi.o                     10
    ----------------------------------------------------------
    Total:                       10

m7M_tl.a: [4]
    DblMul.o                    418
    DblToFlt.o                  104
    FltCmpLe.o                   36
    FltDiv.o                    252
    S32ToDbl.o                   34
    S32ToFlt.o                   36
    U32ToFlt.o                   28
    ----------------------------------------------------------
    Total:                      908

rt7M_tl.a: [5]
    ABImemcpy.o                 134
    cexit.o                      14
    cmain.o                      30
    cmain_call_ctors.o           32
    copy_init3.o                 44
    cstart_call_dtors.o
    cstartup_M.o                 12
    data_init.o                  40
    zero_init3.o                 58
    ----------------------------------------------------------
    Total:                      364

shb_l.a: [6]
    exit.o                       20
    unwind_debug.o                         1
    ----------------------------------------------------------
    Total:                       20        1

    Gaps                         13
    Linker created                        40    2 444
--------------------------------------------------------------
    Grand Total:              8 697      247    2 600      256


*******************************************************************************
*** ENTRY LIST
***

Entry                       Address   Size  Type      Object
-----                       -------   ----  ----      ------
.iar.dynexit$$Base      0x2000'0290          --   Gb  - Linker created -
.iar.dynexit$$Limit     0x2000'0428          --   Gb  - Linker created -
.iar.init_table$$Base    0x800'20cc          --   Gb  - Linker created -
.iar.init_table$$Limit   0x800'20f4          --   Gb  - Linker created -
?main                    0x800'2115         Code  Gb  cmain.o [5]
AHBPrescTable            0x800'2208   0x10  Data  Gb  system_stm32f1xx.o [1]
APBPrescTable            0x800'2234    0x8  Data  Gb  system_stm32f1xx.o [1]
BusFault_Handler         0x800'219f    0x2  Code  Gb  stm32f1xx_it.o [1]
CSTACK$$Base            0x2000'0428          --   Gb  - Linker created -
CSTACK$$Limit           0x2000'0c28          --   Gb  - Linker created -
DebugMon_Handler         0x800'21a5    0x2  Code  Gb  stm32f1xx_it.o [1]
DtorRecArray            0x2000'0290    0xc  Data  Lc  cppinit.o [2]
HAL_GPIO_Init            0x800'1495  0x226  Code  Gb  stm32f1xx_hal_gpio.o [1]
HAL_GetTick              0x800'11f1    0xc  Code  Wk  stm32f1xx_hal.o [1]
HAL_I2C_DeInit           0x800'020f   0x42  Code  Gb  stm32f1xx_hal_i2c.o [1]
HAL_I2C_Init             0x800'00ed  0x122  Code  Gb  stm32f1xx_hal_i2c.o [1]
HAL_I2C_Master_Receive   0x800'03d9  0x326  Code  Gb  stm32f1xx_hal_i2c.o [1]
HAL_I2C_Master_Transmit
                         0x800'0251  0x188  Code  Gb  stm32f1xx_hal_i2c.o [1]
HAL_IncTick              0x800'21b5   0x10  Code  Wk  stm32f1xx_hal.o [1]
HAL_Init                 0x800'1f01   0x24  Code  Gb  stm32f1xx_hal.o [1]
HAL_InitTick             0x800'11fd   0x3c  Code  Wk  stm32f1xx_hal.o [1]
HAL_NVIC_SetPriority     0x800'1391   0x2a  Code  Gb  stm32f1xx_hal_cortex.o [1]
HAL_NVIC_SetPriorityGrouping
                         0x800'1385    0xc  Code  Gb  stm32f1xx_hal_cortex.o [1]
HAL_RCC_ClockConfig      0x800'0f55  0x16c  Code  Gb  stm32f1xx_hal_rcc.o [1]
HAL_RCC_GetHCLKFreq      0x800'112f    0x6  Code  Gb  stm32f1xx_hal_rcc.o [1]
HAL_RCC_GetPCLK1Freq     0x800'1135   0x16  Code  Gb  stm32f1xx_hal_rcc.o [1]
HAL_RCC_GetSysClockFreq
                         0x800'10c1   0x6e  Code  Gb  stm32f1xx_hal_rcc.o [1]
HAL_RCC_OscConfig        0x800'0b95  0x3c0  Code  Gb  stm32f1xx_hal_rcc.o [1]
HAL_SYSTICK_CLKSourceConfig
                         0x800'13c7   0x1c  Code  Gb  stm32f1xx_hal_cortex.o [1]
HAL_SYSTICK_Config       0x800'13bb    0xc  Code  Gb  stm32f1xx_hal_cortex.o [1]
HAL_SYSTICK_IRQHandler   0x800'1401    0x8  Code  Gb  stm32f1xx_hal_cortex.o [1]
HardFault_Handler        0x800'219b    0x2  Code  Gb  stm32f1xx_it.o [1]
I2C_1                   0x2000'0204   0x5c  Data  Gb  main.o [1]
I2C_MasterRequestWrite   0x800'0715   0xce  Code  Gb  stm32f1xx_hal_i2c.o [1]
I2C_WaitOnFlagUntilTimeout
                         0x800'0931   0x8c  Code  Gb  stm32f1xx_hal_i2c.o [1]
I2C_WaitOnMasterAddressFlagUntilTimeout
                         0x800'09bd   0xa2  Code  Gb  stm32f1xx_hal_i2c.o [1]
INA219_Obj              0x2000'0260   0x18  Data  Gb  main.o [1]
MemManage_Handler        0x800'219d    0x2  Code  Gb  stm32f1xx_it.o [1]
NMI_Handler              0x800'2199    0x2  Code  Gb  stm32f1xx_it.o [1]
PendSV_Handler           0x800'21a7    0x2  Code  Gb  stm32f1xx_it.o [1]
Peripherals::I2C_Master::HwDeInit()
                         0x800'21dd    0xc  Code  Gb  main.o [1]
Peripherals::I2C_Master::HwInit()
                         0x800'194f   0xda  Code  Gb  I2C_Master.o [1]
Peripherals::I2C_Master::I2C_Master(Peripherals::I2C_Master::I2CPort_t, Peripherals::I2C_Master::I2CBaudRate_t)
                         0x800'18ed   0x62  Code  Gb  I2C_Master.o [1]
Peripherals::I2C_Master::Read(unsigned short, unsigned char *, unsigned short)
                         0x800'1a69   0x20  Code  Gb  I2C_Master.o [1]
Peripherals::I2C_Master::Send(unsigned short, unsigned char *, unsigned short)
                         0x800'1a49   0x20  Code  Gb  I2C_Master.o [1]
Peripherals::I2C_Master::~I2C_Master()
                         0x800'21c5   0x18  Code  Gb  main.o [1]
Peripherals::INA219::GetBusVoltage_V()
                         0x800'183f   0x1e  Code  Gb  INA219.o [1]
Peripherals::INA219::GetBusVoltage_raw()
                         0x800'17ff   0x1e  Code  Gb  INA219.o [1]
Peripherals::INA219::GetCurrent_mA()
                         0x800'1871   0x20  Code  Gb  INA219.o [1]
Peripherals::INA219::GetCurrent_raw()
                         0x800'181d   0x22  Code  Gb  INA219.o [1]
Peripherals::INA219::GetPower_mW()
                         0x800'1891   0x36  Code  Gb  INA219.o [1]
Peripherals::INA219::INA219(Peripherals::I2C_Master *, unsigned char)
                         0x800'16fd   0x1a  Code  Gb  INA219.o [1]
Peripherals::INA219::ReadRegister(unsigned char, unsigned short *)
                         0x800'178f   0x40  Code  Gb  INA219.o [1]
Peripherals::INA219::Run(Peripherals::INA219::Power_t *)
                         0x800'1719   0x46  Code  Gb  INA219.o [1]
Peripherals::INA219::SetCalibration_32V_1A()
                         0x800'17cf   0x30  Code  Gb  INA219.o [1]
Peripherals::INA219::WriteRegister(unsigned char, unsigned short)
                         0x800'175f   0x30  Code  Gb  INA219.o [1]
Peripherals::INA219::~INA219()
                         0x800'1717    0x2  Code  Gb  INA219.o [1]
Peripherals::Interrupt::EnableInterrupt(Peripherals::Interrupt::IRQn)
                         0x800'140d   0x20  Code  Gb  Interrupt.o [1]
Peripherals::Interrupt::RegisterInterrupt_Vct_Table(void (*)(), Peripherals::Interrupt::IRQn, unsigned char, unsigned char)
                         0x800'142d   0x38  Code  Gb  Interrupt.o [1]
Peripherals::Interrupt::Relocate_Vector_Table()
                         0x800'1465   0x24  Code  Gb  Interrupt.o [1]
Peripherals::Interrupt::Vectors_RAM
                        0x2000'0100  0x100  Data  Gb  Interrupt.o [1]
Peripherals::Peripheral::Peripheral()
                         0x800'1e01    0xc  Code  Gb  I2C_Master.o [1]
Peripherals::Peripheral::Peripheral() [subobject]
                         0x800'1df5    0xc  Code  Gb  I2C_Master.o [1]
Power                   0x2000'0278    0xc  Data  Gb  main.o [1]
Region$$Table$$Base      0x800'20cc          --   Gb  - Linker created -
Region$$Table$$Limit     0x800'20f4          --   Gb  - Linker created -
SHT$$INIT_ARRAY$$Base    0x800'22e8          --   Gb  - Linker created -
SHT$$INIT_ARRAY$$Limit   0x800'22ec          --   Gb  - Linker created -
SHT$$PREINIT_ARRAY$$Base
                         0x800'22e8          --   Gb  - Linker created -
SHT$$PREINIT_ARRAY$$Limit
                         0x800'22e8          --   Gb  - Linker created -
SVC_Handler              0x800'21a3    0x2  Code  Gb  stm32f1xx_it.o [1]
SysTick_Handler          0x800'21a9    0xc  Code  Gb  stm32f1xx_it.o [1]
SystemClock_Config()     0x800'1e53   0x84  Code  Gb  main.o [1]
SystemCoreClock         0x2000'0200    0x4  Data  Gb  system_stm32f1xx.o [1]
SystemInit               0x800'1fcd   0x3e  Code  Gb  system_stm32f1xx.o [1]
UsageFault_Handler       0x800'21a1    0x2  Code  Gb  stm32f1xx_it.o [1]
Virtual function table for Peripherals::I2C_Master
                         0x800'217c   0x1c  Data  Gb  I2C_Master.o [1]
Virtual function table for Peripherals::INA219
                         0x800'21e8   0x10  Data  Gb  INA219.o [1]
Virtual function table for Peripherals::Peripheral
                         0x800'2160   0x1c  Data  Gb  I2C_Master.o [1]
[local to stm32f1xx_hal_cortex_c]::NVIC_EncodePriority(unsigned int, unsigned int, unsigned int)
                         0x800'1315   0x40  Code  Lc  stm32f1xx_hal_cortex.o [1]
[local to stm32f1xx_hal_cortex_c]::NVIC_GetPriorityGrouping()
                         0x800'12df    0xa  Code  Lc  stm32f1xx_hal_cortex.o [1]
[local to stm32f1xx_hal_cortex_c]::NVIC_SetPriority(IRQn_Type, unsigned int)
                         0x800'12e9   0x2c  Code  Lc  stm32f1xx_hal_cortex.o [1]
[local to stm32f1xx_hal_cortex_c]::NVIC_SetPriorityGrouping(unsigned int)
                         0x800'12c1   0x1e  Code  Lc  stm32f1xx_hal_cortex.o [1]
[local to stm32f1xx_hal_cortex_c]::SysTick_Config(unsigned int)
                         0x800'1355   0x30  Code  Lc  stm32f1xx_hal_cortex.o [1]
[local to stm32f1xx_hal_i2c_c]::I2C_IsAcknowledgeFailed(I2C_HandleTypeDef *)
                         0x800'0b65   0x2e  Code  Lc  stm32f1xx_hal_i2c.o [1]
[local to stm32f1xx_hal_i2c_c]::I2C_MasterRequestRead(I2C_HandleTypeDef *, unsigned short, unsigned int, unsigned int)
                         0x800'07e5  0x13e  Code  Lc  stm32f1xx_hal_i2c.o [1]
[local to stm32f1xx_hal_i2c_c]::I2C_WaitOnBTFFlagUntilTimeout(I2C_HandleTypeDef *, unsigned int, unsigned int)
                         0x800'0ab1   0x52  Code  Lc  stm32f1xx_hal_i2c.o [1]
[local to stm32f1xx_hal_i2c_c]::I2C_WaitOnRXNEFlagUntilTimeout(I2C_HandleTypeDef *, unsigned int, unsigned int)
                         0x800'0b03   0x62  Code  Lc  stm32f1xx_hal_i2c.o [1]
[local to stm32f1xx_hal_i2c_c]::I2C_WaitOnTXEFlagUntilTimeout(I2C_HandleTypeDef *, unsigned int, unsigned int)
                         0x800'0a5f   0x52  Code  Lc  stm32f1xx_hal_i2c.o [1]
[local to stm32f1xx_hal_rcc_c]::RCC_Delay(unsigned int)
                         0x800'114b   0x26  Code  Lc  stm32f1xx_hal_rcc.o [1]
_Error_Handler           0x800'1ef5    0x2  Code  Gb  main.o [1]
__aeabi_atexit           0x800'1ef7    0xa  Code  Gb  cxxabi.o [3]
__aeabi_cfcmple          0x800'18c9         Code  Gb  FltCmpLe.o [4]
__aeabi_d2f              0x800'1c51         Code  Gb  DblToFlt.o [4]
__aeabi_dmul             0x800'1aad         Code  Gb  DblMul.o [4]
__aeabi_fdiv             0x800'1cf9         Code  Gb  FltDiv.o [4]
__aeabi_i2d              0x800'1a89         Code  Gb  S32ToDbl.o [4]
__aeabi_i2f              0x800'1cb9         Code  Gb  S32ToFlt.o [4]
__aeabi_memcpy4          0x800'1239         Code  Gb  ABImemcpy.o [5]
__aeabi_memcpy8          0x800'1239         Code  Gb  ABImemcpy.o [5]
__aeabi_ui2f             0x800'1cdd         Code  Gb  U32ToFlt.o [4]
__call_ctors             0x800'1f2d   0x18  Code  Gb  cppinit.o [2]
__call_dtors             0x800'1f7b    0xc  Code  Gb  cppinit.o [2]
__call_dtors0            0x800'1f87   0x36  Code  Gb  cppinit.o [2]
__cexit_call_dtors       0x800'213f         Code  Gb  cexit.o [5]
__cmain                  0x800'2115         Code  Gb  cmain.o [5]
__cstart_call_dtors      0x800'22f0         Data  Gb  cstart_call_dtors.o [5]
__cxa_atexit             0x800'1f45   0x36  Code  Gb  cppinit.o [2]
__dso_handle            0x2000'028c    0x4  Data  Gb  cppinit.o [2]
__exit                   0x800'214d   0x14  Code  Gb  exit.o [6]
__iar_copy_init3         0x800'2079   0x2c  Code  Gb  copy_init3.o [5]
__iar_cstart_call_ctors
                         0x800'20f5   0x20  Code  Gb  cmain_call_ctors.o [5]
__iar_data_init3         0x800'20a5   0x28  Code  Gb  data_init.o [5]
__iar_debug_exceptions   0x800'140a    0x1  Data  Gb  unwind_debug.o [6]
__iar_program_start      0x800'2229         Code  Gb  cstartup_M.o [5]
__iar_tls$$INIT_ARRAY$$Base
                         0x800'22ec          --   Gb  - Linker created -
__iar_tls$$INIT_ARRAY$$Limit
                         0x800'22ec          --   Gb  - Linker created -
__iar_zero_init3         0x800'11b7   0x3a  Code  Gb  zero_init3.o [5]
__low_level_init         0x800'2133    0x4  Code  Gb  low_level_init.o [2]
__sti__routine           0x800'1e0d   0x2c  Code  Lc  main.o [1]
__vector_table           0x800'0000         Data  Gb  startup_stm32f103xb.o [1]
_call_main               0x800'2121         Code  Gb  cmain.o [5]
_exit                    0x800'213d         Code  Gb  cexit.o [5]
_main                    0x800'212f         Code  Gb  cmain.o [5]
exit                     0x800'2137    0x4  Code  Gb  exit.o [2]
main                     0x800'1e39   0x1a  Code  Gb  main.o [1]
next_abi_dtor_rec       0x2000'0288    0x4  Data  Lc  cppinit.o [2]
uwTick                  0x2000'0284    0x4  Data  Gb  stm32f1xx_hal.o [1]


[1] = C:\Amit_Chaudhary\STM32\Projects\IAR\IAR_Projects\CPP_Drivers\I2C\IAR\Debug\Obj
[2] = dl7M_tln.a
[3] = dlpp7M_tl_nc.a
[4] = m7M_tl.a
[5] = rt7M_tl.a
[6] = shb_l.a

  8 697 bytes of readonly  code memory
    247 bytes of readonly  data memory
  2 600 bytes of readwrite data memory (+ 256 absolute)

Errors: none
Warnings: none
