###############################################################################
#
# IAR ELF Linker V8.30.1.114/W32 for ARM                  13/Oct/2018  11:03:54
# Copyright 2007-2018 IAR Systems AB.
#
#    Output file  =  
#        C:\Amit_Chaudhary\STM32\Projects\IAR\IAR_Projects\PowerMonitor -
#        WithoutHandler Array\Debug\Exe\PowerMonitor.out
#    Map file     =  
#        C:\Amit_Chaudhary\STM32\Projects\IAR\IAR_Projects\PowerMonitor -
#        WithoutHandler Array\Debug\List\PowerMonitor.map
#    Command line =  
#        -f C:\Users\achaudha\AppData\Local\Temp\EW9F2A.tmp
#        ("C:\Amit_Chaudhary\STM32\Projects\IAR\IAR_Projects\PowerMonitor -
#        WithoutHandler Array\Debug\Obj\ClockManager.o"
#        "C:\Amit_Chaudhary\STM32\Projects\IAR\IAR_Projects\PowerMonitor -
#        WithoutHandler Array\Debug\Obj\ControlScreen.o"
#        "C:\Amit_Chaudhary\STM32\Projects\IAR\IAR_Projects\PowerMonitor -
#        WithoutHandler Array\Debug\Obj\Gpio.o"
#        "C:\Amit_Chaudhary\STM32\Projects\IAR\IAR_Projects\PowerMonitor -
#        WithoutHandler Array\Debug\Obj\GpioInput.o"
#        "C:\Amit_Chaudhary\STM32\Projects\IAR\IAR_Projects\PowerMonitor -
#        WithoutHandler Array\Debug\Obj\GpioOutput.o"
#        "C:\Amit_Chaudhary\STM32\Projects\IAR\IAR_Projects\PowerMonitor -
#        WithoutHandler Array\Debug\Obj\HwButton.o"
#        "C:\Amit_Chaudhary\STM32\Projects\IAR\IAR_Projects\PowerMonitor -
#        WithoutHandler Array\Debug\Obj\HwButtonIntr.o"
#        "C:\Amit_Chaudhary\STM32\Projects\IAR\IAR_Projects\PowerMonitor -
#        WithoutHandler Array\Debug\Obj\I2c.o"
#        "C:\Amit_Chaudhary\STM32\Projects\IAR\IAR_Projects\PowerMonitor -
#        WithoutHandler Array\Debug\Obj\I2CDriver.o"
#        "C:\Amit_Chaudhary\STM32\Projects\IAR\IAR_Projects\PowerMonitor -
#        WithoutHandler Array\Debug\Obj\INA219.o"
#        "C:\Amit_Chaudhary\STM32\Projects\IAR\IAR_Projects\PowerMonitor -
#        WithoutHandler Array\Debug\Obj\InterruptManager.o"
#        "C:\Amit_Chaudhary\STM32\Projects\IAR\IAR_Projects\PowerMonitor -
#        WithoutHandler Array\Debug\Obj\Led.o"
#        "C:\Amit_Chaudhary\STM32\Projects\IAR\IAR_Projects\PowerMonitor -
#        WithoutHandler Array\Debug\Obj\main.o"
#        "C:\Amit_Chaudhary\STM32\Projects\IAR\IAR_Projects\PowerMonitor -
#        WithoutHandler Array\Debug\Obj\Menu.o"
#        "C:\Amit_Chaudhary\STM32\Projects\IAR\IAR_Projects\PowerMonitor -
#        WithoutHandler Array\Debug\Obj\misc.o"
#        "C:\Amit_Chaudhary\STM32\Projects\IAR\IAR_Projects\PowerMonitor -
#        WithoutHandler Array\Debug\Obj\Nokia5110LCD.o"
#        "C:\Amit_Chaudhary\STM32\Projects\IAR\IAR_Projects\PowerMonitor -
#        WithoutHandler Array\Debug\Obj\Page.o"
#        "C:\Amit_Chaudhary\STM32\Projects\IAR\IAR_Projects\PowerMonitor -
#        WithoutHandler Array\Debug\Obj\PortManager.o"
#        "C:\Amit_Chaudhary\STM32\Projects\IAR\IAR_Projects\PowerMonitor -
#        WithoutHandler Array\Debug\Obj\Queue.o"
#        "C:\Amit_Chaudhary\STM32\Projects\IAR\IAR_Projects\PowerMonitor -
#        WithoutHandler Array\Debug\Obj\Screen.o"
#        "C:\Amit_Chaudhary\STM32\Projects\IAR\IAR_Projects\PowerMonitor -
#        WithoutHandler Array\Debug\Obj\SpiDriver.o"
#        "C:\Amit_Chaudhary\STM32\Projects\IAR\IAR_Projects\PowerMonitor -
#        WithoutHandler Array\Debug\Obj\startup_stm32f10x_md.o"
#        "C:\Amit_Chaudhary\STM32\Projects\IAR\IAR_Projects\PowerMonitor -
#        WithoutHandler Array\Debug\Obj\stm32f10x_exti.o"
#        "C:\Amit_Chaudhary\STM32\Projects\IAR\IAR_Projects\PowerMonitor -
#        WithoutHandler Array\Debug\Obj\stm32f10x_gpio.o"
#        "C:\Amit_Chaudhary\STM32\Projects\IAR\IAR_Projects\PowerMonitor -
#        WithoutHandler Array\Debug\Obj\stm32f10x_i2c.o"
#        "C:\Amit_Chaudhary\STM32\Projects\IAR\IAR_Projects\PowerMonitor -
#        WithoutHandler Array\Debug\Obj\stm32f10x_it.o"
#        "C:\Amit_Chaudhary\STM32\Projects\IAR\IAR_Projects\PowerMonitor -
#        WithoutHandler Array\Debug\Obj\stm32f10x_rcc.o"
#        "C:\Amit_Chaudhary\STM32\Projects\IAR\IAR_Projects\PowerMonitor -
#        WithoutHandler Array\Debug\Obj\stm32f10x_spi.o"
#        "C:\Amit_Chaudhary\STM32\Projects\IAR\IAR_Projects\PowerMonitor -
#        WithoutHandler Array\Debug\Obj\stm32f10x_usart.o"
#        "C:\Amit_Chaudhary\STM32\Projects\IAR\IAR_Projects\PowerMonitor -
#        WithoutHandler Array\Debug\Obj\system_stm32f10x.o"
#        "C:\Amit_Chaudhary\STM32\Projects\IAR\IAR_Projects\PowerMonitor -
#        WithoutHandler Array\Debug\Obj\SysTickTimer.o"
#        "C:\Amit_Chaudhary\STM32\Projects\IAR\IAR_Projects\PowerMonitor -
#        WithoutHandler Array\Debug\Obj\UI.o"
#        "C:\Amit_Chaudhary\STM32\Projects\IAR\IAR_Projects\PowerMonitor -
#        WithoutHandler Array\Debug\Obj\UIApp.o" --no_out_extension -o
#        "C:\Amit_Chaudhary\STM32\Projects\IAR\IAR_Projects\PowerMonitor -
#        WithoutHandler Array\Debug\Exe\PowerMonitor.out" --redirect
#        _Printf=_PrintfFullNoMb --redirect _Scanf=_ScanfFullNoMb --map
#        "C:\Amit_Chaudhary\STM32\Projects\IAR\IAR_Projects\PowerMonitor -
#        WithoutHandler Array\Debug\List\PowerMonitor.map" --config "C:\Program
#        Files (x86)\IAR Systems\Embedded Workbench
#        8.1\arm\config\linker\ST\stm32f103x8.icf" --semihosting --entry
#        __iar_program_start --vfe --text_out locale)
#
###############################################################################

*******************************************************************************
*** RUNTIME MODEL ATTRIBUTES
***

CppFlavor                     = *
__CPP_Exceptions              = Disabled
__CPP_Language                = C++14
__Heap_Handler                = Basic
__SystemLibrary               = DLib
__dlib_dynamic_initialization = normal
__dlib_version                = 6


*******************************************************************************
*** HEAP SELECTION
***

The basic heap was selected because some modules are built with
size limitations (and not runtime checking), and --advanced_heap
was not specified.


*******************************************************************************
*** PLACEMENT SUMMARY
***

"A0":  place at 0x800'0000 { ro section .intvec };
"P1":  place in [from 0x800'0000 to 0x800'ffff] { ro };
define block CSTACK with size = 2K, alignment = 8 { };
define block HEAP with size = 2K, alignment = 8 { };
"P2":  place in [from 0x2000'0000 to 0x2000'4fff] {
          rw, block CSTACK, block HEAP };
initialize by copy { rw };

  Section                Kind         Address    Size  Object
  -------                ----         -------    ----  ------
"A0":                                            0xec
  .intvec                ro code   0x800'0000    0xec  startup_stm32f10x_md.o [1]
                                 - 0x800'00ec    0xec

"P1":                                          0x3cd0
  .text                  ro code   0x800'00ec   0x708  InterruptManager.o [1]
  .text                  ro code   0x800'07f4    0xb4  misc.o [1]
  .text                  ro code   0x800'08a8    0xb4  stm32f10x_exti.o [1]
  .text                  ro code   0x800'095c   0x4f4  I2CDriver.o [1]
  .text                  ro code   0x800'0e50     0x8  SpiDriver.o [1]
  .text                  ro code   0x800'0e58    0x68  ClockManager.o [1]
  .text                  ro code   0x800'0ec0   0x278  stm32f10x_rcc.o [1]
  .text                  ro code   0x800'1138   0x128  stm32f10x_gpio.o [1]
  .text                  ro code   0x800'1260   0x1ea  stm32f10x_i2c.o [1]
  .text                  ro code   0x800'144a    0x3a  zero_init3.o [5]
  .text                  ro code   0x800'1484   0x414  UIApp.o [1]
  .text                  ro code   0x800'1898   0x252  HwButtonIntr.o [1]
  .text                  ro code   0x800'1aea    0x1a  Menu.o [1]
  .text                  ro code   0x800'1b04   0x2c4  Nokia5110LCD.o [1]
  .text                  ro code   0x800'1dc8    0x32  cxxabi.o [3]
  .rodata                const     0x800'1dfa     0x1  unwind_debug.o [6]
  .text                  ro code   0x800'1dfc   0x19e  INA219.o [1]
  .text                  ro code   0x800'1f9c    0x8c  UI.o [1]
  .text                  ro code   0x800'2028    0x20  Led.o [1]
  .text                  ro code   0x800'2048   0x17e  ControlScreen.o [1]
  .text                  ro code   0x800'21c8    0x9c  Screen.o [1]
  .text                  ro code   0x800'2264    0x18  UIApp.o [1]
  .text                  ro code   0x800'227c    0x28  UIApp.o [1]
  .text                  ro code   0x800'22a4     0x8  UIApp.o [1]
  .text                  ro code   0x800'22ac    0x2a  FltToS32.o [4]
  .text                  ro code   0x800'22d8    0x24  S32ToFlt.o [4]
  .text                  ro code   0x800'22fc    0x80  FltSub.o [4]
  .text                  ro code   0x800'237c   0x1a2  DblMul.o [4]
  .text                  ro code   0x800'2520    0x20  DblCmpEq.o [4]
  .text                  ro code   0x800'2540   0x246  DblDiv.o [4]
  .text                  ro code   0x800'2788    0x48  FltToDbl.o [4]
  .text                  ro code   0x800'27d0    0x68  DblToFlt.o [4]
  .text                  ro code   0x800'2838    0x14  UIApp.o [1]
  .text                  ro code   0x800'284c     0x8  UIApp.o [1]
  .text                  ro code   0x800'2854    0xc8  SysTickTimer.o [1]
  .text                  ro code   0x800'291c   0x300  GpioInput.o [1]
  .text                  ro code   0x800'2c1c     0xc  SysTickTimer.o [1]
  .text                  ro code   0x800'2c28    0x18  HwButtonIntr.o [1]
  .text                  ro code   0x800'2c40     0xe  HwButtonIntr.o [1]
  .text                  ro code   0x800'2c4e    0x10  HwButtonIntr.o [1]
  .text                  ro code   0x800'2c60   0x274  SpiDriver.o [1]
  .text                  ro code   0x800'2ed4    0xf6  GpioOutput.o [1]
  .text                  ro code   0x800'2fca     0xe  SpiDriver.o [1]
  .text                  ro code   0x800'2fd8     0xe  SpiDriver.o [1]
  .text                  ro code   0x800'2fe8    0xa0  cppinit.o [2]
  .text                  ro code   0x800'3088    0x24  FltCmpLe.o [4]
  .text                  ro code   0x800'30ac    0x22  S32ToDbl.o [4]
  .text                  ro code   0x800'30d0    0x1c  U32ToFlt.o [4]
  .text                  ro code   0x800'30ec    0xfc  FltDiv.o [4]
  .text                  ro code   0x800'31e8    0x66  ABImemset.o [5]
  .text                  ro code   0x800'3250    0xa6  ABImemcpy.o [5]
  .text                  ro code   0x800'32f8    0x10  Screen.o [1]
  .text                  ro code   0x800'3308    0x2c  Screen.o [1]
  .text                  ro code   0x800'3334     0x4  UIApp.o [1]
  .text                  ro code   0x800'3338    0x5c  UIApp.o [1]
  .text                  ro code   0x800'3394    0xd6  FltAdd.o [4]
  .text                  ro code   0x800'346c    0x10  SysTickTimer.o [1]
  .text                  ro code   0x800'347c     0x8  GpioInput.o [1]
  .text                  ro code   0x800'3484    0x16  GpioInput.o [1]
  .text                  ro code   0x800'349c    0x74  stm32f10x_spi.o [1]
  .rodata                const     0x800'3510   0x1e0  Nokia5110LCD.o [1]
  .text                  ro code   0x800'36f0   0x118  system_stm32f10x.o [1]
  .text                  ro code   0x800'3808    0x9c  main.o [1]
  .text                  ro code   0x800'38a4    0x6c  HwButtonIntr.o [1]
  .rodata                const     0x800'3910    0x4c  UIApp.o [1]
  .rodata                const     0x800'395c    0x4c  UIApp.o [1]
  .rodata                const     0x800'39a8    0x4c  UIApp.o [1]
  .rodata                const     0x800'39f4    0x4c  UIApp.o [1]
  .rodata                const     0x800'3a40    0x34  GpioInput.o [1]
  .rodata                const     0x800'3a74    0x34  GpioOutput.o [1]
  .rodata                const     0x800'3aa8    0x34  HwButtonIntr.o [1]
  .rodata                const     0x800'3adc    0x34  I2CDriver.o [1]
  .rodata                const     0x800'3b10    0x34  Led.o [1]
  .rodata                const     0x800'3b44    0x34  SpiDriver.o [1]
  .text                  ro code   0x800'3b78    0x2c  copy_init3.o [5]
  .text                  ro code   0x800'3ba4    0x28  data_init.o [5]
  .iar.init_table        const     0x800'3bcc    0x28  - Linker created -
  .text                  ro code   0x800'3bf4    0x20  cmain_call_ctors.o [5]
  .text                  ro code   0x800'3c14    0x1e  cmain.o [5]
  .text                  ro code   0x800'3c32     0x4  low_level_init.o [2]
  .text                  ro code   0x800'3c36     0x4  exit.o [2]
  .text                  ro code   0x800'3c3c     0xe  cexit.o [5]
  .text                  ro code   0x800'3c4c    0x14  exit.o [6]
  .rodata                const     0x800'3c60    0x18  ControlScreen.o [1]
  .rodata                const     0x800'3c78    0x18  Screen.o [1]
  Initializer bytes      const     0x800'3c90    0x18  <for P2-1>
  .rodata                const     0x800'3ca8    0x10  INA219.o [1]
  .rodata                const     0x800'3cb8    0x10  Nokia5110LCD.o [1]
  .rodata                const     0x800'3cc8    0x10  UI.o [1]
  .text                  ro code   0x800'3cd8    0x10  startup_stm32f10x_md.o [1]
  .text                  ro code   0x800'3ce8    0x10  stm32f10x_it.o [1]
  .text                  ro code   0x800'3cf8     0xc  cstartup_M.o [5]
  .text                  ro code   0x800'3d04     0xa  ControlScreen.o [1]
  .rodata                const     0x800'3d10     0x8  UIApp.o [1]
  .rodata                const     0x800'3d18     0x8  UIApp.o [1]
  .rodata                const     0x800'3d20     0x8  UIApp.o [1]
  .text                  ro code   0x800'3d28     0x4  startup_stm32f10x_md.o [1]
  .text                  ro code   0x800'3d2c     0x4  startup_stm32f10x_md.o [1]
  .text                  ro code   0x800'3d30     0x4  startup_stm32f10x_md.o [1]
  .text                  ro code   0x800'3d34     0x4  startup_stm32f10x_md.o [1]
  .text                  ro code   0x800'3d38     0x4  startup_stm32f10x_md.o [1]
  .text                  ro code   0x800'3d3c     0x4  startup_stm32f10x_md.o [1]
  .text                  ro code   0x800'3d40     0x4  startup_stm32f10x_md.o [1]
  .text                  ro code   0x800'3d44     0x4  startup_stm32f10x_md.o [1]
  .text                  ro code   0x800'3d48     0x4  startup_stm32f10x_md.o [1]
  .text                  ro code   0x800'3d4c     0x4  startup_stm32f10x_md.o [1]
  .text                  ro code   0x800'3d50     0x4  startup_stm32f10x_md.o [1]
  .text                  ro code   0x800'3d54     0x4  startup_stm32f10x_md.o [1]
  .text                  ro code   0x800'3d58     0x4  startup_stm32f10x_md.o [1]
  .text                  ro code   0x800'3d5c     0x4  startup_stm32f10x_md.o [1]
  .text                  ro code   0x800'3d60     0x4  startup_stm32f10x_md.o [1]
  .text                  ro code   0x800'3d64     0x4  startup_stm32f10x_md.o [1]
  .text                  ro code   0x800'3d68     0x4  startup_stm32f10x_md.o [1]
  .text                  ro code   0x800'3d6c     0x4  startup_stm32f10x_md.o [1]
  .text                  ro code   0x800'3d70     0x4  startup_stm32f10x_md.o [1]
  .text                  ro code   0x800'3d74     0x4  startup_stm32f10x_md.o [1]
  .text                  ro code   0x800'3d78     0x4  startup_stm32f10x_md.o [1]
  .text                  ro code   0x800'3d7c     0x4  startup_stm32f10x_md.o [1]
  .text                  ro code   0x800'3d80     0x4  startup_stm32f10x_md.o [1]
  .text                  ro code   0x800'3d84     0x4  startup_stm32f10x_md.o [1]
  .text                  ro code   0x800'3d88     0x4  startup_stm32f10x_md.o [1]
  .text                  ro code   0x800'3d8c     0x4  startup_stm32f10x_md.o [1]
  .text                  ro code   0x800'3d90     0x4  startup_stm32f10x_md.o [1]
  .text                  ro code   0x800'3d94     0x4  startup_stm32f10x_md.o [1]
  .text                  ro code   0x800'3d98     0x4  startup_stm32f10x_md.o [1]
  .text                  ro code   0x800'3d9c     0x4  startup_stm32f10x_md.o [1]
  .text                  ro code   0x800'3da0     0x4  startup_stm32f10x_md.o [1]
  .text                  ro code   0x800'3da4     0x4  startup_stm32f10x_md.o [1]
  .text                  ro code   0x800'3da8     0x4  startup_stm32f10x_md.o [1]
  .text                  ro code   0x800'3dac     0x4  startup_stm32f10x_md.o [1]
  .text                  ro code   0x800'3db0     0x4  startup_stm32f10x_md.o [1]
  .text                  ro code   0x800'3db4     0x4  startup_stm32f10x_md.o [1]
  SHT$$PREINIT_ARRAY               0x800'3db8     0x0  <Block>
  SHT$$INIT_ARRAY                  0x800'3db8     0x4  <Block>
    .init_array          const     0x800'3db8     0x4  UIApp.o [1]
  __iar_tls$$INIT_ARRAY            0x800'3dbc     0x0  <Block>
  .text                  ro code   0x800'3dbc     0x0  cstart_call_dtors.o [5]
  .rodata                const     0x800'3dbc     0x0  zero_init3.o [5]
  .rodata                const     0x800'3dbc     0x0  copy_init3.o [5]
                                 - 0x800'3dbc  0x3cd0

"P2", part 1 of 3:                               0x18
  P2-1                            0x2000'0000    0x15  <Init block>
    .data                inited   0x2000'0000    0x10  stm32f10x_rcc.o [1]
    .data                inited   0x2000'0010     0x4  stm32f10x_rcc.o [1]
    .data                inited   0x2000'0014     0x1  UIApp.o [1]
                                - 0x2000'0015    0x15

"P2", part 2 of 3:                              0x588
  .bss                   zero     0x2000'0018   0x10c  UIApp.o [1]
  .bss                   zero     0x2000'0124    0xd0  UIApp.o [1]
  .bss                   zero     0x2000'01f4    0x9c  UIApp.o [1]
  .bss                   zero     0x2000'0290    0x4c  UIApp.o [1]
  .bss                   zero     0x2000'02dc    0x4c  UIApp.o [1]
  .bss                   zero     0x2000'0328    0x4c  UIApp.o [1]
  .bss                   zero     0x2000'0374    0x2c  UIApp.o [1]
  .bss                   zero     0x2000'03a0    0x20  Nokia5110LCD.o [1]
  .bss                   zero     0x2000'03c0    0x18  UIApp.o [1]
  .bss                   zero     0x2000'03d8    0x18  UIApp.o [1]
  .bss                   zero     0x2000'03f0    0x18  UIApp.o [1]
  .bss                   zero     0x2000'0408    0x14  Nokia5110LCD.o [1]
  .bss                   zero     0x2000'041c    0x14  Nokia5110LCD.o [1]
  .bss                   zero     0x2000'0430    0x14  Nokia5110LCD.o [1]
  .bss                   zero     0x2000'0444    0x14  SpiDriver.o [1]
  .bss                   zero     0x2000'0458     0xc  UIApp.o [1]
  .bss                   zero     0x2000'0464     0xc  UIApp.o [1]
  .bss                   zero     0x2000'0470     0xc  UIApp.o [1]
  .bss                   zero     0x2000'047c     0x4  ClockManager.o [1]
  .bss                   zero     0x2000'0480     0x4  HwButtonIntr.o [1]
  .bss                   zero     0x2000'0484     0x4  HwButtonIntr.o [1]
  .bss                   zero     0x2000'0488     0x4  HwButtonIntr.o [1]
  .bss                   zero     0x2000'048c     0x4  InterruptManager.o [1]
  .bss                   zero     0x2000'0490     0x4  InterruptManager.o [1]
  .bss                   zero     0x2000'0494     0x4  InterruptManager.o [1]
  .bss                   zero     0x2000'0498     0x4  InterruptManager.o [1]
  .bss                   zero     0x2000'049c     0x4  InterruptManager.o [1]
  .bss                   zero     0x2000'04a0     0x4  InterruptManager.o [1]
  .bss                   zero     0x2000'04a4     0x4  InterruptManager.o [1]
  .bss                   zero     0x2000'04a8     0x4  InterruptManager.o [1]
  .bss                   zero     0x2000'04ac     0x4  InterruptManager.o [1]
  .bss                   zero     0x2000'04b0     0x4  InterruptManager.o [1]
  .bss                   zero     0x2000'04b4     0x4  InterruptManager.o [1]
  .bss                   zero     0x2000'04b8     0x4  InterruptManager.o [1]
  .bss                   zero     0x2000'04bc     0x4  InterruptManager.o [1]
  .bss                   zero     0x2000'04c0     0x4  InterruptManager.o [1]
  .bss                   zero     0x2000'04c4     0x4  InterruptManager.o [1]
  .bss                   zero     0x2000'04c8     0x4  InterruptManager.o [1]
  .bss                   zero     0x2000'04cc     0x4  InterruptManager.o [1]
  .bss                   zero     0x2000'04d0     0x4  InterruptManager.o [1]
  .bss                   zero     0x2000'04d4     0x4  InterruptManager.o [1]
  .bss                   zero     0x2000'04d8     0x4  InterruptManager.o [1]
  .bss                   zero     0x2000'04dc     0x4  InterruptManager.o [1]
  .bss                   zero     0x2000'04e0     0x4  InterruptManager.o [1]
  .bss                   zero     0x2000'04e4     0x4  InterruptManager.o [1]
  .bss                   zero     0x2000'04e8     0x4  InterruptManager.o [1]
  .bss                   zero     0x2000'04ec     0x4  InterruptManager.o [1]
  .bss                   zero     0x2000'04f0     0x4  InterruptManager.o [1]
  .bss                   zero     0x2000'04f4     0x4  InterruptManager.o [1]
  .bss                   zero     0x2000'04f8     0x4  InterruptManager.o [1]
  .bss                   zero     0x2000'04fc     0x4  InterruptManager.o [1]
  .bss                   zero     0x2000'0500     0x4  InterruptManager.o [1]
  .bss                   zero     0x2000'0504     0x4  InterruptManager.o [1]
  .bss                   zero     0x2000'0508     0x4  InterruptManager.o [1]
  .bss                   zero     0x2000'050c     0x4  InterruptManager.o [1]
  .bss                   zero     0x2000'0510     0x4  InterruptManager.o [1]
  .bss                   zero     0x2000'0514     0x4  InterruptManager.o [1]
  .bss                   zero     0x2000'0518     0x4  InterruptManager.o [1]
  .bss                   zero     0x2000'051c     0x4  InterruptManager.o [1]
  .bss                   zero     0x2000'0520     0x4  InterruptManager.o [1]
  .bss                   zero     0x2000'0524     0x4  InterruptManager.o [1]
  .bss                   zero     0x2000'0528     0x4  InterruptManager.o [1]
  .bss                   zero     0x2000'052c     0x4  InterruptManager.o [1]
  .bss                   zero     0x2000'0530     0x4  InterruptManager.o [1]
  .bss                   zero     0x2000'0534     0x4  InterruptManager.o [1]
  .bss                   zero     0x2000'0538     0x4  InterruptManager.o [1]
  .bss                   zero     0x2000'053c     0x4  InterruptManager.o [1]
  .bss                   zero     0x2000'0540     0x4  InterruptManager.o [1]
  .bss                   zero     0x2000'0544     0x4  InterruptManager.o [1]
  .bss                   zero     0x2000'0548     0x4  InterruptManager.o [1]
  .bss                   zero     0x2000'054c     0x4  InterruptManager.o [1]
  .bss                   zero     0x2000'0550     0x4  InterruptManager.o [1]
  .bss                   zero     0x2000'0554     0x4  InterruptManager.o [1]
  .bss                   zero     0x2000'0558     0x4  InterruptManager.o [1]
  .bss                   zero     0x2000'055c     0x4  InterruptManager.o [1]
  .bss                   zero     0x2000'0560     0x4  InterruptManager.o [1]
  .bss                   zero     0x2000'0564     0x4  InterruptManager.o [1]
  .bss                   zero     0x2000'0568     0x4  InterruptManager.o [1]
  .bss                   zero     0x2000'056c     0x4  InterruptManager.o [1]
  .bss                   zero     0x2000'0570     0x4  InterruptManager.o [1]
  .bss                   zero     0x2000'0574     0x4  InterruptManager.o [1]
  .bss                   zero     0x2000'0578     0x4  InterruptManager.o [1]
  .bss                   zero     0x2000'057c     0x4  InterruptManager.o [1]
  .bss                   zero     0x2000'0580     0x4  InterruptManager.o [1]
  .bss                   zero     0x2000'0584     0x4  SysTickTimer.o [1]
  .bss                   zero     0x2000'0588     0x4  cppinit.o [2]
  .bss                   zero     0x2000'058c     0x4  cppinit.o [2]
  .bss                   zero     0x2000'0590     0x2  HwButtonIntr.o [1]
  .bss                   zero     0x2000'0592     0x1  ClockManager.o [1]
  .bss                   zero     0x2000'0593     0x1  HwButtonIntr.o [1]
  .bss                   zero     0x2000'0594     0x1  InterruptManager.o [1]
  .bss                   zero     0x2000'0595     0x1  InterruptManager.o [1]
  .bss                   zero     0x2000'0596     0x1  Nokia5110LCD.o [1]
  .bss                   zero     0x2000'0597     0x1  Nokia5110LCD.o [1]
  .bss                   zero     0x2000'0598     0x1  Nokia5110LCD.o [1]
  .bss                   zero     0x2000'0599     0x1  Nokia5110LCD.o [1]
  .bss                   zero     0x2000'059a     0x1  SpiDriver.o [1]
  .bss                   zero     0x2000'059b     0x1  UI.o [1]
  .bss                   zero     0x2000'059c     0x1  UI.o [1]
  .bss                   zero     0x2000'059d     0x1  UI.o [1]
                                - 0x2000'059e   0x586

"P2", part 3 of 3:                              0x9c8
  .iar.dynexit                    0x2000'05a0   0x1c8  <Block>
    .iar.dynexit         uninit   0x2000'05a0     0xc  cppinit.o [2]
    .iar.dynexit         uninit   0x2000'05ac   0x1bc  <Block tail>
  CSTACK                          0x2000'0768   0x800  <Block>
    CSTACK               uninit   0x2000'0768   0x800  <Block tail>
                                - 0x2000'0f68   0x9c8

Unused ranges:

         From           To    Size
         ----           --    ----
   0x800'3dbc   0x800'ffff  0xc244
  0x2000'0f68  0x2000'4fff  0x4098


*******************************************************************************
*** INIT TABLE
***

          Address      Size
          -------      ----
Zero (__iar_zero_init3)
    1 destination range, total size 0x586:
          0x2000'0018  0x586

Copy (__iar_copy_init3)
    1 source range, total size 0x18 (114% of destination):
           0x800'3c90   0x18
    1 destination range, total size 0x15:
          0x2000'0000   0x15

Extra (__iar_cstart_call_ctors)



*******************************************************************************
*** MODULE SUMMARY
***

    Module                  ro code  ro data  rw data
    ------                  -------  -------  -------
command line/config:
    -------------------------------------------------
    Total:

C:\Amit_Chaudhary\STM32\Projects\IAR\IAR_Projects\PowerMonitor - WithoutHandler Array\Debug\Obj: [1]
    ClockManager.o              104                 5
    ControlScreen.o             392       24
    GpioInput.o                 798       52
    GpioOutput.o                246       52
    HwButtonIntr.o              756       52       15
    I2CDriver.o               1 268       52
    INA219.o                    414       16
    InterruptManager.o        1 800               250
    Led.o                        32       52
    Menu.o                       26
    Nokia5110LCD.o              708      496       96
    Screen.o                    216       24
    SpiDriver.o                 664       52       21
    SysTickTimer.o              228                 4
    UI.o                        140       16        3
    UIApp.o                   1 240      333    1 013
    main.o                      156
    misc.o                      180
    startup_stm32f10x_md.o      396
    stm32f10x_exti.o            180
    stm32f10x_gpio.o            296
    stm32f10x_i2c.o             490
    stm32f10x_it.o               16
    stm32f10x_rcc.o             632       20       20
    stm32f10x_spi.o             116
    system_stm32f10x.o          280
    -------------------------------------------------
    Total:                   11 774    1 241    1 427

dl7M_tln.a: [2]
    cppinit.o                   160                20
    exit.o                        4
    low_level_init.o              4
    -------------------------------------------------
    Total:                      168                20

dlpp7M_tl_nc.a: [3]
    cxxabi.o                     50
    -------------------------------------------------
    Total:                       50

m7M_tl.a: [4]
    DblCmpEq.o                   32
    DblDiv.o                    582
    DblMul.o                    418
    DblToFlt.o                  104
    FltAdd.o                    214
    FltCmpLe.o                   36
    FltDiv.o                    252
    FltSub.o                    128
    FltToDbl.o                   72
    FltToS32.o                   42
    S32ToDbl.o                   34
    S32ToFlt.o                   36
    U32ToFlt.o                   28
    -------------------------------------------------
    Total:                    1 978

rt7M_tl.a: [5]
    ABImemcpy.o                 166
    ABImemset.o                 102
    cexit.o                      14
    cmain.o                      30
    cmain_call_ctors.o           32
    copy_init3.o                 44
    cstart_call_dtors.o
    cstartup_M.o                 12
    data_init.o                  40
    zero_init3.o                 58
    -------------------------------------------------
    Total:                      498

shb_l.a: [6]
    exit.o                       20
    unwind_debug.o                         1
    -------------------------------------------------
    Total:                       20        1

    Gaps                         29        2
    Linker created                        43    2 492
-----------------------------------------------------
    Grand Total:             14 517    1 287    3 939


*******************************************************************************
*** ENTRY LIST
***

Entry                       Address   Size  Type      Object
-----                       -------   ----  ----      ------
.iar.dynexit$$Base      0x2000'05a0          --   Gb  - Linker created -
.iar.dynexit$$Limit     0x2000'0768          --   Gb  - Linker created -
.iar.init_table$$Base    0x800'3bcc          --   Gb  - Linker created -
.iar.init_table$$Limit   0x800'3bf4          --   Gb  - Linker created -
?main                    0x800'3c15         Code  Gb  cmain.o [5]
ADCPrescTable           0x2000'0010    0x4  Data  Lc  stm32f10x_rcc.o [1]
APBAHBPrescTable        0x2000'0000   0x10  Data  Lc  stm32f10x_rcc.o [1]
App::ClickEvent()        0x800'17d9    0x8  Code  Gb  UIApp.o [1]
App::CreateUI()          0x800'1543   0xb6  Code  Gb  UIApp.o [1]
App::HwButton_A2        0x2000'01f4   0x9c  Data  Gb  UIApp.o [1]
App::INA219_I2C         0x2000'03c0   0x18  Data  Gb  UIApp.o [1]
App::INA219_Obj         0x2000'03d8   0x18  Data  Gb  UIApp.o [1]
App::Line0Menu0LongLongTouchHandler()
                         0x800'17fd   0x18  Code  Gb  UIApp.o [1]
App::Line0Menu0LongTouchHandler()
                         0x800'17f1    0xa  Code  Gb  UIApp.o [1]
App::LongLongPressEvent()
                         0x800'17e9    0x8  Code  Gb  UIApp.o [1]
App::LongPressEvent()    0x800'17e1    0x8  Code  Gb  UIApp.o [1]
App::Menu::Menu()        0x800'1aeb   0x1a  Code  Gb  Menu.o [1]
App::MyUI               0x2000'0018  0x10c  Data  Gb  UIApp.o [1]
App::Nokia5110LCD::Clear()
                         0x800'1c69   0x26  Code  Gb  Nokia5110LCD.o [1]
App::Nokia5110LCD::DisplayInit()
                         0x800'1bd5   0x5e  Code  Gb  Nokia5110LCD.o [1]
App::Nokia5110LCD::DrawBuffer(char *)
                         0x800'1da5   0x24  Code  Gb  Nokia5110LCD.o [1]
App::Nokia5110LCD::DrawLine(unsigned char, unsigned char, char const *)
                         0x800'1d17   0x62  Code  Gb  Nokia5110LCD.o [1]
App::Nokia5110LCD::DrawString(char const *)
                         0x800'1cfd   0x1a  Code  Gb  Nokia5110LCD.o [1]
App::Nokia5110LCD::GoToXY(int, int)
                         0x800'1c8f   0x28  Code  Gb  Nokia5110LCD.o [1]
App::Nokia5110LCD::HwInit()
                         0x800'1b31   0xa4  Code  Gb  Nokia5110LCD.o [1]
App::Nokia5110LCD::HwInit()::BackLightGpio
                        0x2000'0430   0x14  Data  Lc  Nokia5110LCD.o [1]
App::Nokia5110LCD::HwInit()::DataCommandSelectGpio
                        0x2000'0408   0x14  Data  Lc  Nokia5110LCD.o [1]
App::Nokia5110LCD::HwInit()::ResetPinGpio
                        0x2000'041c   0x14  Data  Lc  Nokia5110LCD.o [1]
App::Nokia5110LCD::HwInit()::SpiDriverLCD
                        0x2000'03a0   0x20  Data  Lc  Nokia5110LCD.o [1]
App::Nokia5110LCD::HwInit()::static guard for BackLightGpio
                        0x2000'0599    0x1  Data  Lc  Nokia5110LCD.o [1]
App::Nokia5110LCD::HwInit()::static guard for DataCommandSelectGpio
                        0x2000'0597    0x1  Data  Lc  Nokia5110LCD.o [1]
App::Nokia5110LCD::HwInit()::static guard for ResetPinGpio
                        0x2000'0598    0x1  Data  Lc  Nokia5110LCD.o [1]
App::Nokia5110LCD::HwInit()::static guard for SpiDriverLCD
                        0x2000'0596    0x1  Data  Lc  Nokia5110LCD.o [1]
App::Nokia5110LCD::LCDCharacter(char)
                         0x800'1cb7   0x46  Code  Gb  Nokia5110LCD.o [1]
App::Nokia5110LCD::Nokia5110LCD(Bsp::SpiDriver::SpiInstance_t, GPIO_TypeDef *, unsigned short, GPIO_TypeDef *, unsigned short, GPIO_TypeDef *, unsigned short)
                         0x800'1b05   0x2c  Code  Gb  Nokia5110LCD.o [1]
App::Nokia5110LCD::Write(App::Nokia5110LCD::DC_t, unsigned char)
                         0x800'1c33   0x36  Code  Gb  Nokia5110LCD.o [1]
App::NokiaLCD           0x2000'0374   0x2c  Data  Gb  UIApp.o [1]
App::RunUI()             0x800'15f9   0xa8  Code  Gb  UIApp.o [1]
App::UI::ActiveScreen   0x2000'059b    0x1  Data  Gb  UI.o [1]
App::UI::AddScreen(Bsp::Screen *, unsigned char)
                         0x800'227d   0x28  Code  Gb  UIApp.o [1]
App::UI::DisplayScreen()
                         0x800'3339   0x5c  Code  Gb  UIApp.o [1]
App::UI::EventHamdler(Bsp::Screen::Event_t &)
                         0x800'1fd5   0x44  Code  Gb  UI.o [1]
App::UI::GoToNextScreen()
                         0x800'3309   0x2c  Code  Gb  Screen.o [1]
App::UI::GoToPreviousScreen()
                         0x800'32f9   0x10  Code  Gb  Screen.o [1]
App::UI::Init()          0x800'1fb7   0x1e  Code  Gb  UI.o [1]
App::UI::PreviousActiveScreen
                        0x2000'059d    0x1  Data  Gb  UI.o [1]
App::UI::Run()           0x800'22a5    0x8  Code  Gb  UIApp.o [1]
App::UI::SetActiveScreen(unsigned char)
                         0x800'2839   0x14  Code  Gb  UIApp.o [1]
App::UI::TotalRegisteredScreens
                        0x2000'059c    0x1  Data  Gb  UI.o [1]
App::UI::UI(App::Nokia5110LCD *)
                         0x800'1f9d   0x1a  Code  Gb  UI.o [1]
App::aCurrent           0x2000'0458    0xc  Data  Gb  UIApp.o [1]
App::aVoltage           0x2000'0464    0xc  Data  Gb  UIApp.o [1]
App::ftoa(float, char *, int)
                         0x800'16fb   0xde  Code  Gb  UIApp.o [1]
App::gEvent             0x2000'0014    0x1  Data  Gb  UIApp.o [1]
App::intToStr(int, char *, int)
                         0x800'16bd   0x3e  Code  Gb  UIApp.o [1]
App::reverse(char *, int)
                         0x800'16a1   0x1c  Code  Gb  UIApp.o [1]
Bsp::ClockManager::GetInstance()
                         0x800'0e59   0x10  Code  Gb  ClockManager.o [1]
Bsp::ClockManager::GetInstance(){1}::ClockManager_Instance
                        0x2000'0592    0x1  Data  Lc  ClockManager.o [1]
Bsp::ClockManager::PeripheralClockEnable(Bsp::ClockManager::Peripheral_t)
                         0x800'0e71   0x50  Code  Gb  ClockManager.o [1]
Bsp::ClockManager::m_pClockManager
                        0x2000'047c    0x4  Data  Gb  ClockManager.o [1]
Bsp::ControlScreen::AddHandler(unsigned char, void (*)(), void (*)())
                         0x800'20a9   0x32  Code  Gb  ControlScreen.o [1]
Bsp::ControlScreen::AddText(char *)
                         0x800'2265   0x18  Code  Gb  UIApp.o [1]
Bsp::ControlScreen::ControlScreen()
                         0x800'2049   0x40  Code  Gb  ControlScreen.o [1]
Bsp::ControlScreen::EventHandler(Bsp::Screen::Event_t)
                         0x800'20db   0x64  Code  Gb  ControlScreen.o [1]
Bsp::ControlScreen::GetScreenTextArray()
                         0x800'3d05    0xa  Code  Gb  ControlScreen.o [1]
Bsp::ControlScreen::MovePointer(Bsp::ControlScreen::Direction_t)
                         0x800'213f   0x88  Code  Gb  ControlScreen.o [1]
Bsp::ControlScreen::~ControlScreen()
                         0x800'2089   0x1a  Code  Gb  ControlScreen.o [1]
Bsp::GpioInput::ConfigureInterrupt()
                         0x800'2b4d   0x30  Code  Gb  GpioInput.o [1]
Bsp::GpioInput::EnableInterrupt()
                         0x800'3485   0x16  Code  Gb  GpioInput.o [1]
Bsp::GpioInput::ExtLineInterruptConfig()
                         0x800'2b7d   0x80  Code  Gb  GpioInput.o [1]
Bsp::GpioInput::GpioInput(GPIO_TypeDef *, unsigned short, void (*)(), Bsp::GpioInput::IntOnWhichEdge, Bsp::GpioInput::EXTIMode)
                         0x800'2933   0x2c  Code  Gb  GpioInput.o [1]
Bsp::GpioInput::GpioInput(GPIO_TypeDef *, unsigned short, void (*)(), Bsp::GpioInput::IntOnWhichEdge, Bsp::GpioInput::EXTIMode) [subobject]
                         0x800'291d   0x16  Code  Gb  GpioInput.o [1]
Bsp::GpioInput::HwInit()
                         0x800'2acb   0x82  Code  Gb  GpioInput.o [1]
Bsp::GpioInput::MapPin2ExtLine()
                         0x800'295f   0xb6  Code  Gb  GpioInput.o [1]
Bsp::GpioInput::MapPin2PinSource()
                         0x800'2a15   0xb6  Code  Gb  GpioInput.o [1]
Bsp::GpioOutput::ClearOutput()
                         0x800'2fcb    0xe  Code  Gb  SpiDriver.o [1]
Bsp::GpioOutput::GpioOutput(GPIO_TypeDef *, unsigned short)
                         0x800'2edf   0x1c  Code  Gb  GpioOutput.o [1]
Bsp::GpioOutput::GpioOutput(GPIO_TypeDef *, unsigned short) [subobject]
                         0x800'2ed5    0xa  Code  Gb  GpioOutput.o [1]
Bsp::GpioOutput::HwInit()
                         0x800'2efb   0x86  Code  Gb  GpioOutput.o [1]
Bsp::GpioOutput::SetOutput()
                         0x800'2fd9    0xe  Code  Gb  SpiDriver.o [1]
Bsp::GpioOutput::ToggleOutput()
                         0x800'2fa1   0x2a  Code  Gb  GpioOutput.o [1]
Bsp::HwButtonIntr::ClearEvent(Bsp::HwButtonIntr::BtnEvent_t)
                         0x800'2c4f   0x10  Code  Gb  HwButtonIntr.o [1]
Bsp::HwButtonIntr::EventHandler()
                         0x800'1a11   0xb2  Code  Gb  HwButtonIntr.o [1]
Bsp::HwButtonIntr::HwButtonIntr(GPIO_TypeDef *, unsigned short, Bsp::GpioInput::IntOnWhichEdge, Bsp::GpioInput::EXTIMode)
                         0x800'1899   0x5c  Code  Gb  HwButtonIntr.o [1]
Bsp::HwButtonIntr::HwInit()
                         0x800'18f5    0xa  Code  Gb  HwButtonIntr.o [1]
Bsp::HwButtonIntr::ISR()
                         0x800'38a5   0x6c  Code  Gb  HwButtonIntr.o [1]
Bsp::HwButtonIntr::RegisterEventHandler(Bsp::HwButtonIntr::BtnEvent_t, void (*)())
                         0x800'1ac3   0x28  Code  Gb  HwButtonIntr.o [1]
Bsp::HwButtonIntr::RunStateMachine()
                         0x800'18ff   0xf2  Code  Gb  HwButtonIntr.o [1]
Bsp::HwButtonIntr::RunStateMachine()::ElapsedTime
                        0x2000'0480    0x4  Data  Lc  HwButtonIntr.o [1]
Bsp::HwButtonIntr::RunStateMachine(){1}{10}::LastClickStateEntered
                        0x2000'0484    0x4  Data  Lc  HwButtonIntr.o [1]
Bsp::HwButtonIntr::RunStateMachine(){1}{10}::temp
                        0x2000'0488    0x4  Data  Lc  HwButtonIntr.o [1]
Bsp::HwButtonIntr::SetEvent(Bsp::HwButtonIntr::BtnEvent_t)
                         0x800'2c41    0xe  Code  Gb  HwButtonIntr.o [1]
Bsp::HwButtonIntr::m_CurrentState
                        0x2000'0593    0x1  Data  Gb  HwButtonIntr.o [1]
Bsp::HwButtonIntr::m_Pin
                        0x2000'0590    0x2  Data  Gb  HwButtonIntr.o [1]
Bsp::I2CDriver::HwInit()
                         0x800'0979  0x1be  Code  Gb  I2CDriver.o [1]
Bsp::I2CDriver::I2CDriver(Bsp::I2CDriver::I2CInstance_t, void (*)(), Bsp::I2CDriver::I2CMode_t, Bsp::I2CDriver::I2CBaudRate_t)
                         0x800'095d   0x1a  Code  Gb  I2CDriver.o [1]
Bsp::I2CDriver::Receive(unsigned char, unsigned char *, unsigned int)
                         0x800'0c35  0x1ee  Code  Gb  I2CDriver.o [1]
Bsp::I2CDriver::Send(unsigned char, unsigned char *, unsigned int)
                         0x800'0b37   0xfe  Code  Gb  I2CDriver.o [1]
Bsp::I2CDriver::~I2CDriver()
                         0x800'0977    0x2  Code  Gb  I2CDriver.o [1]
Bsp::INA219::GetBusVoltage_V()
                         0x800'1f19   0x1a  Code  Gb  INA219.o [1]
Bsp::INA219::GetBusVoltage_raw()
                         0x800'1edd   0x1a  Code  Gb  INA219.o [1]
Bsp::INA219::GetCurrent_mA()
                         0x800'1f45   0x20  Code  Gb  INA219.o [1]
Bsp::INA219::GetCurrent_raw()
                         0x800'1ef7   0x22  Code  Gb  INA219.o [1]
Bsp::INA219::GetPower_mW()
                         0x800'1f65   0x36  Code  Gb  INA219.o [1]
Bsp::INA219::INA219(Bsp::I2CDriver *, unsigned char)
                         0x800'1dfd    0xa  Code  Gb  INA219.o [1]
Bsp::INA219::ReadRegister(unsigned char, unsigned short *)
                         0x800'1e73   0x3a  Code  Gb  INA219.o [1]
Bsp::INA219::Run(Bsp::INA219::Power_t *)
                         0x800'1e09   0x46  Code  Gb  INA219.o [1]
Bsp::INA219::SetCalibration_32V_2A()
                         0x800'1ead   0x30  Code  Gb  INA219.o [1]
Bsp::INA219::WriteRegister(unsigned char, unsigned short)
                         0x800'1e4f   0x24  Code  Gb  INA219.o [1]
Bsp::INA219::~INA219()   0x800'1e07    0x2  Code  Gb  INA219.o [1]
Bsp::InterruptManager::Enable_Interrupt(Bsp::InterruptManager::IRQn)
                         0x800'04ab   0x30  Code  Gb  InterruptManager.o [1]
Bsp::InterruptManager::GetInstance()
                         0x800'0489   0x22  Code  Gb  InterruptManager.o [1]
Bsp::InterruptManager::GetInstance(){1}::InterruptManager_Instance
                        0x2000'0595    0x1  Data  Lc  InterruptManager.o [1]
Bsp::InterruptManager::GetInstance(){1}::static guard for InterruptManager_Instance
                        0x2000'0594    0x1  Data  Lc  InterruptManager.o [1]
Bsp::InterruptManager::NVIC_Config(Bsp::InterruptManager::IRQn, unsigned char, unsigned char)
                         0x800'04db   0x38  Code  Gb  InterruptManager.o [1]
Bsp::InterruptManager::RegisterInterrupt(Bsp::InterruptManager::IRQn, void (*)())
                         0x800'00ed  0x39c  Code  Gb  InterruptManager.o [1]
Bsp::InterruptManager::m_ADC1_2_IRQHandler
                        0x2000'04f8    0x4  Data  Gb  InterruptManager.o [1]
Bsp::InterruptManager::m_BusFault_Handler
                        0x2000'049c    0x4  Data  Gb  InterruptManager.o [1]
Bsp::InterruptManager::m_CAN1_RX1_IRQHandler
                        0x2000'0504    0x4  Data  Gb  InterruptManager.o [1]
Bsp::InterruptManager::m_CAN1_SCE_IRQHandler
                        0x2000'0508    0x4  Data  Gb  InterruptManager.o [1]
Bsp::InterruptManager::m_DMA1_Channel1_IRQHandler
                        0x2000'04e0    0x4  Data  Gb  InterruptManager.o [1]
Bsp::InterruptManager::m_DMA1_Channel2_IRQHandler
                        0x2000'04e4    0x4  Data  Gb  InterruptManager.o [1]
Bsp::InterruptManager::m_DMA1_Channel4_IRQHandler
                        0x2000'04e8    0x4  Data  Gb  InterruptManager.o [1]
Bsp::InterruptManager::m_DMA1_Channel5_IRQHandler
                        0x2000'04ec    0x4  Data  Gb  InterruptManager.o [1]
Bsp::InterruptManager::m_DMA1_Channel6_IRQHandler
                        0x2000'04f0    0x4  Data  Gb  InterruptManager.o [1]
Bsp::InterruptManager::m_DMA1_Channel7_IRQHandler
                        0x2000'04f4    0x4  Data  Gb  InterruptManager.o [1]
Bsp::InterruptManager::m_DebugMon_Handler
                        0x2000'04a8    0x4  Data  Gb  InterruptManager.o [1]
Bsp::InterruptManager::m_EXTI0_IRQHandler
                        0x2000'04cc    0x4  Data  Gb  InterruptManager.o [1]
Bsp::InterruptManager::m_EXTI10_IRQHandler
                        0x2000'056c    0x4  Data  Gb  InterruptManager.o [1]
Bsp::InterruptManager::m_EXTI11_IRQHandler
                        0x2000'0570    0x4  Data  Gb  InterruptManager.o [1]
Bsp::InterruptManager::m_EXTI12_IRQHandler
                        0x2000'0574    0x4  Data  Gb  InterruptManager.o [1]
Bsp::InterruptManager::m_EXTI13_IRQHandler
                        0x2000'0578    0x4  Data  Gb  InterruptManager.o [1]
Bsp::InterruptManager::m_EXTI14_IRQHandler
                        0x2000'057c    0x4  Data  Gb  InterruptManager.o [1]
Bsp::InterruptManager::m_EXTI15_10_IRQHandler
                        0x2000'054c    0x4  Data  Gb  InterruptManager.o [1]
Bsp::InterruptManager::m_EXTI15_IRQHandler
                        0x2000'0580    0x4  Data  Gb  InterruptManager.o [1]
Bsp::InterruptManager::m_EXTI1_IRQHandler
                        0x2000'04d0    0x4  Data  Gb  InterruptManager.o [1]
Bsp::InterruptManager::m_EXTI2_IRQHandler
                        0x2000'04d4    0x4  Data  Gb  InterruptManager.o [1]
Bsp::InterruptManager::m_EXTI3_IRQHandler
                        0x2000'04d8    0x4  Data  Gb  InterruptManager.o [1]
Bsp::InterruptManager::m_EXTI4_IRQHandler
                        0x2000'04dc    0x4  Data  Gb  InterruptManager.o [1]
Bsp::InterruptManager::m_EXTI5_IRQHandler
                        0x2000'0558    0x4  Data  Gb  InterruptManager.o [1]
Bsp::InterruptManager::m_EXTI6_IRQHandler
                        0x2000'055c    0x4  Data  Gb  InterruptManager.o [1]
Bsp::InterruptManager::m_EXTI7_IRQHandler
                        0x2000'0560    0x4  Data  Gb  InterruptManager.o [1]
Bsp::InterruptManager::m_EXTI8_IRQHandler
                        0x2000'0564    0x4  Data  Gb  InterruptManager.o [1]
Bsp::InterruptManager::m_EXTI9_5_IRQHandler
                        0x2000'050c    0x4  Data  Gb  InterruptManager.o [1]
Bsp::InterruptManager::m_EXTI9_IRQHandler
                        0x2000'0568    0x4  Data  Gb  InterruptManager.o [1]
Bsp::InterruptManager::m_FLASH_IRQHandler
                        0x2000'04c4    0x4  Data  Gb  InterruptManager.o [1]
Bsp::InterruptManager::m_HardFault_Handler
                        0x2000'0494    0x4  Data  Gb  InterruptManager.o [1]
Bsp::InterruptManager::m_I2C1_ER_IRQHandler
                        0x2000'052c    0x4  Data  Gb  InterruptManager.o [1]
Bsp::InterruptManager::m_I2C2_ER_IRQHandler
                        0x2000'0534    0x4  Data  Gb  InterruptManager.o [1]
Bsp::InterruptManager::m_I2C2_EV_IRQHandler
                        0x2000'0530    0x4  Data  Gb  InterruptManager.o [1]
Bsp::InterruptManager::m_MemManage_Handler
                        0x2000'0498    0x4  Data  Gb  InterruptManager.o [1]
Bsp::InterruptManager::m_NMI_Handler
                        0x2000'0490    0x4  Data  Gb  InterruptManager.o [1]
Bsp::InterruptManager::m_PVD_IRQHandler
                        0x2000'04b8    0x4  Data  Gb  InterruptManager.o [1]
Bsp::InterruptManager::m_PendSV_Handler
                        0x2000'04ac    0x4  Data  Gb  InterruptManager.o [1]
Bsp::InterruptManager::m_RCC_IRQHandler
                        0x2000'04c8    0x4  Data  Gb  InterruptManager.o [1]
Bsp::InterruptManager::m_RTCAlarm_IRQHandler
                        0x2000'0550    0x4  Data  Gb  InterruptManager.o [1]
Bsp::InterruptManager::m_RTC_IRQHandler
                        0x2000'04c0    0x4  Data  Gb  InterruptManager.o [1]
Bsp::InterruptManager::m_SPI1_IRQHandler
                        0x2000'0538    0x4  Data  Gb  InterruptManager.o [1]
Bsp::InterruptManager::m_SPI2_IRQHandler
                        0x2000'053c    0x4  Data  Gb  InterruptManager.o [1]
Bsp::InterruptManager::m_SVC_Handler
                        0x2000'04a4    0x4  Data  Gb  InterruptManager.o [1]
Bsp::InterruptManager::m_SysTick_Handler
                        0x2000'04b0    0x4  Data  Gb  InterruptManager.o [1]
Bsp::InterruptManager::m_TAMPER_IRQHandler
                        0x2000'04bc    0x4  Data  Gb  InterruptManager.o [1]
Bsp::InterruptManager::m_TIM1_BRK_IRQHandler
                        0x2000'0510    0x4  Data  Gb  InterruptManager.o [1]
Bsp::InterruptManager::m_TIM1_CC_IRQHandler
                        0x2000'051c    0x4  Data  Gb  InterruptManager.o [1]
Bsp::InterruptManager::m_TIM1_TRG_COM_IRQHandler
                        0x2000'0518    0x4  Data  Gb  InterruptManager.o [1]
Bsp::InterruptManager::m_TIM1_UP_IRQHandler
                        0x2000'0514    0x4  Data  Gb  InterruptManager.o [1]
Bsp::InterruptManager::m_TIM2_IRQHandler
                        0x2000'0520    0x4  Data  Gb  InterruptManager.o [1]
Bsp::InterruptManager::m_TIM3_IRQHandler
                        0x2000'0524    0x4  Data  Gb  InterruptManager.o [1]
Bsp::InterruptManager::m_TIM4_IRQHandler
                        0x2000'0528    0x4  Data  Gb  InterruptManager.o [1]
Bsp::InterruptManager::m_USART1_IRQHandler
                        0x2000'0540    0x4  Data  Gb  InterruptManager.o [1]
Bsp::InterruptManager::m_USART2_IRQHandler
                        0x2000'0544    0x4  Data  Gb  InterruptManager.o [1]
Bsp::InterruptManager::m_USART3_IRQHandler
                        0x2000'0548    0x4  Data  Gb  InterruptManager.o [1]
Bsp::InterruptManager::m_USBWakeUp_IRQHandler
                        0x2000'0554    0x4  Data  Gb  InterruptManager.o [1]
Bsp::InterruptManager::m_USB_HP_CAN1_TX_IRQHandler
                        0x2000'04fc    0x4  Data  Gb  InterruptManager.o [1]
Bsp::InterruptManager::m_USB_LP_CAN1_RX0_IRQHandler
                        0x2000'0500    0x4  Data  Gb  InterruptManager.o [1]
Bsp::InterruptManager::m_UsageFault_Handler
                        0x2000'04a0    0x4  Data  Gb  InterruptManager.o [1]
Bsp::InterruptManager::m_WWDG_IRQHandler
                        0x2000'04b4    0x4  Data  Gb  InterruptManager.o [1]
Bsp::InterruptManager::m_pInterruptManager
                        0x2000'048c    0x4  Data  Gb  InterruptManager.o [1]
Bsp::Peripheral::GetClockManager()
                         0x800'0e51    0x8  Code  Gb  SpiDriver.o [1]
Bsp::Peripheral::GetInterruptManager()
                         0x800'347d    0x8  Code  Gb  GpioInput.o [1]
Bsp::Screen::AddText(char *)
                         0x800'21f7    0xe  Code  Gb  Screen.o [1]
Bsp::Screen::EventHandler(Bsp::Screen::Event_t)
                         0x800'2247   0x1e  Code  Gb  Screen.o [1]
Bsp::Screen::GetScreenTextArray()
                         0x800'3335    0x4  Code  Gb  UIApp.o [1]
Bsp::Screen::Screen()    0x800'21d9   0x18  Code  Gb  Screen.o [1]
Bsp::Screen::Screen() [subobject]
                         0x800'21c9    0x8  Code  Gb  Screen.o [1]
Bsp::Screen::SetText(unsigned char, unsigned char, char const *, unsigned char)
                         0x800'2205   0x42  Code  Gb  Screen.o [1]
Bsp::Screen::~Screen()   0x800'21f5    0x2  Code  Gb  Screen.o [1]
Bsp::Screen::~Screen() [subobject]
                         0x800'21d1    0x8  Code  Gb  Screen.o [1]
Bsp::SpiDriver::ChipSelect(Bsp::SpiDriver::ChipSelect_t)
                         0x800'2e89   0x18  Code  Gb  SpiDriver.o [1]
Bsp::SpiDriver::HwInit()
                         0x800'2c85  0x1e2  Code  Gb  SpiDriver.o [1]
Bsp::SpiDriver::HwInit()::ChipSelectObj
                        0x2000'0444   0x14  Data  Lc  SpiDriver.o [1]
Bsp::SpiDriver::HwInit()::static guard for ChipSelectObj
                        0x2000'059a    0x1  Data  Lc  SpiDriver.o [1]
Bsp::SpiDriver::SendByte(unsigned char)
                         0x800'2ea1   0x34  Code  Gb  SpiDriver.o [1]
Bsp::SpiDriver::SpiDriver(Bsp::SpiDriver::SpiInstance_t, void (*)(), Bsp::SpiDriver::SpiMode_t, Bsp::SpiDriver::SpiBaudRate_t)
                         0x800'2c61   0x24  Code  Gb  SpiDriver.o [1]
Bsp::SysTickTimer::DelayTicks(unsigned int)
                         0x800'28e9   0x34  Code  Gb  SysTickTimer.o [1]
Bsp::SysTickTimer::GetTicks()
                         0x800'2c1d    0xc  Code  Gb  SysTickTimer.o [1]
Bsp::SysTickTimer::GetTicksSince(unsigned int)
                         0x800'2c29   0x18  Code  Gb  HwButtonIntr.o [1]
Bsp::SysTickTimer::HwInit(unsigned int)
                         0x800'28c5   0x24  Code  Gb  SysTickTimer.o [1]
Bsp::SysTickTimer::IncrementTicks()
                         0x800'346d   0x10  Code  Gb  SysTickTimer.o [1]
Bsp::SysTickTimer::m_ticks
                        0x2000'0584    0x4  Data  Gb  SysTickTimer.o [1]
BusFault_Handler         0x800'3cef    0x2  Code  Gb  stm32f10x_it.o [1]
CSTACK$$Base            0x2000'0768          --   Gb  - Linker created -
CSTACK$$Limit           0x2000'0f68          --   Gb  - Linker created -
DebugMon_Handler         0x800'3cf5    0x2  Code  Gb  stm32f10x_it.o [1]
DtorRecArray            0x2000'05a0    0xc  Data  Lc  cppinit.o [2]
EXTI0_IRQHandler         0x800'0681   0x16  Code  Gb  InterruptManager.o [1]
EXTI15_10_IRQHandler     0x800'05b3   0xce  Code  Gb  InterruptManager.o [1]
EXTI1_IRQHandler         0x800'0697   0x16  Code  Gb  InterruptManager.o [1]
EXTI2_IRQHandler         0x800'06ad   0x16  Code  Gb  InterruptManager.o [1]
EXTI3_IRQHandler         0x800'06c3   0x16  Code  Gb  InterruptManager.o [1]
EXTI4_IRQHandler         0x800'06d9   0x16  Code  Gb  InterruptManager.o [1]
EXTI9_5_IRQHandler       0x800'0513   0xa0  Code  Gb  InterruptManager.o [1]
EXTI_ClearITPendingBit   0x800'0941    0x6  Code  Gb  stm32f10x_exti.o [1]
EXTI_GetITStatus         0x800'0921   0x20  Code  Gb  stm32f10x_exti.o [1]
EXTI_Init                0x800'08a9   0x78  Code  Gb  stm32f10x_exti.o [1]
GPIO_EXTILineConfig      0x800'120b   0x50  Code  Gb  stm32f10x_gpio.o [1]
GPIO_Init                0x800'1139   0xc0  Code  Gb  stm32f10x_gpio.o [1]
GPIO_WriteBit            0x800'11f9   0x12  Code  Gb  stm32f10x_gpio.o [1]
HardFault_Handler        0x800'3ceb    0x2  Code  Gb  stm32f10x_it.o [1]
I2C_AcknowledgeConfig    0x800'1389   0x1c  Code  Gb  stm32f10x_i2c.o [1]
I2C_CheckEvent           0x800'13e5   0x24  Code  Gb  stm32f10x_i2c.o [1]
I2C_Cmd                  0x800'1335   0x1c  Code  Gb  stm32f10x_i2c.o [1]
I2C_GenerateSTART        0x800'1351   0x1c  Code  Gb  stm32f10x_i2c.o [1]
I2C_GenerateSTOP         0x800'136d   0x1c  Code  Gb  stm32f10x_i2c.o [1]
I2C_GetFlagStatus        0x800'1409   0x42  Code  Gb  stm32f10x_i2c.o [1]
I2C_Init                 0x800'1261   0xc6  Code  Gb  stm32f10x_i2c.o [1]
I2C_PECPositionConfig    0x800'13c7   0x1e  Code  Gb  stm32f10x_i2c.o [1]
I2C_ReceiveData          0x800'13ab    0x6  Code  Gb  stm32f10x_i2c.o [1]
I2C_Send7bitAddress      0x800'13b1   0x16  Code  Gb  stm32f10x_i2c.o [1]
I2C_SendData             0x800'13a5    0x6  Code  Gb  stm32f10x_i2c.o [1]
Led::Led(GPIO_TypeDef *, unsigned short)
                         0x800'2029   0x1a  Code  Gb  Led.o [1]
Led::Toggle()            0x800'284d    0x8  Code  Gb  UIApp.o [1]
MemManage_Handler        0x800'3ced    0x2  Code  Gb  stm32f10x_it.o [1]
NMI_Handler              0x800'3ce9    0x2  Code  Gb  stm32f10x_it.o [1]
NVIC_Init                0x800'07ff   0x60  Code  Gb  misc.o [1]
NVIC_PriorityGroupConfig
                         0x800'07f5    0xa  Code  Gb  misc.o [1]
NVIC_SetVectorTable      0x800'085f    0xc  Code  Gb  misc.o [1]
PendSV_Handler           0x800'3cf7    0x2  Code  Gb  stm32f10x_it.o [1]
RCC_AHBPeriphClockCmd    0x800'104b   0x1c  Code  Gb  stm32f10x_rcc.o [1]
RCC_APB1PeriphClockCmd   0x800'1083   0x1c  Code  Gb  stm32f10x_rcc.o [1]
RCC_APB1PeriphResetCmd   0x800'109f   0x1c  Code  Gb  stm32f10x_rcc.o [1]
RCC_APB2PeriphClockCmd   0x800'1067   0x1c  Code  Gb  stm32f10x_rcc.o [1]
RCC_DeInit               0x800'0ec1   0x40  Code  Gb  stm32f10x_rcc.o [1]
RCC_GetClocksFreq        0x800'0f9f   0xac  Code  Gb  stm32f10x_rcc.o [1]
RCC_GetFlagStatus        0x800'10bb   0x3c  Code  Gb  stm32f10x_rcc.o [1]
RCC_GetSYSCLKSource      0x800'0f63    0xa  Code  Gb  stm32f10x_rcc.o [1]
RCC_HCLKConfig           0x800'0f6d   0x10  Code  Gb  stm32f10x_rcc.o [1]
RCC_HSEConfig            0x800'0f01   0x38  Code  Gb  stm32f10x_rcc.o [1]
RCC_PCLK1Config          0x800'0f7d   0x10  Code  Gb  stm32f10x_rcc.o [1]
RCC_PCLK2Config          0x800'0f8d   0x12  Code  Gb  stm32f10x_rcc.o [1]
RCC_PLLCmd               0x800'0f4b    0x8  Code  Gb  stm32f10x_rcc.o [1]
RCC_PLLConfig            0x800'0f39   0x12  Code  Gb  stm32f10x_rcc.o [1]
RCC_SYSCLKConfig         0x800'0f53   0x10  Code  Gb  stm32f10x_rcc.o [1]
Region$$Table$$Base      0x800'3bcc          --   Gb  - Linker created -
Region$$Table$$Limit     0x800'3bf4          --   Gb  - Linker created -
SHT$$INIT_ARRAY$$Base    0x800'3db8          --   Gb  - Linker created -
SHT$$INIT_ARRAY$$Limit   0x800'3dbc          --   Gb  - Linker created -
SHT$$PREINIT_ARRAY$$Base
                         0x800'3db8          --   Gb  - Linker created -
SHT$$PREINIT_ARRAY$$Limit
                         0x800'3db8          --   Gb  - Linker created -
SPI_Cmd                  0x800'34db   0x1c  Code  Gb  stm32f10x_spi.o [1]
SPI_I2S_GetFlagStatus    0x800'34ff   0x12  Code  Gb  stm32f10x_spi.o [1]
SPI_I2S_ReceiveData      0x800'34fb    0x4  Code  Gb  stm32f10x_spi.o [1]
SPI_I2S_SendData         0x800'34f7    0x4  Code  Gb  stm32f10x_spi.o [1]
SPI_Init                 0x800'349d   0x3e  Code  Gb  stm32f10x_spi.o [1]
SVC_Handler              0x800'3cf3    0x2  Code  Gb  stm32f10x_it.o [1]
SysTick_CLKSourceConfig
                         0x800'086b   0x1c  Code  Gb  misc.o [1]
SysTick_Handler          0x800'28bd    0x8  Code  Gb  SysTickTimer.o [1]
SystemInit               0x800'36f1   0x44  Code  Gb  system_stm32f10x.o [1]
UsageFault_Handler       0x800'3cf1    0x2  Code  Gb  stm32f10x_it.o [1]
Virtual function table for Bsp::ControlScreen
                         0x800'3c60   0x18  Data  Gb  ControlScreen.o [1]
Virtual function table for Bsp::GpioInput
                         0x800'3a40   0x34  Data  Gb  GpioInput.o [1]
Virtual function table for Bsp::GpioOutput
                         0x800'3a74   0x34  Data  Gb  GpioOutput.o [1]
Virtual function table for Bsp::HwButtonIntr
                         0x800'3aa8   0x34  Data  Gb  HwButtonIntr.o [1]
Virtual function table for Bsp::I2CDriver
                         0x800'3adc   0x34  Data  Gb  I2CDriver.o [1]
Virtual function table for Bsp::INA219
                         0x800'3ca8   0x10  Data  Gb  INA219.o [1]
Virtual function table for Bsp::Screen
                         0x800'3c78   0x18  Data  Gb  Screen.o [1]
Virtual function table for Bsp::SpiDriver
                         0x800'3b44   0x34  Data  Gb  SpiDriver.o [1]
Virtual function table for Led
                         0x800'3b10   0x34  Data  Gb  Led.o [1]
[local to Nokia5110LCD_cpp]::App::ASCII
                         0x800'3510  0x1e0  Data  Lc  Nokia5110LCD.o [1]
[local to SysTickTimer_cpp]::NVIC_SetPriority(IRQn, unsigned int)
                         0x800'2855   0x24  Code  Lc  SysTickTimer.o [1]
[local to SysTickTimer_cpp]::SysTick_Config(unsigned int)
                         0x800'2879   0x2e  Code  Lc  SysTickTimer.o [1]
[local to UIApp_cpp]::App::HomeScreen
                        0x2000'0328   0x4c  Data  Lc  UIApp.o [1]
[local to UIApp_cpp]::App::Led_PC13
                        0x2000'03f0   0x18  Data  Lc  UIApp.o [1]
[local to UIApp_cpp]::App::Power
                        0x2000'0470    0xc  Data  Lc  UIApp.o [1]
[local to UIApp_cpp]::App::PowerMonitorScreen
                        0x2000'0290   0x4c  Data  Lc  UIApp.o [1]
[local to UIApp_cpp]::App::SecondScreen
                        0x2000'02dc   0x4c  Data  Lc  UIApp.o [1]
[local to UIApp_cpp]::App::myControlScreen
                        0x2000'0124   0xd0  Data  Lc  UIApp.o [1]
[local to main_cpp]::prvSetupHardware()
                         0x800'3821   0x7e  Code  Lc  main.o [1]
[local to system_stm32f10x_c]::SetSysClock()
                         0x800'3735    0x8  Code  Lc  system_stm32f10x.o [1]
[local to system_stm32f10x_c]::SetSysClockTo72()
                         0x800'373d   0xae  Code  Lc  system_stm32f10x.o [1]
__aeabi_atexit           0x800'1df1    0xa  Code  Gb  cxxabi.o [3]
__aeabi_cdcmpeq          0x800'2521         Code  Gb  DblCmpEq.o [4]
__aeabi_cfcmple          0x800'3089         Code  Gb  FltCmpLe.o [4]
__aeabi_d2f              0x800'27d1         Code  Gb  DblToFlt.o [4]
__aeabi_ddiv             0x800'2541         Code  Gb  DblDiv.o [4]
__aeabi_dmul             0x800'237d         Code  Gb  DblMul.o [4]
__aeabi_f2d              0x800'2789         Code  Gb  FltToDbl.o [4]
__aeabi_f2iz             0x800'22ad         Code  Gb  FltToS32.o [4]
__aeabi_fdiv             0x800'30ed         Code  Gb  FltDiv.o [4]
__aeabi_fsub             0x800'22fd         Code  Gb  FltSub.o [4]
__aeabi_i2d              0x800'30ad         Code  Gb  S32ToDbl.o [4]
__aeabi_i2f              0x800'22d9         Code  Gb  S32ToFlt.o [4]
__aeabi_memcpy           0x800'3251         Code  Gb  ABImemcpy.o [5]
__aeabi_memcpy4          0x800'3271         Code  Gb  ABImemcpy.o [5]
__aeabi_memcpy8          0x800'3271         Code  Gb  ABImemcpy.o [5]
__aeabi_memset           0x800'31e9         Code  Gb  ABImemset.o [5]
__aeabi_ui2f             0x800'30d1         Code  Gb  U32ToFlt.o [4]
__aeabi_vec_ctor_nocookie_nodtor
                         0x800'1dc9   0x28  Code  Gb  cxxabi.o [3]
__call_ctors             0x800'2fe9   0x18  Code  Gb  cppinit.o [2]
__call_dtors             0x800'3037    0xc  Code  Gb  cppinit.o [2]
__call_dtors0            0x800'3043   0x36  Code  Gb  cppinit.o [2]
__cexit_call_dtors       0x800'3c3f         Code  Gb  cexit.o [5]
__cmain                  0x800'3c15         Code  Gb  cmain.o [5]
__cstart_call_dtors      0x800'3dbc         Data  Gb  cstart_call_dtors.o [5]
__cxa_atexit             0x800'3001   0x36  Code  Gb  cppinit.o [2]
__dso_handle            0x2000'058c    0x4  Data  Gb  cppinit.o [2]
__exit                   0x800'3c4d   0x14  Code  Gb  exit.o [6]
__iar_Memset             0x800'31e9         Code  Gb  ABImemset.o [5]
__iar_Memset_word        0x800'31f1         Code  Gb  ABImemset.o [5]
__iar_copy_init3         0x800'3b79   0x2c  Code  Gb  copy_init3.o [5]
__iar_cstart_call_ctors
                         0x800'3bf5   0x20  Code  Gb  cmain_call_ctors.o [5]
__iar_data_init3         0x800'3ba5   0x28  Code  Gb  data_init.o [5]
__iar_debug_exceptions   0x800'1dfa    0x1  Data  Gb  unwind_debug.o [6]
__iar_fadd               0x800'2309         Code  Gb  FltSub.o [4]
__iar_fsub               0x800'3395         Code  Gb  FltAdd.o [4]
__iar_fsubStart          0x800'33a5         Code  Gb  FltAdd.o [4]
__iar_program_start      0x800'3cf9         Code  Gb  cstartup_M.o [5]
__iar_tls$$INIT_ARRAY$$Base
                         0x800'3dbc          --   Gb  - Linker created -
__iar_tls$$INIT_ARRAY$$Limit
                         0x800'3dbc          --   Gb  - Linker created -
__iar_zero_init3         0x800'144b   0x3a  Code  Gb  zero_init3.o [5]
__low_level_init         0x800'3c33    0x4  Code  Gb  low_level_init.o [2]
__sti__routine           0x800'1485   0xbe  Code  Lc  UIApp.o [1]
__vector_table           0x800'0000         Data  Gb  startup_stm32f10x_md.o [1]
_call_main               0x800'3c21         Code  Gb  cmain.o [5]
_exit                    0x800'3c3d         Code  Gb  cexit.o [5]
_main                    0x800'3c2f         Code  Gb  cmain.o [5]
exit                     0x800'3c37    0x4  Code  Gb  exit.o [2]
main                     0x800'3809   0x18  Code  Gb  main.o [1]
next_abi_dtor_rec       0x2000'0588    0x4  Data  Lc  cppinit.o [2]


[1] = C:\Amit_Chaudhary\STM32\Projects\IAR\IAR_Projects\PowerMonitor - WithoutHandler Array\Debug\Obj
[2] = dl7M_tln.a
[3] = dlpp7M_tl_nc.a
[4] = m7M_tl.a
[5] = rt7M_tl.a
[6] = shb_l.a

  14 517 bytes of readonly  code memory
   1 287 bytes of readonly  data memory
   3 939 bytes of readwrite data memory

Errors: none
Warnings: none
