###############################################################################
#
# IAR ELF Linker V8.20.1.14183/W32 for ARM                27/Dec/2017  00:05:20
# Copyright 2007-2017 IAR Systems AB.
#
#    Output file  =  
#        C:\Amit Caudhary\STM32_IAR\Projects\IAR_Projects\PowerMonitor -
#        WithoutHandler Array\Debug\Exe\PowerMonitor.out
#    Map file     =  
#        C:\Amit Caudhary\STM32_IAR\Projects\IAR_Projects\PowerMonitor -
#        WithoutHandler Array\Debug\List\PowerMonitor.map
#    Command line =  
#        -f C:\Users\AMITCH~1\AppData\Local\Temp\EWA528.tmp ("C:\Amit
#        Caudhary\STM32_IAR\Projects\IAR_Projects\PowerMonitor - WithoutHandler
#        Array\Debug\Obj\ClockManager.o" "C:\Amit
#        Caudhary\STM32_IAR\Projects\IAR_Projects\PowerMonitor - WithoutHandler
#        Array\Debug\Obj\ControlScreen.o" "C:\Amit
#        Caudhary\STM32_IAR\Projects\IAR_Projects\PowerMonitor - WithoutHandler
#        Array\Debug\Obj\DefaultFonts.o" "C:\Amit
#        Caudhary\STM32_IAR\Projects\IAR_Projects\PowerMonitor - WithoutHandler
#        Array\Debug\Obj\Gpio.o" "C:\Amit
#        Caudhary\STM32_IAR\Projects\IAR_Projects\PowerMonitor - WithoutHandler
#        Array\Debug\Obj\GpioInput.o" "C:\Amit
#        Caudhary\STM32_IAR\Projects\IAR_Projects\PowerMonitor - WithoutHandler
#        Array\Debug\Obj\GpioOutput.o" "C:\Amit
#        Caudhary\STM32_IAR\Projects\IAR_Projects\PowerMonitor - WithoutHandler
#        Array\Debug\Obj\HwButton.o" "C:\Amit
#        Caudhary\STM32_IAR\Projects\IAR_Projects\PowerMonitor - WithoutHandler
#        Array\Debug\Obj\HwButtonIntr.o" "C:\Amit
#        Caudhary\STM32_IAR\Projects\IAR_Projects\PowerMonitor - WithoutHandler
#        Array\Debug\Obj\I2c.o" "C:\Amit
#        Caudhary\STM32_IAR\Projects\IAR_Projects\PowerMonitor - WithoutHandler
#        Array\Debug\Obj\I2CDriver.o" "C:\Amit
#        Caudhary\STM32_IAR\Projects\IAR_Projects\PowerMonitor - WithoutHandler
#        Array\Debug\Obj\INA219.o" "C:\Amit
#        Caudhary\STM32_IAR\Projects\IAR_Projects\PowerMonitor - WithoutHandler
#        Array\Debug\Obj\InterruptManager.o" "C:\Amit
#        Caudhary\STM32_IAR\Projects\IAR_Projects\PowerMonitor - WithoutHandler
#        Array\Debug\Obj\Led.o" "C:\Amit
#        Caudhary\STM32_IAR\Projects\IAR_Projects\PowerMonitor - WithoutHandler
#        Array\Debug\Obj\Line.o" "C:\Amit
#        Caudhary\STM32_IAR\Projects\IAR_Projects\PowerMonitor - WithoutHandler
#        Array\Debug\Obj\main.o" "C:\Amit
#        Caudhary\STM32_IAR\Projects\IAR_Projects\PowerMonitor - WithoutHandler
#        Array\Debug\Obj\Menu.o" "C:\Amit
#        Caudhary\STM32_IAR\Projects\IAR_Projects\PowerMonitor - WithoutHandler
#        Array\Debug\Obj\misc.o" "C:\Amit
#        Caudhary\STM32_IAR\Projects\IAR_Projects\PowerMonitor - WithoutHandler
#        Array\Debug\Obj\Nokia5110LCD.o" "C:\Amit
#        Caudhary\STM32_IAR\Projects\IAR_Projects\PowerMonitor - WithoutHandler
#        Array\Debug\Obj\OLED_I2C.o" "C:\Amit
#        Caudhary\STM32_IAR\Projects\IAR_Projects\PowerMonitor - WithoutHandler
#        Array\Debug\Obj\Page.o" "C:\Amit
#        Caudhary\STM32_IAR\Projects\IAR_Projects\PowerMonitor - WithoutHandler
#        Array\Debug\Obj\PortManager.o" "C:\Amit
#        Caudhary\STM32_IAR\Projects\IAR_Projects\PowerMonitor - WithoutHandler
#        Array\Debug\Obj\Queue.o" "C:\Amit
#        Caudhary\STM32_IAR\Projects\IAR_Projects\PowerMonitor - WithoutHandler
#        Array\Debug\Obj\Screen.o" "C:\Amit
#        Caudhary\STM32_IAR\Projects\IAR_Projects\PowerMonitor - WithoutHandler
#        Array\Debug\Obj\SpiDriver.o" "C:\Amit
#        Caudhary\STM32_IAR\Projects\IAR_Projects\PowerMonitor - WithoutHandler
#        Array\Debug\Obj\startup_stm32f10x_md.o" "C:\Amit
#        Caudhary\STM32_IAR\Projects\IAR_Projects\PowerMonitor - WithoutHandler
#        Array\Debug\Obj\stm32f10x_exti.o" "C:\Amit
#        Caudhary\STM32_IAR\Projects\IAR_Projects\PowerMonitor - WithoutHandler
#        Array\Debug\Obj\stm32f10x_gpio.o" "C:\Amit
#        Caudhary\STM32_IAR\Projects\IAR_Projects\PowerMonitor - WithoutHandler
#        Array\Debug\Obj\stm32f10x_i2c.o" "C:\Amit
#        Caudhary\STM32_IAR\Projects\IAR_Projects\PowerMonitor - WithoutHandler
#        Array\Debug\Obj\stm32f10x_it.o" "C:\Amit
#        Caudhary\STM32_IAR\Projects\IAR_Projects\PowerMonitor - WithoutHandler
#        Array\Debug\Obj\stm32f10x_rcc.o" "C:\Amit
#        Caudhary\STM32_IAR\Projects\IAR_Projects\PowerMonitor - WithoutHandler
#        Array\Debug\Obj\stm32f10x_spi.o" "C:\Amit
#        Caudhary\STM32_IAR\Projects\IAR_Projects\PowerMonitor - WithoutHandler
#        Array\Debug\Obj\stm32f10x_usart.o" "C:\Amit
#        Caudhary\STM32_IAR\Projects\IAR_Projects\PowerMonitor - WithoutHandler
#        Array\Debug\Obj\system_stm32f10x.o" "C:\Amit
#        Caudhary\STM32_IAR\Projects\IAR_Projects\PowerMonitor - WithoutHandler
#        Array\Debug\Obj\SysTickTimer.o" "C:\Amit
#        Caudhary\STM32_IAR\Projects\IAR_Projects\PowerMonitor - WithoutHandler
#        Array\Debug\Obj\UI.o" "C:\Amit
#        Caudhary\STM32_IAR\Projects\IAR_Projects\PowerMonitor - WithoutHandler
#        Array\Debug\Obj\UIApp.o" -o "C:\Amit
#        Caudhary\STM32_IAR\Projects\IAR_Projects\PowerMonitor - WithoutHandler
#        Array\Debug\Exe\PowerMonitor.out" --redirect _Printf=_PrintfFullNoMb
#        --redirect _Scanf=_ScanfFullNoMb --map "C:\Amit
#        Caudhary\STM32_IAR\Projects\IAR_Projects\PowerMonitor - WithoutHandler
#        Array\Debug\List\PowerMonitor.map" --config "C:\Program Files
#        (x86)\IAR Systems\Embedded Workbench
#        8.0\arm\config\linker\ST\stm32f103x8.icf" --semihosting --entry
#        __iar_program_start --vfe --text_out locale)
#
###############################################################################

*******************************************************************************
*** RUNTIME MODEL ATTRIBUTES
***

CppFlavor                     = *
__CPP_Exceptions              = Disabled
__CPP_Language                = C++14
__Heap_Handler                = Basic
__SystemLibrary               = DLib
__dlib_dynamic_initialization = normal
__dlib_version                = 6


*******************************************************************************
*** HEAP SELECTION
***

The basic heap was selected because some modules are built with
size limitations (and not runtime checking), and --advanced_heap
was not specified.


*******************************************************************************
*** PLACEMENT SUMMARY
***

"A0":  place at 0x08000000 { ro section .intvec };
"P1":  place in [from 0x08000000 to 0x0800ffff] { ro };
define block CSTACK with size = 2K, alignment = 8 { };
define block HEAP with size = 2K, alignment = 8 { };
"P2":  place in [from 0x20000000 to 0x20004fff] {
          rw, block CSTACK, block HEAP };
initialize by copy { rw };

  Section                Kind        Address    Size  Object
  -------                ----        -------    ----  ------
"A0":                                           0xec
  .intvec                ro code  0x08000000    0xec  startup_stm32f10x_md.o [1]
                                - 0x080000ec    0xec

"P1":                                         0x4390
  .text                  ro code  0x080000ec   0x734  InterruptManager.o [1]
  .text                  ro code  0x08000820    0xb8  misc.o [1]
  .text                  ro code  0x080008d8    0xc0  stm32f10x_exti.o [1]
  .text                  ro code  0x08000998   0x520  I2CDriver.o [1]
  .text                  ro code  0x08000eb8     0x8  SpiDriver.o [1]
  .text                  ro code  0x08000ec0    0x6a  ClockManager.o [1]
  .text                  ro code  0x08000f2a    0x1a  Menu.o [1]
  .text                  ro code  0x08000f44   0x2dc  stm32f10x_rcc.o [1]
  .text                  ro code  0x08001220   0x130  stm32f10x_gpio.o [1]
  .text                  ro code  0x08001350   0x1e6  stm32f10x_i2c.o [1]
  .rodata                const    0x08001536     0x1  unwind_debug.o [7]
  .text                  ro code  0x08001538   0x454  OLED_I2C.o [1]
  .text                  ro code  0x0800198c    0x66  ABImemset.o [6]
  .text                  ro code  0x080019f4    0x36  strlen.o [6]
  .text                  ro code  0x08001a2c   0x410  UIApp.o [1]
  .text                  ro code  0x08001e3c   0x276  HwButtonIntr.o [1]
  .text                  ro code  0x080020b4   0x2c4  Nokia5110LCD.o [1]
  .text                  ro code  0x08002378    0x32  cxxabi.o [4]
  .text                  ro code  0x080023ac   0x19e  INA219.o [1]
  .text                  ro code  0x0800254c    0x8c  UI.o [1]
  .text                  ro code  0x080025d8    0x20  Led.o [1]
  .text                  ro code  0x080025f8   0x172  ControlScreen.o [1]
  .text                  ro code  0x0800276c    0x9e  Screen.o [1]
  .text                  ro code  0x0800280a    0x18  UIApp.o [1]
  .text                  ro code  0x08002824    0x28  UIApp.o [1]
  .text                  ro code  0x0800284c     0x8  UIApp.o [1]
  .text                  ro code  0x08002854    0x2a  FltToS32.o [5]
  .text                  ro code  0x08002880    0x24  S32ToFlt.o [5]
  .text                  ro code  0x080028a4    0x80  FltSub.o [5]
  .text                  ro code  0x08002924   0x1a2  DblMul.o [5]
  .text                  ro code  0x08002ac8    0x20  DblCmpEq.o [5]
  .text                  ro code  0x08002ae8   0x246  DblDiv.o [5]
  .text                  ro code  0x08002d30    0x48  FltToDbl.o [5]
  .text                  ro code  0x08002d78    0x68  DblToFlt.o [5]
  .text                  ro code  0x08002de0    0x18  UIApp.o [1]
  .text                  ro code  0x08002df8     0x8  UIApp.o [1]
  .text                  ro code  0x08002e00    0xc4  SysTickTimer.o [1]
  .text                  ro code  0x08002ec4   0x300  GpioInput.o [1]
  .text                  ro code  0x080031c4     0xc  SysTickTimer.o [1]
  .text                  ro code  0x080031d0    0x18  HwButtonIntr.o [1]
  .text                  ro code  0x080031e8     0xe  HwButtonIntr.o [1]
  .text                  ro code  0x080031f6    0x10  HwButtonIntr.o [1]
  .text                  ro code  0x08003208   0x278  SpiDriver.o [1]
  .text                  ro code  0x08003480    0xf6  GpioOutput.o [1]
  .text                  ro code  0x08003576     0xe  SpiDriver.o [1]
  .text                  ro code  0x08003584     0xe  SpiDriver.o [1]
  .text                  ro code  0x08003594    0xa0  cppinit.o [3]
  .text                  ro code  0x08003634    0x24  FltCmpLe.o [5]
  .text                  ro code  0x08003658    0x22  S32ToDbl.o [5]
  .text                  ro code  0x0800367c    0x1c  U32ToFlt.o [5]
  .text                  ro code  0x08003698    0xfc  FltDiv.o [5]
  .text                  ro code  0x08003794    0xa6  ABImemcpy.o [6]
  .text                  ro code  0x0800383c    0x10  Screen.o [1]
  .text                  ro code  0x0800384c    0x34  Screen.o [1]
  .text                  ro code  0x08003880     0x4  UIApp.o [1]
  .text                  ro code  0x08003884    0x60  UIApp.o [1]
  .text                  ro code  0x080038e4    0xd6  FltAdd.o [5]
  .text                  ro code  0x080039bc    0x10  SysTickTimer.o [1]
  .text                  ro code  0x080039cc     0x8  GpioInput.o [1]
  .text                  ro code  0x080039d4    0x16  GpioInput.o [1]
  .text                  ro code  0x080039ec    0x74  stm32f10x_spi.o [1]
  .rodata                const    0x08003a60   0x1e0  Nokia5110LCD.o [1]
  .text                  ro code  0x08003c40   0x158  system_stm32f10x.o [1]
  .rodata                const    0x08003d98   0x124  main.o [1]
  .text                  ro code  0x08003ebc    0xf8  main.o [1]
  .text                  ro code  0x08003fb4    0x84  HwButtonIntr.o [1]
  .rodata                const    0x08004038    0x4c  UIApp.o [1]
  .rodata                const    0x08004084    0x4c  UIApp.o [1]
  .rodata                const    0x080040d0    0x4c  UIApp.o [1]
  .rodata                const    0x0800411c    0x4c  UIApp.o [1]
  .text                  ro code  0x08004168    0x40  zero_init3.o [6]
  .text                  ro code  0x080041a8    0x2c  copy_init3.o [6]
  .text                  ro code  0x080041d4    0x28  data_init.o [6]
  .iar.init_table        const    0x080041fc    0x28  - Linker created -
  .text                  ro code  0x08004224    0x20  cmain_call_ctors.o [6]
  .text                  ro code  0x08004244    0x1e  cmain.o [6]
  .text                  ro code  0x08004262     0x4  low_level_init.o [3]
  .text                  ro code  0x08004266     0x4  exit.o [3]
  .text                  ro code  0x0800426c     0xe  cexit.o [6]
  .text                  ro code  0x0800427c    0x14  exit.o [7]
  .rodata                const    0x08004290    0x18  ControlScreen.o [1]
  .rodata                const    0x080042a8    0x18  Screen.o [1]
  Initializer bytes      const    0x080042c0    0x18  <for P2-1>
  .rodata                const    0x080042d8    0x14  GpioInput.o [1]
  .rodata                const    0x080042ec    0x14  GpioOutput.o [1]
  .rodata                const    0x08004300    0x14  HwButtonIntr.o [1]
  .rodata                const    0x08004314    0x14  I2CDriver.o [1]
  .rodata                const    0x08004328    0x14  Led.o [1]
  .rodata                const    0x0800433c    0x14  main.o [1]
  .rodata                const    0x08004350    0x14  SpiDriver.o [1]
  .rodata                const    0x08004364    0x10  INA219.o [1]
  .rodata                const    0x08004374    0x10  Nokia5110LCD.o [1]
  .rodata                const    0x08004384    0x10  UI.o [1]
  .text                  ro code  0x08004394    0x10  startup_stm32f10x_md.o [1]
  .text                  ro code  0x080043a4    0x10  stm32f10x_it.o [1]
  .text                  ro code  0x080043b4     0xc  cstartup_M.o [6]
  .text                  ro code  0x080043c0     0xa  ControlScreen.o [1]
  .rodata                const    0x080043cc     0x8  UIApp.o [1]
  .rodata                const    0x080043d4     0x8  UIApp.o [1]
  .rodata                const    0x080043dc     0x8  UIApp.o [1]
  SHT$$PREINIT_ARRAY              0x080043e4     0x0  <Block>
  SHT$$INIT_ARRAY                 0x080043e4     0x8  <Block>
    .init_array          const    0x080043e4     0x4  main.o [1]
    .init_array          const    0x080043e8     0x4  UIApp.o [1]
  __iar_tls$$INIT_ARRAY           0x080043ec     0x0  <Block>
  .text                  ro code  0x080043ec     0x4  startup_stm32f10x_md.o [1]
  .text                  ro code  0x080043f0     0x4  startup_stm32f10x_md.o [1]
  .text                  ro code  0x080043f4     0x4  startup_stm32f10x_md.o [1]
  .text                  ro code  0x080043f8     0x4  startup_stm32f10x_md.o [1]
  .text                  ro code  0x080043fc     0x4  startup_stm32f10x_md.o [1]
  .text                  ro code  0x08004400     0x4  startup_stm32f10x_md.o [1]
  .text                  ro code  0x08004404     0x4  startup_stm32f10x_md.o [1]
  .text                  ro code  0x08004408     0x4  startup_stm32f10x_md.o [1]
  .text                  ro code  0x0800440c     0x4  startup_stm32f10x_md.o [1]
  .text                  ro code  0x08004410     0x4  startup_stm32f10x_md.o [1]
  .text                  ro code  0x08004414     0x4  startup_stm32f10x_md.o [1]
  .text                  ro code  0x08004418     0x4  startup_stm32f10x_md.o [1]
  .text                  ro code  0x0800441c     0x4  startup_stm32f10x_md.o [1]
  .text                  ro code  0x08004420     0x4  startup_stm32f10x_md.o [1]
  .text                  ro code  0x08004424     0x4  startup_stm32f10x_md.o [1]
  .text                  ro code  0x08004428     0x4  startup_stm32f10x_md.o [1]
  .text                  ro code  0x0800442c     0x4  startup_stm32f10x_md.o [1]
  .text                  ro code  0x08004430     0x4  startup_stm32f10x_md.o [1]
  .text                  ro code  0x08004434     0x4  startup_stm32f10x_md.o [1]
  .text                  ro code  0x08004438     0x4  startup_stm32f10x_md.o [1]
  .text                  ro code  0x0800443c     0x4  startup_stm32f10x_md.o [1]
  .text                  ro code  0x08004440     0x4  startup_stm32f10x_md.o [1]
  .text                  ro code  0x08004444     0x4  startup_stm32f10x_md.o [1]
  .text                  ro code  0x08004448     0x4  startup_stm32f10x_md.o [1]
  .text                  ro code  0x0800444c     0x4  startup_stm32f10x_md.o [1]
  .text                  ro code  0x08004450     0x4  startup_stm32f10x_md.o [1]
  .text                  ro code  0x08004454     0x4  startup_stm32f10x_md.o [1]
  .text                  ro code  0x08004458     0x4  startup_stm32f10x_md.o [1]
  .text                  ro code  0x0800445c     0x4  startup_stm32f10x_md.o [1]
  .text                  ro code  0x08004460     0x4  startup_stm32f10x_md.o [1]
  .text                  ro code  0x08004464     0x4  startup_stm32f10x_md.o [1]
  .text                  ro code  0x08004468     0x4  startup_stm32f10x_md.o [1]
  .text                  ro code  0x0800446c     0x4  startup_stm32f10x_md.o [1]
  .text                  ro code  0x08004470     0x4  startup_stm32f10x_md.o [1]
  .text                  ro code  0x08004474     0x4  startup_stm32f10x_md.o [1]
  .text                  ro code  0x08004478     0x4  startup_stm32f10x_md.o [1]
  .text                  ro code  0x0800447c     0x0  cstart_call_dtors.o [6]
  .rodata                const    0x0800447c     0x0  zero_init3.o [6]
  .rodata                const    0x0800447c     0x0  copy_init3.o [6]
                                - 0x0800447c  0x4390

"P2", part 1 of 3:                              0x18
  P2-1                            0x20000000    0x15  <Init block>
    .data                inited   0x20000000    0x10  stm32f10x_rcc.o [1]
    .data                inited   0x20000010     0x4  stm32f10x_rcc.o [1]
    .data                inited   0x20000014     0x1  UIApp.o [1]
                                - 0x20000015    0x15

"P2", part 2 of 3:                             0x9b4
  .bss                   zero     0x20000018   0x414  main.o [1]
  .bss                   zero     0x2000042c   0x10c  UIApp.o [1]
  .bss                   zero     0x20000538    0xd0  UIApp.o [1]
  .bss                   zero     0x20000608    0x9c  UIApp.o [1]
  .bss                   zero     0x200006a4    0x4c  UIApp.o [1]
  .bss                   zero     0x200006f0    0x4c  UIApp.o [1]
  .bss                   zero     0x2000073c    0x4c  UIApp.o [1]
  .bss                   zero     0x20000788    0x2c  UIApp.o [1]
  .bss                   zero     0x200007b4    0x20  Nokia5110LCD.o [1]
  .bss                   zero     0x200007d4    0x18  main.o [1]
  .bss                   zero     0x200007ec    0x18  UIApp.o [1]
  .bss                   zero     0x20000804    0x18  UIApp.o [1]
  .bss                   zero     0x2000081c    0x18  UIApp.o [1]
  .bss                   zero     0x20000834    0x14  Nokia5110LCD.o [1]
  .bss                   zero     0x20000848    0x14  Nokia5110LCD.o [1]
  .bss                   zero     0x2000085c    0x14  Nokia5110LCD.o [1]
  .bss                   zero     0x20000870    0x14  SpiDriver.o [1]
  .bss                   zero     0x20000884     0xc  UIApp.o [1]
  .bss                   zero     0x20000890     0xc  UIApp.o [1]
  .bss                   zero     0x2000089c     0xc  UIApp.o [1]
  .bss                   zero     0x200008a8     0x4  ClockManager.o [1]
  .bss                   zero     0x200008ac     0x4  HwButtonIntr.o [1]
  .bss                   zero     0x200008b0     0x4  HwButtonIntr.o [1]
  .bss                   zero     0x200008b4     0x4  HwButtonIntr.o [1]
  .bss                   zero     0x200008b8     0x4  InterruptManager.o [1]
  .bss                   zero     0x200008bc     0x4  InterruptManager.o [1]
  .bss                   zero     0x200008c0     0x4  InterruptManager.o [1]
  .bss                   zero     0x200008c4     0x4  InterruptManager.o [1]
  .bss                   zero     0x200008c8     0x4  InterruptManager.o [1]
  .bss                   zero     0x200008cc     0x4  InterruptManager.o [1]
  .bss                   zero     0x200008d0     0x4  InterruptManager.o [1]
  .bss                   zero     0x200008d4     0x4  InterruptManager.o [1]
  .bss                   zero     0x200008d8     0x4  InterruptManager.o [1]
  .bss                   zero     0x200008dc     0x4  InterruptManager.o [1]
  .bss                   zero     0x200008e0     0x4  InterruptManager.o [1]
  .bss                   zero     0x200008e4     0x4  InterruptManager.o [1]
  .bss                   zero     0x200008e8     0x4  InterruptManager.o [1]
  .bss                   zero     0x200008ec     0x4  InterruptManager.o [1]
  .bss                   zero     0x200008f0     0x4  InterruptManager.o [1]
  .bss                   zero     0x200008f4     0x4  InterruptManager.o [1]
  .bss                   zero     0x200008f8     0x4  InterruptManager.o [1]
  .bss                   zero     0x200008fc     0x4  InterruptManager.o [1]
  .bss                   zero     0x20000900     0x4  InterruptManager.o [1]
  .bss                   zero     0x20000904     0x4  InterruptManager.o [1]
  .bss                   zero     0x20000908     0x4  InterruptManager.o [1]
  .bss                   zero     0x2000090c     0x4  InterruptManager.o [1]
  .bss                   zero     0x20000910     0x4  InterruptManager.o [1]
  .bss                   zero     0x20000914     0x4  InterruptManager.o [1]
  .bss                   zero     0x20000918     0x4  InterruptManager.o [1]
  .bss                   zero     0x2000091c     0x4  InterruptManager.o [1]
  .bss                   zero     0x20000920     0x4  InterruptManager.o [1]
  .bss                   zero     0x20000924     0x4  InterruptManager.o [1]
  .bss                   zero     0x20000928     0x4  InterruptManager.o [1]
  .bss                   zero     0x2000092c     0x4  InterruptManager.o [1]
  .bss                   zero     0x20000930     0x4  InterruptManager.o [1]
  .bss                   zero     0x20000934     0x4  InterruptManager.o [1]
  .bss                   zero     0x20000938     0x4  InterruptManager.o [1]
  .bss                   zero     0x2000093c     0x4  InterruptManager.o [1]
  .bss                   zero     0x20000940     0x4  InterruptManager.o [1]
  .bss                   zero     0x20000944     0x4  InterruptManager.o [1]
  .bss                   zero     0x20000948     0x4  InterruptManager.o [1]
  .bss                   zero     0x2000094c     0x4  InterruptManager.o [1]
  .bss                   zero     0x20000950     0x4  InterruptManager.o [1]
  .bss                   zero     0x20000954     0x4  InterruptManager.o [1]
  .bss                   zero     0x20000958     0x4  InterruptManager.o [1]
  .bss                   zero     0x2000095c     0x4  InterruptManager.o [1]
  .bss                   zero     0x20000960     0x4  InterruptManager.o [1]
  .bss                   zero     0x20000964     0x4  InterruptManager.o [1]
  .bss                   zero     0x20000968     0x4  InterruptManager.o [1]
  .bss                   zero     0x2000096c     0x4  InterruptManager.o [1]
  .bss                   zero     0x20000970     0x4  InterruptManager.o [1]
  .bss                   zero     0x20000974     0x4  InterruptManager.o [1]
  .bss                   zero     0x20000978     0x4  InterruptManager.o [1]
  .bss                   zero     0x2000097c     0x4  InterruptManager.o [1]
  .bss                   zero     0x20000980     0x4  InterruptManager.o [1]
  .bss                   zero     0x20000984     0x4  InterruptManager.o [1]
  .bss                   zero     0x20000988     0x4  InterruptManager.o [1]
  .bss                   zero     0x2000098c     0x4  InterruptManager.o [1]
  .bss                   zero     0x20000990     0x4  InterruptManager.o [1]
  .bss                   zero     0x20000994     0x4  InterruptManager.o [1]
  .bss                   zero     0x20000998     0x4  InterruptManager.o [1]
  .bss                   zero     0x2000099c     0x4  InterruptManager.o [1]
  .bss                   zero     0x200009a0     0x4  InterruptManager.o [1]
  .bss                   zero     0x200009a4     0x4  InterruptManager.o [1]
  .bss                   zero     0x200009a8     0x4  InterruptManager.o [1]
  .bss                   zero     0x200009ac     0x4  InterruptManager.o [1]
  .bss                   zero     0x200009b0     0x4  SysTickTimer.o [1]
  .bss                   zero     0x200009b4     0x4  cppinit.o [3]
  .bss                   zero     0x200009b8     0x4  cppinit.o [3]
  .bss                   zero     0x200009bc     0x2  HwButtonIntr.o [1]
  .bss                   zero     0x200009be     0x1  ClockManager.o [1]
  .bss                   zero     0x200009bf     0x1  HwButtonIntr.o [1]
  .bss                   zero     0x200009c0     0x1  InterruptManager.o [1]
  .bss                   zero     0x200009c1     0x1  InterruptManager.o [1]
  .bss                   zero     0x200009c2     0x1  Nokia5110LCD.o [1]
  .bss                   zero     0x200009c3     0x1  Nokia5110LCD.o [1]
  .bss                   zero     0x200009c4     0x1  Nokia5110LCD.o [1]
  .bss                   zero     0x200009c5     0x1  Nokia5110LCD.o [1]
  .bss                   zero     0x200009c6     0x1  SpiDriver.o [1]
  .bss                   zero     0x200009c7     0x1  UI.o [1]
  .bss                   zero     0x200009c8     0x1  UI.o [1]
  .bss                   zero     0x200009c9     0x1  UI.o [1]
                                - 0x200009ca   0x9b2

"P2", part 3 of 3:                             0x9d4
  .iar.dynexit                    0x200009cc   0x1d4  <Block>
    .iar.dynexit         uninit   0x200009cc     0xc  cppinit.o [3]
    .iar.dynexit         uninit   0x200009d8   0x1c8  <Block tail>
  CSTACK                          0x20000ba0   0x800  <Block>
    CSTACK               uninit   0x20000ba0   0x800  <Block tail>
                                - 0x200013a0   0x9d4


*******************************************************************************
*** INIT TABLE
***

          Address     Size
          -------     ----
Zero (__iar_zero_init3)
    1 destination range, total size 0x9b2:
          0x20000018  0x9b2

Copy (__iar_copy_init3)
    1 source range, total size 0x18 (114% of destination):
          0x080042c0   0x18
    1 destination range, total size 0x15:
          0x20000000   0x15

Extra (__iar_cstart_call_ctors)



*******************************************************************************
*** MODULE SUMMARY
***

    Module                  ro code  ro data  rw data
    ------                  -------  -------  -------
C:\Amit Caudhary\STM32_IAR\Projects\IAR_Projects\PowerMonitor - WithoutHandler Array\Debug\Obj: [1]
    ClockManager.o              106                 5
    ControlScreen.o             380       24
    GpioInput.o                 798       20
    GpioOutput.o                246       20
    HwButtonIntr.o              816       20       15
    I2CDriver.o               1 312       20
    INA219.o                    414       16
    InterruptManager.o        1 844               250
    Led.o                        32       20
    Menu.o                       26
    Nokia5110LCD.o              708      496       96
    OLED_I2C.o                1 108
    Screen.o                    226       24
    SpiDriver.o                 668       20       21
    SysTickTimer.o              224                 4
    UI.o                        140       16        3
    UIApp.o                   1 244      333    1 013
    main.o                      248      316    1 068
    misc.o                      184
    startup_stm32f10x_md.o      396
    stm32f10x_exti.o            192
    stm32f10x_gpio.o            304
    stm32f10x_i2c.o             486
    stm32f10x_it.o               16
    stm32f10x_rcc.o             732       20       20
    stm32f10x_spi.o             116
    system_stm32f10x.o          344
    -------------------------------------------------
    Total:                   13 310    1 365    2 495

command line: [2]
    -------------------------------------------------
    Total:

dl7M_tln.a: [3]
    cppinit.o                   160                20
    exit.o                        4
    low_level_init.o              4
    -------------------------------------------------
    Total:                      168                20

dlpp7M_tl_nc.a: [4]
    cxxabi.o                     50
    -------------------------------------------------
    Total:                       50

m7M_tl.a: [5]
    DblCmpEq.o                   32
    DblDiv.o                    582
    DblMul.o                    418
    DblToFlt.o                  104
    FltAdd.o                    214
    FltCmpLe.o                   36
    FltDiv.o                    252
    FltSub.o                    128
    FltToDbl.o                   72
    FltToS32.o                   42
    S32ToDbl.o                   34
    S32ToFlt.o                   36
    U32ToFlt.o                   28
    -------------------------------------------------
    Total:                    1 978

rt7M_tl.a: [6]
    ABImemcpy.o                 166
    ABImemset.o                 102
    cexit.o                      14
    cmain.o                      30
    cmain_call_ctors.o           32
    copy_init3.o                 44
    cstart_call_dtors.o
    cstartup_M.o                 12
    data_init.o                  40
    strlen.o                     54
    zero_init3.o                 64
    -------------------------------------------------
    Total:                      558

shb_l.a: [7]
    exit.o                       20
    unwind_debug.o                         1
    -------------------------------------------------
    Total:                       20        1

    Gaps                         37        2
    Linker created                        43    2 504
-----------------------------------------------------
    Grand Total:             16 121    1 411    5 019


*******************************************************************************
*** ENTRY LIST
***

Entry                      Address   Size  Type      Object
-----                      -------   ----  ----      ------
.iar.dynexit$$Base      0x200009cc          --   Gb  - Linker created -
.iar.dynexit$$Limit     0x20000ba0          --   Gb  - Linker created -
.iar.init_table$$Base   0x080041fc          --   Gb  - Linker created -
.iar.init_table$$Limit  0x08004224          --   Gb  - Linker created -
?main                   0x08004245         Code  Gb  cmain.o [6]
ADCPrescTable           0x20000010    0x4  Data  Lc  stm32f10x_rcc.o [1]
APBAHBPrescTable        0x20000000   0x10  Data  Lc  stm32f10x_rcc.o [1]
App::ClickEvent()       0x08001d7d    0x8  Code  Gb  UIApp.o [1]
App::CreateUI()         0x08001b01   0x9e  Code  Gb  UIApp.o [1]
App::HwButton_A2        0x20000608   0x9c  Data  Gb  UIApp.o [1]
App::INA219_I2C         0x200007ec   0x18  Data  Gb  UIApp.o [1]
App::INA219_Obj         0x20000804   0x18  Data  Gb  UIApp.o [1]
App::Line0Menu0LongLongTouchHandler()
                        0x08001da1   0x16  Code  Gb  UIApp.o [1]
App::Line0Menu0LongTouchHandler()
                        0x08001d95    0xa  Code  Gb  UIApp.o [1]
App::LongLongPressEvent()
                        0x08001d8d    0x8  Code  Gb  UIApp.o [1]
App::LongPressEvent()   0x08001d85    0x8  Code  Gb  UIApp.o [1]
App::Menu::Menu()       0x08000f2b   0x1a  Code  Gb  Menu.o [1]
App::MyUI               0x2000042c  0x10c  Data  Gb  UIApp.o [1]
App::Nokia5110LCD::Clear()
                        0x08002221   0x26  Code  Gb  Nokia5110LCD.o [1]
App::Nokia5110LCD::DisplayInit()
                        0x0800218d   0x5e  Code  Gb  Nokia5110LCD.o [1]
App::Nokia5110LCD::DrawBuffer(char *)
                        0x08002355   0x24  Code  Gb  Nokia5110LCD.o [1]
App::Nokia5110LCD::DrawLine(unsigned char, unsigned char, char const *)
                        0x080022cd   0x60  Code  Gb  Nokia5110LCD.o [1]
App::Nokia5110LCD::DrawString(char const *)
                        0x080022b3   0x1a  Code  Gb  Nokia5110LCD.o [1]
App::Nokia5110LCD::GoToXY(int, int)
                        0x08002247   0x28  Code  Gb  Nokia5110LCD.o [1]
App::Nokia5110LCD::HwInit()
                        0x080020e1   0xac  Code  Gb  Nokia5110LCD.o [1]
App::Nokia5110LCD::HwInit()::BackLightGpio
                        0x2000085c   0x14  Data  Lc  Nokia5110LCD.o [1]
App::Nokia5110LCD::HwInit()::DataCommandSelectGpio
                        0x20000834   0x14  Data  Lc  Nokia5110LCD.o [1]
App::Nokia5110LCD::HwInit()::ResetPinGpio
                        0x20000848   0x14  Data  Lc  Nokia5110LCD.o [1]
App::Nokia5110LCD::HwInit()::SpiDriverLCD
                        0x200007b4   0x20  Data  Lc  Nokia5110LCD.o [1]
App::Nokia5110LCD::HwInit()::static guard for BackLightGpio
                        0x200009c5    0x1  Data  Lc  Nokia5110LCD.o [1]
App::Nokia5110LCD::HwInit()::static guard for DataCommandSelectGpio
                        0x200009c3    0x1  Data  Lc  Nokia5110LCD.o [1]
App::Nokia5110LCD::HwInit()::static guard for ResetPinGpio
                        0x200009c4    0x1  Data  Lc  Nokia5110LCD.o [1]
App::Nokia5110LCD::HwInit()::static guard for SpiDriverLCD
                        0x200009c2    0x1  Data  Lc  Nokia5110LCD.o [1]
App::Nokia5110LCD::LCDCharacter(char)
                        0x0800226f   0x44  Code  Gb  Nokia5110LCD.o [1]
App::Nokia5110LCD::Nokia5110LCD(Bsp::SpiDriver::SpiInstance_t, GPIO_TypeDef *, unsigned short, GPIO_TypeDef *, unsigned short, GPIO_TypeDef *, unsigned short)
                        0x080020b5   0x2c  Code  Gb  Nokia5110LCD.o [1]
App::Nokia5110LCD::Write(App::Nokia5110LCD::DC_t, unsigned char)
                        0x080021eb   0x36  Code  Gb  Nokia5110LCD.o [1]
App::NokiaLCD           0x20000788   0x2c  Data  Gb  UIApp.o [1]
App::OLED::OLED(Bsp::I2CDriver *)
                        0x08001539    0x6  Code  Gb  OLED_I2C.o [1]
App::OLED::_print_char(unsigned char, int, int)
                        0x08001725  0x1c4  Code  Gb  OLED_I2C.o [1]
App::OLED::_sendTWIcommand(unsigned char)
                        0x08001909   0x16  Code  Gb  OLED_I2C.o [1]
App::OLED::begin()      0x0800153f   0xec  Code  Gb  OLED_I2C.o [1]
App::OLED::clrPixel(unsigned short, unsigned short)
                        0x0800167f   0x42  Code  Gb  OLED_I2C.o [1]
App::OLED::clrScr()     0x0800162b   0x14  Code  Gb  OLED_I2C.o [1]
App::OLED::print(char *, int, int)
                        0x080016c1   0x64  Code  Gb  OLED_I2C.o [1]
App::OLED::setFont(unsigned char *)
                        0x080018e9   0x20  Code  Gb  OLED_I2C.o [1]
App::OLED::setPixel(unsigned short, unsigned short)
                        0x0800163f   0x40  Code  Gb  OLED_I2C.o [1]
App::OLED::update()     0x0800191f   0x6e  Code  Gb  OLED_I2C.o [1]
App::RunUI()            0x08001b9f   0xa4  Code  Gb  UIApp.o [1]
App::UI::ActiveScreen   0x200009c7    0x1  Data  Gb  UI.o [1]
App::UI::AddScreen(Bsp::Screen *, unsigned char)
                        0x08002825   0x28  Code  Gb  UIApp.o [1]
App::UI::DisplayScreen()
                        0x08003885   0x60  Code  Gb  UIApp.o [1]
App::UI::EventHamdler(Bsp::Screen::Event_t &)
                        0x08002585   0x46  Code  Gb  UI.o [1]
App::UI::GoToNextScreen()
                        0x0800384d   0x34  Code  Gb  Screen.o [1]
App::UI::GoToPreviousScreen()
                        0x0800383d   0x10  Code  Gb  Screen.o [1]
App::UI::Init()         0x08002567   0x1e  Code  Gb  UI.o [1]
App::UI::PreviousActiveScreen
                        0x200009c9    0x1  Data  Gb  UI.o [1]
App::UI::Run()          0x0800284d    0x8  Code  Gb  UIApp.o [1]
App::UI::SetActiveScreen(unsigned char)
                        0x08002de1   0x18  Code  Gb  UIApp.o [1]
App::UI::TotalRegisteredScreens
                        0x200009c8    0x1  Data  Gb  UI.o [1]
App::UI::UI(App::Nokia5110LCD *)
                        0x0800254d   0x1a  Code  Gb  UI.o [1]
App::aCurrent           0x20000884    0xc  Data  Gb  UIApp.o [1]
App::aVoltage           0x20000890    0xc  Data  Gb  UIApp.o [1]
App::ftoa(float, char *, int)
                        0x08001c9d   0xde  Code  Gb  UIApp.o [1]
App::gEvent             0x20000014    0x1  Data  Gb  UIApp.o [1]
App::intToStr(int, char *, int)
                        0x08001c5f   0x3e  Code  Gb  UIApp.o [1]
App::reverse(char *, int)
                        0x08001c43   0x1c  Code  Gb  UIApp.o [1]
Bsp::ClockManager::GetInstance()
                        0x08000ec1   0x14  Code  Gb  ClockManager.o [1]
Bsp::ClockManager::GetInstance(){1}::ClockManager_Instance
                        0x200009be    0x1  Data  Lc  ClockManager.o [1]
Bsp::ClockManager::PeripheralClockEnable(Bsp::ClockManager::Peripheral_t)
                        0x08000edd   0x4e  Code  Gb  ClockManager.o [1]
Bsp::ClockManager::m_pClockManager
                        0x200008a8    0x4  Data  Gb  ClockManager.o [1]
Bsp::ControlScreen::AddHandler(unsigned char, void (*)(), void (*)())
                        0x08002659   0x30  Code  Gb  ControlScreen.o [1]
Bsp::ControlScreen::AddText(char *)
                        0x0800280b   0x18  Code  Gb  UIApp.o [1]
Bsp::ControlScreen::ControlScreen()
                        0x080025f9   0x40  Code  Gb  ControlScreen.o [1]
Bsp::ControlScreen::EventHandler(Bsp::Screen::Event_t)
                        0x08002689   0x60  Code  Gb  ControlScreen.o [1]
Bsp::ControlScreen::GetScreenTextArray()
                        0x080043c1    0xa  Code  Gb  ControlScreen.o [1]
Bsp::ControlScreen::MovePointer(Bsp::ControlScreen::Direction_t)
                        0x080026e9   0x82  Code  Gb  ControlScreen.o [1]
Bsp::ControlScreen::~ControlScreen()
                        0x08002639   0x1a  Code  Gb  ControlScreen.o [1]
Bsp::GpioInput::ConfigureInterrupt()
                        0x080030f5   0x30  Code  Gb  GpioInput.o [1]
Bsp::GpioInput::EnableInterrupt()
                        0x080039d5   0x16  Code  Gb  GpioInput.o [1]
Bsp::GpioInput::ExtLineInterruptConfig()
                        0x08003125   0x80  Code  Gb  GpioInput.o [1]
Bsp::GpioInput::GpioInput(GPIO_TypeDef *, unsigned short, void (*)(), Bsp::GpioInput::IntOnWhichEdge, Bsp::GpioInput::EXTIMode)
                        0x08002edb   0x2c  Code  Gb  GpioInput.o [1]
Bsp::GpioInput::GpioInput(GPIO_TypeDef *, unsigned short, void (*)(), Bsp::GpioInput::IntOnWhichEdge, Bsp::GpioInput::EXTIMode) [subobject]
                        0x08002ec5   0x16  Code  Gb  GpioInput.o [1]
Bsp::GpioInput::HwInit()
                        0x08003073   0x82  Code  Gb  GpioInput.o [1]
Bsp::GpioInput::MapPin2ExtLine()
                        0x08002f07   0xb6  Code  Gb  GpioInput.o [1]
Bsp::GpioInput::MapPin2PinSource()
                        0x08002fbd   0xb6  Code  Gb  GpioInput.o [1]
Bsp::GpioOutput::ClearOutput()
                        0x08003577    0xe  Code  Gb  SpiDriver.o [1]
Bsp::GpioOutput::GpioOutput(GPIO_TypeDef *, unsigned short)
                        0x0800348b   0x1c  Code  Gb  GpioOutput.o [1]
Bsp::GpioOutput::GpioOutput(GPIO_TypeDef *, unsigned short) [subobject]
                        0x08003481    0xa  Code  Gb  GpioOutput.o [1]
Bsp::GpioOutput::HwInit()
                        0x080034a7   0x86  Code  Gb  GpioOutput.o [1]
Bsp::GpioOutput::SetOutput()
                        0x08003585    0xe  Code  Gb  SpiDriver.o [1]
Bsp::GpioOutput::ToggleOutput()
                        0x0800354d   0x2a  Code  Gb  GpioOutput.o [1]
Bsp::HwButtonIntr::ClearEvent(Bsp::HwButtonIntr::BtnEvent_t)
                        0x080031f7   0x10  Code  Gb  HwButtonIntr.o [1]
Bsp::HwButtonIntr::EventHandler()
                        0x08001fd9   0xb2  Code  Gb  HwButtonIntr.o [1]
Bsp::HwButtonIntr::HwButtonIntr(GPIO_TypeDef *, unsigned short, Bsp::GpioInput::IntOnWhichEdge, Bsp::GpioInput::EXTIMode)
                        0x08001e3d   0x5c  Code  Gb  HwButtonIntr.o [1]
Bsp::HwButtonIntr::HwInit()
                        0x08001e99    0xa  Code  Gb  HwButtonIntr.o [1]
Bsp::HwButtonIntr::ISR()
                        0x08003fb5   0x84  Code  Gb  HwButtonIntr.o [1]
Bsp::HwButtonIntr::RegisterEventHandler(Bsp::HwButtonIntr::BtnEvent_t, void (*)())
                        0x0800208b   0x28  Code  Gb  HwButtonIntr.o [1]
Bsp::HwButtonIntr::RunStateMachine()
                        0x08001ea3  0x116  Code  Gb  HwButtonIntr.o [1]
Bsp::HwButtonIntr::RunStateMachine()::ElapsedTime
                        0x200008ac    0x4  Data  Lc  HwButtonIntr.o [1]
Bsp::HwButtonIntr::RunStateMachine(){1}{10}::LastClickStateEntered
                        0x200008b0    0x4  Data  Lc  HwButtonIntr.o [1]
Bsp::HwButtonIntr::RunStateMachine(){1}{10}::temp
                        0x200008b4    0x4  Data  Lc  HwButtonIntr.o [1]
Bsp::HwButtonIntr::SetEvent(Bsp::HwButtonIntr::BtnEvent_t)
                        0x080031e9    0xe  Code  Gb  HwButtonIntr.o [1]
Bsp::HwButtonIntr::m_CurrentState
                        0x200009bf    0x1  Data  Gb  HwButtonIntr.o [1]
Bsp::HwButtonIntr::m_Pin
                        0x200009bc    0x2  Data  Gb  HwButtonIntr.o [1]
Bsp::I2CDriver::HwInit()
                        0x080009b5  0x1be  Code  Gb  I2CDriver.o [1]
Bsp::I2CDriver::I2CDriver(Bsp::I2CDriver::I2CInstance_t, void (*)(), Bsp::I2CDriver::I2CMode_t, Bsp::I2CDriver::I2CBaudRate_t)
                        0x08000999   0x1a  Code  Gb  I2CDriver.o [1]
Bsp::I2CDriver::Receive(unsigned char, unsigned char *, unsigned int)
                        0x08000c81  0x20a  Code  Gb  I2CDriver.o [1]
Bsp::I2CDriver::Send(unsigned char, unsigned char *, unsigned int)
                        0x08000b73  0x10e  Code  Gb  I2CDriver.o [1]
Bsp::I2CDriver::~I2CDriver()
                        0x080009b3    0x2  Code  Gb  I2CDriver.o [1]
Bsp::INA219::GetBusVoltage_V()
                        0x080024c9   0x1a  Code  Gb  INA219.o [1]
Bsp::INA219::GetBusVoltage_raw()
                        0x0800248d   0x1a  Code  Gb  INA219.o [1]
Bsp::INA219::GetCurrent_mA()
                        0x080024f5   0x20  Code  Gb  INA219.o [1]
Bsp::INA219::GetCurrent_raw()
                        0x080024a7   0x22  Code  Gb  INA219.o [1]
Bsp::INA219::GetPower_mW()
                        0x08002515   0x36  Code  Gb  INA219.o [1]
Bsp::INA219::INA219(Bsp::I2CDriver *, unsigned char)
                        0x080023ad    0xa  Code  Gb  INA219.o [1]
Bsp::INA219::ReadRegister(unsigned char, unsigned short *)
                        0x08002423   0x3a  Code  Gb  INA219.o [1]
Bsp::INA219::Run(Bsp::INA219::Power_t *)
                        0x080023b9   0x46  Code  Gb  INA219.o [1]
Bsp::INA219::SetCalibration_32V_2A()
                        0x0800245d   0x30  Code  Gb  INA219.o [1]
Bsp::INA219::WriteRegister(unsigned char, unsigned short)
                        0x080023ff   0x24  Code  Gb  INA219.o [1]
Bsp::INA219::~INA219()  0x080023b7    0x2  Code  Gb  INA219.o [1]
Bsp::InterruptManager::Enable_Interrupt(Bsp::InterruptManager::IRQn)
                        0x080004b7   0x30  Code  Gb  InterruptManager.o [1]
Bsp::InterruptManager::GetInstance()
                        0x08000489   0x2e  Code  Gb  InterruptManager.o [1]
Bsp::InterruptManager::GetInstance(){1}::InterruptManager_Instance
                        0x200009c1    0x1  Data  Lc  InterruptManager.o [1]
Bsp::InterruptManager::GetInstance(){1}::static guard for InterruptManager_Instance
                        0x200009c0    0x1  Data  Lc  InterruptManager.o [1]
Bsp::InterruptManager::NVIC_Config(Bsp::InterruptManager::IRQn, unsigned char, unsigned char)
                        0x080004e7   0x38  Code  Gb  InterruptManager.o [1]
Bsp::InterruptManager::RegisterInterrupt(Bsp::InterruptManager::IRQn, void (*)())
                        0x080000ed  0x39c  Code  Gb  InterruptManager.o [1]
Bsp::InterruptManager::m_ADC1_2_IRQHandler
                        0x20000924    0x4  Data  Gb  InterruptManager.o [1]
Bsp::InterruptManager::m_BusFault_Handler
                        0x200008c8    0x4  Data  Gb  InterruptManager.o [1]
Bsp::InterruptManager::m_CAN1_RX1_IRQHandler
                        0x20000930    0x4  Data  Gb  InterruptManager.o [1]
Bsp::InterruptManager::m_CAN1_SCE_IRQHandler
                        0x20000934    0x4  Data  Gb  InterruptManager.o [1]
Bsp::InterruptManager::m_DMA1_Channel1_IRQHandler
                        0x2000090c    0x4  Data  Gb  InterruptManager.o [1]
Bsp::InterruptManager::m_DMA1_Channel2_IRQHandler
                        0x20000910    0x4  Data  Gb  InterruptManager.o [1]
Bsp::InterruptManager::m_DMA1_Channel4_IRQHandler
                        0x20000914    0x4  Data  Gb  InterruptManager.o [1]
Bsp::InterruptManager::m_DMA1_Channel5_IRQHandler
                        0x20000918    0x4  Data  Gb  InterruptManager.o [1]
Bsp::InterruptManager::m_DMA1_Channel6_IRQHandler
                        0x2000091c    0x4  Data  Gb  InterruptManager.o [1]
Bsp::InterruptManager::m_DMA1_Channel7_IRQHandler
                        0x20000920    0x4  Data  Gb  InterruptManager.o [1]
Bsp::InterruptManager::m_DebugMon_Handler
                        0x200008d4    0x4  Data  Gb  InterruptManager.o [1]
Bsp::InterruptManager::m_EXTI0_IRQHandler
                        0x200008f8    0x4  Data  Gb  InterruptManager.o [1]
Bsp::InterruptManager::m_EXTI10_IRQHandler
                        0x20000998    0x4  Data  Gb  InterruptManager.o [1]
Bsp::InterruptManager::m_EXTI11_IRQHandler
                        0x2000099c    0x4  Data  Gb  InterruptManager.o [1]
Bsp::InterruptManager::m_EXTI12_IRQHandler
                        0x200009a0    0x4  Data  Gb  InterruptManager.o [1]
Bsp::InterruptManager::m_EXTI13_IRQHandler
                        0x200009a4    0x4  Data  Gb  InterruptManager.o [1]
Bsp::InterruptManager::m_EXTI14_IRQHandler
                        0x200009a8    0x4  Data  Gb  InterruptManager.o [1]
Bsp::InterruptManager::m_EXTI15_10_IRQHandler
                        0x20000978    0x4  Data  Gb  InterruptManager.o [1]
Bsp::InterruptManager::m_EXTI15_IRQHandler
                        0x200009ac    0x4  Data  Gb  InterruptManager.o [1]
Bsp::InterruptManager::m_EXTI1_IRQHandler
                        0x200008fc    0x4  Data  Gb  InterruptManager.o [1]
Bsp::InterruptManager::m_EXTI2_IRQHandler
                        0x20000900    0x4  Data  Gb  InterruptManager.o [1]
Bsp::InterruptManager::m_EXTI3_IRQHandler
                        0x20000904    0x4  Data  Gb  InterruptManager.o [1]
Bsp::InterruptManager::m_EXTI4_IRQHandler
                        0x20000908    0x4  Data  Gb  InterruptManager.o [1]
Bsp::InterruptManager::m_EXTI5_IRQHandler
                        0x20000984    0x4  Data  Gb  InterruptManager.o [1]
Bsp::InterruptManager::m_EXTI6_IRQHandler
                        0x20000988    0x4  Data  Gb  InterruptManager.o [1]
Bsp::InterruptManager::m_EXTI7_IRQHandler
                        0x2000098c    0x4  Data  Gb  InterruptManager.o [1]
Bsp::InterruptManager::m_EXTI8_IRQHandler
                        0x20000990    0x4  Data  Gb  InterruptManager.o [1]
Bsp::InterruptManager::m_EXTI9_5_IRQHandler
                        0x20000938    0x4  Data  Gb  InterruptManager.o [1]
Bsp::InterruptManager::m_EXTI9_IRQHandler
                        0x20000994    0x4  Data  Gb  InterruptManager.o [1]
Bsp::InterruptManager::m_FLASH_IRQHandler
                        0x200008f0    0x4  Data  Gb  InterruptManager.o [1]
Bsp::InterruptManager::m_HardFault_Handler
                        0x200008c0    0x4  Data  Gb  InterruptManager.o [1]
Bsp::InterruptManager::m_I2C1_ER_IRQHandler
                        0x20000958    0x4  Data  Gb  InterruptManager.o [1]
Bsp::InterruptManager::m_I2C2_ER_IRQHandler
                        0x20000960    0x4  Data  Gb  InterruptManager.o [1]
Bsp::InterruptManager::m_I2C2_EV_IRQHandler
                        0x2000095c    0x4  Data  Gb  InterruptManager.o [1]
Bsp::InterruptManager::m_MemManage_Handler
                        0x200008c4    0x4  Data  Gb  InterruptManager.o [1]
Bsp::InterruptManager::m_NMI_Handler
                        0x200008bc    0x4  Data  Gb  InterruptManager.o [1]
Bsp::InterruptManager::m_PVD_IRQHandler
                        0x200008e4    0x4  Data  Gb  InterruptManager.o [1]
Bsp::InterruptManager::m_PendSV_Handler
                        0x200008d8    0x4  Data  Gb  InterruptManager.o [1]
Bsp::InterruptManager::m_RCC_IRQHandler
                        0x200008f4    0x4  Data  Gb  InterruptManager.o [1]
Bsp::InterruptManager::m_RTCAlarm_IRQHandler
                        0x2000097c    0x4  Data  Gb  InterruptManager.o [1]
Bsp::InterruptManager::m_RTC_IRQHandler
                        0x200008ec    0x4  Data  Gb  InterruptManager.o [1]
Bsp::InterruptManager::m_SPI1_IRQHandler
                        0x20000964    0x4  Data  Gb  InterruptManager.o [1]
Bsp::InterruptManager::m_SPI2_IRQHandler
                        0x20000968    0x4  Data  Gb  InterruptManager.o [1]
Bsp::InterruptManager::m_SVC_Handler
                        0x200008d0    0x4  Data  Gb  InterruptManager.o [1]
Bsp::InterruptManager::m_SysTick_Handler
                        0x200008dc    0x4  Data  Gb  InterruptManager.o [1]
Bsp::InterruptManager::m_TAMPER_IRQHandler
                        0x200008e8    0x4  Data  Gb  InterruptManager.o [1]
Bsp::InterruptManager::m_TIM1_BRK_IRQHandler
                        0x2000093c    0x4  Data  Gb  InterruptManager.o [1]
Bsp::InterruptManager::m_TIM1_CC_IRQHandler
                        0x20000948    0x4  Data  Gb  InterruptManager.o [1]
Bsp::InterruptManager::m_TIM1_TRG_COM_IRQHandler
                        0x20000944    0x4  Data  Gb  InterruptManager.o [1]
Bsp::InterruptManager::m_TIM1_UP_IRQHandler
                        0x20000940    0x4  Data  Gb  InterruptManager.o [1]
Bsp::InterruptManager::m_TIM2_IRQHandler
                        0x2000094c    0x4  Data  Gb  InterruptManager.o [1]
Bsp::InterruptManager::m_TIM3_IRQHandler
                        0x20000950    0x4  Data  Gb  InterruptManager.o [1]
Bsp::InterruptManager::m_TIM4_IRQHandler
                        0x20000954    0x4  Data  Gb  InterruptManager.o [1]
Bsp::InterruptManager::m_USART1_IRQHandler
                        0x2000096c    0x4  Data  Gb  InterruptManager.o [1]
Bsp::InterruptManager::m_USART2_IRQHandler
                        0x20000970    0x4  Data  Gb  InterruptManager.o [1]
Bsp::InterruptManager::m_USART3_IRQHandler
                        0x20000974    0x4  Data  Gb  InterruptManager.o [1]
Bsp::InterruptManager::m_USBWakeUp_IRQHandler
                        0x20000980    0x4  Data  Gb  InterruptManager.o [1]
Bsp::InterruptManager::m_USB_HP_CAN1_TX_IRQHandler
                        0x20000928    0x4  Data  Gb  InterruptManager.o [1]
Bsp::InterruptManager::m_USB_LP_CAN1_RX0_IRQHandler
                        0x2000092c    0x4  Data  Gb  InterruptManager.o [1]
Bsp::InterruptManager::m_UsageFault_Handler
                        0x200008cc    0x4  Data  Gb  InterruptManager.o [1]
Bsp::InterruptManager::m_WWDG_IRQHandler
                        0x200008e0    0x4  Data  Gb  InterruptManager.o [1]
Bsp::InterruptManager::m_pInterruptManager
                        0x200008b8    0x4  Data  Gb  InterruptManager.o [1]
Bsp::Peripheral::GetClockManager()
                        0x08000eb9    0x8  Code  Gb  SpiDriver.o [1]
Bsp::Peripheral::GetInterruptManager()
                        0x080039cd    0x8  Code  Gb  GpioInput.o [1]
Bsp::Screen::AddText(char *)
                        0x0800279f    0xe  Code  Gb  Screen.o [1]
Bsp::Screen::EventHandler(Bsp::Screen::Event_t)
                        0x080027ef   0x1c  Code  Gb  Screen.o [1]
Bsp::Screen::GetScreenTextArray()
                        0x08003881    0x4  Code  Gb  UIApp.o [1]
Bsp::Screen::Screen()   0x0800277d   0x18  Code  Gb  Screen.o [1]
Bsp::Screen::Screen() [subobject]
                        0x0800276d    0x8  Code  Gb  Screen.o [1]
Bsp::Screen::SetText(unsigned char, unsigned char, char const *, unsigned char)
                        0x080027ad   0x42  Code  Gb  Screen.o [1]
Bsp::Screen::~Screen()  0x0800279d    0x2  Code  Gb  Screen.o [1]
Bsp::Screen::~Screen() [subobject]
                        0x08002775    0x8  Code  Gb  Screen.o [1]
Bsp::SpiDriver::ChipSelect(Bsp::SpiDriver::ChipSelect_t)
                        0x08003435   0x18  Code  Gb  SpiDriver.o [1]
Bsp::SpiDriver::HwInit()
                        0x0800322d  0x1e4  Code  Gb  SpiDriver.o [1]
Bsp::SpiDriver::HwInit()::ChipSelectObj
                        0x20000870   0x14  Data  Lc  SpiDriver.o [1]
Bsp::SpiDriver::HwInit()::static guard for ChipSelectObj
                        0x200009c6    0x1  Data  Lc  SpiDriver.o [1]
Bsp::SpiDriver::SendByte(unsigned char)
                        0x0800344d   0x34  Code  Gb  SpiDriver.o [1]
Bsp::SpiDriver::SpiDriver(Bsp::SpiDriver::SpiInstance_t, void (*)(), Bsp::SpiDriver::SpiMode_t, Bsp::SpiDriver::SpiBaudRate_t)
                        0x08003209   0x24  Code  Gb  SpiDriver.o [1]
Bsp::SysTickTimer::DelayTicks(unsigned int)
                        0x08002e91   0x34  Code  Gb  SysTickTimer.o [1]
Bsp::SysTickTimer::GetTicks()
                        0x080031c5    0xc  Code  Gb  SysTickTimer.o [1]
Bsp::SysTickTimer::GetTicksSince(unsigned int)
                        0x080031d1   0x18  Code  Gb  HwButtonIntr.o [1]
Bsp::SysTickTimer::HwInit(unsigned int)
                        0x08002e6d   0x24  Code  Gb  SysTickTimer.o [1]
Bsp::SysTickTimer::IncrementTicks()
                        0x080039bd   0x10  Code  Gb  SysTickTimer.o [1]
Bsp::SysTickTimer::m_ticks
                        0x200009b0    0x4  Data  Gb  SysTickTimer.o [1]
BusFault_Handler        0x080043ab    0x2  Code  Gb  stm32f10x_it.o [1]
CSTACK$$Base            0x20000ba0          --   Gb  - Linker created -
CSTACK$$Limit           0x200013a0          --   Gb  - Linker created -
DebugMon_Handler        0x080043b1    0x2  Code  Gb  stm32f10x_it.o [1]
DtorRecArray            0x200009cc    0xc  Data  Lc  cppinit.o [3]
EXTI0_IRQHandler        0x080006a3   0x18  Code  Gb  InterruptManager.o [1]
EXTI15_10_IRQHandler    0x080005c9   0xda  Code  Gb  InterruptManager.o [1]
EXTI1_IRQHandler        0x080006bb   0x18  Code  Gb  InterruptManager.o [1]
EXTI2_IRQHandler        0x080006d3   0x18  Code  Gb  InterruptManager.o [1]
EXTI3_IRQHandler        0x080006eb   0x18  Code  Gb  InterruptManager.o [1]
EXTI4_IRQHandler        0x08000703   0x18  Code  Gb  InterruptManager.o [1]
EXTI9_5_IRQHandler      0x0800051f   0xaa  Code  Gb  InterruptManager.o [1]
EXTI_ClearITPendingBit  0x0800097d    0x6  Code  Gb  stm32f10x_exti.o [1]
EXTI_GetITStatus        0x0800095d   0x20  Code  Gb  stm32f10x_exti.o [1]
EXTI_Init               0x080008d9   0x84  Code  Gb  stm32f10x_exti.o [1]
GPIO_EXTILineConfig     0x080012f7   0x56  Code  Gb  stm32f10x_gpio.o [1]
GPIO_Init               0x08001221   0xc4  Code  Gb  stm32f10x_gpio.o [1]
GPIO_WriteBit           0x080012e5   0x12  Code  Gb  stm32f10x_gpio.o [1]
HardFault_Handler       0x080043a7    0x2  Code  Gb  stm32f10x_it.o [1]
I2C_AcknowledgeConfig   0x08001475   0x1c  Code  Gb  stm32f10x_i2c.o [1]
I2C_CheckEvent          0x080014d1   0x24  Code  Gb  stm32f10x_i2c.o [1]
I2C_Cmd                 0x08001421   0x1c  Code  Gb  stm32f10x_i2c.o [1]
I2C_GenerateSTART       0x0800143d   0x1c  Code  Gb  stm32f10x_i2c.o [1]
I2C_GenerateSTOP        0x08001459   0x1c  Code  Gb  stm32f10x_i2c.o [1]
I2C_GetFlagStatus       0x080014f5   0x42  Code  Gb  stm32f10x_i2c.o [1]
I2C_Init                0x08001351   0xc4  Code  Gb  stm32f10x_i2c.o [1]
I2C_PECPositionConfig   0x080014b3   0x1e  Code  Gb  stm32f10x_i2c.o [1]
I2C_ReceiveData         0x08001497    0x6  Code  Gb  stm32f10x_i2c.o [1]
I2C_Send7bitAddress     0x0800149d   0x16  Code  Gb  stm32f10x_i2c.o [1]
I2C_SendData            0x08001491    0x6  Code  Gb  stm32f10x_i2c.o [1]
INA219_I2C              0x200007d4   0x18  Data  Gb  main.o [1]
Led::Led(GPIO_TypeDef *, unsigned short)
                        0x080025d9   0x1a  Code  Gb  Led.o [1]
Led::Toggle()           0x08002df9    0x8  Code  Gb  UIApp.o [1]
MemManage_Handler       0x080043a9    0x2  Code  Gb  stm32f10x_it.o [1]
NMI_Handler             0x080043a5    0x2  Code  Gb  stm32f10x_it.o [1]
NVIC_Init               0x0800082b   0x60  Code  Gb  misc.o [1]
NVIC_PriorityGroupConfig
                        0x08000821    0xa  Code  Gb  misc.o [1]
NVIC_SetVectorTable     0x0800088b    0xc  Code  Gb  misc.o [1]
PendSV_Handler          0x080043b3    0x2  Code  Gb  stm32f10x_it.o [1]
RCC_AHBPeriphClockCmd   0x08001123   0x20  Code  Gb  stm32f10x_rcc.o [1]
RCC_APB1PeriphClockCmd  0x08001163   0x20  Code  Gb  stm32f10x_rcc.o [1]
RCC_APB1PeriphResetCmd  0x08001183   0x20  Code  Gb  stm32f10x_rcc.o [1]
RCC_APB2PeriphClockCmd  0x08001143   0x20  Code  Gb  stm32f10x_rcc.o [1]
RCC_DeInit              0x08000f45   0x60  Code  Gb  stm32f10x_rcc.o [1]
RCC_GetClocksFreq       0x08001069   0xba  Code  Gb  stm32f10x_rcc.o [1]
RCC_GetFlagStatus       0x080011a3   0x3c  Code  Gb  stm32f10x_rcc.o [1]
RCC_GetSYSCLKSource     0x08001027    0xa  Code  Gb  stm32f10x_rcc.o [1]
RCC_HCLKConfig          0x08001031   0x12  Code  Gb  stm32f10x_rcc.o [1]
RCC_HSEConfig           0x08000fa5   0x54  Code  Gb  stm32f10x_rcc.o [1]
RCC_PCLK1Config         0x08001043   0x12  Code  Gb  stm32f10x_rcc.o [1]
RCC_PCLK2Config         0x08001055   0x14  Code  Gb  stm32f10x_rcc.o [1]
RCC_PLLCmd              0x0800100d    0x8  Code  Gb  stm32f10x_rcc.o [1]
RCC_PLLConfig           0x08000ff9   0x14  Code  Gb  stm32f10x_rcc.o [1]
RCC_SYSCLKConfig        0x08001015   0x12  Code  Gb  stm32f10x_rcc.o [1]
Region$$Table$$Base     0x080041fc          --   Gb  - Linker created -
Region$$Table$$Limit    0x08004224          --   Gb  - Linker created -
SHT$$INIT_ARRAY$$Base   0x080043e4          --   Gb  - Linker created -
SHT$$INIT_ARRAY$$Limit  0x080043ec          --   Gb  - Linker created -
SHT$$PREINIT_ARRAY$$Base
                        0x080043e4          --   Gb  - Linker created -
SHT$$PREINIT_ARRAY$$Limit
                        0x080043e4          --   Gb  - Linker created -
SPI_Cmd                 0x08003a2b   0x1c  Code  Gb  stm32f10x_spi.o [1]
SPI_I2S_GetFlagStatus   0x08003a4f   0x12  Code  Gb  stm32f10x_spi.o [1]
SPI_I2S_ReceiveData     0x08003a4b    0x4  Code  Gb  stm32f10x_spi.o [1]
SPI_I2S_SendData        0x08003a47    0x4  Code  Gb  stm32f10x_spi.o [1]
SPI_Init                0x080039ed   0x3e  Code  Gb  stm32f10x_spi.o [1]
SVC_Handler             0x080043af    0x2  Code  Gb  stm32f10x_it.o [1]
SysTick_CLKSourceConfig
                        0x08000897   0x20  Code  Gb  misc.o [1]
SysTick_Handler         0x08002e65    0x8  Code  Gb  SysTickTimer.o [1]
SystemInit              0x08003c41   0x54  Code  Gb  system_stm32f10x.o [1]
TinyFont                0x08003d98  0x124  Data  Gb  main.o [1]
UsageFault_Handler      0x080043ad    0x2  Code  Gb  stm32f10x_it.o [1]
Virtual function table for Bsp::ControlScreen
                        0x08004290   0x18  Data  Gb  ControlScreen.o [1]
Virtual function table for Bsp::GpioInput
                        0x080042d8   0x14  Data  Gb  GpioInput.o [1]
Virtual function table for Bsp::GpioOutput
                        0x080042ec   0x14  Data  Gb  GpioOutput.o [1]
Virtual function table for Bsp::HwButtonIntr
                        0x08004300   0x14  Data  Gb  HwButtonIntr.o [1]
Virtual function table for Bsp::I2CDriver
                        0x08004314   0x14  Data  Gb  I2CDriver.o [1]
Virtual function table for Bsp::INA219
                        0x08004364   0x10  Data  Gb  INA219.o [1]
Virtual function table for Bsp::Screen
                        0x080042a8   0x18  Data  Gb  Screen.o [1]
Virtual function table for Bsp::SpiDriver
                        0x08004350   0x14  Data  Gb  SpiDriver.o [1]
Virtual function table for Led
                        0x08004328   0x14  Data  Gb  Led.o [1]
[local to Nokia5110LCD_cpp]::App::ASCII
                        0x08003a60  0x1e0  Data  Lc  Nokia5110LCD.o [1]
[local to SysTickTimer_cpp]::NVIC_SetPriority(IRQn, unsigned int)
                        0x08002e01   0x22  Code  Lc  SysTickTimer.o [1]
[local to SysTickTimer_cpp]::SysTick_Config(unsigned int)
                        0x08002e23   0x2e  Code  Lc  SysTickTimer.o [1]
[local to UIApp_cpp]::App::HomeScreen
                        0x2000073c   0x4c  Data  Lc  UIApp.o [1]
[local to UIApp_cpp]::App::Led_PC13
                        0x2000081c   0x18  Data  Lc  UIApp.o [1]
[local to UIApp_cpp]::App::Power
                        0x2000089c    0xc  Data  Lc  UIApp.o [1]
[local to UIApp_cpp]::App::PowerMonitorScreen
                        0x200006a4   0x4c  Data  Lc  UIApp.o [1]
[local to UIApp_cpp]::App::SecondScreen
                        0x200006f0   0x4c  Data  Lc  UIApp.o [1]
[local to UIApp_cpp]::App::myControlScreen
                        0x20000538   0xd0  Data  Lc  UIApp.o [1]
[local to main_cpp]::prvSetupHardware()
                        0x08003f15   0x7e  Code  Lc  main.o [1]
[local to system_stm32f10x_c]::SetSysClock()
                        0x08003c95    0x8  Code  Lc  system_stm32f10x.o [1]
[local to system_stm32f10x_c]::SetSysClockTo72()
                        0x08003c9d   0xe0  Code  Lc  system_stm32f10x.o [1]
__aeabi_atexit          0x080023a1    0xa  Code  Gb  cxxabi.o [4]
__aeabi_cdcmpeq         0x08002ac9         Code  Gb  DblCmpEq.o [5]
__aeabi_cfcmple         0x08003635         Code  Gb  FltCmpLe.o [5]
__aeabi_d2f             0x08002d79         Code  Gb  DblToFlt.o [5]
__aeabi_ddiv            0x08002ae9         Code  Gb  DblDiv.o [5]
__aeabi_dmul            0x08002925         Code  Gb  DblMul.o [5]
__aeabi_f2d             0x08002d31         Code  Gb  FltToDbl.o [5]
__aeabi_f2iz            0x08002855         Code  Gb  FltToS32.o [5]
__aeabi_fdiv            0x08003699         Code  Gb  FltDiv.o [5]
__aeabi_fsub            0x080028a5         Code  Gb  FltSub.o [5]
__aeabi_i2d             0x08003659         Code  Gb  S32ToDbl.o [5]
__aeabi_i2f             0x08002881         Code  Gb  S32ToFlt.o [5]
__aeabi_memcpy          0x08003795         Code  Gb  ABImemcpy.o [6]
__aeabi_memcpy4         0x080037b5         Code  Gb  ABImemcpy.o [6]
__aeabi_memcpy8         0x080037b5         Code  Gb  ABImemcpy.o [6]
__aeabi_memset          0x0800198d         Code  Gb  ABImemset.o [6]
__aeabi_ui2f            0x0800367d         Code  Gb  U32ToFlt.o [5]
__aeabi_vec_ctor_nocookie_nodtor
                        0x08002379   0x28  Code  Gb  cxxabi.o [4]
__call_ctors            0x08003595   0x18  Code  Gb  cppinit.o [3]
__call_dtors            0x080035e3    0xc  Code  Gb  cppinit.o [3]
__call_dtors0           0x080035ef   0x36  Code  Gb  cppinit.o [3]
__cexit_call_dtors      0x0800426f         Code  Gb  cexit.o [6]
__cmain                 0x08004245         Code  Gb  cmain.o [6]
__cstart_call_dtors     0x0800447c         Data  Gb  cstart_call_dtors.o [6]
__cxa_atexit            0x080035ad   0x36  Code  Gb  cppinit.o [3]
__dso_handle            0x200009b8    0x4  Data  Gb  cppinit.o [3]
__exit                  0x0800427d   0x14  Code  Gb  exit.o [7]
__iar_Memset            0x0800198d         Code  Gb  ABImemset.o [6]
__iar_Memset_word       0x08001995         Code  Gb  ABImemset.o [6]
__iar_copy_init3        0x080041a9   0x2c  Code  Gb  copy_init3.o [6]
__iar_cstart_call_ctors
                        0x08004225   0x20  Code  Gb  cmain_call_ctors.o [6]
__iar_data_init3        0x080041d5   0x28  Code  Gb  data_init.o [6]
__iar_debug_exceptions  0x08001536    0x1  Data  Gb  unwind_debug.o [7]
__iar_fadd              0x080028b1         Code  Gb  FltSub.o [5]
__iar_fsub              0x080038e5         Code  Gb  FltAdd.o [5]
__iar_fsubStart         0x080038f5         Code  Gb  FltAdd.o [5]
__iar_program_start     0x080043b5         Code  Gb  cstartup_M.o [6]
__iar_systems$$module {Abs}
                        0x00000001         Data  Gb  command line/config [2]
__iar_tls$$INIT_ARRAY$$Base
                        0x080043ec          --   Gb  - Linker created -
__iar_tls$$INIT_ARRAY$$Limit
                        0x080043ec          --   Gb  - Linker created -
__iar_zero_init3        0x08004169   0x40  Code  Gb  zero_init3.o [6]
__low_level_init        0x08004263    0x4  Code  Gb  low_level_init.o [3]
__sti__routine          0x08003ebd   0x24  Code  Lc  main.o [1]
__sti__routine          0x08001a2d   0xd4  Code  Lc  UIApp.o [1]
__vector_table          0x08000000         Data  Gb  startup_stm32f10x_md.o [1]
_call_main              0x08004251         Code  Gb  cmain.o [6]
_exit                   0x0800426d         Code  Gb  cexit.o [6]
_main                   0x0800425f         Code  Gb  cmain.o [6]
exit                    0x08004267    0x4  Code  Gb  exit.o [3]
main                    0x08003ee1   0x34  Code  Gb  main.o [1]
myOLED                  0x20000018  0x414  Data  Gb  main.o [1]
next_abi_dtor_rec       0x200009b4    0x4  Data  Lc  cppinit.o [3]
strlen                  0x080019f5         Code  Gb  strlen.o [6]


[1] = C:\Amit Caudhary\STM32_IAR\Projects\IAR_Projects\PowerMonitor - WithoutHandler Array\Debug\Obj
[2] = command line
[3] = dl7M_tln.a
[4] = dlpp7M_tl_nc.a
[5] = m7M_tl.a
[6] = rt7M_tl.a
[7] = shb_l.a

  16 121 bytes of readonly  code memory
   1 411 bytes of readonly  data memory
   5 019 bytes of readwrite data memory

Errors: none
Warnings: none
