###############################################################################
#
# IAR ELF Linker V8.20.1.14183/W32 for ARM                04/Aug/2018  09:48:16
# Copyright 2007-2017 IAR Systems AB.
#
#    Output file  =  
#        C:\Amit
#        Caudhary\STM\STM32_IAR\IAR_Projects\Power_Monitor_2_Aug_2018\IAR\Debug\Exe\Power_Monitor_2_Aug_2018.out
#    Map file     =  
#        C:\Amit
#        Caudhary\STM\STM32_IAR\IAR_Projects\Power_Monitor_2_Aug_2018\IAR\Debug\List\Power_Monitor_2_Aug_2018.map
#    Command line =  
#        -f C:\Users\AMITCH~1\AppData\Local\Temp\EW7307.tmp ("C:\Amit
#        Caudhary\STM\STM32_IAR\IAR_Projects\Power_Monitor_2_Aug_2018\IAR\Debug\Obj\ClockManager.o"
#        "C:\Amit
#        Caudhary\STM\STM32_IAR\IAR_Projects\Power_Monitor_2_Aug_2018\IAR\Debug\Obj\GpioInput.o"
#        "C:\Amit
#        Caudhary\STM\STM32_IAR\IAR_Projects\Power_Monitor_2_Aug_2018\IAR\Debug\Obj\GpioOutput.o"
#        "C:\Amit
#        Caudhary\STM\STM32_IAR\IAR_Projects\Power_Monitor_2_Aug_2018\IAR\Debug\Obj\I2CDriver.o"
#        "C:\Amit
#        Caudhary\STM\STM32_IAR\IAR_Projects\Power_Monitor_2_Aug_2018\IAR\Debug\Obj\InterruptManager.o"
#        "C:\Amit
#        Caudhary\STM\STM32_IAR\IAR_Projects\Power_Monitor_2_Aug_2018\IAR\Debug\Obj\main.o"
#        "C:\Amit
#        Caudhary\STM\STM32_IAR\IAR_Projects\Power_Monitor_2_Aug_2018\IAR\Debug\Obj\misc.o"
#        "C:\Amit
#        Caudhary\STM\STM32_IAR\IAR_Projects\Power_Monitor_2_Aug_2018\IAR\Debug\Obj\Peripheral.o"
#        "C:\Amit
#        Caudhary\STM\STM32_IAR\IAR_Projects\Power_Monitor_2_Aug_2018\IAR\Debug\Obj\PortManager.o"
#        "C:\Amit
#        Caudhary\STM\STM32_IAR\IAR_Projects\Power_Monitor_2_Aug_2018\IAR\Debug\Obj\SpiDriver.o"
#        "C:\Amit
#        Caudhary\STM\STM32_IAR\IAR_Projects\Power_Monitor_2_Aug_2018\IAR\Debug\Obj\startup_stm32f10x_md.o"
#        "C:\Amit
#        Caudhary\STM\STM32_IAR\IAR_Projects\Power_Monitor_2_Aug_2018\IAR\Debug\Obj\stm32f10x_adc.o"
#        "C:\Amit
#        Caudhary\STM\STM32_IAR\IAR_Projects\Power_Monitor_2_Aug_2018\IAR\Debug\Obj\stm32f10x_bkp.o"
#        "C:\Amit
#        Caudhary\STM\STM32_IAR\IAR_Projects\Power_Monitor_2_Aug_2018\IAR\Debug\Obj\stm32f10x_can.o"
#        "C:\Amit
#        Caudhary\STM\STM32_IAR\IAR_Projects\Power_Monitor_2_Aug_2018\IAR\Debug\Obj\stm32f10x_cec.o"
#        "C:\Amit
#        Caudhary\STM\STM32_IAR\IAR_Projects\Power_Monitor_2_Aug_2018\IAR\Debug\Obj\stm32f10x_crc.o"
#        "C:\Amit
#        Caudhary\STM\STM32_IAR\IAR_Projects\Power_Monitor_2_Aug_2018\IAR\Debug\Obj\stm32f10x_dac.o"
#        "C:\Amit
#        Caudhary\STM\STM32_IAR\IAR_Projects\Power_Monitor_2_Aug_2018\IAR\Debug\Obj\stm32f10x_dbgmcu.o"
#        "C:\Amit
#        Caudhary\STM\STM32_IAR\IAR_Projects\Power_Monitor_2_Aug_2018\IAR\Debug\Obj\stm32f10x_dma.o"
#        "C:\Amit
#        Caudhary\STM\STM32_IAR\IAR_Projects\Power_Monitor_2_Aug_2018\IAR\Debug\Obj\stm32f10x_exti.o"
#        "C:\Amit
#        Caudhary\STM\STM32_IAR\IAR_Projects\Power_Monitor_2_Aug_2018\IAR\Debug\Obj\stm32f10x_flash.o"
#        "C:\Amit
#        Caudhary\STM\STM32_IAR\IAR_Projects\Power_Monitor_2_Aug_2018\IAR\Debug\Obj\stm32f10x_fsmc.o"
#        "C:\Amit
#        Caudhary\STM\STM32_IAR\IAR_Projects\Power_Monitor_2_Aug_2018\IAR\Debug\Obj\stm32f10x_gpio.o"
#        "C:\Amit
#        Caudhary\STM\STM32_IAR\IAR_Projects\Power_Monitor_2_Aug_2018\IAR\Debug\Obj\stm32f10x_i2c.o"
#        "C:\Amit
#        Caudhary\STM\STM32_IAR\IAR_Projects\Power_Monitor_2_Aug_2018\IAR\Debug\Obj\stm32f10x_it.o"
#        "C:\Amit
#        Caudhary\STM\STM32_IAR\IAR_Projects\Power_Monitor_2_Aug_2018\IAR\Debug\Obj\stm32f10x_iwdg.o"
#        "C:\Amit
#        Caudhary\STM\STM32_IAR\IAR_Projects\Power_Monitor_2_Aug_2018\IAR\Debug\Obj\stm32f10x_pwr.o"
#        "C:\Amit
#        Caudhary\STM\STM32_IAR\IAR_Projects\Power_Monitor_2_Aug_2018\IAR\Debug\Obj\stm32f10x_rcc.o"
#        "C:\Amit
#        Caudhary\STM\STM32_IAR\IAR_Projects\Power_Monitor_2_Aug_2018\IAR\Debug\Obj\stm32f10x_rtc.o"
#        "C:\Amit
#        Caudhary\STM\STM32_IAR\IAR_Projects\Power_Monitor_2_Aug_2018\IAR\Debug\Obj\stm32f10x_sdio.o"
#        "C:\Amit
#        Caudhary\STM\STM32_IAR\IAR_Projects\Power_Monitor_2_Aug_2018\IAR\Debug\Obj\stm32f10x_spi.o"
#        "C:\Amit
#        Caudhary\STM\STM32_IAR\IAR_Projects\Power_Monitor_2_Aug_2018\IAR\Debug\Obj\stm32f10x_tim.o"
#        "C:\Amit
#        Caudhary\STM\STM32_IAR\IAR_Projects\Power_Monitor_2_Aug_2018\IAR\Debug\Obj\stm32f10x_usart.o"
#        "C:\Amit
#        Caudhary\STM\STM32_IAR\IAR_Projects\Power_Monitor_2_Aug_2018\IAR\Debug\Obj\stm32f10x_wwdg.o"
#        "C:\Amit
#        Caudhary\STM\STM32_IAR\IAR_Projects\Power_Monitor_2_Aug_2018\IAR\Debug\Obj\system_stm32f10x.o"
#        "C:\Amit
#        Caudhary\STM\STM32_IAR\IAR_Projects\Power_Monitor_2_Aug_2018\IAR\Debug\Obj\SysTickTimer.o"
#        -o "C:\Amit
#        Caudhary\STM\STM32_IAR\IAR_Projects\Power_Monitor_2_Aug_2018\IAR\Debug\Exe\Power_Monitor_2_Aug_2018.out"
#        --map "C:\Amit
#        Caudhary\STM\STM32_IAR\IAR_Projects\Power_Monitor_2_Aug_2018\IAR\Debug\List\Power_Monitor_2_Aug_2018.map"
#        --config "C:\Program Files (x86)\IAR Systems\Embedded Workbench
#        8.0\arm\CONFIG\generic_cortex.icf" --semihosting --entry
#        __iar_program_start --vfe --text_out locale)
#
###############################################################################

*******************************************************************************
*** RUNTIME MODEL ATTRIBUTES
***

CppFlavor        = *
__CPP_Exceptions = Disabled
__CPP_Language   = C++14
__Heap_Handler   = Basic
__SystemLibrary  = DLib
__dlib_version   = 6


*******************************************************************************
*** HEAP SELECTION
***

The basic heap was selected because no calls to memory allocation
functions were found in the application outside of system library
functions, and there are calls to deallocation functions in the
application.


*******************************************************************************
*** PLACEMENT SUMMARY
***

"A0":  place at 0x00000000 { ro section .intvec };
"P1":  place in [from 0x00000000 to 0x0007ffff] { ro };
define block CSTACK with size = 1K, alignment = 8 { };
define block PROC_STACK with size = 0M, alignment = 8 { };
define block HEAP with size = 2K, alignment = 8 { };
"P3":  place in [from 0x00000000 to 0x00000000] |
                [from 0x20000000 to 0x2000ffff] {
          rw, block CSTACK, block PROC_STACK, block HEAP };

No sections matched the following patterns:

  ro section application_specific_ro  in "P2|P4"
  rw section application_specific_rw  in "P2|P4"


  Section          Kind        Address   Size  Object
  -------          ----        -------   ----  ------
"A0":                                    0xec
  .intvec          ro code  0x00000000   0xec  startup_stm32f10x_md.o [1]
                          - 0x000000ec   0xec

"P1":                                   0x7d4
  .text            ro code  0x000000ec  0x23c  InterruptManager.o [1]
  .text            ro code  0x00000328   0x30  stm32f10x_exti.o [1]
  .text            ro code  0x00000358  0x1a4  stm32f10x_rcc.o [1]
  .text            ro code  0x000004fc  0x158  system_stm32f10x.o [1]
  .text            ro code  0x00000654   0x8c  main.o [1]
  .text            ro code  0x000006e0   0x4c  misc.o [1]
  .text            ro code  0x0000072c   0x40  zero_init3.o [5]
  .text            ro code  0x0000076c   0x28  data_init.o [5]
  .iar.init_table  const    0x00000794   0x10  - Linker created -
  .text            ro code  0x000007a4   0x1e  cmain.o [5]
  .text            ro code  0x000007c2    0x4  low_level_init.o [3]
  .text            ro code  0x000007c6    0x4  exit.o [3]
  .rodata          const    0x000007ca    0x1  unwind_debug.o [6]
  .text            ro code  0x000007cc    0xa  cexit.o [5]
  .text            ro code  0x000007d8   0x14  exit.o [6]
  .text            ro code  0x000007ec   0x10  startup_stm32f10x_md.o [1]
  .text            ro code  0x000007fc   0x10  stm32f10x_it.o [1]
  .text            ro code  0x0000080c   0x10  SysTickTimer.o [1]
  .text            ro code  0x0000081c    0xc  cstartup_M.o [5]
  .text            ro code  0x00000828    0x8  SysTickTimer.o [1]
  .text            ro code  0x00000830    0x4  startup_stm32f10x_md.o [1]
  .text            ro code  0x00000834    0x4  startup_stm32f10x_md.o [1]
  .text            ro code  0x00000838    0x4  startup_stm32f10x_md.o [1]
  .text            ro code  0x0000083c    0x4  startup_stm32f10x_md.o [1]
  .text            ro code  0x00000840    0x4  startup_stm32f10x_md.o [1]
  .text            ro code  0x00000844    0x4  startup_stm32f10x_md.o [1]
  .text            ro code  0x00000848    0x4  startup_stm32f10x_md.o [1]
  .text            ro code  0x0000084c    0x4  startup_stm32f10x_md.o [1]
  .text            ro code  0x00000850    0x4  startup_stm32f10x_md.o [1]
  .text            ro code  0x00000854    0x4  startup_stm32f10x_md.o [1]
  .text            ro code  0x00000858    0x4  startup_stm32f10x_md.o [1]
  .text            ro code  0x0000085c    0x4  startup_stm32f10x_md.o [1]
  .text            ro code  0x00000860    0x4  startup_stm32f10x_md.o [1]
  .text            ro code  0x00000864    0x4  startup_stm32f10x_md.o [1]
  .text            ro code  0x00000868    0x4  startup_stm32f10x_md.o [1]
  .text            ro code  0x0000086c    0x4  startup_stm32f10x_md.o [1]
  .text            ro code  0x00000870    0x4  startup_stm32f10x_md.o [1]
  .text            ro code  0x00000874    0x4  startup_stm32f10x_md.o [1]
  .text            ro code  0x00000878    0x4  startup_stm32f10x_md.o [1]
  .text            ro code  0x0000087c    0x4  startup_stm32f10x_md.o [1]
  .text            ro code  0x00000880    0x4  startup_stm32f10x_md.o [1]
  .text            ro code  0x00000884    0x4  startup_stm32f10x_md.o [1]
  .text            ro code  0x00000888    0x4  startup_stm32f10x_md.o [1]
  .text            ro code  0x0000088c    0x4  startup_stm32f10x_md.o [1]
  .text            ro code  0x00000890    0x4  startup_stm32f10x_md.o [1]
  .text            ro code  0x00000894    0x4  startup_stm32f10x_md.o [1]
  .text            ro code  0x00000898    0x4  startup_stm32f10x_md.o [1]
  .text            ro code  0x0000089c    0x4  startup_stm32f10x_md.o [1]
  .text            ro code  0x000008a0    0x4  startup_stm32f10x_md.o [1]
  .text            ro code  0x000008a4    0x4  startup_stm32f10x_md.o [1]
  .text            ro code  0x000008a8    0x4  startup_stm32f10x_md.o [1]
  .text            ro code  0x000008ac    0x4  startup_stm32f10x_md.o [1]
  .text            ro code  0x000008b0    0x4  startup_stm32f10x_md.o [1]
  .text            ro code  0x000008b4    0x4  startup_stm32f10x_md.o [1]
  .text            ro code  0x000008b8    0x4  startup_stm32f10x_md.o [1]
  .text            ro code  0x000008bc    0x4  startup_stm32f10x_md.o [1]
  .rodata          const    0x000008c0    0x0  zero_init3.o [5]
                          - 0x000008c0  0x7d4

"P3", part 1 of 2:                       0x44
  .bss             zero     0x20000000    0x4  InterruptManager.o [1]
  .bss             zero     0x20000004    0x4  InterruptManager.o [1]
  .bss             zero     0x20000008    0x4  InterruptManager.o [1]
  .bss             zero     0x2000000c    0x4  InterruptManager.o [1]
  .bss             zero     0x20000010    0x4  InterruptManager.o [1]
  .bss             zero     0x20000014    0x4  InterruptManager.o [1]
  .bss             zero     0x20000018    0x4  InterruptManager.o [1]
  .bss             zero     0x2000001c    0x4  InterruptManager.o [1]
  .bss             zero     0x20000020    0x4  InterruptManager.o [1]
  .bss             zero     0x20000024    0x4  InterruptManager.o [1]
  .bss             zero     0x20000028    0x4  InterruptManager.o [1]
  .bss             zero     0x2000002c    0x4  InterruptManager.o [1]
  .bss             zero     0x20000030    0x4  InterruptManager.o [1]
  .bss             zero     0x20000034    0x4  InterruptManager.o [1]
  .bss             zero     0x20000038    0x4  InterruptManager.o [1]
  .bss             zero     0x2000003c    0x4  InterruptManager.o [1]
  .bss             zero     0x20000040    0x4  SysTickTimer.o [1]
                          - 0x20000044   0x44

"P3", part 2 of 2:                      0x400
  CSTACK                    0x20000048  0x400  <Block>
    CSTACK         uninit   0x20000048  0x400  <Block tail>
                          - 0x20000448  0x400


*******************************************************************************
*** INIT TABLE
***

          Address     Size
          -------     ----
Zero (__iar_zero_init3)
    1 destination range, total size 0x44:
          0x20000000  0x44



*******************************************************************************
*** MODULE SUMMARY
***

    Module                  ro code  ro data  rw data
    ------                  -------  -------  -------
C:\Amit Caudhary\STM\STM32_IAR\IAR_Projects\Power_Monitor_2_Aug_2018\IAR\Debug\Obj: [1]
    InterruptManager.o          572                64
    SysTickTimer.o               24                 4
    main.o                      140
    misc.o                       76
    startup_stm32f10x_md.o      396
    stm32f10x_exti.o             48
    stm32f10x_it.o               16
    stm32f10x_rcc.o             420
    system_stm32f10x.o          344
    -------------------------------------------------
    Total:                    2 036                68

command line: [2]
    -------------------------------------------------
    Total:

dl7M_tln.a: [3]
    exit.o                        4
    low_level_init.o              4
    -------------------------------------------------
    Total:                        8

dlpp7M_tl_nc.a: [4]
    -------------------------------------------------
    Total:

rt7M_tl.a: [5]
    cexit.o                      10
    cmain.o                      30
    cstartup_M.o                 12
    data_init.o                  40
    zero_init3.o                 64
    -------------------------------------------------
    Total:                      156

shb_l.a: [6]
    exit.o                       20
    unwind_debug.o                         1
    -------------------------------------------------
    Total:                       20        1

    Gaps                          3
    Linker created                        16    1 024
-----------------------------------------------------
    Grand Total:              2 223       17    1 092


*******************************************************************************
*** ENTRY LIST
***

Entry                      Address  Size  Type      Object
-----                      -------  ----  ----      ------
.iar.init_table$$Base   0x00000794         --   Gb  - Linker created -
.iar.init_table$$Limit  0x000007a4         --   Gb  - Linker created -
?main                   0x000007a5        Code  Gb  cmain.o [5]
Bsp::InterruptManager::m_EXTI0_IRQHandler
                        0x20000000   0x4  Data  Gb  InterruptManager.o [1]
Bsp::InterruptManager::m_EXTI10_IRQHandler
                        0x20000028   0x4  Data  Gb  InterruptManager.o [1]
Bsp::InterruptManager::m_EXTI11_IRQHandler
                        0x2000002c   0x4  Data  Gb  InterruptManager.o [1]
Bsp::InterruptManager::m_EXTI12_IRQHandler
                        0x20000030   0x4  Data  Gb  InterruptManager.o [1]
Bsp::InterruptManager::m_EXTI13_IRQHandler
                        0x20000034   0x4  Data  Gb  InterruptManager.o [1]
Bsp::InterruptManager::m_EXTI14_IRQHandler
                        0x20000038   0x4  Data  Gb  InterruptManager.o [1]
Bsp::InterruptManager::m_EXTI15_IRQHandler
                        0x2000003c   0x4  Data  Gb  InterruptManager.o [1]
Bsp::InterruptManager::m_EXTI1_IRQHandler
                        0x20000004   0x4  Data  Gb  InterruptManager.o [1]
Bsp::InterruptManager::m_EXTI2_IRQHandler
                        0x20000008   0x4  Data  Gb  InterruptManager.o [1]
Bsp::InterruptManager::m_EXTI3_IRQHandler
                        0x2000000c   0x4  Data  Gb  InterruptManager.o [1]
Bsp::InterruptManager::m_EXTI4_IRQHandler
                        0x20000010   0x4  Data  Gb  InterruptManager.o [1]
Bsp::InterruptManager::m_EXTI5_IRQHandler
                        0x20000014   0x4  Data  Gb  InterruptManager.o [1]
Bsp::InterruptManager::m_EXTI6_IRQHandler
                        0x20000018   0x4  Data  Gb  InterruptManager.o [1]
Bsp::InterruptManager::m_EXTI7_IRQHandler
                        0x2000001c   0x4  Data  Gb  InterruptManager.o [1]
Bsp::InterruptManager::m_EXTI8_IRQHandler
                        0x20000020   0x4  Data  Gb  InterruptManager.o [1]
Bsp::InterruptManager::m_EXTI9_IRQHandler
                        0x20000024   0x4  Data  Gb  InterruptManager.o [1]
Bsp::SysTickTimer::IncrementTicks()
                        0x0000080d  0x10  Code  Gb  SysTickTimer.o [1]
Bsp::SysTickTimer::m_ticks
                        0x20000040   0x4  Data  Gb  SysTickTimer.o [1]
BusFault_Handler        0x00000803   0x2  Code  Gb  stm32f10x_it.o [1]
CSTACK$$Base            0x20000048         --   Gb  - Linker created -
CSTACK$$Limit           0x20000448         --   Gb  - Linker created -
DebugMon_Handler        0x00000809   0x2  Code  Gb  stm32f10x_it.o [1]
EXTI0_IRQHandler        0x00000271  0x18  Code  Gb  InterruptManager.o [1]
EXTI15_10_IRQHandler    0x00000197  0xda  Code  Gb  InterruptManager.o [1]
EXTI1_IRQHandler        0x00000289  0x18  Code  Gb  InterruptManager.o [1]
EXTI2_IRQHandler        0x000002a1  0x18  Code  Gb  InterruptManager.o [1]
EXTI3_IRQHandler        0x000002b9  0x18  Code  Gb  InterruptManager.o [1]
EXTI4_IRQHandler        0x000002d1  0x18  Code  Gb  InterruptManager.o [1]
EXTI9_5_IRQHandler      0x000000ed  0xaa  Code  Gb  InterruptManager.o [1]
EXTI_ClearITPendingBit  0x00000349   0x6  Code  Gb  stm32f10x_exti.o [1]
EXTI_GetITStatus        0x00000329  0x20  Code  Gb  stm32f10x_exti.o [1]
HardFault_Handler       0x000007ff   0x2  Code  Gb  stm32f10x_it.o [1]
MemManage_Handler       0x00000801   0x2  Code  Gb  stm32f10x_it.o [1]
NMI_Handler             0x000007fd   0x2  Code  Gb  stm32f10x_it.o [1]
NVIC_PriorityGroupConfig
                        0x000006e1   0xa  Code  Gb  misc.o [1]
NVIC_SetVectorTable     0x000006eb   0xc  Code  Gb  misc.o [1]
PendSV_Handler          0x0000080b   0x2  Code  Gb  stm32f10x_it.o [1]
RCC_APB2PeriphClockCmd  0x0000047d  0x20  Code  Gb  stm32f10x_rcc.o [1]
RCC_DeInit              0x00000359  0x60  Code  Gb  stm32f10x_rcc.o [1]
RCC_GetFlagStatus       0x0000049d  0x3c  Code  Gb  stm32f10x_rcc.o [1]
RCC_GetSYSCLKSource     0x0000043b   0xa  Code  Gb  stm32f10x_rcc.o [1]
RCC_HCLKConfig          0x00000445  0x12  Code  Gb  stm32f10x_rcc.o [1]
RCC_HSEConfig           0x000003b9  0x54  Code  Gb  stm32f10x_rcc.o [1]
RCC_PCLK1Config         0x00000457  0x12  Code  Gb  stm32f10x_rcc.o [1]
RCC_PCLK2Config         0x00000469  0x14  Code  Gb  stm32f10x_rcc.o [1]
RCC_PLLCmd              0x00000421   0x8  Code  Gb  stm32f10x_rcc.o [1]
RCC_PLLConfig           0x0000040d  0x14  Code  Gb  stm32f10x_rcc.o [1]
RCC_SYSCLKConfig        0x00000429  0x12  Code  Gb  stm32f10x_rcc.o [1]
Region$$Table$$Base     0x00000794         --   Gb  - Linker created -
Region$$Table$$Limit    0x000007a4         --   Gb  - Linker created -
SVC_Handler             0x00000807   0x2  Code  Gb  stm32f10x_it.o [1]
SysTick_CLKSourceConfig
                        0x000006f7  0x20  Code  Gb  misc.o [1]
SysTick_Handler         0x00000829   0x8  Code  Gb  SysTickTimer.o [1]
SystemInit              0x000004fd  0x54  Code  Gb  system_stm32f10x.o [1]
UsageFault_Handler      0x00000805   0x2  Code  Gb  stm32f10x_it.o [1]
[local to main_cpp]::prvSetupHardware()
                        0x0000065d  0x7e  Code  Lc  main.o [1]
[local to system_stm32f10x_c]::SetSysClock()
                        0x00000551   0x8  Code  Lc  system_stm32f10x.o [1]
[local to system_stm32f10x_c]::SetSysClockTo72()
                        0x00000559  0xe0  Code  Lc  system_stm32f10x.o [1]
__cmain                 0x000007a5        Code  Gb  cmain.o [5]
__exit                  0x000007d9  0x14  Code  Gb  exit.o [6]
__iar_data_init3        0x0000076d  0x28  Code  Gb  data_init.o [5]
__iar_debug_exceptions  0x000007ca   0x1  Data  Gb  unwind_debug.o [6]
__iar_program_start     0x0000081d        Code  Gb  cstartup_M.o [5]
__iar_systems$$module {Abs}
                        0x00000001        Data  Gb  command line/config [2]
__iar_zero_init3        0x0000072d  0x40  Code  Gb  zero_init3.o [5]
__low_level_init        0x000007c3   0x4  Code  Gb  low_level_init.o [3]
__vector_table          0x00000000        Data  Gb  startup_stm32f10x_md.o [1]
_call_main              0x000007b1        Code  Gb  cmain.o [5]
_exit                   0x000007cd        Code  Gb  cexit.o [5]
_main                   0x000007bf        Code  Gb  cmain.o [5]
exit                    0x000007c7   0x4  Code  Gb  exit.o [3]
main                    0x00000655   0x8  Code  Gb  main.o [1]


[1] = C:\Amit Caudhary\STM\STM32_IAR\IAR_Projects\Power_Monitor_2_Aug_2018\IAR\Debug\Obj
[2] = command line
[3] = dl7M_tln.a
[4] = dlpp7M_tl_nc.a
[5] = rt7M_tl.a
[6] = shb_l.a

  2 223 bytes of readonly  code memory
     17 bytes of readonly  data memory
  1 092 bytes of readwrite data memory

Errors: none
Warnings: none
