###############################################################################
#
# IAR ELF Linker V8.30.1.114/W32 for ARM                  13/Sep/2018  16:40:35
# Copyright 2007-2018 IAR Systems AB.
#
#    Output file  =  
#        C:\Amit_Chaudhary\STM32\Projects\IAR\IAR_Projects\Main\Main_Temp_Common_Init\IAR\Debug\Exe\Main.out
#    Map file     =  
#        C:\Amit_Chaudhary\STM32\Projects\IAR\IAR_Projects\Main\Main_Temp_Common_Init\IAR\Debug\List\Main.map
#    Command line =  
#        -f C:\Users\achaudha\AppData\Local\Temp\EW336D.tmp
#        (C:\Amit_Chaudhary\STM32\Projects\IAR\IAR_Projects\Main\Main_Temp_Common_Init\IAR\Debug\Obj\GpioInput.o
#        C:\Amit_Chaudhary\STM32\Projects\IAR\IAR_Projects\Main\Main_Temp_Common_Init\IAR\Debug\Obj\GpioOutput.o
#        C:\Amit_Chaudhary\STM32\Projects\IAR\IAR_Projects\Main\Main_Temp_Common_Init\IAR\Debug\Obj\I2C_Base.o
#        C:\Amit_Chaudhary\STM32\Projects\IAR\IAR_Projects\Main\Main_Temp_Common_Init\IAR\Debug\Obj\I2C_Master.o
#        C:\Amit_Chaudhary\STM32\Projects\IAR\IAR_Projects\Main\Main_Temp_Common_Init\IAR\Debug\Obj\I2C_Slave.o
#        C:\Amit_Chaudhary\STM32\Projects\IAR\IAR_Projects\Main\Main_Temp_Common_Init\IAR\Debug\Obj\INA219.o
#        C:\Amit_Chaudhary\STM32\Projects\IAR\IAR_Projects\Main\Main_Temp_Common_Init\IAR\Debug\Obj\Interrupt.o
#        C:\Amit_Chaudhary\STM32\Projects\IAR\IAR_Projects\Main\Main_Temp_Common_Init\IAR\Debug\Obj\main.o
#        C:\Amit_Chaudhary\STM32\Projects\IAR\IAR_Projects\Main\Main_Temp_Common_Init\IAR\Debug\Obj\Nokia5110LCD.o
#        C:\Amit_Chaudhary\STM32\Projects\IAR\IAR_Projects\Main\Main_Temp_Common_Init\IAR\Debug\Obj\Peripheral.o
#        C:\Amit_Chaudhary\STM32\Projects\IAR\IAR_Projects\Main\Main_Temp_Common_Init\IAR\Debug\Obj\SPI_Base.o
#        C:\Amit_Chaudhary\STM32\Projects\IAR\IAR_Projects\Main\Main_Temp_Common_Init\IAR\Debug\Obj\SPI_DMA.o
#        C:\Amit_Chaudhary\STM32\Projects\IAR\IAR_Projects\Main\Main_Temp_Common_Init\IAR\Debug\Obj\SPI_IT.o
#        C:\Amit_Chaudhary\STM32\Projects\IAR\IAR_Projects\Main\Main_Temp_Common_Init\IAR\Debug\Obj\SPI_Poll.o
#        C:\Amit_Chaudhary\STM32\Projects\IAR\IAR_Projects\Main\Main_Temp_Common_Init\IAR\Debug\Obj\startup_stm32f103xb.o
#        C:\Amit_Chaudhary\STM32\Projects\IAR\IAR_Projects\Main\Main_Temp_Common_Init\IAR\Debug\Obj\stm32f1xx_hal.o
#        C:\Amit_Chaudhary\STM32\Projects\IAR\IAR_Projects\Main\Main_Temp_Common_Init\IAR\Debug\Obj\stm32f1xx_hal_cortex.o
#        C:\Amit_Chaudhary\STM32\Projects\IAR\IAR_Projects\Main\Main_Temp_Common_Init\IAR\Debug\Obj\stm32f1xx_hal_dma.o
#        C:\Amit_Chaudhary\STM32\Projects\IAR\IAR_Projects\Main\Main_Temp_Common_Init\IAR\Debug\Obj\stm32f1xx_hal_gpio.o
#        C:\Amit_Chaudhary\STM32\Projects\IAR\IAR_Projects\Main\Main_Temp_Common_Init\IAR\Debug\Obj\stm32f1xx_hal_gpio_ex.o
#        C:\Amit_Chaudhary\STM32\Projects\IAR\IAR_Projects\Main\Main_Temp_Common_Init\IAR\Debug\Obj\stm32f1xx_hal_i2c.o
#        C:\Amit_Chaudhary\STM32\Projects\IAR\IAR_Projects\Main\Main_Temp_Common_Init\IAR\Debug\Obj\stm32f1xx_hal_pwr.o
#        C:\Amit_Chaudhary\STM32\Projects\IAR\IAR_Projects\Main\Main_Temp_Common_Init\IAR\Debug\Obj\stm32f1xx_hal_rcc.o
#        C:\Amit_Chaudhary\STM32\Projects\IAR\IAR_Projects\Main\Main_Temp_Common_Init\IAR\Debug\Obj\stm32f1xx_hal_rcc_ex.o
#        C:\Amit_Chaudhary\STM32\Projects\IAR\IAR_Projects\Main\Main_Temp_Common_Init\IAR\Debug\Obj\stm32f1xx_hal_spi.o
#        C:\Amit_Chaudhary\STM32\Projects\IAR\IAR_Projects\Main\Main_Temp_Common_Init\IAR\Debug\Obj\stm32f1xx_it.o
#        C:\Amit_Chaudhary\STM32\Projects\IAR\IAR_Projects\Main\Main_Temp_Common_Init\IAR\Debug\Obj\stm32f1xx_ll_exti.o
#        C:\Amit_Chaudhary\STM32\Projects\IAR\IAR_Projects\Main\Main_Temp_Common_Init\IAR\Debug\Obj\system_stm32f1xx.o
#        C:\Amit_Chaudhary\STM32\Projects\IAR\IAR_Projects\Main\Main_Temp_Common_Init\IAR\Debug\Obj\Test.o
#        --no_out_extension -o
#        C:\Amit_Chaudhary\STM32\Projects\IAR\IAR_Projects\Main\Main_Temp_Common_Init\IAR\Debug\Exe\Main.out
#        --redirect _Printf=_PrintfFullNoMb --redirect _Scanf=_ScanfFullNoMb
#        --map
#        C:\Amit_Chaudhary\STM32\Projects\IAR\IAR_Projects\Main\Main_Temp_Common_Init\IAR\Debug\List\Main.map
#        --config
#        C:\Amit_Chaudhary\STM32\Projects\IAR\IAR_Projects\CPP_Drivers\Gpio\System\stm32f103x8.icf
#        --semihosting --entry __iar_program_start --vfe --text_out locale)
#
###############################################################################

*******************************************************************************
*** RUNTIME MODEL ATTRIBUTES
***

CppFlavor        = *
__CPP_Exceptions = Disabled
__CPP_Language   = C++14
__Heap_Handler   = Basic
__SystemLibrary  = DLib
__dlib_version   = 6


*******************************************************************************
*** HEAP SELECTION
***

The basic heap was selected because some modules are built with
size limitations (and not runtime checking), and --advanced_heap
was not specified.


*******************************************************************************
*** PLACEMENT SUMMARY
***

"A0":  place at 0x800'0000 { ro section .intvec };
"P1":  place in [from 0x800'0000 to 0x800'ffff] { ro };
define block CSTACK with size = 2K, alignment = 8 { };
define block HEAP with size = 2K, alignment = 8 { };
"P2":  place in [from 0x2000'0000 to 0x2000'4fff] {
          rw, block CSTACK, block HEAP };
initialize by copy { rw };

  Section            Kind         Address    Size  Object
  -------            ----         -------    ----  ------
"A0":                                        0xec
  .intvec            ro code   0x800'0000    0xec  startup_stm32f103xb.o [1]
                             - 0x800'00ec    0xec

"P1":                                      0x1e6c
  .text              ro code   0x800'00ec   0x608  stm32f1xx_hal_rcc.o [1]
  .text              ro code   0x800'06f4     0xc  stm32f1xx_hal.o [1]
  .text              ro code   0x800'0700    0x3c  stm32f1xx_hal.o [1]
  .text              ro code   0x800'073c    0x86  ABImemcpy.o [5]
  .text              ro code   0x800'07c2    0x3a  zero_init3.o [5]
  .text              ro code   0x800'07fc   0x14a  stm32f1xx_hal_cortex.o [1]
  .rodata            const     0x800'0946     0x2  stm32f1xx_hal_rcc.o [1]
  .text              ro code   0x800'0948    0x8c  Interrupt.o [1]
  .text              ro code   0x800'09d4   0x34e  stm32f1xx_hal_spi.o [1]
  .rodata            const     0x800'0d22     0x1  unwind_debug.o [6]
  .text              ro code   0x800'0d24   0x2a8  SPI_Base.o [1]
  .text              ro code   0x800'0fcc   0x280  stm32f1xx_hal_gpio.o [1]
  .text              ro code   0x800'124c   0x1e4  Nokia5110LCD.o [1]
  .text              ro code   0x800'1430    0x10  SPI_Poll.o [1]
  .text              ro code   0x800'1440    0x1e  stm32f1xx_hal.o [1]
  .text              ro code   0x800'145e    0x10  SPI_Poll.o [1]
  .rodata            const     0x800'1470   0x1e0  Nokia5110LCD.o [1]
  .text              ro code   0x800'1650   0x168  Test.o [1]
  .text              ro code   0x800'17b8   0x13c  GpioOutput.o [1]
  .text              ro code   0x800'18f4   0x140  SPI_Poll.o [1]
  .text              ro code   0x800'1a34     0xa  cxxabi.o [3]
  .text              ro code   0x800'1a3e    0x10  Test.o [1]
  .text              ro code   0x800'1a4e     0xc  SPI_Poll.o [1]
  .text              ro code   0x800'1a5a     0xc  SPI_Poll.o [1]
  .text              ro code   0x800'1a68    0x88  cppinit.o [2]
  .text              ro code   0x800'1af0     0xc  SPI_Poll.o [1]
  .text              ro code   0x800'1afc     0xe  SPI_Poll.o [1]
  .text              ro code   0x800'1b0c    0x9a  main.o [1]
  .text              ro code   0x800'1ba8    0x2a  stm32f1xx_hal.o [1]
  .rodata            const     0x800'1bd4    0x60  main.o [1]
  .text              ro code   0x800'1c34    0x58  system_stm32f1xx.o [1]
  .text              ro code   0x800'1c8c    0x30  iarttio.o [6]
  .text              ro code   0x800'1cbc     0xc  XShttio.o [2]
  .rodata            const     0x800'1cc8    0x2c  SPI_Poll.o [1]
  .text              ro code   0x800'1cf4    0x2c  copy_init3.o [5]
  .text              ro code   0x800'1d20    0x28  data_init.o [5]
  .iar.init_table    const     0x800'1d48    0x24  - Linker created -
  .text              ro code   0x800'1d6c    0x1e  cmain.o [5]
  .text              ro code   0x800'1d8a     0x4  low_level_init.o [2]
  .text              ro code   0x800'1d8e     0x4  exit.o [2]
  .text              ro code   0x800'1d94     0xe  cexit.o [5]
  .text              ro code   0x800'1da4    0x14  exit.o [6]
  .rodata            const     0x800'1db8    0x1c  GpioOutput.o [1]
  .rodata            const     0x800'1dd4    0x1c  SPI_Poll.o [1]
  .text              ro code   0x800'1df0    0x1c  stm32f1xx_it.o [1]
  .text              ro code   0x800'1e0c    0x10  stm32f1xx_hal.o [1]
  .text              ro code   0x800'1e1c    0x18  Test.o [1]
  .text              ro code   0x800'1e34     0x6  Test.o [1]
  .rodata            const     0x800'1e3c    0x10  Nokia5110LCD.o [1]
  .rodata            const     0x800'1e4c    0x10  stm32f1xx_hal_rcc.o [1]
  .rodata            const     0x800'1e5c    0x10  system_stm32f1xx.o [1]
  .rodata            const     0x800'1e6c    0x10  Test.o [1]
  .text              ro code   0x800'1e7c    0x10  startup_stm32f103xb.o [1]
  .text              ro code   0x800'1e8c     0xc  cstartup_M.o [5]
  Initializer bytes  const     0x800'1e98     0xc  <for P2-1>
  .rodata            const     0x800'1ea4     0x8  Test.o [1]
  .text              ro code   0x800'1eac     0x4  startup_stm32f103xb.o [1]
  .text              ro code   0x800'1eb0     0x4  startup_stm32f103xb.o [1]
  .text              ro code   0x800'1eb4     0x4  startup_stm32f103xb.o [1]
  .text              ro code   0x800'1eb8     0x4  startup_stm32f103xb.o [1]
  .text              ro code   0x800'1ebc     0x4  startup_stm32f103xb.o [1]
  .text              ro code   0x800'1ec0     0x4  startup_stm32f103xb.o [1]
  .text              ro code   0x800'1ec4     0x4  startup_stm32f103xb.o [1]
  .text              ro code   0x800'1ec8     0x4  startup_stm32f103xb.o [1]
  .text              ro code   0x800'1ecc     0x4  startup_stm32f103xb.o [1]
  .text              ro code   0x800'1ed0     0x4  startup_stm32f103xb.o [1]
  .text              ro code   0x800'1ed4     0x4  startup_stm32f103xb.o [1]
  .text              ro code   0x800'1ed8     0x4  startup_stm32f103xb.o [1]
  .text              ro code   0x800'1edc     0x4  startup_stm32f103xb.o [1]
  .text              ro code   0x800'1ee0     0x4  startup_stm32f103xb.o [1]
  .text              ro code   0x800'1ee4     0x4  startup_stm32f103xb.o [1]
  .text              ro code   0x800'1ee8     0x4  startup_stm32f103xb.o [1]
  .text              ro code   0x800'1eec     0x4  startup_stm32f103xb.o [1]
  .text              ro code   0x800'1ef0     0x4  startup_stm32f103xb.o [1]
  .text              ro code   0x800'1ef4     0x4  startup_stm32f103xb.o [1]
  .text              ro code   0x800'1ef8     0x4  startup_stm32f103xb.o [1]
  .text              ro code   0x800'1efc     0x4  startup_stm32f103xb.o [1]
  .text              ro code   0x800'1f00     0x4  startup_stm32f103xb.o [1]
  .text              ro code   0x800'1f04     0x4  startup_stm32f103xb.o [1]
  .text              ro code   0x800'1f08     0x4  startup_stm32f103xb.o [1]
  .text              ro code   0x800'1f0c     0x4  startup_stm32f103xb.o [1]
  .text              ro code   0x800'1f10     0x4  startup_stm32f103xb.o [1]
  .text              ro code   0x800'1f14     0x4  startup_stm32f103xb.o [1]
  .text              ro code   0x800'1f18     0x4  startup_stm32f103xb.o [1]
  .text              ro code   0x800'1f1c     0x4  startup_stm32f103xb.o [1]
  .text              ro code   0x800'1f20     0x4  startup_stm32f103xb.o [1]
  .text              ro code   0x800'1f24     0x4  startup_stm32f103xb.o [1]
  .text              ro code   0x800'1f28     0x4  startup_stm32f103xb.o [1]
  .text              ro code   0x800'1f2c     0x4  startup_stm32f103xb.o [1]
  .text              ro code   0x800'1f30     0x4  startup_stm32f103xb.o [1]
  .text              ro code   0x800'1f34     0x4  startup_stm32f103xb.o [1]
  .text              ro code   0x800'1f38     0x4  startup_stm32f103xb.o [1]
  .text              ro code   0x800'1f3c     0x4  startup_stm32f103xb.o [1]
  .text              ro code   0x800'1f40     0x4  startup_stm32f103xb.o [1]
  .text              ro code   0x800'1f44     0x4  startup_stm32f103xb.o [1]
  .text              ro code   0x800'1f48     0x4  startup_stm32f103xb.o [1]
  .text              ro code   0x800'1f4c     0x4  startup_stm32f103xb.o [1]
  .text              ro code   0x800'1f50     0x4  startup_stm32f103xb.o [1]
  .text              ro code   0x800'1f54     0x4  startup_stm32f103xb.o [1]
  .text              ro code   0x800'1f58     0x0  cstart_call_dtors.o [5]
  .rodata            const     0x800'1f58     0x0  zero_init3.o [5]
  .rodata            const     0x800'1f58     0x0  copy_init3.o [5]
                             - 0x800'1f58  0x1e6c

Absolute sections:                          0x100
  .noinit            uninit   0x2000'0100   0x100  Interrupt.o [1]
                            - 0x2000'0200   0x100

"P2", part 1 of 3:                            0xc
  P2-1                        0x2000'0200     0xc  <Init block>
    .data            inited   0x2000'0200     0x4  system_stm32f1xx.o [1]
    .data            inited   0x2000'0204     0x8  XShttio.o [2]
                            - 0x2000'020c     0xc

"P2", part 2 of 3:                          0x124
  .bss               zero     0x2000'020c    0x58  SPI_Base.o [1]
  .bss               zero     0x2000'0264    0x58  SPI_Base.o [1]
  .bss               zero     0x2000'02bc    0x14  Test.o [1]
  .bss               zero     0x2000'02d0     0xc  Test.o [1]
  .bss               zero     0x2000'02dc     0xc  Test.o [1]
  .bss               zero     0x2000'02e8     0xc  Test.o [1]
  .bss               zero     0x2000'02f4     0xc  Test.o [1]
  .bss               zero     0x2000'0300     0xc  Test.o [1]
  .bss               zero     0x2000'030c     0x4  SPI_Base.o [1]
  .bss               zero     0x2000'0310     0x4  SPI_Base.o [1]
  .bss               zero     0x2000'0314     0x4  SPI_Base.o [1]
  .bss               zero     0x2000'0318     0x4  SPI_Base.o [1]
  .bss               zero     0x2000'031c     0x4  stm32f1xx_hal.o [1]
  .bss               zero     0x2000'0320     0x4  cppinit.o [2]
  .bss               zero     0x2000'0324     0x4  cppinit.o [2]
  .bss               zero     0x2000'0328     0x1  Test.o [1]
  .bss               zero     0x2000'0329     0x1  Test.o [1]
  .bss               zero     0x2000'032a     0x1  Test.o [1]
  .bss               zero     0x2000'032b     0x1  Test.o [1]
  .bss               zero     0x2000'032c     0x1  Test.o [1]
  .bss               zero     0x2000'032d     0x1  Test.o [1]
                            - 0x2000'032e   0x122

"P2", part 3 of 3:                          0x990
  .iar.dynexit                0x2000'0330   0x18c  <Block>
    .iar.dynexit     uninit   0x2000'0330     0xc  cppinit.o [2]
    .iar.dynexit     uninit   0x2000'033c   0x180  <Block tail>
  CSTACK                      0x2000'04c0   0x800  <Block>
    CSTACK           uninit   0x2000'04c0   0x800  <Block tail>
                            - 0x2000'0cc0   0x990

Unused ranges:

         From           To    Size
         ----           --    ----
   0x800'1f58   0x800'ffff  0xe0a8
  0x2000'0000  0x2000'00ff   0x100
  0x2000'0cc0  0x2000'4fff  0x4340


*******************************************************************************
*** INIT TABLE
***

          Address      Size
          -------      ----
Zero (__iar_zero_init3)
    1 destination range, total size 0x122:
          0x2000'020c  0x122

Copy (__iar_copy_init3)
    1 source range, total size 0xc:
           0x800'1e98    0xc
    1 destination range, total size 0xc:
          0x2000'0200    0xc



*******************************************************************************
*** MODULE SUMMARY
***

    Module                  ro code  ro data  rw data  rw data
                                                        (abs)
    ------                  -------  -------  -------  -------
command line/config:
    ----------------------------------------------------------
    Total:

C:\Amit_Chaudhary\STM32\Projects\IAR\IAR_Projects\Main\Main_Temp_Common_Init\IAR\Debug\Obj: [1]
    GpioOutput.o                316       28
    Interrupt.o                 140                        256
    Nokia5110LCD.o              484      496
    SPI_Base.o                  680               192
    SPI_Poll.o                  402       72
    Test.o                      406       24       86
    main.o                      154       96
    startup_stm32f103xb.o       424
    stm32f1xx_hal.o             160                 4
    stm32f1xx_hal_cortex.o      330
    stm32f1xx_hal_gpio.o        640
    stm32f1xx_hal_rcc.o       1 544       18
    stm32f1xx_hal_spi.o         846
    stm32f1xx_it.o               28
    system_stm32f1xx.o           88       20        4
    ----------------------------------------------------------
    Total:                    6 642      754      286      256

dl7M_tln.a: [2]
    XShttio.o                    12        8        8
    cppinit.o                   136                20
    exit.o                        4
    low_level_init.o              4
    ----------------------------------------------------------
    Total:                      156        8       28

dlpp7M_tl_nc.a: [3]
    cxxabi.o                     10
    ----------------------------------------------------------
    Total:                       10

m7M_tl.a: [4]
    ----------------------------------------------------------
    Total:

rt7M_tl.a: [5]
    ABImemcpy.o                 134
    cexit.o                      14
    cmain.o                      30
    copy_init3.o                 44
    cstart_call_dtors.o
    cstartup_M.o                 12
    data_init.o                  40
    zero_init3.o                 58
    ----------------------------------------------------------
    Total:                      332

shb_l.a: [6]
    exit.o                       20
    iarttio.o                    48
    unwind_debug.o                         1
    ----------------------------------------------------------
    Total:                       68        1

    Gaps                         11        6
    Linker created                        36    2 432
--------------------------------------------------------------
    Grand Total:              7 219      805    2 746      256


*******************************************************************************
*** ENTRY LIST
***

Entry                       Address   Size  Type      Object
-----                       -------   ----  ----      ------
.iar.dynexit$$Base      0x2000'0330          --   Gb  - Linker created -
.iar.dynexit$$Limit     0x2000'04bc          --   Gb  - Linker created -
.iar.init_table$$Base    0x800'1d48          --   Gb  - Linker created -
.iar.init_table$$Limit   0x800'1d6c          --   Gb  - Linker created -
?main                    0x800'1d6d         Code  Gb  cmain.o [5]
AHBPrescTable            0x800'1e5c   0x10  Data  Gb  system_stm32f1xx.o [1]
BusFault_Handler         0x800'1df7    0x2  Code  Gb  stm32f1xx_it.o [1]
CSTACK$$Base            0x2000'04c0          --   Gb  - Linker created -
CSTACK$$Limit           0x2000'0cc0          --   Gb  - Linker created -
DebugMon_Handler         0x800'1dfd    0x2  Code  Gb  stm32f1xx_it.o [1]
DtorRecArray            0x2000'0330    0xc  Data  Lc  cppinit.o [2]
HAL_Delay                0x800'1441   0x1e  Code  Wk  stm32f1xx_hal.o [1]
HAL_GPIO_Init            0x800'0fcd  0x226  Code  Gb  stm32f1xx_hal_gpio.o [1]
HAL_GPIO_WritePin        0x800'11f3   0x1a  Code  Gb  stm32f1xx_hal_gpio.o [1]
HAL_GetTick              0x800'06f5    0xc  Code  Wk  stm32f1xx_hal.o [1]
HAL_IncTick              0x800'1e0d   0x10  Code  Wk  stm32f1xx_hal.o [1]
HAL_Init                 0x800'1ba9   0x24  Code  Gb  stm32f1xx_hal.o [1]
HAL_InitTick             0x800'0701   0x3c  Code  Wk  stm32f1xx_hal.o [1]
HAL_NVIC_SetPriority     0x800'08cd   0x2a  Code  Gb  stm32f1xx_hal_cortex.o [1]
HAL_NVIC_SetPriorityGrouping
                         0x800'08c1    0xc  Code  Gb  stm32f1xx_hal_cortex.o [1]
HAL_RCC_ClockConfig      0x800'04ad  0x16c  Code  Gb  stm32f1xx_hal_rcc.o [1]
HAL_RCC_GetHCLKFreq      0x800'0687    0x6  Code  Gb  stm32f1xx_hal_rcc.o [1]
HAL_RCC_GetSysClockFreq
                         0x800'0619   0x6e  Code  Gb  stm32f1xx_hal_rcc.o [1]
HAL_RCC_OscConfig        0x800'00ed  0x3c0  Code  Gb  stm32f1xx_hal_rcc.o [1]
HAL_SPI_Init             0x800'09d5   0x9a  Code  Gb  stm32f1xx_hal_spi.o [1]
HAL_SPI_Transmit         0x800'0a6f  0x1e6  Code  Gb  stm32f1xx_hal_spi.o [1]
HAL_SYSTICK_CLKSourceConfig
                         0x800'0903   0x1c  Code  Gb  stm32f1xx_hal_cortex.o [1]
HAL_SYSTICK_Config       0x800'08f7    0xc  Code  Gb  stm32f1xx_hal_cortex.o [1]
HAL_SYSTICK_IRQHandler   0x800'093d    0x8  Code  Gb  stm32f1xx_hal_cortex.o [1]
HardFault_Handler        0x800'1df3    0x2  Code  Gb  stm32f1xx_it.o [1]
MemManage_Handler        0x800'1df5    0x2  Code  Gb  stm32f1xx_it.o [1]
NMI_Handler              0x800'1df1    0x2  Code  Gb  stm32f1xx_it.o [1]
Nokia5110LCD_SPI1_Test()
                         0x800'1651  0x10e  Code  Gb  Test.o [1]
Nokia5110LCD_SPI1_Test()::Backlight
                        0x2000'0300    0xc  Data  Lc  Test.o [1]
Nokia5110LCD_SPI1_Test()::CS
                        0x2000'02d0    0xc  Data  Lc  Test.o [1]
Nokia5110LCD_SPI1_Test()::D_C
                        0x2000'02e8    0xc  Data  Lc  Test.o [1]
Nokia5110LCD_SPI1_Test()::LCD
                        0x2000'02bc   0x14  Data  Lc  Test.o [1]
Nokia5110LCD_SPI1_Test()::Reset
                        0x2000'02f4    0xc  Data  Lc  Test.o [1]
Nokia5110LCD_SPI1_Test()::SPI_Obj
                        0x2000'02dc    0xc  Data  Lc  Test.o [1]
Nokia5110LCD_SPI1_Test()::static guard for Backlight
                        0x2000'032c    0x1  Data  Lc  Test.o [1]
Nokia5110LCD_SPI1_Test()::static guard for CS
                        0x2000'0328    0x1  Data  Lc  Test.o [1]
Nokia5110LCD_SPI1_Test()::static guard for D_C
                        0x2000'032a    0x1  Data  Lc  Test.o [1]
Nokia5110LCD_SPI1_Test()::static guard for LCD
                        0x2000'032d    0x1  Data  Lc  Test.o [1]
Nokia5110LCD_SPI1_Test()::static guard for Reset
                        0x2000'032b    0x1  Data  Lc  Test.o [1]
Nokia5110LCD_SPI1_Test()::static guard for SPI_Obj
                        0x2000'0329    0x1  Data  Lc  Test.o [1]
PendSV_Handler           0x800'1dff    0x2  Code  Gb  stm32f1xx_it.o [1]
Peripherals::GpioOutput::GpioOutput(GPIO_TypeDef *, unsigned short)
                         0x800'17b9   0x22  Code  Gb  GpioOutput.o [1]
Peripherals::GpioOutput::HwInit()
                         0x800'17db   0xfc  Code  Gb  GpioOutput.o [1]
Peripherals::GpioOutput::Off()
                         0x800'1431   0x10  Code  Gb  SPI_Poll.o [1]
Peripherals::GpioOutput::On()
                         0x800'145f   0x10  Code  Gb  SPI_Poll.o [1]
Peripherals::Interrupt::EnableInterrupt(Peripherals::Interrupt::IRQn)
                         0x800'0949   0x20  Code  Gb  Interrupt.o [1]
Peripherals::Interrupt::RegisterInterrupt_Vct_Table(void (*)(), Peripherals::Interrupt::IRQn, unsigned char, unsigned char)
                         0x800'0969   0x38  Code  Gb  Interrupt.o [1]
Peripherals::Interrupt::Relocate_Vector_Table()
                         0x800'09a1   0x24  Code  Gb  Interrupt.o [1]
Peripherals::Interrupt::Vectors_RAM
                        0x2000'0100  0x100  Data  Gb  Interrupt.o [1]
Peripherals::Nokia5110LCD::Clear()
                         0x800'1321   0x26  Code  Gb  Nokia5110LCD.o [1]
Peripherals::Nokia5110LCD::DisplayInit()
                         0x800'1297   0x5e  Code  Gb  Nokia5110LCD.o [1]
Peripherals::Nokia5110LCD::DrawLine(unsigned char, unsigned char, char const *)
                         0x800'13c3   0x64  Code  Gb  Nokia5110LCD.o [1]
Peripherals::Nokia5110LCD::DrawString(char const *)
                         0x800'13a9   0x1a  Code  Gb  Nokia5110LCD.o [1]
Peripherals::Nokia5110LCD::GoToXY(int, int)
                         0x800'1347   0x26  Code  Gb  Nokia5110LCD.o [1]
Peripherals::Nokia5110LCD::HwInit()
                         0x800'1261   0x36  Code  Gb  Nokia5110LCD.o [1]
Peripherals::Nokia5110LCD::LCDCharacter(char)
                         0x800'136d   0x3c  Code  Gb  Nokia5110LCD.o [1]
Peripherals::Nokia5110LCD::Nokia5110LCD(Peripherals::SPI_Poll *, Peripherals::GpioOutput *, Peripherals::GpioOutput *, Peripherals::GpioOutput *)
                         0x800'124d   0x14  Code  Gb  Nokia5110LCD.o [1]
Peripherals::Nokia5110LCD::SetBrigntness(unsigned char)
                         0x800'1a3f   0x10  Code  Gb  Test.o [1]
Peripherals::Nokia5110LCD::Write(Peripherals::Nokia5110LCD::DC_t, unsigned char)
                         0x800'12f5   0x2c  Code  Gb  Nokia5110LCD.o [1]
Peripherals::Peripheral::Peripheral()
                         0x800'1af1    0xc  Code  Gb  SPI_Poll.o [1]
Peripherals::Peripheral::Peripheral() [subobject]
                         0x800'1a4f    0xc  Code  Gb  SPI_Poll.o [1]
Peripherals::SPI_Base::SPI_Base()
                         0x800'1afd    0xe  Code  Gb  SPI_Poll.o [1]
Peripherals::SPI_Base::SPI_Base() [subobject]
                         0x800'1a5b    0xc  Code  Gb  SPI_Poll.o [1]
Peripherals::SPI_Base::SPI_Init(Peripherals::SPI_Base::SPIx_t, unsigned int, __SPI_HandleTypeDef *)
                         0x800'0d25  0x280  Code  Gb  SPI_Base.o [1]
Peripherals::SPI_Base::m_hspi_1
                        0x2000'020c   0x58  Data  Gb  SPI_Base.o [1]
Peripherals::SPI_Base::m_hspi_2
                        0x2000'0264   0x58  Data  Gb  SPI_Base.o [1]
Peripherals::SPI_Base::m_pChipSelect_SPI1
                        0x2000'030c    0x4  Data  Gb  SPI_Base.o [1]
Peripherals::SPI_Base::m_pChipSelect_SPI2
                        0x2000'0310    0x4  Data  Gb  SPI_Base.o [1]
Peripherals::SPI_Base::m_phspi_1
                        0x2000'0314    0x4  Data  Gb  SPI_Base.o [1]
Peripherals::SPI_Base::m_phspi_2
                        0x2000'0318    0x4  Data  Gb  SPI_Base.o [1]
Peripherals::SPI_Poll::HwDeinit()
                         0x800'1e35    0x6  Code  Gb  Test.o [1]
Peripherals::SPI_Poll::HwInit()
                         0x800'1959   0x44  Code  Gb  SPI_Poll.o [1]
Peripherals::SPI_Poll::SPI_Poll(Peripherals::SPI_Base::SPIx_t, Peripherals::GpioOutput *, unsigned int, __SPI_HandleTypeDef *)
                         0x800'18f5   0x64  Code  Gb  SPI_Poll.o [1]
Peripherals::SPI_Poll::Tx(unsigned char *, unsigned short)
                         0x800'199d   0x7c  Code  Gb  SPI_Poll.o [1]
Peripherals::SPI_Poll::~SPI_Poll()
                         0x800'1e1d   0x18  Code  Gb  Test.o [1]
Region$$Table$$Base      0x800'1d48          --   Gb  - Linker created -
Region$$Table$$Limit     0x800'1d6c          --   Gb  - Linker created -
SVC_Handler              0x800'1dfb    0x2  Code  Gb  stm32f1xx_it.o [1]
SysTick_Handler          0x800'1e01    0xc  Code  Gb  stm32f1xx_it.o [1]
SystemClock_Config()     0x800'1b1d   0x84  Code  Gb  main.o [1]
SystemCoreClock         0x2000'0200    0x4  Data  Gb  system_stm32f1xx.o [1]
SystemInit               0x800'1c35   0x3e  Code  Gb  system_stm32f1xx.o [1]
UsageFault_Handler       0x800'1df9    0x2  Code  Gb  stm32f1xx_it.o [1]
Virtual function table for Peripherals::GpioOutput
                         0x800'1db8   0x1c  Data  Gb  GpioOutput.o [1]
Virtual function table for Peripherals::Peripheral
                         0x800'1dd4   0x1c  Data  Gb  SPI_Poll.o [1]
Virtual function table for Peripherals::SPI_Poll
                         0x800'1cc8   0x2c  Data  Gb  SPI_Poll.o [1]
[local to Nokia5110LCD_cpp]::Peripherals::ASCII
                         0x800'1470  0x1e0  Data  Lc  Nokia5110LCD.o [1]
[local to stm32f1xx_hal_cortex_c]::NVIC_EncodePriority(unsigned int, unsigned int, unsigned int)
                         0x800'0851   0x40  Code  Lc  stm32f1xx_hal_cortex.o [1]
[local to stm32f1xx_hal_cortex_c]::NVIC_GetPriorityGrouping()
                         0x800'081b    0xa  Code  Lc  stm32f1xx_hal_cortex.o [1]
[local to stm32f1xx_hal_cortex_c]::NVIC_SetPriority(IRQn_Type, unsigned int)
                         0x800'0825   0x2c  Code  Lc  stm32f1xx_hal_cortex.o [1]
[local to stm32f1xx_hal_cortex_c]::NVIC_SetPriorityGrouping(unsigned int)
                         0x800'07fd   0x1e  Code  Lc  stm32f1xx_hal_cortex.o [1]
[local to stm32f1xx_hal_cortex_c]::SysTick_Config(unsigned int)
                         0x800'0891   0x30  Code  Lc  stm32f1xx_hal_cortex.o [1]
[local to stm32f1xx_hal_rcc_c]::RCC_Delay(unsigned int)
                         0x800'068d   0x26  Code  Lc  stm32f1xx_hal_rcc.o [1]
[local to stm32f1xx_hal_spi_c]::SPI_CheckFlag_BSY(__SPI_HandleTypeDef *, unsigned int, unsigned int)
                         0x800'0cf7   0x2a  Code  Lc  stm32f1xx_hal_spi.o [1]
[local to stm32f1xx_hal_spi_c]::SPI_WaitFlagStateUntilTimeout(__SPI_HandleTypeDef *, unsigned int, unsigned int, unsigned int, unsigned int)
                         0x800'0c55   0xa2  Code  Lc  stm32f1xx_hal_spi.o [1]
_Error_Handler           0x800'1ba5    0x2  Code  Gb  main.o [1]
__aeabi_atexit           0x800'1a35    0xa  Code  Gb  cxxabi.o [3]
__aeabi_memcpy4          0x800'073d         Code  Gb  ABImemcpy.o [5]
__aeabi_memcpy8          0x800'073d         Code  Gb  ABImemcpy.o [5]
__call_dtors             0x800'1a9f    0xc  Code  Gb  cppinit.o [2]
__call_dtors0            0x800'1aab   0x36  Code  Gb  cppinit.o [2]
__cexit_call_dtors       0x800'1d97         Code  Gb  cexit.o [5]
__cmain                  0x800'1d6d         Code  Gb  cmain.o [5]
__cstart_call_dtors      0x800'1f58         Data  Gb  cstart_call_dtors.o [5]
__cxa_atexit             0x800'1a69   0x36  Code  Gb  cppinit.o [2]
__dso_handle            0x2000'0324    0x4  Data  Gb  cppinit.o [2]
__exit                   0x800'1da5   0x14  Code  Gb  exit.o [6]
__iar_close_ttio         0x800'1c8d   0x2e  Code  Gb  iarttio.o [6]
__iar_copy_init3         0x800'1cf5   0x2c  Code  Gb  copy_init3.o [5]
__iar_data_init3         0x800'1d21   0x28  Code  Gb  data_init.o [5]
__iar_debug_exceptions   0x800'0d22    0x1  Data  Gb  unwind_debug.o [6]
__iar_lookup_ttioh       0x800'1cbd    0x4  Code  Gb  XShttio.o [2]
__iar_program_start      0x800'1e8d         Code  Gb  cstartup_M.o [5]
__iar_ttio_handles      0x2000'0204    0x8  Data  Lc  XShttio.o [2]
__iar_zero_init3         0x800'07c3   0x3a  Code  Gb  zero_init3.o [5]
__low_level_init         0x800'1d8b    0x4  Code  Gb  low_level_init.o [2]
__vector_table           0x800'0000         Data  Gb  startup_stm32f103xb.o [1]
_call_main               0x800'1d79         Code  Gb  cmain.o [5]
_exit                    0x800'1d95         Code  Gb  cexit.o [5]
_main                    0x800'1d87         Code  Gb  cmain.o [5]
exit                     0x800'1d8f    0x4  Code  Gb  exit.o [2]
main                     0x800'1b0d   0x10  Code  Gb  main.o [1]
next_abi_dtor_rec       0x2000'0320    0x4  Data  Lc  cppinit.o [2]
uwTick                  0x2000'031c    0x4  Data  Gb  stm32f1xx_hal.o [1]


[1] = C:\Amit_Chaudhary\STM32\Projects\IAR\IAR_Projects\Main\Main_Temp_Common_Init\IAR\Debug\Obj
[2] = dl7M_tln.a
[3] = dlpp7M_tl_nc.a
[4] = m7M_tl.a
[5] = rt7M_tl.a
[6] = shb_l.a

  7 219 bytes of readonly  code memory
    805 bytes of readonly  data memory
  2 746 bytes of readwrite data memory (+ 256 absolute)

Errors: none
Warnings: none
