###############################################################################
#
# IAR ELF Linker V8.30.1.114/W32 for ARM                  04/Sep/2018  22:20:22
# Copyright 2007-2018 IAR Systems AB.
#
#    Output file  =  
#        C:\Amit_Chaudhary\STM32\Projects\IAR\IAR_Projects\Main\Main_Latest\IAR\Debug\Exe\Main.out
#    Map file     =  
#        C:\Amit_Chaudhary\STM32\Projects\IAR\IAR_Projects\Main\Main_Latest\IAR\Debug\List\Main.map
#    Command line =  
#        -f C:\Users\achaudha\AppData\Local\Temp\EW7C.tmp
#        (C:\Amit_Chaudhary\STM32\Projects\IAR\IAR_Projects\Main\Main_Latest\IAR\Debug\Obj\GpioInput.o
#        C:\Amit_Chaudhary\STM32\Projects\IAR\IAR_Projects\Main\Main_Latest\IAR\Debug\Obj\GpioOutput.o
#        C:\Amit_Chaudhary\STM32\Projects\IAR\IAR_Projects\Main\Main_Latest\IAR\Debug\Obj\I2C_Base.o
#        C:\Amit_Chaudhary\STM32\Projects\IAR\IAR_Projects\Main\Main_Latest\IAR\Debug\Obj\I2C_Master.o
#        C:\Amit_Chaudhary\STM32\Projects\IAR\IAR_Projects\Main\Main_Latest\IAR\Debug\Obj\I2C_Slave.o
#        C:\Amit_Chaudhary\STM32\Projects\IAR\IAR_Projects\Main\Main_Latest\IAR\Debug\Obj\INA219.o
#        C:\Amit_Chaudhary\STM32\Projects\IAR\IAR_Projects\Main\Main_Latest\IAR\Debug\Obj\Interrupt.o
#        C:\Amit_Chaudhary\STM32\Projects\IAR\IAR_Projects\Main\Main_Latest\IAR\Debug\Obj\main.o
#        C:\Amit_Chaudhary\STM32\Projects\IAR\IAR_Projects\Main\Main_Latest\IAR\Debug\Obj\Nokia5110LCD.o
#        C:\Amit_Chaudhary\STM32\Projects\IAR\IAR_Projects\Main\Main_Latest\IAR\Debug\Obj\Peripheral.o
#        C:\Amit_Chaudhary\STM32\Projects\IAR\IAR_Projects\Main\Main_Latest\IAR\Debug\Obj\SPI_IT.o
#        C:\Amit_Chaudhary\STM32\Projects\IAR\IAR_Projects\Main\Main_Latest\IAR\Debug\Obj\SPI_Poll.o
#        C:\Amit_Chaudhary\STM32\Projects\IAR\IAR_Projects\Main\Main_Latest\IAR\Debug\Obj\SPIBase.o
#        C:\Amit_Chaudhary\STM32\Projects\IAR\IAR_Projects\Main\Main_Latest\IAR\Debug\Obj\startup_stm32f103xb.o
#        C:\Amit_Chaudhary\STM32\Projects\IAR\IAR_Projects\Main\Main_Latest\IAR\Debug\Obj\stm32f1xx_hal.o
#        C:\Amit_Chaudhary\STM32\Projects\IAR\IAR_Projects\Main\Main_Latest\IAR\Debug\Obj\stm32f1xx_hal_cortex.o
#        C:\Amit_Chaudhary\STM32\Projects\IAR\IAR_Projects\Main\Main_Latest\IAR\Debug\Obj\stm32f1xx_hal_dma.o
#        C:\Amit_Chaudhary\STM32\Projects\IAR\IAR_Projects\Main\Main_Latest\IAR\Debug\Obj\stm32f1xx_hal_gpio.o
#        C:\Amit_Chaudhary\STM32\Projects\IAR\IAR_Projects\Main\Main_Latest\IAR\Debug\Obj\stm32f1xx_hal_gpio_ex.o
#        C:\Amit_Chaudhary\STM32\Projects\IAR\IAR_Projects\Main\Main_Latest\IAR\Debug\Obj\stm32f1xx_hal_i2c.o
#        C:\Amit_Chaudhary\STM32\Projects\IAR\IAR_Projects\Main\Main_Latest\IAR\Debug\Obj\stm32f1xx_hal_pwr.o
#        C:\Amit_Chaudhary\STM32\Projects\IAR\IAR_Projects\Main\Main_Latest\IAR\Debug\Obj\stm32f1xx_hal_rcc.o
#        C:\Amit_Chaudhary\STM32\Projects\IAR\IAR_Projects\Main\Main_Latest\IAR\Debug\Obj\stm32f1xx_hal_rcc_ex.o
#        C:\Amit_Chaudhary\STM32\Projects\IAR\IAR_Projects\Main\Main_Latest\IAR\Debug\Obj\stm32f1xx_hal_spi.o
#        C:\Amit_Chaudhary\STM32\Projects\IAR\IAR_Projects\Main\Main_Latest\IAR\Debug\Obj\stm32f1xx_it.o
#        C:\Amit_Chaudhary\STM32\Projects\IAR\IAR_Projects\Main\Main_Latest\IAR\Debug\Obj\stm32f1xx_ll_exti.o
#        C:\Amit_Chaudhary\STM32\Projects\IAR\IAR_Projects\Main\Main_Latest\IAR\Debug\Obj\system_stm32f1xx.o
#        C:\Amit_Chaudhary\STM32\Projects\IAR\IAR_Projects\Main\Main_Latest\IAR\Debug\Obj\Test.o
#        --no_out_extension -o
#        C:\Amit_Chaudhary\STM32\Projects\IAR\IAR_Projects\Main\Main_Latest\IAR\Debug\Exe\Main.out
#        --redirect _Printf=_PrintfFullNoMb --redirect _Scanf=_ScanfFullNoMb
#        --map
#        C:\Amit_Chaudhary\STM32\Projects\IAR\IAR_Projects\Main\Main_Latest\IAR\Debug\List\Main.map
#        --config
#        C:\Amit_Chaudhary\STM32\Projects\IAR\IAR_Projects\CPP_Drivers\Gpio\System\stm32f103x8.icf
#        --semihosting --entry __iar_program_start --vfe --text_out locale)
#
###############################################################################

*******************************************************************************
*** RUNTIME MODEL ATTRIBUTES
***

CppFlavor        = *
__CPP_Exceptions = Disabled
__CPP_Language   = C++14
__Heap_Handler   = Basic
__SystemLibrary  = DLib
__dlib_version   = 6


*******************************************************************************
*** HEAP SELECTION
***

The basic heap was selected because some modules are built with
size limitations (and not runtime checking), and --advanced_heap
was not specified.


*******************************************************************************
*** PLACEMENT SUMMARY
***

"A0":  place at 0x800'0000 { ro section .intvec };
"P1":  place in [from 0x800'0000 to 0x800'ffff] { ro };
define block CSTACK with size = 2K, alignment = 8 { };
define block HEAP with size = 2K, alignment = 8 { };
"P2":  place in [from 0x2000'0000 to 0x2000'4fff] {
          rw, block CSTACK, block HEAP };
initialize by copy { rw };

  Section            Kind         Address    Size  Object
  -------            ----         -------    ----  ------
"A0":                                        0xec
  .intvec            ro code   0x800'0000    0xec  startup_stm32f103xb.o [1]
                             - 0x800'00ec    0xec

"P1":                                      0x1e8c
  .text              ro code   0x800'00ec   0x608  stm32f1xx_hal_rcc.o [1]
  .text              ro code   0x800'06f4     0xc  stm32f1xx_hal.o [1]
  .text              ro code   0x800'0700    0x3c  stm32f1xx_hal.o [1]
  .text              ro code   0x800'073c    0x86  ABImemcpy.o [5]
  .text              ro code   0x800'07c2    0x3a  zero_init3.o [5]
  .text              ro code   0x800'07fc   0x14a  stm32f1xx_hal_cortex.o [1]
  .rodata            const     0x800'0946     0x2  stm32f1xx_hal_rcc.o [1]
  .text              ro code   0x800'0948    0x8c  Interrupt.o [1]
  .text              ro code   0x800'09d4   0x4aa  stm32f1xx_hal_spi.o [1]
  .text              ro code   0x800'0e7e     0x2  stm32f1xx_hal_spi.o [1]
  .text              ro code   0x800'0e80    0xd0  stm32f1xx_hal_dma.o [1]
  .text              ro code   0x800'0f50     0x2  stm32f1xx_hal_spi.o [1]
  .rodata            const     0x800'0f52     0x1  unwind_debug.o [6]
  .text              ro code   0x800'0f54   0x210  SPI_IT.o [1]
  .text              ro code   0x800'1164     0xc  SPI_Poll.o [1]
  .text              ro code   0x800'1170   0x13c  GpioOutput.o [1]
  .text              ro code   0x800'12ac   0x280  stm32f1xx_hal_gpio.o [1]
  .text              ro code   0x800'152c    0x10  SPI_Poll.o [1]
  .text              ro code   0x800'153c    0x10  SPI_Poll.o [1]
  .text              ro code   0x800'154c     0xe  SPI_Poll.o [1]
  .text              ro code   0x800'155a     0xc  SPI_Poll.o [1]
  .text              ro code   0x800'1568     0xc  SPI_Poll.o [1]
  .text              ro code   0x800'1574   0x1e4  Nokia5110LCD.o [1]
  .text              ro code   0x800'1758    0x1e  stm32f1xx_hal.o [1]
  .rodata            const     0x800'1778   0x1e0  Nokia5110LCD.o [1]
  .text              ro code   0x800'1958   0x144  Test.o [1]
  .text              ro code   0x800'1a9c     0xa  cxxabi.o [3]
  .text              ro code   0x800'1aa8    0x88  cppinit.o [2]
  .text              ro code   0x800'1b30    0x9a  main.o [1]
  .text              ro code   0x800'1bcc    0x2a  stm32f1xx_hal.o [1]
  .text              ro code   0x800'1bf8    0x58  system_stm32f1xx.o [1]
  .rodata            const     0x800'1c50    0x54  main.o [1]
  .text              ro code   0x800'1ca4    0x30  iarttio.o [6]
  .text              ro code   0x800'1cd4     0xc  XShttio.o [2]
  .rodata            const     0x800'1ce0    0x2c  SPI_IT.o [1]
  .text              ro code   0x800'1d0c    0x2c  copy_init3.o [5]
  .text              ro code   0x800'1d38    0x28  data_init.o [5]
  .iar.init_table    const     0x800'1d60    0x24  - Linker created -
  .text              ro code   0x800'1d84    0x1e  cmain.o [5]
  .text              ro code   0x800'1da2     0x4  low_level_init.o [2]
  .text              ro code   0x800'1da6     0x4  exit.o [2]
  .text              ro code   0x800'1dac     0xe  cexit.o [5]
  .text              ro code   0x800'1dbc    0x14  exit.o [6]
  .rodata            const     0x800'1dd0    0x1c  GpioOutput.o [1]
  .rodata            const     0x800'1dec    0x1c  SPI_Poll.o [1]
  .text              ro code   0x800'1e08    0x1c  stm32f1xx_it.o [1]
  .text              ro code   0x800'1e24    0x10  stm32f1xx_hal.o [1]
  .text              ro code   0x800'1e34    0x18  Test.o [1]
  .text              ro code   0x800'1e4c    0x10  Test.o [1]
  .rodata            const     0x800'1e5c    0x10  Nokia5110LCD.o [1]
  .rodata            const     0x800'1e6c    0x10  stm32f1xx_hal_rcc.o [1]
  .rodata            const     0x800'1e7c    0x10  system_stm32f1xx.o [1]
  .rodata            const     0x800'1e8c    0x10  Test.o [1]
  .text              ro code   0x800'1e9c    0x10  startup_stm32f103xb.o [1]
  .text              ro code   0x800'1eac     0xc  cstartup_M.o [5]
  Initializer bytes  const     0x800'1eb8     0xc  <for P2-1>
  .rodata            const     0x800'1ec4     0x8  Test.o [1]
  .text              ro code   0x800'1ecc     0x4  startup_stm32f103xb.o [1]
  .text              ro code   0x800'1ed0     0x4  startup_stm32f103xb.o [1]
  .text              ro code   0x800'1ed4     0x4  startup_stm32f103xb.o [1]
  .text              ro code   0x800'1ed8     0x4  startup_stm32f103xb.o [1]
  .text              ro code   0x800'1edc     0x4  startup_stm32f103xb.o [1]
  .text              ro code   0x800'1ee0     0x4  startup_stm32f103xb.o [1]
  .text              ro code   0x800'1ee4     0x4  startup_stm32f103xb.o [1]
  .text              ro code   0x800'1ee8     0x4  startup_stm32f103xb.o [1]
  .text              ro code   0x800'1eec     0x4  startup_stm32f103xb.o [1]
  .text              ro code   0x800'1ef0     0x4  startup_stm32f103xb.o [1]
  .text              ro code   0x800'1ef4     0x4  startup_stm32f103xb.o [1]
  .text              ro code   0x800'1ef8     0x4  startup_stm32f103xb.o [1]
  .text              ro code   0x800'1efc     0x4  startup_stm32f103xb.o [1]
  .text              ro code   0x800'1f00     0x4  startup_stm32f103xb.o [1]
  .text              ro code   0x800'1f04     0x4  startup_stm32f103xb.o [1]
  .text              ro code   0x800'1f08     0x4  startup_stm32f103xb.o [1]
  .text              ro code   0x800'1f0c     0x4  startup_stm32f103xb.o [1]
  .text              ro code   0x800'1f10     0x4  startup_stm32f103xb.o [1]
  .text              ro code   0x800'1f14     0x4  startup_stm32f103xb.o [1]
  .text              ro code   0x800'1f18     0x4  startup_stm32f103xb.o [1]
  .text              ro code   0x800'1f1c     0x4  startup_stm32f103xb.o [1]
  .text              ro code   0x800'1f20     0x4  startup_stm32f103xb.o [1]
  .text              ro code   0x800'1f24     0x4  startup_stm32f103xb.o [1]
  .text              ro code   0x800'1f28     0x4  startup_stm32f103xb.o [1]
  .text              ro code   0x800'1f2c     0x4  startup_stm32f103xb.o [1]
  .text              ro code   0x800'1f30     0x4  startup_stm32f103xb.o [1]
  .text              ro code   0x800'1f34     0x4  startup_stm32f103xb.o [1]
  .text              ro code   0x800'1f38     0x4  startup_stm32f103xb.o [1]
  .text              ro code   0x800'1f3c     0x4  startup_stm32f103xb.o [1]
  .text              ro code   0x800'1f40     0x4  startup_stm32f103xb.o [1]
  .text              ro code   0x800'1f44     0x4  startup_stm32f103xb.o [1]
  .text              ro code   0x800'1f48     0x4  startup_stm32f103xb.o [1]
  .text              ro code   0x800'1f4c     0x4  startup_stm32f103xb.o [1]
  .text              ro code   0x800'1f50     0x4  startup_stm32f103xb.o [1]
  .text              ro code   0x800'1f54     0x4  startup_stm32f103xb.o [1]
  .text              ro code   0x800'1f58     0x4  startup_stm32f103xb.o [1]
  .text              ro code   0x800'1f5c     0x4  startup_stm32f103xb.o [1]
  .text              ro code   0x800'1f60     0x4  startup_stm32f103xb.o [1]
  .text              ro code   0x800'1f64     0x4  startup_stm32f103xb.o [1]
  .text              ro code   0x800'1f68     0x4  startup_stm32f103xb.o [1]
  .text              ro code   0x800'1f6c     0x4  startup_stm32f103xb.o [1]
  .text              ro code   0x800'1f70     0x4  startup_stm32f103xb.o [1]
  .text              ro code   0x800'1f74     0x4  startup_stm32f103xb.o [1]
  .text              ro code   0x800'1f78     0x0  cstart_call_dtors.o [5]
  .rodata            const     0x800'1f78     0x0  zero_init3.o [5]
  .rodata            const     0x800'1f78     0x0  copy_init3.o [5]
                             - 0x800'1f78  0x1e8c

Absolute sections:                          0x100
  .noinit            uninit   0x2000'0100   0x100  Interrupt.o [1]
                            - 0x2000'0200   0x100

"P2", part 1 of 3:                            0xc
  P2-1                        0x2000'0200     0xc  <Init block>
    .data            inited   0x2000'0200     0x4  system_stm32f1xx.o [1]
    .data            inited   0x2000'0204     0x8  XShttio.o [2]
                            - 0x2000'020c     0xc

"P2", part 2 of 3:                           0xd8
  .bss               zero     0x2000'020c    0x58  SPI_IT.o [1]
  .bss               zero     0x2000'0264    0x10  Test.o [1]
  .bss               zero     0x2000'0274    0x10  Test.o [1]
  .bss               zero     0x2000'0284     0xc  SPI_IT.o [1]
  .bss               zero     0x2000'0290     0xc  SPI_IT.o [1]
  .bss               zero     0x2000'029c     0xc  SPI_IT.o [1]
  .bss               zero     0x2000'02a8     0xc  Test.o [1]
  .bss               zero     0x2000'02b4     0xc  Test.o [1]
  .bss               zero     0x2000'02c0     0xc  Test.o [1]
  .bss               zero     0x2000'02cc     0x4  SPI_IT.o [1]
  .bss               zero     0x2000'02d0     0x4  stm32f1xx_hal.o [1]
  .bss               zero     0x2000'02d4     0x4  cppinit.o [2]
  .bss               zero     0x2000'02d8     0x4  cppinit.o [2]
  .bss               zero     0x2000'02dc     0x1  SPI_IT.o [1]
  .bss               zero     0x2000'02dd     0x1  SPI_IT.o [1]
  .bss               zero     0x2000'02de     0x1  SPI_IT.o [1]
  .bss               zero     0x2000'02df     0x1  Test.o [1]
  .bss               zero     0x2000'02e0     0x1  Test.o [1]
  .bss               zero     0x2000'02e1     0x1  Test.o [1]
  .bss               zero     0x2000'02e2     0x1  Test.o [1]
  .bss               zero     0x2000'02e3     0x1  Test.o [1]
                            - 0x2000'02e4    0xd8

"P2", part 3 of 3:                          0x98c
  .iar.dynexit                0x2000'02e4   0x18c  <Block>
    .iar.dynexit     uninit   0x2000'02e4     0xc  cppinit.o [2]
    .iar.dynexit     uninit   0x2000'02f0   0x180  <Block tail>
  CSTACK                      0x2000'0470   0x800  <Block>
    CSTACK           uninit   0x2000'0470   0x800  <Block tail>
                            - 0x2000'0c70   0x98c

Unused ranges:

         From           To    Size
         ----           --    ----
   0x800'1f78   0x800'ffff  0xe088
  0x2000'0000  0x2000'00ff   0x100
  0x2000'0c70  0x2000'4fff  0x4390


*******************************************************************************
*** INIT TABLE
***

          Address      Size
          -------      ----
Zero (__iar_zero_init3)
    1 destination range, total size 0xd8:
          0x2000'020c  0xd8

Copy (__iar_copy_init3)
    1 source range, total size 0xc:
           0x800'1eb8   0xc
    1 destination range, total size 0xc:
          0x2000'0200   0xc



*******************************************************************************
*** MODULE SUMMARY
***

    Module                  ro code  ro data  rw data  rw data
                                                        (abs)
    ------                  -------  -------  -------  -------
command line/config:
    ----------------------------------------------------------
    Total:

C:\Amit_Chaudhary\STM32\Projects\IAR\IAR_Projects\Main\Main_Latest\IAR\Debug\Obj: [1]
    GpioOutput.o                316       28
    Interrupt.o                 140                        256
    Nokia5110LCD.o              484      496
    SPI_IT.o                    528       44      131
    SPI_Poll.o                   82       28
    Test.o                      364       24       73
    main.o                      154       84
    startup_stm32f103xb.o       424
    stm32f1xx_hal.o             160                 4
    stm32f1xx_hal_cortex.o      330
    stm32f1xx_hal_dma.o         208
    stm32f1xx_hal_gpio.o        640
    stm32f1xx_hal_rcc.o       1 544       18
    stm32f1xx_hal_spi.o       1 198
    stm32f1xx_it.o               28
    system_stm32f1xx.o           88       20        4
    ----------------------------------------------------------
    Total:                    6 688      742      212      256

dl7M_tln.a: [2]
    XShttio.o                    12        8        8
    cppinit.o                   136                20
    exit.o                        4
    low_level_init.o              4
    ----------------------------------------------------------
    Total:                      156        8       28

dlpp7M_tl_nc.a: [3]
    cxxabi.o                     10
    ----------------------------------------------------------
    Total:                       10

m7M_tl.a: [4]
    ----------------------------------------------------------
    Total:

rt7M_tl.a: [5]
    ABImemcpy.o                 134
    cexit.o                      14
    cmain.o                      30
    copy_init3.o                 44
    cstart_call_dtors.o
    cstartup_M.o                 12
    data_init.o                  40
    zero_init3.o                 58
    ----------------------------------------------------------
    Total:                      332

shb_l.a: [6]
    exit.o                       20
    iarttio.o                    48
    unwind_debug.o                         1
    ----------------------------------------------------------
    Total:                       68        1

    Gaps                         13        2
    Linker created                        36    2 432
--------------------------------------------------------------
    Grand Total:              7 267      789    2 672      256


*******************************************************************************
*** ENTRY LIST
***

Entry                       Address   Size  Type      Object
-----                       -------   ----  ----      ------
.iar.dynexit$$Base      0x2000'02e4          --   Gb  - Linker created -
.iar.dynexit$$Limit     0x2000'0470          --   Gb  - Linker created -
.iar.init_table$$Base    0x800'1d60          --   Gb  - Linker created -
.iar.init_table$$Limit   0x800'1d84          --   Gb  - Linker created -
?main                    0x800'1d85         Code  Gb  cmain.o [5]
AHBPrescTable            0x800'1e7c   0x10  Data  Gb  system_stm32f1xx.o [1]
BusFault_Handler         0x800'1e0f    0x2  Code  Gb  stm32f1xx_it.o [1]
CSTACK$$Base            0x2000'0470          --   Gb  - Linker created -
CSTACK$$Limit           0x2000'0c70          --   Gb  - Linker created -
DebugMon_Handler         0x800'1e15    0x2  Code  Gb  stm32f1xx_it.o [1]
DtorRecArray            0x2000'02e4    0xc  Data  Lc  cppinit.o [2]
HAL_DMA_Abort_IT         0x800'0e81   0xb4  Code  Gb  stm32f1xx_hal_dma.o [1]
HAL_Delay                0x800'1759   0x1e  Code  Wk  stm32f1xx_hal.o [1]
HAL_GPIO_Init            0x800'12ad  0x226  Code  Gb  stm32f1xx_hal_gpio.o [1]
HAL_GPIO_WritePin        0x800'14d3   0x1a  Code  Gb  stm32f1xx_hal_gpio.o [1]
HAL_GetTick              0x800'06f5    0xc  Code  Wk  stm32f1xx_hal.o [1]
HAL_IncTick              0x800'1e25   0x10  Code  Wk  stm32f1xx_hal.o [1]
HAL_Init                 0x800'1bcd   0x24  Code  Gb  stm32f1xx_hal.o [1]
HAL_InitTick             0x800'0701   0x3c  Code  Wk  stm32f1xx_hal.o [1]
HAL_NVIC_SetPriority     0x800'08cd   0x2a  Code  Gb  stm32f1xx_hal_cortex.o [1]
HAL_NVIC_SetPriorityGrouping
                         0x800'08c1    0xc  Code  Gb  stm32f1xx_hal_cortex.o [1]
HAL_RCC_ClockConfig      0x800'04ad  0x16c  Code  Gb  stm32f1xx_hal_rcc.o [1]
HAL_RCC_GetHCLKFreq      0x800'0687    0x6  Code  Gb  stm32f1xx_hal_rcc.o [1]
HAL_RCC_GetSysClockFreq
                         0x800'0619   0x6e  Code  Gb  stm32f1xx_hal_rcc.o [1]
HAL_RCC_OscConfig        0x800'00ed  0x3c0  Code  Gb  stm32f1xx_hal_rcc.o [1]
HAL_SPI_DeInit           0x800'0a6f   0x38  Code  Gb  stm32f1xx_hal_spi.o [1]
HAL_SPI_IRQHandler       0x800'0b8b   0xf8  Code  Gb  stm32f1xx_hal_spi.o [1]
HAL_SPI_Init             0x800'09d5   0x9a  Code  Gb  stm32f1xx_hal_spi.o [1]
HAL_SPI_Transmit_IT      0x800'0aa7   0xe4  Code  Gb  stm32f1xx_hal_spi.o [1]
HAL_SPI_TxCpltCallback   0x800'111b   0x12  Code  Gb  SPI_IT.o [1]
HAL_SYSTICK_CLKSourceConfig
                         0x800'0903   0x1c  Code  Gb  stm32f1xx_hal_cortex.o [1]
HAL_SYSTICK_Config       0x800'08f7    0xc  Code  Gb  stm32f1xx_hal_cortex.o [1]
HAL_SYSTICK_IRQHandler   0x800'093d    0x8  Code  Gb  stm32f1xx_hal_cortex.o [1]
HardFault_Handler        0x800'1e0b    0x2  Code  Gb  stm32f1xx_it.o [1]
MemManage_Handler        0x800'1e0d    0x2  Code  Gb  stm32f1xx_it.o [1]
NMI_Handler              0x800'1e09    0x2  Code  Gb  stm32f1xx_it.o [1]
Nokia5110LCD_Test()      0x800'1959   0xf4  Code  Gb  Test.o [1]
Nokia5110LCD_Test()::Backlight
                        0x2000'02c0    0xc  Data  Lc  Test.o [1]
Nokia5110LCD_Test()::D_C
                        0x2000'02a8    0xc  Data  Lc  Test.o [1]
Nokia5110LCD_Test()::LCD
                        0x2000'0274   0x10  Data  Lc  Test.o [1]
Nokia5110LCD_Test()::Reset
                        0x2000'02b4    0xc  Data  Lc  Test.o [1]
Nokia5110LCD_Test()::SPI_Obj
                        0x2000'0264   0x10  Data  Lc  Test.o [1]
Nokia5110LCD_Test()::static guard for Backlight
                        0x2000'02e2    0x1  Data  Lc  Test.o [1]
Nokia5110LCD_Test()::static guard for D_C
                        0x2000'02e0    0x1  Data  Lc  Test.o [1]
Nokia5110LCD_Test()::static guard for LCD
                        0x2000'02e3    0x1  Data  Lc  Test.o [1]
Nokia5110LCD_Test()::static guard for Reset
                        0x2000'02e1    0x1  Data  Lc  Test.o [1]
Nokia5110LCD_Test()::static guard for SPI_Obj
                        0x2000'02df    0x1  Data  Lc  Test.o [1]
PendSV_Handler           0x800'1e17    0x2  Code  Gb  stm32f1xx_it.o [1]
Peripherals::GpioOutput::GpioOutput(GPIO_TypeDef *, unsigned short)
                         0x800'1171   0x22  Code  Gb  GpioOutput.o [1]
Peripherals::GpioOutput::HwInit()
                         0x800'1193   0xfc  Code  Gb  GpioOutput.o [1]
Peripherals::GpioOutput::Off()
                         0x800'152d   0x10  Code  Gb  SPI_Poll.o [1]
Peripherals::GpioOutput::On()
                         0x800'153d   0x10  Code  Gb  SPI_Poll.o [1]
Peripherals::Interrupt::EnableInterrupt(Peripherals::Interrupt::IRQn)
                         0x800'0949   0x20  Code  Gb  Interrupt.o [1]
Peripherals::Interrupt::RegisterInterrupt_Vct_Table(void (*)(), Peripherals::Interrupt::IRQn, unsigned char, unsigned char)
                         0x800'0969   0x38  Code  Gb  Interrupt.o [1]
Peripherals::Interrupt::Relocate_Vector_Table()
                         0x800'09a1   0x24  Code  Gb  Interrupt.o [1]
Peripherals::Interrupt::Vectors_RAM
                        0x2000'0100  0x100  Data  Gb  Interrupt.o [1]
Peripherals::Nokia5110LCD::Clear()
                         0x800'1647   0x26  Code  Gb  Nokia5110LCD.o [1]
Peripherals::Nokia5110LCD::DisplayInit()
                         0x800'15bb   0x5e  Code  Gb  Nokia5110LCD.o [1]
Peripherals::Nokia5110LCD::DrawLine(unsigned char, unsigned char, char const *)
                         0x800'16e9   0x64  Code  Gb  Nokia5110LCD.o [1]
Peripherals::Nokia5110LCD::DrawString(char const *)
                         0x800'16cf   0x1a  Code  Gb  Nokia5110LCD.o [1]
Peripherals::Nokia5110LCD::GoToXY(int, int)
                         0x800'166d   0x26  Code  Gb  Nokia5110LCD.o [1]
Peripherals::Nokia5110LCD::HwInit()
                         0x800'1585   0x36  Code  Gb  Nokia5110LCD.o [1]
Peripherals::Nokia5110LCD::LCDCharacter(char)
                         0x800'1693   0x3c  Code  Gb  Nokia5110LCD.o [1]
Peripherals::Nokia5110LCD::Nokia5110LCD(Peripherals::SPI_IT *, Peripherals::GpioOutput *, Peripherals::GpioOutput *, Peripherals::GpioOutput *)
                         0x800'1575   0x10  Code  Gb  Nokia5110LCD.o [1]
Peripherals::Nokia5110LCD::Write(Peripherals::Nokia5110LCD::DC_t, unsigned char)
                         0x800'1619   0x2e  Code  Gb  Nokia5110LCD.o [1]
Peripherals::Peripheral::Peripheral()
                         0x800'1569    0xc  Code  Gb  SPI_Poll.o [1]
Peripherals::Peripheral::Peripheral() [subobject]
                         0x800'155b    0xc  Code  Gb  SPI_Poll.o [1]
Peripherals::SPIBase::SPIBase()
                         0x800'154d    0xe  Code  Gb  SPI_Poll.o [1]
Peripherals::SPIBase::SPIBase() [subobject]
                         0x800'1165    0xc  Code  Gb  SPI_Poll.o [1]
Peripherals::SPI_IT::HwDeinit()
                         0x800'1e4d   0x10  Code  Gb  Test.o [1]
Peripherals::SPI_IT::HwInit()
                         0x800'0f73  0x156  Code  Gb  SPI_IT.o [1]
Peripherals::SPI_IT::HwInit(){2}::CS
                        0x2000'0284    0xc  Data  Lc  SPI_IT.o [1]
Peripherals::SPI_IT::HwInit(){2}::static guard for CS
                        0x2000'02dc    0x1  Data  Lc  SPI_IT.o [1]
Peripherals::SPI_IT::HwInit(){6}{7}::CS
                        0x2000'0290    0xc  Data  Lc  SPI_IT.o [1]
Peripherals::SPI_IT::HwInit(){6}{7}::static guard for CS
                        0x2000'02dd    0x1  Data  Lc  SPI_IT.o [1]
Peripherals::SPI_IT::HwInit(){6}{9}{10}::CS
                        0x2000'029c    0xc  Data  Lc  SPI_IT.o [1]
Peripherals::SPI_IT::HwInit(){6}{9}{10}::static guard for CS
                        0x2000'02de    0x1  Data  Lc  SPI_IT.o [1]
Peripherals::SPI_IT::IRQHandler()
                         0x800'1111    0xa  Code  Gb  SPI_IT.o [1]
Peripherals::SPI_IT::SPI_IT(Peripherals::SPIBase::SPIx_t, unsigned int)
                         0x800'0f55   0x1e  Code  Gb  SPI_IT.o [1]
Peripherals::SPI_IT::Send(unsigned char *, unsigned short, Peripherals::GpioOutput *)
                         0x800'10c9   0x48  Code  Gb  SPI_IT.o [1]
Peripherals::SPI_IT::TxDoneCallback
                        0x2000'02cc    0x4  Data  Gb  SPI_IT.o [1]
Peripherals::SPI_IT::m_hspi
                        0x2000'020c   0x58  Data  Gb  SPI_IT.o [1]
Peripherals::SPI_IT::~SPI_IT()
                         0x800'1e35   0x18  Code  Gb  Test.o [1]
Region$$Table$$Base      0x800'1d60          --   Gb  - Linker created -
Region$$Table$$Limit     0x800'1d84          --   Gb  - Linker created -
SVC_Handler              0x800'1e13    0x2  Code  Gb  stm32f1xx_it.o [1]
SysTick_Handler          0x800'1e19    0xc  Code  Gb  stm32f1xx_it.o [1]
SystemClock_Config()     0x800'1b41   0x84  Code  Gb  main.o [1]
SystemCoreClock         0x2000'0200    0x4  Data  Gb  system_stm32f1xx.o [1]
SystemInit               0x800'1bf9   0x3e  Code  Gb  system_stm32f1xx.o [1]
UsageFault_Handler       0x800'1e11    0x2  Code  Gb  stm32f1xx_it.o [1]
Virtual function table for Peripherals::GpioOutput
                         0x800'1dd0   0x1c  Data  Gb  GpioOutput.o [1]
Virtual function table for Peripherals::Peripheral
                         0x800'1dec   0x1c  Data  Gb  SPI_Poll.o [1]
Virtual function table for Peripherals::SPI_IT
                         0x800'1ce0   0x2c  Data  Gb  SPI_IT.o [1]
[local to Nokia5110LCD_cpp]::Peripherals::ASCII
                         0x800'1778  0x1e0  Data  Lc  Nokia5110LCD.o [1]
[local to stm32f1xx_hal_cortex_c]::NVIC_EncodePriority(unsigned int, unsigned int, unsigned int)
                         0x800'0851   0x40  Code  Lc  stm32f1xx_hal_cortex.o [1]
[local to stm32f1xx_hal_cortex_c]::NVIC_GetPriorityGrouping()
                         0x800'081b    0xa  Code  Lc  stm32f1xx_hal_cortex.o [1]
[local to stm32f1xx_hal_cortex_c]::NVIC_SetPriority(IRQn_Type, unsigned int)
                         0x800'0825   0x2c  Code  Lc  stm32f1xx_hal_cortex.o [1]
[local to stm32f1xx_hal_cortex_c]::NVIC_SetPriorityGrouping(unsigned int)
                         0x800'07fd   0x1e  Code  Lc  stm32f1xx_hal_cortex.o [1]
[local to stm32f1xx_hal_cortex_c]::SysTick_Config(unsigned int)
                         0x800'0891   0x30  Code  Lc  stm32f1xx_hal_cortex.o [1]
[local to stm32f1xx_hal_rcc_c]::RCC_Delay(unsigned int)
                         0x800'068d   0x26  Code  Lc  stm32f1xx_hal_rcc.o [1]
[local to stm32f1xx_hal_spi_c]::SPI_CheckFlag_BSY(__SPI_HandleTypeDef *, unsigned int, unsigned int)
                         0x800'0db9   0x2a  Code  Lc  stm32f1xx_hal_spi.o [1]
[local to stm32f1xx_hal_spi_c]::SPI_CloseTx_ISR(__SPI_HandleTypeDef *)
                         0x800'0de3   0x96  Code  Lc  stm32f1xx_hal_spi.o [1]
[local to stm32f1xx_hal_spi_c]::SPI_DMAAbortOnError(__DMA_HandleTypeDef *)
                         0x800'0c85   0x16  Code  Lc  stm32f1xx_hal_spi.o [1]
[local to stm32f1xx_hal_spi_c]::SPI_TxISR_16BIT(__SPI_HandleTypeDef *)
                         0x800'0cdd   0x3a  Code  Lc  stm32f1xx_hal_spi.o [1]
[local to stm32f1xx_hal_spi_c]::SPI_TxISR_8BIT(__SPI_HandleTypeDef *)
                         0x800'0ca5   0x38  Code  Lc  stm32f1xx_hal_spi.o [1]
[local to stm32f1xx_hal_spi_c]::SPI_WaitFlagStateUntilTimeout(__SPI_HandleTypeDef *, unsigned int, unsigned int, unsigned int, unsigned int)
                         0x800'0d17   0xa2  Code  Lc  stm32f1xx_hal_spi.o [1]
_Error_Handler           0x800'1bc9    0x2  Code  Gb  main.o [1]
__aeabi_atexit           0x800'1a9d    0xa  Code  Gb  cxxabi.o [3]
__aeabi_memcpy4          0x800'073d         Code  Gb  ABImemcpy.o [5]
__aeabi_memcpy8          0x800'073d         Code  Gb  ABImemcpy.o [5]
__call_dtors             0x800'1adf    0xc  Code  Gb  cppinit.o [2]
__call_dtors0            0x800'1aeb   0x36  Code  Gb  cppinit.o [2]
__cexit_call_dtors       0x800'1daf         Code  Gb  cexit.o [5]
__cmain                  0x800'1d85         Code  Gb  cmain.o [5]
__cstart_call_dtors      0x800'1f78         Data  Gb  cstart_call_dtors.o [5]
__cxa_atexit             0x800'1aa9   0x36  Code  Gb  cppinit.o [2]
__dso_handle            0x2000'02d8    0x4  Data  Gb  cppinit.o [2]
__exit                   0x800'1dbd   0x14  Code  Gb  exit.o [6]
__iar_close_ttio         0x800'1ca5   0x2e  Code  Gb  iarttio.o [6]
__iar_copy_init3         0x800'1d0d   0x2c  Code  Gb  copy_init3.o [5]
__iar_data_init3         0x800'1d39   0x28  Code  Gb  data_init.o [5]
__iar_debug_exceptions   0x800'0f52    0x1  Data  Gb  unwind_debug.o [6]
__iar_lookup_ttioh       0x800'1cd5    0x4  Code  Gb  XShttio.o [2]
__iar_program_start      0x800'1ead         Code  Gb  cstartup_M.o [5]
__iar_ttio_handles      0x2000'0204    0x8  Data  Lc  XShttio.o [2]
__iar_zero_init3         0x800'07c3   0x3a  Code  Gb  zero_init3.o [5]
__low_level_init         0x800'1da3    0x4  Code  Gb  low_level_init.o [2]
__vector_table           0x800'0000         Data  Gb  startup_stm32f103xb.o [1]
_call_main               0x800'1d91         Code  Gb  cmain.o [5]
_exit                    0x800'1dad         Code  Gb  cexit.o [5]
_main                    0x800'1d9f         Code  Gb  cmain.o [5]
exit                     0x800'1da7    0x4  Code  Gb  exit.o [2]
main                     0x800'1b31   0x10  Code  Gb  main.o [1]
next_abi_dtor_rec       0x2000'02d4    0x4  Data  Lc  cppinit.o [2]
uwTick                  0x2000'02d0    0x4  Data  Gb  stm32f1xx_hal.o [1]


[1] = C:\Amit_Chaudhary\STM32\Projects\IAR\IAR_Projects\Main\Main_Latest\IAR\Debug\Obj
[2] = dl7M_tln.a
[3] = dlpp7M_tl_nc.a
[4] = m7M_tl.a
[5] = rt7M_tl.a
[6] = shb_l.a

  7 267 bytes of readonly  code memory
    789 bytes of readonly  data memory
  2 672 bytes of readwrite data memory (+ 256 absolute)

Errors: none
Warnings: none
