###############################################################################
#
# IAR ELF Linker V8.30.1.114/W32 for ARM                  09/Sep/2018  08:16:06
# Copyright 2007-2018 IAR Systems AB.
#
#    Output file  =  
#        C:\Amit_Chaudhary\STM32\Projects\IAR\IAR_Projects\Main\Main_Latest\IAR\Debug\Exe\Main.out
#    Map file     =  
#        C:\Amit_Chaudhary\STM32\Projects\IAR\IAR_Projects\Main\Main_Latest\IAR\Debug\List\Main.map
#    Command line =  
#        -f C:\Users\achaudha\AppData\Local\Temp\EWC8FB.tmp
#        (C:\Amit_Chaudhary\STM32\Projects\IAR\IAR_Projects\Main\Main_Latest\IAR\Debug\Obj\GpioInput.o
#        C:\Amit_Chaudhary\STM32\Projects\IAR\IAR_Projects\Main\Main_Latest\IAR\Debug\Obj\GpioOutput.o
#        C:\Amit_Chaudhary\STM32\Projects\IAR\IAR_Projects\Main\Main_Latest\IAR\Debug\Obj\I2C_Base.o
#        C:\Amit_Chaudhary\STM32\Projects\IAR\IAR_Projects\Main\Main_Latest\IAR\Debug\Obj\I2C_Master.o
#        C:\Amit_Chaudhary\STM32\Projects\IAR\IAR_Projects\Main\Main_Latest\IAR\Debug\Obj\I2C_Slave.o
#        C:\Amit_Chaudhary\STM32\Projects\IAR\IAR_Projects\Main\Main_Latest\IAR\Debug\Obj\INA219.o
#        C:\Amit_Chaudhary\STM32\Projects\IAR\IAR_Projects\Main\Main_Latest\IAR\Debug\Obj\Interrupt.o
#        C:\Amit_Chaudhary\STM32\Projects\IAR\IAR_Projects\Main\Main_Latest\IAR\Debug\Obj\main.o
#        C:\Amit_Chaudhary\STM32\Projects\IAR\IAR_Projects\Main\Main_Latest\IAR\Debug\Obj\Nokia5110LCD.o
#        C:\Amit_Chaudhary\STM32\Projects\IAR\IAR_Projects\Main\Main_Latest\IAR\Debug\Obj\Peripheral.o
#        C:\Amit_Chaudhary\STM32\Projects\IAR\IAR_Projects\Main\Main_Latest\IAR\Debug\Obj\SPI_Base.o
#        C:\Amit_Chaudhary\STM32\Projects\IAR\IAR_Projects\Main\Main_Latest\IAR\Debug\Obj\SPI_DMA.o
#        C:\Amit_Chaudhary\STM32\Projects\IAR\IAR_Projects\Main\Main_Latest\IAR\Debug\Obj\SPI_IT.o
#        C:\Amit_Chaudhary\STM32\Projects\IAR\IAR_Projects\Main\Main_Latest\IAR\Debug\Obj\SPI_Poll.o
#        C:\Amit_Chaudhary\STM32\Projects\IAR\IAR_Projects\Main\Main_Latest\IAR\Debug\Obj\startup_stm32f103xb.o
#        C:\Amit_Chaudhary\STM32\Projects\IAR\IAR_Projects\Main\Main_Latest\IAR\Debug\Obj\stm32f1xx_hal.o
#        C:\Amit_Chaudhary\STM32\Projects\IAR\IAR_Projects\Main\Main_Latest\IAR\Debug\Obj\stm32f1xx_hal_cortex.o
#        C:\Amit_Chaudhary\STM32\Projects\IAR\IAR_Projects\Main\Main_Latest\IAR\Debug\Obj\stm32f1xx_hal_dma.o
#        C:\Amit_Chaudhary\STM32\Projects\IAR\IAR_Projects\Main\Main_Latest\IAR\Debug\Obj\stm32f1xx_hal_gpio.o
#        C:\Amit_Chaudhary\STM32\Projects\IAR\IAR_Projects\Main\Main_Latest\IAR\Debug\Obj\stm32f1xx_hal_gpio_ex.o
#        C:\Amit_Chaudhary\STM32\Projects\IAR\IAR_Projects\Main\Main_Latest\IAR\Debug\Obj\stm32f1xx_hal_i2c.o
#        C:\Amit_Chaudhary\STM32\Projects\IAR\IAR_Projects\Main\Main_Latest\IAR\Debug\Obj\stm32f1xx_hal_pwr.o
#        C:\Amit_Chaudhary\STM32\Projects\IAR\IAR_Projects\Main\Main_Latest\IAR\Debug\Obj\stm32f1xx_hal_rcc.o
#        C:\Amit_Chaudhary\STM32\Projects\IAR\IAR_Projects\Main\Main_Latest\IAR\Debug\Obj\stm32f1xx_hal_rcc_ex.o
#        C:\Amit_Chaudhary\STM32\Projects\IAR\IAR_Projects\Main\Main_Latest\IAR\Debug\Obj\stm32f1xx_hal_spi.o
#        C:\Amit_Chaudhary\STM32\Projects\IAR\IAR_Projects\Main\Main_Latest\IAR\Debug\Obj\stm32f1xx_it.o
#        C:\Amit_Chaudhary\STM32\Projects\IAR\IAR_Projects\Main\Main_Latest\IAR\Debug\Obj\stm32f1xx_ll_exti.o
#        C:\Amit_Chaudhary\STM32\Projects\IAR\IAR_Projects\Main\Main_Latest\IAR\Debug\Obj\system_stm32f1xx.o
#        C:\Amit_Chaudhary\STM32\Projects\IAR\IAR_Projects\Main\Main_Latest\IAR\Debug\Obj\Test.o
#        --no_out_extension -o
#        C:\Amit_Chaudhary\STM32\Projects\IAR\IAR_Projects\Main\Main_Latest\IAR\Debug\Exe\Main.out
#        --redirect _Printf=_PrintfFullNoMb --redirect _Scanf=_ScanfFullNoMb
#        --map
#        C:\Amit_Chaudhary\STM32\Projects\IAR\IAR_Projects\Main\Main_Latest\IAR\Debug\List\Main.map
#        --config
#        C:\Amit_Chaudhary\STM32\Projects\IAR\IAR_Projects\CPP_Drivers\Gpio\System\stm32f103x8.icf
#        --semihosting --entry __iar_program_start --vfe --text_out locale)
#
###############################################################################

*******************************************************************************
*** RUNTIME MODEL ATTRIBUTES
***

CppFlavor                     = *
__CPP_Exceptions              = Disabled
__CPP_Language                = C++14
__Heap_Handler                = Basic
__SystemLibrary               = DLib
__dlib_dynamic_initialization = normal
__dlib_version                = 6


*******************************************************************************
*** HEAP SELECTION
***

The basic heap was selected because some modules are built with
size limitations (and not runtime checking), and --advanced_heap
was not specified.


*******************************************************************************
*** PLACEMENT SUMMARY
***

"A0":  place at 0x800'0000 { ro section .intvec };
"P1":  place in [from 0x800'0000 to 0x800'ffff] { ro };
define block CSTACK with size = 2K, alignment = 8 { };
define block HEAP with size = 2K, alignment = 8 { };
"P2":  place in [from 0x2000'0000 to 0x2000'4fff] {
          rw, block CSTACK, block HEAP };
initialize by copy { rw };

  Section                Kind         Address    Size  Object
  -------                ----         -------    ----  ------
"A0":                                            0xec
  .intvec                ro code   0x800'0000    0xec  startup_stm32f103xb.o [1]
                                 - 0x800'00ec    0xec

"P1":                                          0x270c
  .text                  ro code   0x800'00ec   0x608  stm32f1xx_hal_rcc.o [1]
  .text                  ro code   0x800'06f4     0xc  stm32f1xx_hal.o [1]
  .text                  ro code   0x800'0700    0x3c  stm32f1xx_hal.o [1]
  .text                  ro code   0x800'073c    0x86  ABImemcpy.o [5]
  .text                  ro code   0x800'07c2    0x3a  zero_init3.o [5]
  .text                  ro code   0x800'07fc   0x14a  stm32f1xx_hal_cortex.o [1]
  .rodata                const     0x800'0946     0x2  stm32f1xx_hal_rcc.o [1]
  .text                  ro code   0x800'0948    0x8c  Interrupt.o [1]
  .text                  ro code   0x800'09d4   0x5b0  SPI_DMA.o [1]
  .text                  ro code   0x800'0f84     0xc  SPI_Poll.o [1]
  .text                  ro code   0x800'0f90   0x13c  GpioOutput.o [1]
  .text                  ro code   0x800'10cc   0x280  stm32f1xx_hal_gpio.o [1]
  .text                  ro code   0x800'134c   0x380  stm32f1xx_hal_dma.o [1]
  .text                  ro code   0x800'16cc   0x456  stm32f1xx_hal_spi.o [1]
  .text                  ro code   0x800'1b22    0x10  SPI_Poll.o [1]
  .text                  ro code   0x800'1b32     0xe  SPI_Poll.o [1]
  .text                  ro code   0x800'1b40     0xc  SPI_Poll.o [1]
  .text                  ro code   0x800'1b4c     0x2  stm32f1xx_hal_spi.o [1]
  .text                  ro code   0x800'1b4e     0x2  stm32f1xx_hal_spi.o [1]
  .text                  ro code   0x800'1b50    0x90  SPI_Base.o [1]
  .text                  ro code   0x800'1be0     0xc  SPI_Poll.o [1]
  .text                  ro code   0x800'1bec    0x10  Test.o [1]
  .text                  ro code   0x800'1bfc   0x2bc  Test.o [1]
  .text                  ro code   0x800'1eb8     0xa  cxxabi.o [3]
  .rodata                const     0x800'1ec2     0x1  unwind_debug.o [6]
  .text                  ro code   0x800'1ec4   0x1fc  Nokia5110LCD.o [1]
  .text                  ro code   0x800'20c0    0x10  Test.o [1]
  .text                  ro code   0x800'20d0    0x1e  stm32f1xx_hal.o [1]
  .text                  ro code   0x800'20f0    0xa0  cppinit.o [2]
  .rodata                const     0x800'2190   0x1e0  Nokia5110LCD.o [1]
  .text                  ro code   0x800'2370    0x9a  main.o [1]
  .text                  ro code   0x800'240c    0x2a  stm32f1xx_hal.o [1]
  .text                  ro code   0x800'2438    0x58  system_stm32f1xx.o [1]
  .rodata                const     0x800'2490    0x54  main.o [1]
  .text                  ro code   0x800'24e4    0x30  iarttio.o [6]
  .text                  ro code   0x800'2514     0xc  XShttio.o [2]
  .rodata                const     0x800'2520    0x2c  SPI_DMA.o [1]
  .text                  ro code   0x800'254c    0x2c  copy_init3.o [5]
  .text                  ro code   0x800'2578    0x28  data_init.o [5]
  .iar.init_table        const     0x800'25a0    0x28  - Linker created -
  .text                  ro code   0x800'25c8    0x20  cmain_call_ctors.o [5]
  .text                  ro code   0x800'25e8    0x1e  cmain.o [5]
  .text                  ro code   0x800'2606     0x4  low_level_init.o [2]
  .text                  ro code   0x800'260a     0x4  exit.o [2]
  .text                  ro code   0x800'2610     0xe  cexit.o [5]
  .text                  ro code   0x800'2620    0x14  exit.o [6]
  .rodata                const     0x800'2634    0x1c  GpioOutput.o [1]
  .rodata                const     0x800'2650    0x1c  SPI_Poll.o [1]
  .text                  ro code   0x800'266c    0x1c  stm32f1xx_it.o [1]
  .text                  ro code   0x800'2688    0x10  stm32f1xx_hal.o [1]
  .text                  ro code   0x800'2698    0x18  Test.o [1]
  .text                  ro code   0x800'26b0    0x10  Test.o [1]
  .rodata                const     0x800'26c0    0x10  Nokia5110LCD.o [1]
  .rodata                const     0x800'26d0    0x10  stm32f1xx_hal_rcc.o [1]
  .rodata                const     0x800'26e0    0x10  system_stm32f1xx.o [1]
  .rodata                const     0x800'26f0    0x10  Test.o [1]
  .rodata                const     0x800'2700    0x10  Test.o [1]
  .text                  ro code   0x800'2710    0x10  startup_stm32f103xb.o [1]
  .text                  ro code   0x800'2720     0xc  cstartup_M.o [5]
  Initializer bytes      const     0x800'272c     0xc  <for P2-1>
  .rodata                const     0x800'2738     0x8  Test.o [1]
  .rodata                const     0x800'2740     0x8  Test.o [1]
  .text                  ro code   0x800'2748     0x4  startup_stm32f103xb.o [1]
  .text                  ro code   0x800'274c     0x4  startup_stm32f103xb.o [1]
  .text                  ro code   0x800'2750     0x4  startup_stm32f103xb.o [1]
  .text                  ro code   0x800'2754     0x4  startup_stm32f103xb.o [1]
  .text                  ro code   0x800'2758     0x4  startup_stm32f103xb.o [1]
  .text                  ro code   0x800'275c     0x4  startup_stm32f103xb.o [1]
  .text                  ro code   0x800'2760     0x4  startup_stm32f103xb.o [1]
  .text                  ro code   0x800'2764     0x4  startup_stm32f103xb.o [1]
  .text                  ro code   0x800'2768     0x4  startup_stm32f103xb.o [1]
  .text                  ro code   0x800'276c     0x4  startup_stm32f103xb.o [1]
  .text                  ro code   0x800'2770     0x4  startup_stm32f103xb.o [1]
  .text                  ro code   0x800'2774     0x4  startup_stm32f103xb.o [1]
  .text                  ro code   0x800'2778     0x4  startup_stm32f103xb.o [1]
  .text                  ro code   0x800'277c     0x4  startup_stm32f103xb.o [1]
  .text                  ro code   0x800'2780     0x4  startup_stm32f103xb.o [1]
  .text                  ro code   0x800'2784     0x4  startup_stm32f103xb.o [1]
  .text                  ro code   0x800'2788     0x4  startup_stm32f103xb.o [1]
  .text                  ro code   0x800'278c     0x4  startup_stm32f103xb.o [1]
  .text                  ro code   0x800'2790     0x4  startup_stm32f103xb.o [1]
  .text                  ro code   0x800'2794     0x4  startup_stm32f103xb.o [1]
  .text                  ro code   0x800'2798     0x4  startup_stm32f103xb.o [1]
  .text                  ro code   0x800'279c     0x4  startup_stm32f103xb.o [1]
  .text                  ro code   0x800'27a0     0x4  startup_stm32f103xb.o [1]
  .text                  ro code   0x800'27a4     0x4  startup_stm32f103xb.o [1]
  .text                  ro code   0x800'27a8     0x4  startup_stm32f103xb.o [1]
  .text                  ro code   0x800'27ac     0x4  startup_stm32f103xb.o [1]
  .text                  ro code   0x800'27b0     0x4  startup_stm32f103xb.o [1]
  .text                  ro code   0x800'27b4     0x4  startup_stm32f103xb.o [1]
  .text                  ro code   0x800'27b8     0x4  startup_stm32f103xb.o [1]
  .text                  ro code   0x800'27bc     0x4  startup_stm32f103xb.o [1]
  .text                  ro code   0x800'27c0     0x4  startup_stm32f103xb.o [1]
  .text                  ro code   0x800'27c4     0x4  startup_stm32f103xb.o [1]
  .text                  ro code   0x800'27c8     0x4  startup_stm32f103xb.o [1]
  .text                  ro code   0x800'27cc     0x4  startup_stm32f103xb.o [1]
  .text                  ro code   0x800'27d0     0x4  startup_stm32f103xb.o [1]
  .text                  ro code   0x800'27d4     0x4  startup_stm32f103xb.o [1]
  .text                  ro code   0x800'27d8     0x4  startup_stm32f103xb.o [1]
  .text                  ro code   0x800'27dc     0x4  startup_stm32f103xb.o [1]
  .text                  ro code   0x800'27e0     0x4  startup_stm32f103xb.o [1]
  .text                  ro code   0x800'27e4     0x4  startup_stm32f103xb.o [1]
  .text                  ro code   0x800'27e8     0x4  startup_stm32f103xb.o [1]
  .text                  ro code   0x800'27ec     0x4  startup_stm32f103xb.o [1]
  .text                  ro code   0x800'27f0     0x4  startup_stm32f103xb.o [1]
  SHT$$PREINIT_ARRAY               0x800'27f4     0x0  <Block>
  SHT$$INIT_ARRAY                  0x800'27f4     0x4  <Block>
    .init_array          const     0x800'27f4     0x4  Test.o [1]
  __iar_tls$$INIT_ARRAY            0x800'27f8     0x0  <Block>
  .text                  ro code   0x800'27f8     0x0  cstart_call_dtors.o [5]
  .rodata                const     0x800'27f8     0x0  zero_init3.o [5]
  .rodata                const     0x800'27f8     0x0  copy_init3.o [5]
                                 - 0x800'27f8  0x270c

Absolute sections:                              0x100
  .noinit                uninit   0x2000'0100   0x100  Interrupt.o [1]
                                - 0x2000'0200   0x100

"P2", part 1 of 3:                                0xc
  P2-1                            0x2000'0200     0xc  <Init block>
    .data                inited   0x2000'0200     0x4  system_stm32f1xx.o [1]
    .data                inited   0x2000'0204     0x8  XShttio.o [2]
                                - 0x2000'020c     0xc

"P2", part 2 of 3:                              0x2cc
  .bss                   zero     0x2000'020c    0x58  SPI_Base.o [1]
  .bss                   zero     0x2000'0264    0x58  SPI_Base.o [1]
  .bss                   zero     0x2000'02bc    0x44  SPI_DMA.o [1]
  .bss                   zero     0x2000'0300    0x44  SPI_DMA.o [1]
  .bss                   zero     0x2000'0344    0x44  SPI_DMA.o [1]
  .bss                   zero     0x2000'0388    0x44  SPI_DMA.o [1]
  .bss                   zero     0x2000'03cc    0x18  Test.o [1]
  .bss                   zero     0x2000'03e4    0x18  Test.o [1]
  .bss                   zero     0x2000'03fc     0xc  SPI_DMA.o [1]
  .bss                   zero     0x2000'0408     0xc  SPI_DMA.o [1]
  .bss                   zero     0x2000'0414     0xc  SPI_DMA.o [1]
  .bss                   zero     0x2000'0420     0xc  Test.o [1]
  .bss                   zero     0x2000'042c     0xc  Test.o [1]
  .bss                   zero     0x2000'0438     0xc  Test.o [1]
  .bss                   zero     0x2000'0444     0xc  Test.o [1]
  .bss                   zero     0x2000'0450     0xc  Test.o [1]
  .bss                   zero     0x2000'045c     0xc  Test.o [1]
  .bss                   zero     0x2000'0468     0xc  Test.o [1]
  .bss                   zero     0x2000'0474     0xc  Test.o [1]
  .bss                   zero     0x2000'0480     0xc  Test.o [1]
  .bss                   zero     0x2000'048c     0xc  Test.o [1]
  .bss                   zero     0x2000'0498     0xc  Test.o [1]
  .bss                   zero     0x2000'04a4     0x4  SPI_Base.o [1]
  .bss                   zero     0x2000'04a8     0x4  SPI_Base.o [1]
  .bss                   zero     0x2000'04ac     0x4  SPI_Base.o [1]
  .bss                   zero     0x2000'04b0     0x4  SPI_Base.o [1]
  .bss                   zero     0x2000'04b4     0x4  SPI_Base.o [1]
  .bss                   zero     0x2000'04b8     0x4  SPI_Base.o [1]
  .bss                   zero     0x2000'04bc     0x4  stm32f1xx_hal.o [1]
  .bss                   zero     0x2000'04c0     0x4  cppinit.o [2]
  .bss                   zero     0x2000'04c4     0x4  cppinit.o [2]
  .bss                   zero     0x2000'04c8     0x1  SPI_DMA.o [1]
  .bss                   zero     0x2000'04c9     0x1  SPI_DMA.o [1]
  .bss                   zero     0x2000'04ca     0x1  SPI_DMA.o [1]
  .bss                   zero     0x2000'04cb     0x1  Test.o [1]
  .bss                   zero     0x2000'04cc     0x1  Test.o [1]
  .bss                   zero     0x2000'04cd     0x1  Test.o [1]
  .bss                   zero     0x2000'04ce     0x1  Test.o [1]
  .bss                   zero     0x2000'04cf     0x1  Test.o [1]
  .bss                   zero     0x2000'04d0     0x1  Test.o [1]
  .bss                   zero     0x2000'04d1     0x1  Test.o [1]
  .bss                   zero     0x2000'04d2     0x1  Test.o [1]
  .bss                   zero     0x2000'04d3     0x1  Test.o [1]
  .bss                   zero     0x2000'04d4     0x1  Test.o [1]
  .bss                   zero     0x2000'04d5     0x1  Test.o [1]
                                - 0x2000'04d6   0x2ca

"P2", part 3 of 3:                              0x998
  .iar.dynexit                    0x2000'04d8   0x198  <Block>
    .iar.dynexit         uninit   0x2000'04d8     0xc  cppinit.o [2]
    .iar.dynexit         uninit   0x2000'04e4   0x18c  <Block tail>
  CSTACK                          0x2000'0670   0x800  <Block>
    CSTACK               uninit   0x2000'0670   0x800  <Block tail>
                                - 0x2000'0e70   0x998

Unused ranges:

         From           To    Size
         ----           --    ----
   0x800'27f8   0x800'ffff  0xd808
  0x2000'0000  0x2000'00ff   0x100
  0x2000'0e70  0x2000'4fff  0x4190


*******************************************************************************
*** INIT TABLE
***

          Address      Size
          -------      ----
Zero (__iar_zero_init3)
    1 destination range, total size 0x2ca:
          0x2000'020c  0x2ca

Copy (__iar_copy_init3)
    1 source range, total size 0xc:
           0x800'272c    0xc
    1 destination range, total size 0xc:
          0x2000'0200    0xc

Extra (__iar_cstart_call_ctors)



*******************************************************************************
*** MODULE SUMMARY
***

    Module                  ro code  ro data  rw data  rw data
                                                        (abs)
    ------                  -------  -------  -------  -------
command line/config:
    ----------------------------------------------------------
    Total:

C:\Amit_Chaudhary\STM32\Projects\IAR\IAR_Projects\Main\Main_Latest\IAR\Debug\Obj: [1]
    GpioOutput.o                316       28
    Interrupt.o                 140                        256
    Nokia5110LCD.o              508      496
    SPI_Base.o                  144               200
    SPI_DMA.o                 1 456       44      311
    SPI_Poll.o                   66       28
    Test.o                      772       52      191
    main.o                      154       84
    startup_stm32f103xb.o       424
    stm32f1xx_hal.o             160                 4
    stm32f1xx_hal_cortex.o      330
    stm32f1xx_hal_dma.o         896
    stm32f1xx_hal_gpio.o        640
    stm32f1xx_hal_rcc.o       1 544       18
    stm32f1xx_hal_spi.o       1 114
    stm32f1xx_it.o               28
    system_stm32f1xx.o           88       20        4
    ----------------------------------------------------------
    Total:                    8 780      770      710      256

dl7M_tln.a: [2]
    XShttio.o                    12        8        8
    cppinit.o                   160                20
    exit.o                        4
    low_level_init.o              4
    ----------------------------------------------------------
    Total:                      180        8       28

dlpp7M_tl_nc.a: [3]
    cxxabi.o                     10
    ----------------------------------------------------------
    Total:                       10

m7M_tl.a: [4]
    ----------------------------------------------------------
    Total:

rt7M_tl.a: [5]
    ABImemcpy.o                 134
    cexit.o                      14
    cmain.o                      30
    cmain_call_ctors.o           32
    copy_init3.o                 44
    cstart_call_dtors.o
    cstartup_M.o                 12
    data_init.o                  40
    zero_init3.o                 58
    ----------------------------------------------------------
    Total:                      364

shb_l.a: [6]
    exit.o                       20
    iarttio.o                    48
    unwind_debug.o                         1
    ----------------------------------------------------------
    Total:                       68        1

    Gaps                         11
    Linker created                        40    2 444
--------------------------------------------------------------
    Grand Total:              9 413      819    3 182      256


*******************************************************************************
*** ENTRY LIST
***

Entry                       Address   Size  Type      Object
-----                       -------   ----  ----      ------
.iar.dynexit$$Base      0x2000'04d8          --   Gb  - Linker created -
.iar.dynexit$$Limit     0x2000'0670          --   Gb  - Linker created -
.iar.init_table$$Base    0x800'25a0          --   Gb  - Linker created -
.iar.init_table$$Limit   0x800'25c8          --   Gb  - Linker created -
?main                    0x800'25e9         Code  Gb  cmain.o [5]
AHBPrescTable            0x800'26e0   0x10  Data  Gb  system_stm32f1xx.o [1]
BusFault_Handler         0x800'2673    0x2  Code  Gb  stm32f1xx_it.o [1]
CSTACK$$Base            0x2000'0670          --   Gb  - Linker created -
CSTACK$$Limit           0x2000'0e70          --   Gb  - Linker created -
CS_A4                   0x2000'0420    0xc  Data  Gb  Test.o [1]
CS_B12                  0x2000'042c    0xc  Data  Gb  Test.o [1]
DebugMon_Handler         0x800'2679    0x2  Code  Gb  stm32f1xx_it.o [1]
DtorRecArray            0x2000'04d8    0xc  Data  Lc  cppinit.o [2]
HAL_DMA_Abort_IT         0x800'145f   0xb4  Code  Gb  stm32f1xx_hal_dma.o [1]
HAL_DMA_IRQHandler       0x800'1513  0x16a  Code  Gb  stm32f1xx_hal_dma.o [1]
HAL_DMA_Init             0x800'134d   0x7a  Code  Gb  stm32f1xx_hal_dma.o [1]
HAL_DMA_Start_IT         0x800'13c7   0x98  Code  Gb  stm32f1xx_hal_dma.o [1]
HAL_Delay                0x800'20d1   0x1e  Code  Wk  stm32f1xx_hal.o [1]
HAL_GPIO_Init            0x800'10cd  0x226  Code  Gb  stm32f1xx_hal_gpio.o [1]
HAL_GPIO_WritePin        0x800'12f3   0x1a  Code  Gb  stm32f1xx_hal_gpio.o [1]
HAL_GetTick              0x800'06f5    0xc  Code  Wk  stm32f1xx_hal.o [1]
HAL_IncTick              0x800'2689   0x10  Code  Wk  stm32f1xx_hal.o [1]
HAL_Init                 0x800'240d   0x24  Code  Gb  stm32f1xx_hal.o [1]
HAL_InitTick             0x800'0701   0x3c  Code  Wk  stm32f1xx_hal.o [1]
HAL_NVIC_SetPriority     0x800'08cd   0x2a  Code  Gb  stm32f1xx_hal_cortex.o [1]
HAL_NVIC_SetPriorityGrouping
                         0x800'08c1    0xc  Code  Gb  stm32f1xx_hal_cortex.o [1]
HAL_RCC_ClockConfig      0x800'04ad  0x16c  Code  Gb  stm32f1xx_hal_rcc.o [1]
HAL_RCC_GetHCLKFreq      0x800'0687    0x6  Code  Gb  stm32f1xx_hal_rcc.o [1]
HAL_RCC_GetSysClockFreq
                         0x800'0619   0x6e  Code  Gb  stm32f1xx_hal_rcc.o [1]
HAL_RCC_OscConfig        0x800'00ed  0x3c0  Code  Gb  stm32f1xx_hal_rcc.o [1]
HAL_SPI_DeInit           0x800'1767   0x38  Code  Gb  stm32f1xx_hal_spi.o [1]
HAL_SPI_IRQHandler       0x800'189b   0xf8  Code  Gb  stm32f1xx_hal_spi.o [1]
HAL_SPI_Init             0x800'16cd   0x9a  Code  Gb  stm32f1xx_hal_spi.o [1]
HAL_SPI_Transmit_DMA     0x800'179f   0xfc  Code  Gb  stm32f1xx_hal_spi.o [1]
HAL_SPI_TxCpltCallback   0x800'1b51   0x40  Code  Gb  SPI_Base.o [1]
HAL_SPI_TxHalfCpltCallback
                         0x800'1b91   0x30  Code  Gb  SPI_Base.o [1]
HAL_SYSTICK_CLKSourceConfig
                         0x800'0903   0x1c  Code  Gb  stm32f1xx_hal_cortex.o [1]
HAL_SYSTICK_Config       0x800'08f7    0xc  Code  Gb  stm32f1xx_hal_cortex.o [1]
HAL_SYSTICK_IRQHandler   0x800'093d    0x8  Code  Gb  stm32f1xx_hal_cortex.o [1]
HardFault_Handler        0x800'266f    0x2  Code  Gb  stm32f1xx_it.o [1]
MemManage_Handler        0x800'2671    0x2  Code  Gb  stm32f1xx_it.o [1]
NMI_Handler              0x800'266d    0x2  Code  Gb  stm32f1xx_it.o [1]
Nokia5110LCD_Dual_Test()
                         0x800'1c1f  0x206  Code  Gb  Test.o [1]
Nokia5110LCD_Dual_Test()::Backlight1
                        0x2000'045c    0xc  Data  Lc  Test.o [1]
Nokia5110LCD_Dual_Test()::Backlight2
                        0x2000'0498    0xc  Data  Lc  Test.o [1]
Nokia5110LCD_Dual_Test()::CS2
                        0x2000'0474    0xc  Data  Lc  Test.o [1]
Nokia5110LCD_Dual_Test()::D_C1
                        0x2000'0444    0xc  Data  Lc  Test.o [1]
Nokia5110LCD_Dual_Test()::D_C2
                        0x2000'0480    0xc  Data  Lc  Test.o [1]
Nokia5110LCD_Dual_Test()::LCD1
                        0x2000'03cc   0x18  Data  Lc  Test.o [1]
Nokia5110LCD_Dual_Test()::LCD2
                        0x2000'03e4   0x18  Data  Lc  Test.o [1]
Nokia5110LCD_Dual_Test()::Reset1
                        0x2000'0450    0xc  Data  Lc  Test.o [1]
Nokia5110LCD_Dual_Test()::Reset2
                        0x2000'048c    0xc  Data  Lc  Test.o [1]
Nokia5110LCD_Dual_Test()::SPI_Obj1
                        0x2000'0438    0xc  Data  Lc  Test.o [1]
Nokia5110LCD_Dual_Test()::SPI_Obj2
                        0x2000'0468    0xc  Data  Lc  Test.o [1]
Nokia5110LCD_Dual_Test()::static guard for Backlight1
                        0x2000'04ce    0x1  Data  Lc  Test.o [1]
Nokia5110LCD_Dual_Test()::static guard for Backlight2
                        0x2000'04d4    0x1  Data  Lc  Test.o [1]
Nokia5110LCD_Dual_Test()::static guard for CS2
                        0x2000'04d1    0x1  Data  Lc  Test.o [1]
Nokia5110LCD_Dual_Test()::static guard for D_C1
                        0x2000'04cc    0x1  Data  Lc  Test.o [1]
Nokia5110LCD_Dual_Test()::static guard for D_C2
                        0x2000'04d2    0x1  Data  Lc  Test.o [1]
Nokia5110LCD_Dual_Test()::static guard for LCD1
                        0x2000'04cf    0x1  Data  Lc  Test.o [1]
Nokia5110LCD_Dual_Test()::static guard for LCD2
                        0x2000'04d5    0x1  Data  Lc  Test.o [1]
Nokia5110LCD_Dual_Test()::static guard for Reset1
                        0x2000'04cd    0x1  Data  Lc  Test.o [1]
Nokia5110LCD_Dual_Test()::static guard for Reset2
                        0x2000'04d3    0x1  Data  Lc  Test.o [1]
Nokia5110LCD_Dual_Test()::static guard for SPI_Obj1
                        0x2000'04cb    0x1  Data  Lc  Test.o [1]
Nokia5110LCD_Dual_Test()::static guard for SPI_Obj2
                        0x2000'04d0    0x1  Data  Lc  Test.o [1]
PendSV_Handler           0x800'267b    0x2  Code  Gb  stm32f1xx_it.o [1]
Peripherals::GpioOutput::GpioOutput(GPIO_TypeDef *, unsigned short)
                         0x800'0f91   0x22  Code  Gb  GpioOutput.o [1]
Peripherals::GpioOutput::HwInit()
                         0x800'0fb3   0xfc  Code  Gb  GpioOutput.o [1]
Peripherals::GpioOutput::Off()
                         0x800'1b23   0x10  Code  Gb  SPI_Poll.o [1]
Peripherals::GpioOutput::On()
                         0x800'1bed   0x10  Code  Gb  Test.o [1]
Peripherals::Interrupt::EnableInterrupt(Peripherals::Interrupt::IRQn)
                         0x800'0949   0x20  Code  Gb  Interrupt.o [1]
Peripherals::Interrupt::RegisterInterrupt_Vct_Table(void (*)(), Peripherals::Interrupt::IRQn, unsigned char, unsigned char)
                         0x800'0969   0x38  Code  Gb  Interrupt.o [1]
Peripherals::Interrupt::Relocate_Vector_Table()
                         0x800'09a1   0x24  Code  Gb  Interrupt.o [1]
Peripherals::Interrupt::Vectors_RAM
                        0x2000'0100  0x100  Data  Gb  Interrupt.o [1]
Peripherals::Nokia5110LCD::Clear()
                         0x800'1faf   0x26  Code  Gb  Nokia5110LCD.o [1]
Peripherals::Nokia5110LCD::DisplayInit()
                         0x800'1f23   0x5e  Code  Gb  Nokia5110LCD.o [1]
Peripherals::Nokia5110LCD::DrawLine(unsigned char, unsigned char, char const *)
                         0x800'2051   0x64  Code  Gb  Nokia5110LCD.o [1]
Peripherals::Nokia5110LCD::DrawString(char const *)
                         0x800'2037   0x1a  Code  Gb  Nokia5110LCD.o [1]
Peripherals::Nokia5110LCD::GoToXY(int, int)
                         0x800'1fd5   0x26  Code  Gb  Nokia5110LCD.o [1]
Peripherals::Nokia5110LCD::HwInit()
                         0x800'1edd   0x46  Code  Gb  Nokia5110LCD.o [1]
Peripherals::Nokia5110LCD::LCDCharacter(char)
                         0x800'1ffb   0x3c  Code  Gb  Nokia5110LCD.o [1]
Peripherals::Nokia5110LCD::Nokia5110LCD(Peripherals::SPI_DMA *, Peripherals::GpioOutput *, Peripherals::GpioOutput *, Peripherals::GpioOutput *, Peripherals::GpioOutput *)
                         0x800'1ec5   0x18  Code  Gb  Nokia5110LCD.o [1]
Peripherals::Nokia5110LCD::SetBrigntness(unsigned char)
                         0x800'20c1   0x10  Code  Gb  Test.o [1]
Peripherals::Nokia5110LCD::Write(Peripherals::Nokia5110LCD::DC_t, unsigned char)
                         0x800'1f81   0x2e  Code  Gb  Nokia5110LCD.o [1]
Peripherals::Peripheral::Peripheral()
                         0x800'1be1    0xc  Code  Gb  SPI_Poll.o [1]
Peripherals::Peripheral::Peripheral() [subobject]
                         0x800'1b41    0xc  Code  Gb  SPI_Poll.o [1]
Peripherals::SPI_Base::SPI1_TxDoneCallback
                        0x2000'04a4    0x4  Data  Gb  SPI_Base.o [1]
Peripherals::SPI_Base::SPI1_TxHalfDoneCallback
                        0x2000'04a8    0x4  Data  Gb  SPI_Base.o [1]
Peripherals::SPI_Base::SPI2_TxDoneCallback
                        0x2000'04ac    0x4  Data  Gb  SPI_Base.o [1]
Peripherals::SPI_Base::SPI2_TxHalfDoneCallback
                        0x2000'04b0    0x4  Data  Gb  SPI_Base.o [1]
Peripherals::SPI_Base::SPI_Base()
                         0x800'1b33    0xe  Code  Gb  SPI_Poll.o [1]
Peripherals::SPI_Base::SPI_Base() [subobject]
                         0x800'0f85    0xc  Code  Gb  SPI_Poll.o [1]
Peripherals::SPI_Base::m_hspi_1
                        0x2000'020c   0x58  Data  Gb  SPI_Base.o [1]
Peripherals::SPI_Base::m_hspi_2
                        0x2000'0264   0x58  Data  Gb  SPI_Base.o [1]
Peripherals::SPI_Base::m_pChipSelect_SPI1
                        0x2000'04b4    0x4  Data  Gb  SPI_Base.o [1]
Peripherals::SPI_Base::m_pChipSelect_SPI2
                        0x2000'04b8    0x4  Data  Gb  SPI_Base.o [1]
Peripherals::SPI_DMA::DMA_Ch2_IRQHandler()
                         0x800'0eed    0xc  Code  Gb  SPI_DMA.o [1]
Peripherals::SPI_DMA::DMA_Ch3_IRQHandler()
                         0x800'0ef9    0xc  Code  Gb  SPI_DMA.o [1]
Peripherals::SPI_DMA::DMA_Ch4_IRQHandler()
                         0x800'0f05    0xc  Code  Gb  SPI_DMA.o [1]
Peripherals::SPI_DMA::DMA_Ch5_IRQHandler()
                         0x800'0f11    0xc  Code  Gb  SPI_DMA.o [1]
Peripherals::SPI_DMA::HwDeinit()
                         0x800'26b1   0x10  Code  Gb  Test.o [1]
Peripherals::SPI_DMA::HwInit()
                         0x800'09f1  0x472  Code  Gb  SPI_DMA.o [1]
Peripherals::SPI_DMA::HwInit(){12}{13}::CS_PA15
                        0x2000'0408    0xc  Data  Lc  SPI_DMA.o [1]
Peripherals::SPI_DMA::HwInit(){12}{13}::static guard for CS_PA15
                        0x2000'04c9    0x1  Data  Lc  SPI_DMA.o [1]
Peripherals::SPI_DMA::HwInit(){12}{22}{23}::CS_PB12
                        0x2000'0414    0xc  Data  Lc  SPI_DMA.o [1]
Peripherals::SPI_DMA::HwInit(){12}{22}{23}::static guard for CS_PB12
                        0x2000'04ca    0x1  Data  Lc  SPI_DMA.o [1]
Peripherals::SPI_DMA::HwInit(){2}::CS_PA4
                        0x2000'03fc    0xc  Data  Lc  SPI_DMA.o [1]
Peripherals::SPI_DMA::HwInit(){2}::static guard for CS_PA4
                        0x2000'04c8    0x1  Data  Lc  SPI_DMA.o [1]
Peripherals::SPI_DMA::SPI1__IRQHandler()
                         0x800'0ed5    0xa  Code  Gb  SPI_DMA.o [1]
Peripherals::SPI_DMA::SPI2__IRQHandler()
                         0x800'0ee1    0xa  Code  Gb  SPI_DMA.o [1]
Peripherals::SPI_DMA::SPI_DMA(Peripherals::SPI_Base::SPIx_t, unsigned int)
                         0x800'09d5   0x1c  Code  Gb  SPI_DMA.o [1]
Peripherals::SPI_DMA::Tx(unsigned char *, unsigned short, Peripherals::GpioOutput *)
                         0x800'0e63   0x70  Code  Gb  SPI_DMA.o [1]
Peripherals::SPI_DMA::hdma_spi1_rx
                        0x2000'02bc   0x44  Data  Gb  SPI_DMA.o [1]
Peripherals::SPI_DMA::hdma_spi1_tx
                        0x2000'0300   0x44  Data  Gb  SPI_DMA.o [1]
Peripherals::SPI_DMA::hdma_spi2_rx
                        0x2000'0344   0x44  Data  Gb  SPI_DMA.o [1]
Peripherals::SPI_DMA::hdma_spi2_tx
                        0x2000'0388   0x44  Data  Gb  SPI_DMA.o [1]
Peripherals::SPI_DMA::~SPI_DMA()
                         0x800'2699   0x18  Code  Gb  Test.o [1]
Region$$Table$$Base      0x800'25a0          --   Gb  - Linker created -
Region$$Table$$Limit     0x800'25c8          --   Gb  - Linker created -
SHT$$INIT_ARRAY$$Base    0x800'27f4          --   Gb  - Linker created -
SHT$$INIT_ARRAY$$Limit   0x800'27f8          --   Gb  - Linker created -
SHT$$PREINIT_ARRAY$$Base
                         0x800'27f4          --   Gb  - Linker created -
SHT$$PREINIT_ARRAY$$Limit
                         0x800'27f4          --   Gb  - Linker created -
SVC_Handler              0x800'2677    0x2  Code  Gb  stm32f1xx_it.o [1]
SysTick_Handler          0x800'267d    0xc  Code  Gb  stm32f1xx_it.o [1]
SystemClock_Config()     0x800'2381   0x84  Code  Gb  main.o [1]
SystemCoreClock         0x2000'0200    0x4  Data  Gb  system_stm32f1xx.o [1]
SystemInit               0x800'2439   0x3e  Code  Gb  system_stm32f1xx.o [1]
UsageFault_Handler       0x800'2675    0x2  Code  Gb  stm32f1xx_it.o [1]
Virtual function table for Peripherals::GpioOutput
                         0x800'2634   0x1c  Data  Gb  GpioOutput.o [1]
Virtual function table for Peripherals::Peripheral
                         0x800'2650   0x1c  Data  Gb  SPI_Poll.o [1]
Virtual function table for Peripherals::SPI_DMA
                         0x800'2520   0x2c  Data  Gb  SPI_DMA.o [1]
[local to Nokia5110LCD_cpp]::Peripherals::ASCII
                         0x800'2190  0x1e0  Data  Lc  Nokia5110LCD.o [1]
[local to stm32f1xx_hal_cortex_c]::NVIC_EncodePriority(unsigned int, unsigned int, unsigned int)
                         0x800'0851   0x40  Code  Lc  stm32f1xx_hal_cortex.o [1]
[local to stm32f1xx_hal_cortex_c]::NVIC_GetPriorityGrouping()
                         0x800'081b    0xa  Code  Lc  stm32f1xx_hal_cortex.o [1]
[local to stm32f1xx_hal_cortex_c]::NVIC_SetPriority(IRQn_Type, unsigned int)
                         0x800'0825   0x2c  Code  Lc  stm32f1xx_hal_cortex.o [1]
[local to stm32f1xx_hal_cortex_c]::NVIC_SetPriorityGrouping(unsigned int)
                         0x800'07fd   0x1e  Code  Lc  stm32f1xx_hal_cortex.o [1]
[local to stm32f1xx_hal_cortex_c]::SysTick_Config(unsigned int)
                         0x800'0891   0x30  Code  Lc  stm32f1xx_hal_cortex.o [1]
[local to stm32f1xx_hal_dma_c]::DMA_SetConfig(__DMA_HandleTypeDef *, unsigned int, unsigned int, unsigned int)
                         0x800'16a1   0x2c  Code  Lc  stm32f1xx_hal_dma.o [1]
[local to stm32f1xx_hal_rcc_c]::RCC_Delay(unsigned int)
                         0x800'068d   0x26  Code  Lc  stm32f1xx_hal_rcc.o [1]
[local to stm32f1xx_hal_spi_c]::SPI_CheckFlag_BSY(__SPI_HandleTypeDef *, unsigned int, unsigned int)
                         0x800'1af7   0x2a  Code  Lc  stm32f1xx_hal_spi.o [1]
[local to stm32f1xx_hal_spi_c]::SPI_DMAAbortOnError(__DMA_HandleTypeDef *)
                         0x800'1a3d   0x16  Code  Lc  stm32f1xx_hal_spi.o [1]
[local to stm32f1xx_hal_spi_c]::SPI_DMAError(__DMA_HandleTypeDef *)
                         0x800'1a15   0x28  Code  Lc  stm32f1xx_hal_spi.o [1]
[local to stm32f1xx_hal_spi_c]::SPI_DMAHalfTransmitCplt(__DMA_HandleTypeDef *)
                         0x800'1a05    0xe  Code  Lc  stm32f1xx_hal_spi.o [1]
[local to stm32f1xx_hal_spi_c]::SPI_DMATransmitCplt(__DMA_HandleTypeDef *)
                         0x800'1995   0x70  Code  Lc  stm32f1xx_hal_spi.o [1]
[local to stm32f1xx_hal_spi_c]::SPI_WaitFlagStateUntilTimeout(__SPI_HandleTypeDef *, unsigned int, unsigned int, unsigned int, unsigned int)
                         0x800'1a55   0xa2  Code  Lc  stm32f1xx_hal_spi.o [1]
_Error_Handler           0x800'2409    0x2  Code  Gb  main.o [1]
__aeabi_atexit           0x800'1eb9    0xa  Code  Gb  cxxabi.o [3]
__aeabi_memcpy4          0x800'073d         Code  Gb  ABImemcpy.o [5]
__aeabi_memcpy8          0x800'073d         Code  Gb  ABImemcpy.o [5]
__call_ctors             0x800'20f1   0x18  Code  Gb  cppinit.o [2]
__call_dtors             0x800'213f    0xc  Code  Gb  cppinit.o [2]
__call_dtors0            0x800'214b   0x36  Code  Gb  cppinit.o [2]
__cexit_call_dtors       0x800'2613         Code  Gb  cexit.o [5]
__cmain                  0x800'25e9         Code  Gb  cmain.o [5]
__cstart_call_dtors      0x800'27f8         Data  Gb  cstart_call_dtors.o [5]
__cxa_atexit             0x800'2109   0x36  Code  Gb  cppinit.o [2]
__dso_handle            0x2000'04c4    0x4  Data  Gb  cppinit.o [2]
__exit                   0x800'2621   0x14  Code  Gb  exit.o [6]
__iar_close_ttio         0x800'24e5   0x2e  Code  Gb  iarttio.o [6]
__iar_copy_init3         0x800'254d   0x2c  Code  Gb  copy_init3.o [5]
__iar_cstart_call_ctors
                         0x800'25c9   0x20  Code  Gb  cmain_call_ctors.o [5]
__iar_data_init3         0x800'2579   0x28  Code  Gb  data_init.o [5]
__iar_debug_exceptions   0x800'1ec2    0x1  Data  Gb  unwind_debug.o [6]
__iar_lookup_ttioh       0x800'2515    0x4  Code  Gb  XShttio.o [2]
__iar_program_start      0x800'2721         Code  Gb  cstartup_M.o [5]
__iar_tls$$INIT_ARRAY$$Base
                         0x800'27f8          --   Gb  - Linker created -
__iar_tls$$INIT_ARRAY$$Limit
                         0x800'27f8          --   Gb  - Linker created -
__iar_ttio_handles      0x2000'0204    0x8  Data  Lc  XShttio.o [2]
__iar_zero_init3         0x800'07c3   0x3a  Code  Gb  zero_init3.o [5]
__low_level_init         0x800'2607    0x4  Code  Gb  low_level_init.o [2]
__sti__routine           0x800'1bfd   0x22  Code  Lc  Test.o [1]
__vector_table           0x800'0000         Data  Gb  startup_stm32f103xb.o [1]
_call_main               0x800'25f5         Code  Gb  cmain.o [5]
_exit                    0x800'2611         Code  Gb  cexit.o [5]
_main                    0x800'2603         Code  Gb  cmain.o [5]
exit                     0x800'260b    0x4  Code  Gb  exit.o [2]
main                     0x800'2371   0x10  Code  Gb  main.o [1]
next_abi_dtor_rec       0x2000'04c0    0x4  Data  Lc  cppinit.o [2]
uwTick                  0x2000'04bc    0x4  Data  Gb  stm32f1xx_hal.o [1]


[1] = C:\Amit_Chaudhary\STM32\Projects\IAR\IAR_Projects\Main\Main_Latest\IAR\Debug\Obj
[2] = dl7M_tln.a
[3] = dlpp7M_tl_nc.a
[4] = m7M_tl.a
[5] = rt7M_tl.a
[6] = shb_l.a

  9 413 bytes of readonly  code memory
    819 bytes of readonly  data memory
  3 182 bytes of readwrite data memory (+ 256 absolute)

Errors: none
Warnings: none
