###############################################################################
#
# IAR ELF Linker V8.30.1.114/W32 for ARM                  28/Sep/2018  21:15:02
# Copyright 2007-2018 IAR Systems AB.
#
#    Output file  =  
#        C:\Amit_Chaudhary\STM32\Projects\IAR\IAR_Projects\Main\Main_Latest\IAR\Debug\Exe\Main.out
#    Map file     =  
#        C:\Amit_Chaudhary\STM32\Projects\IAR\IAR_Projects\Main\Main_Latest\IAR\Debug\List\Main.map
#    Command line =  
#        -f C:\Users\achaudha\AppData\Local\Temp\EW1605.tmp
#        (C:\Amit_Chaudhary\STM32\Projects\IAR\IAR_Projects\Main\Main_Latest\IAR\Debug\Obj\GpioInput.o
#        C:\Amit_Chaudhary\STM32\Projects\IAR\IAR_Projects\Main\Main_Latest\IAR\Debug\Obj\GpioOutput.o
#        C:\Amit_Chaudhary\STM32\Projects\IAR\IAR_Projects\Main\Main_Latest\IAR\Debug\Obj\HwButton.o
#        C:\Amit_Chaudhary\STM32\Projects\IAR\IAR_Projects\Main\Main_Latest\IAR\Debug\Obj\HwButtonIntr.o
#        C:\Amit_Chaudhary\STM32\Projects\IAR\IAR_Projects\Main\Main_Latest\IAR\Debug\Obj\I2C_Base.o
#        C:\Amit_Chaudhary\STM32\Projects\IAR\IAR_Projects\Main\Main_Latest\IAR\Debug\Obj\I2C_Master.o
#        C:\Amit_Chaudhary\STM32\Projects\IAR\IAR_Projects\Main\Main_Latest\IAR\Debug\Obj\I2C_Slave.o
#        C:\Amit_Chaudhary\STM32\Projects\IAR\IAR_Projects\Main\Main_Latest\IAR\Debug\Obj\INA219.o
#        C:\Amit_Chaudhary\STM32\Projects\IAR\IAR_Projects\Main\Main_Latest\IAR\Debug\Obj\Interrupt.o
#        C:\Amit_Chaudhary\STM32\Projects\IAR\IAR_Projects\Main\Main_Latest\IAR\Debug\Obj\main.o
#        C:\Amit_Chaudhary\STM32\Projects\IAR\IAR_Projects\Main\Main_Latest\IAR\Debug\Obj\Nokia5110LCD.o
#        C:\Amit_Chaudhary\STM32\Projects\IAR\IAR_Projects\Main\Main_Latest\IAR\Debug\Obj\Peripheral.o
#        C:\Amit_Chaudhary\STM32\Projects\IAR\IAR_Projects\Main\Main_Latest\IAR\Debug\Obj\SPI_Base.o
#        C:\Amit_Chaudhary\STM32\Projects\IAR\IAR_Projects\Main\Main_Latest\IAR\Debug\Obj\SPI_DMA.o
#        C:\Amit_Chaudhary\STM32\Projects\IAR\IAR_Projects\Main\Main_Latest\IAR\Debug\Obj\SPI_IT.o
#        C:\Amit_Chaudhary\STM32\Projects\IAR\IAR_Projects\Main\Main_Latest\IAR\Debug\Obj\SPI_Poll.o
#        C:\Amit_Chaudhary\STM32\Projects\IAR\IAR_Projects\Main\Main_Latest\IAR\Debug\Obj\startup_stm32f103xb.o
#        C:\Amit_Chaudhary\STM32\Projects\IAR\IAR_Projects\Main\Main_Latest\IAR\Debug\Obj\stm32f1xx_hal.o
#        C:\Amit_Chaudhary\STM32\Projects\IAR\IAR_Projects\Main\Main_Latest\IAR\Debug\Obj\stm32f1xx_hal_cortex.o
#        C:\Amit_Chaudhary\STM32\Projects\IAR\IAR_Projects\Main\Main_Latest\IAR\Debug\Obj\stm32f1xx_hal_dma.o
#        C:\Amit_Chaudhary\STM32\Projects\IAR\IAR_Projects\Main\Main_Latest\IAR\Debug\Obj\stm32f1xx_hal_gpio.o
#        C:\Amit_Chaudhary\STM32\Projects\IAR\IAR_Projects\Main\Main_Latest\IAR\Debug\Obj\stm32f1xx_hal_gpio_ex.o
#        C:\Amit_Chaudhary\STM32\Projects\IAR\IAR_Projects\Main\Main_Latest\IAR\Debug\Obj\stm32f1xx_hal_i2c.o
#        C:\Amit_Chaudhary\STM32\Projects\IAR\IAR_Projects\Main\Main_Latest\IAR\Debug\Obj\stm32f1xx_hal_pwr.o
#        C:\Amit_Chaudhary\STM32\Projects\IAR\IAR_Projects\Main\Main_Latest\IAR\Debug\Obj\stm32f1xx_hal_rcc.o
#        C:\Amit_Chaudhary\STM32\Projects\IAR\IAR_Projects\Main\Main_Latest\IAR\Debug\Obj\stm32f1xx_hal_rcc_ex.o
#        C:\Amit_Chaudhary\STM32\Projects\IAR\IAR_Projects\Main\Main_Latest\IAR\Debug\Obj\stm32f1xx_hal_spi.o
#        C:\Amit_Chaudhary\STM32\Projects\IAR\IAR_Projects\Main\Main_Latest\IAR\Debug\Obj\stm32f1xx_it.o
#        C:\Amit_Chaudhary\STM32\Projects\IAR\IAR_Projects\Main\Main_Latest\IAR\Debug\Obj\stm32f1xx_ll_exti.o
#        C:\Amit_Chaudhary\STM32\Projects\IAR\IAR_Projects\Main\Main_Latest\IAR\Debug\Obj\system_stm32f1xx.o
#        C:\Amit_Chaudhary\STM32\Projects\IAR\IAR_Projects\Main\Main_Latest\IAR\Debug\Obj\Test.o
#        --no_out_extension -o
#        C:\Amit_Chaudhary\STM32\Projects\IAR\IAR_Projects\Main\Main_Latest\IAR\Debug\Exe\Main.out
#        --redirect _Printf=_PrintfFullNoMb --redirect _Scanf=_ScanfFullNoMb
#        --map
#        C:\Amit_Chaudhary\STM32\Projects\IAR\IAR_Projects\Main\Main_Latest\IAR\Debug\List\Main.map
#        --config
#        C:\Amit_Chaudhary\STM32\Projects\IAR\IAR_Projects\CPP_Drivers\Gpio\System\stm32f103x8.icf
#        --semihosting --entry __iar_program_start --vfe --text_out locale)
#
###############################################################################

*******************************************************************************
*** RUNTIME MODEL ATTRIBUTES
***

CppFlavor                     = *
__CPP_Exceptions              = Disabled
__CPP_Language                = C++14
__Heap_Handler                = Basic
__SystemLibrary               = DLib
__dlib_dynamic_initialization = normal
__dlib_version                = 6


*******************************************************************************
*** HEAP SELECTION
***

The basic heap was selected because some modules are built with
size limitations (and not runtime checking), and --advanced_heap
was not specified.


*******************************************************************************
*** PLACEMENT SUMMARY
***

"A0":  place at 0x800'0000 { ro section .intvec };
"P1":  place in [from 0x800'0000 to 0x800'ffff] { ro };
define block CSTACK with size = 2K, alignment = 8 { };
define block HEAP with size = 2K, alignment = 8 { };
"P2":  place in [from 0x2000'0000 to 0x2000'4fff] {
          rw, block CSTACK, block HEAP };
initialize by copy { rw };

  Section                Kind         Address    Size  Object
  -------                ----         -------    ----  ------
"A0":                                            0xec
  .intvec                ro code   0x800'0000    0xec  startup_stm32f103xb.o [1]
                                 - 0x800'00ec    0xec

"P1":                                          0x1b78
  .text                  ro code   0x800'00ec   0x658  GpioInput.o [1]
  .text                  ro code   0x800'0744     0xc  SPI_Poll.o [1]
  .text                  ro code   0x800'0750   0x274  stm32f1xx_hal_gpio.o [1]
  .text                  ro code   0x800'09c4    0x8c  Interrupt.o [1]
  .text                  ro code   0x800'0a50     0xc  SPI_Poll.o [1]
  .text                  ro code   0x800'0a5c   0x14a  stm32f1xx_hal_cortex.o [1]
  .text                  ro code   0x800'0ba6    0x3a  zero_init3.o [5]
  .text                  ro code   0x800'0be0   0x608  stm32f1xx_hal_rcc.o [1]
  .text                  ro code   0x800'11e8     0xc  stm32f1xx_hal.o [1]
  .text                  ro code   0x800'11f4    0x3c  stm32f1xx_hal.o [1]
  .text                  ro code   0x800'1230    0x86  ABImemcpy.o [5]
  .rodata                const     0x800'12b6     0x2  stm32f1xx_hal_rcc.o [1]
  .text                  ro code   0x800'12b8   0x282  HwButtonIntr.o [1]
  .text                  ro code   0x800'153a     0xa  HwButtonIntr.o [1]
  .text                  ro code   0x800'1544     0xc  HwButtonIntr.o [1]
  .text                  ro code   0x800'1550     0xc  HwButtonIntr.o [1]
  .text                  ro code   0x800'155c   0x13c  GpioOutput.o [1]
  .text                  ro code   0x800'1698    0x9a  main.o [1]
  .rodata                const     0x800'1732     0x1  unwind_debug.o [6]
  .text                  ro code   0x800'1734    0x2a  stm32f1xx_hal.o [1]
  .text                  ro code   0x800'1760    0x90  Test.o [1]
  .text                  ro code   0x800'17f0     0xe  Test.o [1]
  .text                  ro code   0x800'17fe    0x1e  stm32f1xx_hal.o [1]
  .text                  ro code   0x800'181c    0x6c  HwButtonIntr.o [1]
  .text                  ro code   0x800'1888    0x58  system_stm32f1xx.o [1]
  .rodata                const     0x800'18e0    0x54  main.o [1]
  .text                  ro code   0x800'1934    0x30  iarttio.o [6]
  .text                  ro code   0x800'1964     0xc  XShttio.o [2]
  .text                  ro code   0x800'1970    0x2c  copy_init3.o [5]
  .text                  ro code   0x800'199c    0x28  data_init.o [5]
  .text                  ro code   0x800'19c4    0x24  SPI_Base.o [1]
  .iar.init_table        const     0x800'19e8    0x28  - Linker created -
  .text                  ro code   0x800'1a10    0x20  cmain_call_ctors.o [5]
  .text                  ro code   0x800'1a30    0x18  cppinit.o [2]
  .text                  ro code   0x800'1a48    0x1e  SPI_Base.o [1]
  .text                  ro code   0x800'1a68    0x1e  cmain.o [5]
  .text                  ro code   0x800'1a86     0x4  low_level_init.o [2]
  .text                  ro code   0x800'1a8a     0x4  exit.o [2]
  .text                  ro code   0x800'1a90     0xa  cexit.o [5]
  .text                  ro code   0x800'1a9c    0x14  exit.o [6]
  .rodata                const     0x800'1ab0    0x1c  GpioInput.o [1]
  .rodata                const     0x800'1acc    0x1c  GpioOutput.o [1]
  .rodata                const     0x800'1ae8    0x1c  HwButtonIntr.o [1]
  .rodata                const     0x800'1b04    0x1c  SPI_Poll.o [1]
  .text                  ro code   0x800'1b20    0x1c  SPI_Base.o [1]
  .text                  ro code   0x800'1b3c    0x1c  stm32f1xx_it.o [1]
  .text                  ro code   0x800'1b58    0x10  stm32f1xx_hal.o [1]
  .rodata                const     0x800'1b68    0x10  stm32f1xx_hal_rcc.o [1]
  .rodata                const     0x800'1b78    0x10  system_stm32f1xx.o [1]
  .text                  ro code   0x800'1b88    0x10  startup_stm32f103xb.o [1]
  .text                  ro code   0x800'1b98     0xc  cstartup_M.o [5]
  Initializer bytes      const     0x800'1ba4     0xc  <for P2-1>
  SHT$$PREINIT_ARRAY               0x800'1bb0     0x0  <Block>
  SHT$$INIT_ARRAY                  0x800'1bb0     0x8  <Block>
    .init_array          const     0x800'1bb0     0x4  SPI_Base.o [1]
    .init_array          const     0x800'1bb4     0x4  Test.o [1]
  __iar_tls$$INIT_ARRAY            0x800'1bb8     0x0  <Block>
  .text                  ro code   0x800'1bb8     0x4  startup_stm32f103xb.o [1]
  .text                  ro code   0x800'1bbc     0x4  startup_stm32f103xb.o [1]
  .text                  ro code   0x800'1bc0     0x4  startup_stm32f103xb.o [1]
  .text                  ro code   0x800'1bc4     0x4  startup_stm32f103xb.o [1]
  .text                  ro code   0x800'1bc8     0x4  startup_stm32f103xb.o [1]
  .text                  ro code   0x800'1bcc     0x4  startup_stm32f103xb.o [1]
  .text                  ro code   0x800'1bd0     0x4  startup_stm32f103xb.o [1]
  .text                  ro code   0x800'1bd4     0x4  startup_stm32f103xb.o [1]
  .text                  ro code   0x800'1bd8     0x4  startup_stm32f103xb.o [1]
  .text                  ro code   0x800'1bdc     0x4  startup_stm32f103xb.o [1]
  .text                  ro code   0x800'1be0     0x4  startup_stm32f103xb.o [1]
  .text                  ro code   0x800'1be4     0x4  startup_stm32f103xb.o [1]
  .text                  ro code   0x800'1be8     0x4  startup_stm32f103xb.o [1]
  .text                  ro code   0x800'1bec     0x4  startup_stm32f103xb.o [1]
  .text                  ro code   0x800'1bf0     0x4  startup_stm32f103xb.o [1]
  .text                  ro code   0x800'1bf4     0x4  startup_stm32f103xb.o [1]
  .text                  ro code   0x800'1bf8     0x4  startup_stm32f103xb.o [1]
  .text                  ro code   0x800'1bfc     0x4  startup_stm32f103xb.o [1]
  .text                  ro code   0x800'1c00     0x4  startup_stm32f103xb.o [1]
  .text                  ro code   0x800'1c04     0x4  startup_stm32f103xb.o [1]
  .text                  ro code   0x800'1c08     0x4  startup_stm32f103xb.o [1]
  .text                  ro code   0x800'1c0c     0x4  startup_stm32f103xb.o [1]
  .text                  ro code   0x800'1c10     0x4  startup_stm32f103xb.o [1]
  .text                  ro code   0x800'1c14     0x4  startup_stm32f103xb.o [1]
  .text                  ro code   0x800'1c18     0x4  startup_stm32f103xb.o [1]
  .text                  ro code   0x800'1c1c     0x4  startup_stm32f103xb.o [1]
  .text                  ro code   0x800'1c20     0x4  startup_stm32f103xb.o [1]
  .text                  ro code   0x800'1c24     0x4  startup_stm32f103xb.o [1]
  .text                  ro code   0x800'1c28     0x4  startup_stm32f103xb.o [1]
  .text                  ro code   0x800'1c2c     0x4  startup_stm32f103xb.o [1]
  .text                  ro code   0x800'1c30     0x4  startup_stm32f103xb.o [1]
  .text                  ro code   0x800'1c34     0x4  startup_stm32f103xb.o [1]
  .text                  ro code   0x800'1c38     0x4  startup_stm32f103xb.o [1]
  .text                  ro code   0x800'1c3c     0x4  startup_stm32f103xb.o [1]
  .text                  ro code   0x800'1c40     0x4  startup_stm32f103xb.o [1]
  .text                  ro code   0x800'1c44     0x4  startup_stm32f103xb.o [1]
  .text                  ro code   0x800'1c48     0x4  startup_stm32f103xb.o [1]
  .text                  ro code   0x800'1c4c     0x4  startup_stm32f103xb.o [1]
  .text                  ro code   0x800'1c50     0x4  startup_stm32f103xb.o [1]
  .text                  ro code   0x800'1c54     0x4  startup_stm32f103xb.o [1]
  .text                  ro code   0x800'1c58     0x4  startup_stm32f103xb.o [1]
  .text                  ro code   0x800'1c5c     0x4  startup_stm32f103xb.o [1]
  .text                  ro code   0x800'1c60     0x4  startup_stm32f103xb.o [1]
  .rodata                const     0x800'1c64     0x0  zero_init3.o [5]
  .rodata                const     0x800'1c64     0x0  copy_init3.o [5]
                                 - 0x800'1c64  0x1b78

Absolute sections:                              0x100
  .noinit                uninit   0x2000'0100   0x100  Interrupt.o [1]
                                - 0x2000'0200   0x100

"P2", part 1 of 3:                                0xc
  P2-1                            0x2000'0200     0xc  <Init block>
    .data                inited   0x2000'0200     0x4  system_stm32f1xx.o [1]
    .data                inited   0x2000'0204     0x8  XShttio.o [2]
                                - 0x2000'020c     0xc

"P2", part 2 of 3:                              0x404
  .bss                   zero     0x2000'020c   0x32c  SPI_Base.o [1]
  .bss                   zero     0x2000'0538    0x44  Test.o [1]
  .bss                   zero     0x2000'057c    0x40  GpioInput.o [1]
  .bss                   zero     0x2000'05bc    0x34  SPI_Base.o [1]
  .bss                   zero     0x2000'05f0     0xc  Test.o [1]
  .bss                   zero     0x2000'05fc     0x4  HwButtonIntr.o [1]
  .bss                   zero     0x2000'0600     0x4  HwButtonIntr.o [1]
  .bss                   zero     0x2000'0604     0x4  HwButtonIntr.o [1]
  .bss                   zero     0x2000'0608     0x4  stm32f1xx_hal.o [1]
  .bss                   zero     0x2000'060c     0x2  HwButtonIntr.o [1]
  .bss                   zero     0x2000'060e     0x1  HwButtonIntr.o [1]
  .bss                   zero     0x2000'060f     0x1  Test.o [1]
                                - 0x2000'0610   0x404

"P2", part 3 of 3:                              0x800
  CSTACK                          0x2000'0610   0x800  <Block>
    CSTACK               uninit   0x2000'0610   0x800  <Block tail>
                                - 0x2000'0e10   0x800

Unused ranges:

         From           To    Size
         ----           --    ----
   0x800'1c64   0x800'ffff  0xe39c
  0x2000'0000  0x2000'00ff   0x100
  0x2000'0e10  0x2000'4fff  0x41f0


*******************************************************************************
*** INIT TABLE
***

          Address      Size
          -------      ----
Zero (__iar_zero_init3)
    1 destination range, total size 0x404:
          0x2000'020c  0x404

Copy (__iar_copy_init3)
    1 source range, total size 0xc:
           0x800'1ba4    0xc
    1 destination range, total size 0xc:
          0x2000'0200    0xc

Extra (__iar_cstart_call_ctors)



*******************************************************************************
*** MODULE SUMMARY
***

    Module                  ro code  ro data  rw data  rw data
                                                        (abs)
    ------                  -------  -------  -------  -------
command line/config:
    ----------------------------------------------------------
    Total:

C:\Amit_Chaudhary\STM32\Projects\IAR\IAR_Projects\Main\Main_Latest\IAR\Debug\Obj: [1]
    GpioInput.o               1 624       28       64
    GpioOutput.o                316       28
    HwButtonIntr.o              784       28       15
    Interrupt.o                 140                        256
    SPI_Base.o                   94        4      864
    SPI_Poll.o                   24       28
    Test.o                      158        4       81
    main.o                      154       84
    startup_stm32f103xb.o       424
    stm32f1xx_hal.o             160                 4
    stm32f1xx_hal_cortex.o      330
    stm32f1xx_hal_gpio.o        628
    stm32f1xx_hal_rcc.o       1 544       18
    stm32f1xx_it.o               28
    system_stm32f1xx.o           88       20        4
    ----------------------------------------------------------
    Total:                    6 496      242    1 032      256

dl7M_tln.a: [2]
    XShttio.o                    12        8        8
    cppinit.o                    24
    exit.o                        4
    low_level_init.o              4
    ----------------------------------------------------------
    Total:                       44        8        8

dlpp7M_tl_nc.a: [3]
    ----------------------------------------------------------
    Total:

m7M_tl.a: [4]
    ----------------------------------------------------------
    Total:

rt7M_tl.a: [5]
    ABImemcpy.o                 134
    cexit.o                      10
    cmain.o                      30
    cmain_call_ctors.o           32
    copy_init3.o                 44
    cstartup_M.o                 12
    data_init.o                  40
    zero_init3.o                 58
    ----------------------------------------------------------
    Total:                      360

shb_l.a: [6]
    exit.o                       20
    iarttio.o                    48
    unwind_debug.o                         1
    ----------------------------------------------------------
    Total:                       68        1

    Gaps                          9
    Linker created                        40    2 048
--------------------------------------------------------------
    Grand Total:              6 977      291    3 088      256


*******************************************************************************
*** ENTRY LIST
***

Entry                       Address   Size  Type      Object
-----                       -------   ----  ----      ------
.iar.init_table$$Base    0x800'19e8          --   Gb  - Linker created -
.iar.init_table$$Limit   0x800'1a10          --   Gb  - Linker created -
?main                    0x800'1a69         Code  Gb  cmain.o [5]
AHBPrescTable            0x800'1b78   0x10  Data  Gb  system_stm32f1xx.o [1]
BusFault_Handler         0x800'1b43    0x2  Code  Gb  stm32f1xx_it.o [1]
CSTACK$$Base            0x2000'0610          --   Gb  - Linker created -
CSTACK$$Limit           0x2000'0e10          --   Gb  - Linker created -
DebugMon_Handler         0x800'1b49    0x2  Code  Gb  stm32f1xx_it.o [1]
HAL_Delay                0x800'17ff   0x1e  Code  Wk  stm32f1xx_hal.o [1]
HAL_GPIO_Init            0x800'0751  0x226  Code  Gb  stm32f1xx_hal_gpio.o [1]
HAL_GPIO_TogglePin       0x800'0977    0xc  Code  Gb  stm32f1xx_hal_gpio.o [1]
HAL_GetTick              0x800'11e9    0xc  Code  Wk  stm32f1xx_hal.o [1]
HAL_IncTick              0x800'1b59   0x10  Code  Wk  stm32f1xx_hal.o [1]
HAL_Init                 0x800'1735   0x24  Code  Gb  stm32f1xx_hal.o [1]
HAL_InitTick             0x800'11f5   0x3c  Code  Wk  stm32f1xx_hal.o [1]
HAL_NVIC_SetPriority     0x800'0b2d   0x2a  Code  Gb  stm32f1xx_hal_cortex.o [1]
HAL_NVIC_SetPriorityGrouping
                         0x800'0b21    0xc  Code  Gb  stm32f1xx_hal_cortex.o [1]
HAL_RCC_ClockConfig      0x800'0fa1  0x16c  Code  Gb  stm32f1xx_hal_rcc.o [1]
HAL_RCC_GetHCLKFreq      0x800'117b    0x6  Code  Gb  stm32f1xx_hal_rcc.o [1]
HAL_RCC_GetSysClockFreq
                         0x800'110d   0x6e  Code  Gb  stm32f1xx_hal_rcc.o [1]
HAL_RCC_OscConfig        0x800'0be1  0x3c0  Code  Gb  stm32f1xx_hal_rcc.o [1]
HAL_SYSTICK_CLKSourceConfig
                         0x800'0b63   0x1c  Code  Gb  stm32f1xx_hal_cortex.o [1]
HAL_SYSTICK_Config       0x800'0b57    0xc  Code  Gb  stm32f1xx_hal_cortex.o [1]
HAL_SYSTICK_IRQHandler   0x800'0b9d    0x8  Code  Gb  stm32f1xx_hal_cortex.o [1]
HardFault_Handler        0x800'1b3f    0x2  Code  Gb  stm32f1xx_it.o [1]
Hw_ButtonIntr_Test()     0x800'1781   0x54  Code  Gb  Test.o [1]
Hw_ButtonIntr_Test()::HwButton_A8
                        0x2000'0538   0x44  Data  Lc  Test.o [1]
Hw_ButtonIntr_Test()::static guard for HwButton_A8
                        0x2000'060f    0x1  Data  Lc  Test.o [1]
LED                     0x2000'05f0    0xc  Data  Gb  Test.o [1]
LED_Toggle()             0x800'1775    0xc  Code  Gb  Test.o [1]
MemManage_Handler        0x800'1b41    0x2  Code  Gb  stm32f1xx_it.o [1]
NMI_Handler              0x800'1b3d    0x2  Code  Gb  stm32f1xx_it.o [1]
PendSV_Handler           0x800'1b4b    0x2  Code  Gb  stm32f1xx_it.o [1]
Peripherals::GpioInput::ConfigureInterrupt()
                         0x800'03df   0xfc  Code  Gb  GpioInput.o [1]
Peripherals::GpioInput::EXTI0_IRQHandler()
                         0x800'0669   0x24  Code  Gb  GpioInput.o [1]
Peripherals::GpioInput::EXTI15_10_IRQHandler()
                         0x800'058d   0xda  Code  Gb  GpioInput.o [1]
Peripherals::GpioInput::EXTI1_IRQHandler()
                         0x800'068d   0x24  Code  Gb  GpioInput.o [1]
Peripherals::GpioInput::EXTI2_IRQHandler()
                         0x800'06b1   0x24  Code  Gb  GpioInput.o [1]
Peripherals::GpioInput::EXTI3_IRQHandler()
                         0x800'06d5   0x24  Code  Gb  GpioInput.o [1]
Peripherals::GpioInput::EXTI4_IRQHandler()
                         0x800'06f9   0x24  Code  Gb  GpioInput.o [1]
Peripherals::GpioInput::EXTI5_9_IRQHandler()
                         0x800'04dd   0xb0  Code  Gb  GpioInput.o [1]
Peripherals::GpioInput::GPIO_ISRs
                        0x2000'057c   0x40  Data  Gb  GpioInput.o [1]
Peripherals::GpioInput::GpioInput(GPIO_TypeDef *, unsigned short, void (*)(), Peripherals::GpioInput::Intr_Event_Edge_t, Peripherals::GpioInput::PULL_t)
                         0x800'011b   0x32  Code  Gb  GpioInput.o [1]
Peripherals::GpioInput::GpioInput(GPIO_TypeDef *, unsigned short, void (*)(), Peripherals::GpioInput::Intr_Event_Edge_t, Peripherals::GpioInput::PULL_t) [subobject]
                         0x800'00ed   0x18  Code  Gb  GpioInput.o [1]
Peripherals::GpioInput::HwInit()
                         0x800'02bd  0x122  Code  Gb  GpioInput.o [1]
Peripherals::GpioInput::MapPin2ExtLine()
                         0x800'014d   0xb8  Code  Gb  GpioInput.o [1]
Peripherals::GpioInput::MapPin2PinSource()
                         0x800'0205   0xb8  Code  Gb  GpioInput.o [1]
Peripherals::GpioOutput::GpioOutput(GPIO_TypeDef *, unsigned short)
                         0x800'155d   0x22  Code  Gb  GpioOutput.o [1]
Peripherals::GpioOutput::HwInit()
                         0x800'157f   0xfc  Code  Gb  GpioOutput.o [1]
Peripherals::GpioOutput::ToggleOutput()
                         0x800'17f1    0xe  Code  Gb  Test.o [1]
Peripherals::HwButtonIntr::ClearEvent(Peripherals::HwButtonIntr::BtnEvent_t)
                         0x800'1551    0xc  Code  Gb  HwButtonIntr.o [1]
Peripherals::HwButtonIntr::EventHandler()
                         0x800'144d   0xa6  Code  Gb  HwButtonIntr.o [1]
Peripherals::HwButtonIntr::GetTicks()
                         0x800'153b    0xa  Code  Gb  HwButtonIntr.o [1]
Peripherals::HwButtonIntr::GetTicksSince(unsigned int)
                         0x800'151f   0x1c  Code  Gb  HwButtonIntr.o [1]
Peripherals::HwButtonIntr::HwButtonIntr(GPIO_TypeDef *, unsigned short, Peripherals::GpioInput::Intr_Event_Edge_t, Peripherals::GpioInput::PULL_t)
                         0x800'12b9   0x64  Code  Gb  HwButtonIntr.o [1]
Peripherals::HwButtonIntr::HwInit()
                         0x800'131d    0xe  Code  Gb  HwButtonIntr.o [1]
Peripherals::HwButtonIntr::ISR()
                         0x800'181d   0x6c  Code  Gb  HwButtonIntr.o [1]
Peripherals::HwButtonIntr::RegisterEventHandler(Peripherals::HwButtonIntr::BtnEvent_t, void (*)())
                         0x800'14f3   0x2c  Code  Gb  HwButtonIntr.o [1]
Peripherals::HwButtonIntr::RunStateMachine()
                         0x800'132b  0x106  Code  Gb  HwButtonIntr.o [1]
Peripherals::HwButtonIntr::RunStateMachine()::ElapsedTime
                        0x2000'05fc    0x4  Data  Lc  HwButtonIntr.o [1]
Peripherals::HwButtonIntr::RunStateMachine(){1}{10}::LastClickStateEntered
                        0x2000'0600    0x4  Data  Lc  HwButtonIntr.o [1]
Peripherals::HwButtonIntr::RunStateMachine(){1}{10}::temp
                        0x2000'0604    0x4  Data  Lc  HwButtonIntr.o [1]
Peripherals::HwButtonIntr::SetEvent(Peripherals::HwButtonIntr::BtnEvent_t)
                         0x800'1545    0xc  Code  Gb  HwButtonIntr.o [1]
Peripherals::HwButtonIntr::m_CurrentState
                        0x2000'060e    0x1  Data  Gb  HwButtonIntr.o [1]
Peripherals::HwButtonIntr::m_Pin
                        0x2000'060c    0x2  Data  Gb  HwButtonIntr.o [1]
Peripherals::Interrupt::EnableInterrupt(Peripherals::Interrupt::IRQn)
                         0x800'09c5   0x20  Code  Gb  Interrupt.o [1]
Peripherals::Interrupt::RegisterInterrupt_Vct_Table(void (*)(), Peripherals::Interrupt::IRQn, unsigned char, unsigned char)
                         0x800'09e5   0x38  Code  Gb  Interrupt.o [1]
Peripherals::Interrupt::Relocate_Vector_Table()
                         0x800'0a1d   0x24  Code  Gb  Interrupt.o [1]
Peripherals::Interrupt::Vectors_RAM
                        0x2000'0100  0x100  Data  Gb  Interrupt.o [1]
Peripherals::Peripheral::Peripheral()
                         0x800'0a51    0xc  Code  Gb  SPI_Poll.o [1]
Peripherals::Peripheral::Peripheral() [subobject]
                         0x800'0745    0xc  Code  Gb  SPI_Poll.o [1]
Peripherals::SPI_Base::SPI1_Q
                        0x2000'020c  0x32c  Data  Gb  SPI_Base.o [1]
Peripherals::SPI_Base::SPI2_Q
                        0x2000'05bc   0x34  Data  Gb  SPI_Base.o [1]
Region$$Table$$Base      0x800'19e8          --   Gb  - Linker created -
Region$$Table$$Limit     0x800'1a10          --   Gb  - Linker created -
SHT$$INIT_ARRAY$$Base    0x800'1bb0          --   Gb  - Linker created -
SHT$$INIT_ARRAY$$Limit   0x800'1bb8          --   Gb  - Linker created -
SHT$$PREINIT_ARRAY$$Base
                         0x800'1bb0          --   Gb  - Linker created -
SHT$$PREINIT_ARRAY$$Limit
                         0x800'1bb0          --   Gb  - Linker created -
SVC_Handler              0x800'1b47    0x2  Code  Gb  stm32f1xx_it.o [1]
SysTick_Handler          0x800'1b4d    0xc  Code  Gb  stm32f1xx_it.o [1]
SystemClock_Config()     0x800'16a9   0x84  Code  Gb  main.o [1]
SystemCoreClock         0x2000'0200    0x4  Data  Gb  system_stm32f1xx.o [1]
SystemInit               0x800'1889   0x3e  Code  Gb  system_stm32f1xx.o [1]
UsageFault_Handler       0x800'1b45    0x2  Code  Gb  stm32f1xx_it.o [1]
Utils::Queue<Peripherals::SPI_Base::Transaction_t *, (unsigned int)10>::Queue()
                         0x800'1a49   0x1e  Code  Gb  SPI_Base.o [1]
Utils::Queue<Peripherals::SPI_Base::Transaction_t *, (unsigned int)200>::Queue()
                         0x800'19c5   0x24  Code  Gb  SPI_Base.o [1]
Virtual function table for Peripherals::GpioInput
                         0x800'1ab0   0x1c  Data  Gb  GpioInput.o [1]
Virtual function table for Peripherals::GpioOutput
                         0x800'1acc   0x1c  Data  Gb  GpioOutput.o [1]
Virtual function table for Peripherals::HwButtonIntr
                         0x800'1ae8   0x1c  Data  Gb  HwButtonIntr.o [1]
Virtual function table for Peripherals::Peripheral
                         0x800'1b04   0x1c  Data  Gb  SPI_Poll.o [1]
[local to GpioInput_cpp]::LL_EXTI_IsEnabledIT_0_31(unsigned int)
                         0x800'0105   0x16  Code  Lc  GpioInput.o [1]
[local to stm32f1xx_hal_cortex_c]::NVIC_EncodePriority(unsigned int, unsigned int, unsigned int)
                         0x800'0ab1   0x40  Code  Lc  stm32f1xx_hal_cortex.o [1]
[local to stm32f1xx_hal_cortex_c]::NVIC_GetPriorityGrouping()
                         0x800'0a7b    0xa  Code  Lc  stm32f1xx_hal_cortex.o [1]
[local to stm32f1xx_hal_cortex_c]::NVIC_SetPriority(IRQn_Type, unsigned int)
                         0x800'0a85   0x2c  Code  Lc  stm32f1xx_hal_cortex.o [1]
[local to stm32f1xx_hal_cortex_c]::NVIC_SetPriorityGrouping(unsigned int)
                         0x800'0a5d   0x1e  Code  Lc  stm32f1xx_hal_cortex.o [1]
[local to stm32f1xx_hal_cortex_c]::SysTick_Config(unsigned int)
                         0x800'0af1   0x30  Code  Lc  stm32f1xx_hal_cortex.o [1]
[local to stm32f1xx_hal_rcc_c]::RCC_Delay(unsigned int)
                         0x800'1181   0x26  Code  Lc  stm32f1xx_hal_rcc.o [1]
_Error_Handler           0x800'1731    0x2  Code  Gb  main.o [1]
__aeabi_memcpy4          0x800'1231         Code  Gb  ABImemcpy.o [5]
__aeabi_memcpy8          0x800'1231         Code  Gb  ABImemcpy.o [5]
__call_ctors             0x800'1a31   0x18  Code  Gb  cppinit.o [2]
__cmain                  0x800'1a69         Code  Gb  cmain.o [5]
__exit                   0x800'1a9d   0x14  Code  Gb  exit.o [6]
__iar_close_ttio         0x800'1935   0x2e  Code  Gb  iarttio.o [6]
__iar_copy_init3         0x800'1971   0x2c  Code  Gb  copy_init3.o [5]
__iar_cstart_call_ctors
                         0x800'1a11   0x20  Code  Gb  cmain_call_ctors.o [5]
__iar_data_init3         0x800'199d   0x28  Code  Gb  data_init.o [5]
__iar_debug_exceptions   0x800'1732    0x1  Data  Gb  unwind_debug.o [6]
__iar_lookup_ttioh       0x800'1965    0x4  Code  Gb  XShttio.o [2]
__iar_program_start      0x800'1b99         Code  Gb  cstartup_M.o [5]
__iar_tls$$INIT_ARRAY$$Base
                         0x800'1bb8          --   Gb  - Linker created -
__iar_tls$$INIT_ARRAY$$Limit
                         0x800'1bb8          --   Gb  - Linker created -
__iar_ttio_handles      0x2000'0204    0x8  Data  Lc  XShttio.o [2]
__iar_zero_init3         0x800'0ba7   0x3a  Code  Gb  zero_init3.o [5]
__low_level_init         0x800'1a87    0x4  Code  Gb  low_level_init.o [2]
__sti__routine           0x800'1b21   0x14  Code  Lc  SPI_Base.o [1]
__sti__routine           0x800'1761   0x14  Code  Lc  Test.o [1]
__vector_table           0x800'0000         Data  Gb  startup_stm32f103xb.o [1]
_call_main               0x800'1a75         Code  Gb  cmain.o [5]
_exit                    0x800'1a91         Code  Gb  cexit.o [5]
_main                    0x800'1a83         Code  Gb  cmain.o [5]
exit                     0x800'1a8b    0x4  Code  Gb  exit.o [2]
main                     0x800'1699   0x10  Code  Gb  main.o [1]
uwTick                  0x2000'0608    0x4  Data  Gb  stm32f1xx_hal.o [1]


[1] = C:\Amit_Chaudhary\STM32\Projects\IAR\IAR_Projects\Main\Main_Latest\IAR\Debug\Obj
[2] = dl7M_tln.a
[3] = dlpp7M_tl_nc.a
[4] = m7M_tl.a
[5] = rt7M_tl.a
[6] = shb_l.a

  6 977 bytes of readonly  code memory
    291 bytes of readonly  data memory
  3 088 bytes of readwrite data memory (+ 256 absolute)

Errors: none
Warnings: none
