###############################################################################
#
# IAR ELF Linker V8.30.1.114/W32 for ARM                  02/Sep/2018  21:10:29
# Copyright 2007-2018 IAR Systems AB.
#
#    Output file  =  
#        C:\Amit_Chaudhary\STM32\Projects\IAR\IAR_Projects\Main\Main_Latest\IAR\Debug\Exe\Main.out
#    Map file     =  
#        C:\Amit_Chaudhary\STM32\Projects\IAR\IAR_Projects\Main\Main_Latest\IAR\Debug\List\Main.map
#    Command line =  
#        -f C:\Users\achaudha\AppData\Local\Temp\EW8AE9.tmp
#        (C:\Amit_Chaudhary\STM32\Projects\IAR\IAR_Projects\Main\Main_Latest\IAR\Debug\Obj\GpioInput.o
#        C:\Amit_Chaudhary\STM32\Projects\IAR\IAR_Projects\Main\Main_Latest\IAR\Debug\Obj\GpioOutput.o
#        C:\Amit_Chaudhary\STM32\Projects\IAR\IAR_Projects\Main\Main_Latest\IAR\Debug\Obj\I2C_Base.o
#        C:\Amit_Chaudhary\STM32\Projects\IAR\IAR_Projects\Main\Main_Latest\IAR\Debug\Obj\I2C_Master.o
#        C:\Amit_Chaudhary\STM32\Projects\IAR\IAR_Projects\Main\Main_Latest\IAR\Debug\Obj\I2C_Slave.o
#        C:\Amit_Chaudhary\STM32\Projects\IAR\IAR_Projects\Main\Main_Latest\IAR\Debug\Obj\INA219.o
#        C:\Amit_Chaudhary\STM32\Projects\IAR\IAR_Projects\Main\Main_Latest\IAR\Debug\Obj\Interrupt.o
#        C:\Amit_Chaudhary\STM32\Projects\IAR\IAR_Projects\Main\Main_Latest\IAR\Debug\Obj\main.o
#        C:\Amit_Chaudhary\STM32\Projects\IAR\IAR_Projects\Main\Main_Latest\IAR\Debug\Obj\Nokia5110LCD.o
#        C:\Amit_Chaudhary\STM32\Projects\IAR\IAR_Projects\Main\Main_Latest\IAR\Debug\Obj\Peripheral.o
#        C:\Amit_Chaudhary\STM32\Projects\IAR\IAR_Projects\Main\Main_Latest\IAR\Debug\Obj\SPI_Poll.o
#        C:\Amit_Chaudhary\STM32\Projects\IAR\IAR_Projects\Main\Main_Latest\IAR\Debug\Obj\SPIBase.o
#        C:\Amit_Chaudhary\STM32\Projects\IAR\IAR_Projects\Main\Main_Latest\IAR\Debug\Obj\startup_stm32f103xb.o
#        C:\Amit_Chaudhary\STM32\Projects\IAR\IAR_Projects\Main\Main_Latest\IAR\Debug\Obj\stm32f1xx_hal.o
#        C:\Amit_Chaudhary\STM32\Projects\IAR\IAR_Projects\Main\Main_Latest\IAR\Debug\Obj\stm32f1xx_hal_cortex.o
#        C:\Amit_Chaudhary\STM32\Projects\IAR\IAR_Projects\Main\Main_Latest\IAR\Debug\Obj\stm32f1xx_hal_gpio.o
#        C:\Amit_Chaudhary\STM32\Projects\IAR\IAR_Projects\Main\Main_Latest\IAR\Debug\Obj\stm32f1xx_hal_gpio_ex.o
#        C:\Amit_Chaudhary\STM32\Projects\IAR\IAR_Projects\Main\Main_Latest\IAR\Debug\Obj\stm32f1xx_hal_i2c.o
#        C:\Amit_Chaudhary\STM32\Projects\IAR\IAR_Projects\Main\Main_Latest\IAR\Debug\Obj\stm32f1xx_hal_pwr.o
#        C:\Amit_Chaudhary\STM32\Projects\IAR\IAR_Projects\Main\Main_Latest\IAR\Debug\Obj\stm32f1xx_hal_rcc.o
#        C:\Amit_Chaudhary\STM32\Projects\IAR\IAR_Projects\Main\Main_Latest\IAR\Debug\Obj\stm32f1xx_hal_rcc_ex.o
#        C:\Amit_Chaudhary\STM32\Projects\IAR\IAR_Projects\Main\Main_Latest\IAR\Debug\Obj\stm32f1xx_hal_spi.o
#        C:\Amit_Chaudhary\STM32\Projects\IAR\IAR_Projects\Main\Main_Latest\IAR\Debug\Obj\stm32f1xx_it.o
#        C:\Amit_Chaudhary\STM32\Projects\IAR\IAR_Projects\Main\Main_Latest\IAR\Debug\Obj\stm32f1xx_ll_exti.o
#        C:\Amit_Chaudhary\STM32\Projects\IAR\IAR_Projects\Main\Main_Latest\IAR\Debug\Obj\system_stm32f1xx.o
#        C:\Amit_Chaudhary\STM32\Projects\IAR\IAR_Projects\Main\Main_Latest\IAR\Debug\Obj\Test.o
#        --no_out_extension -o
#        C:\Amit_Chaudhary\STM32\Projects\IAR\IAR_Projects\Main\Main_Latest\IAR\Debug\Exe\Main.out
#        --redirect _Printf=_PrintfFullNoMb --redirect _Scanf=_ScanfFullNoMb
#        --map
#        C:\Amit_Chaudhary\STM32\Projects\IAR\IAR_Projects\Main\Main_Latest\IAR\Debug\List\Main.map
#        --config
#        C:\Amit_Chaudhary\STM32\Projects\IAR\IAR_Projects\CPP_Drivers\Gpio\System\stm32f103x8.icf
#        --semihosting --entry __iar_program_start --vfe --text_out locale)
#
###############################################################################

*******************************************************************************
*** RUNTIME MODEL ATTRIBUTES
***

CppFlavor        = *
__CPP_Exceptions = Disabled
__CPP_Language   = C++14
__Heap_Handler   = Basic
__SystemLibrary  = DLib
__dlib_version   = 6


*******************************************************************************
*** HEAP SELECTION
***

The basic heap was selected because some modules are built with
size limitations (and not runtime checking), and --advanced_heap
was not specified.


*******************************************************************************
*** PLACEMENT SUMMARY
***

"A0":  place at 0x800'0000 { ro section .intvec };
"P1":  place in [from 0x800'0000 to 0x800'ffff] { ro };
define block CSTACK with size = 2K, alignment = 8 { };
define block HEAP with size = 2K, alignment = 8 { };
"P2":  place in [from 0x2000'0000 to 0x2000'4fff] {
          rw, block CSTACK, block HEAP };
initialize by copy { rw };

  Section            Kind         Address    Size  Object
  -------            ----         -------    ----  ------
"A0":                                        0xec
  .intvec            ro code   0x800'0000    0xec  startup_stm32f103xb.o [1]
                             - 0x800'00ec    0xec

"P1":                                      0x1148
  .text              ro code   0x800'00ec   0x608  stm32f1xx_hal_rcc.o [1]
  .text              ro code   0x800'06f4     0xc  stm32f1xx_hal.o [1]
  .text              ro code   0x800'0700    0x3c  stm32f1xx_hal.o [1]
  .text              ro code   0x800'073c    0x86  ABImemcpy.o [5]
  .text              ro code   0x800'07c2    0x3a  zero_init3.o [5]
  .text              ro code   0x800'07fc   0x14a  stm32f1xx_hal_cortex.o [1]
  .rodata            const     0x800'0946     0x2  stm32f1xx_hal_rcc.o [1]
  .text              ro code   0x800'0948    0x8c  Interrupt.o [1]
  .text              ro code   0x800'09d4   0x268  stm32f1xx_hal_gpio.o [1]
  .text              ro code   0x800'0c3c    0xfc  SPI_Poll.o [1]
  .text              ro code   0x800'0d38     0xc  SPI_Poll.o [1]
  .text              ro code   0x800'0d44    0x9c  stm32f1xx_hal_spi.o [1]
  .text              ro code   0x800'0de0     0xe  SPI_Poll.o [1]
  .text              ro code   0x800'0dee     0xc  SPI_Poll.o [1]
  .rodata            const     0x800'0dfa     0x1  unwind_debug.o [6]
  .text              ro code   0x800'0dfc     0xc  SPI_Poll.o [1]
  .text              ro code   0x800'0e08    0x9a  main.o [1]
  .text              ro code   0x800'0ea4    0x2a  stm32f1xx_hal.o [1]
  .text              ro code   0x800'0ed0    0x34  Test.o [1]
  .text              ro code   0x800'0f04    0x1e  stm32f1xx_hal.o [1]
  .text              ro code   0x800'0f24    0x58  system_stm32f1xx.o [1]
  .rodata            const     0x800'0f7c    0x54  main.o [1]
  .text              ro code   0x800'0fd0    0x30  iarttio.o [6]
  .text              ro code   0x800'1000     0xc  XShttio.o [2]
  .rodata            const     0x800'100c    0x2c  SPI_Poll.o [1]
  .text              ro code   0x800'1038    0x2c  copy_init3.o [5]
  .text              ro code   0x800'1064    0x28  data_init.o [5]
  .iar.init_table    const     0x800'108c    0x24  - Linker created -
  .text              ro code   0x800'10b0    0x1e  cmain.o [5]
  .text              ro code   0x800'10ce     0x4  low_level_init.o [2]
  .text              ro code   0x800'10d2     0x4  exit.o [2]
  .text              ro code   0x800'10d8     0xa  cexit.o [5]
  .text              ro code   0x800'10e4    0x14  exit.o [6]
  .rodata            const     0x800'10f8    0x1c  SPI_Poll.o [1]
  .text              ro code   0x800'1114    0x1c  stm32f1xx_it.o [1]
  .text              ro code   0x800'1130    0x10  stm32f1xx_hal.o [1]
  .rodata            const     0x800'1140    0x10  stm32f1xx_hal_rcc.o [1]
  .rodata            const     0x800'1150    0x10  system_stm32f1xx.o [1]
  .text              ro code   0x800'1160    0x10  startup_stm32f103xb.o [1]
  .text              ro code   0x800'1170     0xc  cstartup_M.o [5]
  Initializer bytes  const     0x800'117c     0xc  <for P2-1>
  .text              ro code   0x800'1188     0x4  startup_stm32f103xb.o [1]
  .text              ro code   0x800'118c     0x4  startup_stm32f103xb.o [1]
  .text              ro code   0x800'1190     0x4  startup_stm32f103xb.o [1]
  .text              ro code   0x800'1194     0x4  startup_stm32f103xb.o [1]
  .text              ro code   0x800'1198     0x4  startup_stm32f103xb.o [1]
  .text              ro code   0x800'119c     0x4  startup_stm32f103xb.o [1]
  .text              ro code   0x800'11a0     0x4  startup_stm32f103xb.o [1]
  .text              ro code   0x800'11a4     0x4  startup_stm32f103xb.o [1]
  .text              ro code   0x800'11a8     0x4  startup_stm32f103xb.o [1]
  .text              ro code   0x800'11ac     0x4  startup_stm32f103xb.o [1]
  .text              ro code   0x800'11b0     0x4  startup_stm32f103xb.o [1]
  .text              ro code   0x800'11b4     0x4  startup_stm32f103xb.o [1]
  .text              ro code   0x800'11b8     0x4  startup_stm32f103xb.o [1]
  .text              ro code   0x800'11bc     0x4  startup_stm32f103xb.o [1]
  .text              ro code   0x800'11c0     0x4  startup_stm32f103xb.o [1]
  .text              ro code   0x800'11c4     0x4  startup_stm32f103xb.o [1]
  .text              ro code   0x800'11c8     0x4  startup_stm32f103xb.o [1]
  .text              ro code   0x800'11cc     0x4  startup_stm32f103xb.o [1]
  .text              ro code   0x800'11d0     0x4  startup_stm32f103xb.o [1]
  .text              ro code   0x800'11d4     0x4  startup_stm32f103xb.o [1]
  .text              ro code   0x800'11d8     0x4  startup_stm32f103xb.o [1]
  .text              ro code   0x800'11dc     0x4  startup_stm32f103xb.o [1]
  .text              ro code   0x800'11e0     0x4  startup_stm32f103xb.o [1]
  .text              ro code   0x800'11e4     0x4  startup_stm32f103xb.o [1]
  .text              ro code   0x800'11e8     0x4  startup_stm32f103xb.o [1]
  .text              ro code   0x800'11ec     0x4  startup_stm32f103xb.o [1]
  .text              ro code   0x800'11f0     0x4  startup_stm32f103xb.o [1]
  .text              ro code   0x800'11f4     0x4  startup_stm32f103xb.o [1]
  .text              ro code   0x800'11f8     0x4  startup_stm32f103xb.o [1]
  .text              ro code   0x800'11fc     0x4  startup_stm32f103xb.o [1]
  .text              ro code   0x800'1200     0x4  startup_stm32f103xb.o [1]
  .text              ro code   0x800'1204     0x4  startup_stm32f103xb.o [1]
  .text              ro code   0x800'1208     0x4  startup_stm32f103xb.o [1]
  .text              ro code   0x800'120c     0x4  startup_stm32f103xb.o [1]
  .text              ro code   0x800'1210     0x4  startup_stm32f103xb.o [1]
  .text              ro code   0x800'1214     0x4  startup_stm32f103xb.o [1]
  .text              ro code   0x800'1218     0x4  startup_stm32f103xb.o [1]
  .text              ro code   0x800'121c     0x4  startup_stm32f103xb.o [1]
  .text              ro code   0x800'1220     0x4  startup_stm32f103xb.o [1]
  .text              ro code   0x800'1224     0x4  startup_stm32f103xb.o [1]
  .text              ro code   0x800'1228     0x4  startup_stm32f103xb.o [1]
  .text              ro code   0x800'122c     0x4  startup_stm32f103xb.o [1]
  .text              ro code   0x800'1230     0x4  startup_stm32f103xb.o [1]
  .rodata            const     0x800'1234     0x0  zero_init3.o [5]
  .rodata            const     0x800'1234     0x0  copy_init3.o [5]
                             - 0x800'1234  0x1148

Absolute sections:                          0x100
  .noinit            uninit   0x2000'0100   0x100  Interrupt.o [1]
                            - 0x2000'0200   0x100

"P2", part 1 of 3:                            0xc
  P2-1                        0x2000'0200     0xc  <Init block>
    .data            inited   0x2000'0200     0x4  system_stm32f1xx.o [1]
    .data            inited   0x2000'0204     0x8  XShttio.o [2]
                            - 0x2000'020c     0xc

"P2", part 2 of 3:                           0x6c
  .bss               zero     0x2000'020c    0x58  SPI_Poll.o [1]
  .bss               zero     0x2000'0264     0xc  Test.o [1]
  .bss               zero     0x2000'0270     0x4  stm32f1xx_hal.o [1]
  .bss               zero     0x2000'0274     0x1  Test.o [1]
                            - 0x2000'0275    0x69

"P2", part 3 of 3:                          0x800
  CSTACK                      0x2000'0278   0x800  <Block>
    CSTACK           uninit   0x2000'0278   0x800  <Block tail>
                            - 0x2000'0a78   0x800

Unused ranges:

         From           To    Size
         ----           --    ----
   0x800'1234   0x800'ffff  0xedcc
  0x2000'0000  0x2000'00ff   0x100
  0x2000'0a78  0x2000'4fff  0x4588


*******************************************************************************
*** INIT TABLE
***

          Address      Size
          -------      ----
Zero (__iar_zero_init3)
    1 destination range, total size 0x69:
          0x2000'020c  0x69

Copy (__iar_copy_init3)
    1 source range, total size 0xc:
           0x800'117c   0xc
    1 destination range, total size 0xc:
          0x2000'0200   0xc



*******************************************************************************
*** MODULE SUMMARY
***

    Module                  ro code  ro data  rw data  rw data
                                                        (abs)
    ------                  -------  -------  -------  -------
command line/config:
    ----------------------------------------------------------
    Total:

C:\Amit_Chaudhary\STM32\Projects\IAR\IAR_Projects\Main\Main_Latest\IAR\Debug\Obj: [1]
    Interrupt.o                 140                        256
    SPI_Poll.o                  302       72       88
    Test.o                       52                13
    main.o                      154       84
    startup_stm32f103xb.o       424
    stm32f1xx_hal.o             160                 4
    stm32f1xx_hal_cortex.o      330
    stm32f1xx_hal_gpio.o        616
    stm32f1xx_hal_rcc.o       1 544       18
    stm32f1xx_hal_spi.o         156
    stm32f1xx_it.o               28
    system_stm32f1xx.o           88       20        4
    ----------------------------------------------------------
    Total:                    3 994      194      109      256

dl7M_tln.a: [2]
    XShttio.o                    12        8        8
    exit.o                        4
    low_level_init.o              4
    ----------------------------------------------------------
    Total:                       20        8        8

dlpp7M_tl_nc.a: [3]
    ----------------------------------------------------------
    Total:

m7M_tl.a: [4]
    ----------------------------------------------------------
    Total:

rt7M_tl.a: [5]
    ABImemcpy.o                 134
    cexit.o                      10
    cmain.o                      30
    copy_init3.o                 44
    cstartup_M.o                 12
    data_init.o                  40
    zero_init3.o                 58
    ----------------------------------------------------------
    Total:                      328

shb_l.a: [6]
    exit.o                       20
    iarttio.o                    48
    unwind_debug.o                         1
    ----------------------------------------------------------
    Total:                       68        1

    Gaps                         11
    Linker created                        36    2 048
--------------------------------------------------------------
    Grand Total:              4 421      239    2 165      256


*******************************************************************************
*** ENTRY LIST
***

Entry                       Address   Size  Type      Object
-----                       -------   ----  ----      ------
.iar.init_table$$Base    0x800'108c          --   Gb  - Linker created -
.iar.init_table$$Limit   0x800'10b0          --   Gb  - Linker created -
?main                    0x800'10b1         Code  Gb  cmain.o [5]
AHBPrescTable            0x800'1150   0x10  Data  Gb  system_stm32f1xx.o [1]
BusFault_Handler         0x800'111b    0x2  Code  Gb  stm32f1xx_it.o [1]
CSTACK$$Base            0x2000'0278          --   Gb  - Linker created -
CSTACK$$Limit           0x2000'0a78          --   Gb  - Linker created -
DebugMon_Handler         0x800'1121    0x2  Code  Gb  stm32f1xx_it.o [1]
HAL_Delay                0x800'0f05   0x1e  Code  Wk  stm32f1xx_hal.o [1]
HAL_GPIO_Init            0x800'09d5  0x226  Code  Gb  stm32f1xx_hal_gpio.o [1]
HAL_GetTick              0x800'06f5    0xc  Code  Wk  stm32f1xx_hal.o [1]
HAL_IncTick              0x800'1131   0x10  Code  Wk  stm32f1xx_hal.o [1]
HAL_Init                 0x800'0ea5   0x24  Code  Gb  stm32f1xx_hal.o [1]
HAL_InitTick             0x800'0701   0x3c  Code  Wk  stm32f1xx_hal.o [1]
HAL_NVIC_SetPriority     0x800'08cd   0x2a  Code  Gb  stm32f1xx_hal_cortex.o [1]
HAL_NVIC_SetPriorityGrouping
                         0x800'08c1    0xc  Code  Gb  stm32f1xx_hal_cortex.o [1]
HAL_RCC_ClockConfig      0x800'04ad  0x16c  Code  Gb  stm32f1xx_hal_rcc.o [1]
HAL_RCC_GetHCLKFreq      0x800'0687    0x6  Code  Gb  stm32f1xx_hal_rcc.o [1]
HAL_RCC_GetSysClockFreq
                         0x800'0619   0x6e  Code  Gb  stm32f1xx_hal_rcc.o [1]
HAL_RCC_OscConfig        0x800'00ed  0x3c0  Code  Gb  stm32f1xx_hal_rcc.o [1]
HAL_SPI_Init             0x800'0d45   0x9a  Code  Gb  stm32f1xx_hal_spi.o [1]
HAL_SYSTICK_CLKSourceConfig
                         0x800'0903   0x1c  Code  Gb  stm32f1xx_hal_cortex.o [1]
HAL_SYSTICK_Config       0x800'08f7    0xc  Code  Gb  stm32f1xx_hal_cortex.o [1]
HAL_SYSTICK_IRQHandler   0x800'093d    0x8  Code  Gb  stm32f1xx_hal_cortex.o [1]
HardFault_Handler        0x800'1117    0x2  Code  Gb  stm32f1xx_it.o [1]
MemManage_Handler        0x800'1119    0x2  Code  Gb  stm32f1xx_it.o [1]
NMI_Handler              0x800'1115    0x2  Code  Gb  stm32f1xx_it.o [1]
PendSV_Handler           0x800'1123    0x2  Code  Gb  stm32f1xx_it.o [1]
Peripherals::Interrupt::EnableInterrupt(Peripherals::Interrupt::IRQn)
                         0x800'0949   0x20  Code  Gb  Interrupt.o [1]
Peripherals::Interrupt::RegisterInterrupt_Vct_Table(void (*)(), Peripherals::Interrupt::IRQn, unsigned char, unsigned char)
                         0x800'0969   0x38  Code  Gb  Interrupt.o [1]
Peripherals::Interrupt::Relocate_Vector_Table()
                         0x800'09a1   0x24  Code  Gb  Interrupt.o [1]
Peripherals::Interrupt::Vectors_RAM
                        0x2000'0100  0x100  Data  Gb  Interrupt.o [1]
Peripherals::Peripheral::Peripheral()
                         0x800'0dfd    0xc  Code  Gb  SPI_Poll.o [1]
Peripherals::Peripheral::Peripheral() [subobject]
                         0x800'0def    0xc  Code  Gb  SPI_Poll.o [1]
Peripherals::SPIBase::SPIBase()
                         0x800'0de1    0xe  Code  Gb  SPI_Poll.o [1]
Peripherals::SPIBase::SPIBase() [subobject]
                         0x800'0d39    0xc  Code  Gb  SPI_Poll.o [1]
Peripherals::SPI_Poll::HwInit()
                         0x800'0c57   0xc8  Code  Gb  SPI_Poll.o [1]
Peripherals::SPI_Poll::SPI_Poll(Peripherals::SPIBase::SPIx_t, unsigned int)
                         0x800'0c3d   0x1a  Code  Gb  SPI_Poll.o [1]
Peripherals::SPI_Poll::m_hspi
                        0x2000'020c   0x58  Data  Gb  SPI_Poll.o [1]
Region$$Table$$Base      0x800'108c          --   Gb  - Linker created -
Region$$Table$$Limit     0x800'10b0          --   Gb  - Linker created -
SPI_Poll_Test()          0x800'0ed1   0x26  Code  Gb  Test.o [1]
SPI_Poll_Test()::SPI_Obj
                        0x2000'0264    0xc  Data  Lc  Test.o [1]
SPI_Poll_Test()::static guard for SPI_Obj
                        0x2000'0274    0x1  Data  Lc  Test.o [1]
SVC_Handler              0x800'111f    0x2  Code  Gb  stm32f1xx_it.o [1]
SysTick_Handler          0x800'1125    0xc  Code  Gb  stm32f1xx_it.o [1]
SystemClock_Config()     0x800'0e19   0x84  Code  Gb  main.o [1]
SystemCoreClock         0x2000'0200    0x4  Data  Gb  system_stm32f1xx.o [1]
SystemInit               0x800'0f25   0x3e  Code  Gb  system_stm32f1xx.o [1]
UsageFault_Handler       0x800'111d    0x2  Code  Gb  stm32f1xx_it.o [1]
Virtual function table for Peripherals::Peripheral
                         0x800'10f8   0x1c  Data  Gb  SPI_Poll.o [1]
Virtual function table for Peripherals::SPI_Poll
                         0x800'100c   0x2c  Data  Gb  SPI_Poll.o [1]
[local to stm32f1xx_hal_cortex_c]::NVIC_EncodePriority(unsigned int, unsigned int, unsigned int)
                         0x800'0851   0x40  Code  Lc  stm32f1xx_hal_cortex.o [1]
[local to stm32f1xx_hal_cortex_c]::NVIC_GetPriorityGrouping()
                         0x800'081b    0xa  Code  Lc  stm32f1xx_hal_cortex.o [1]
[local to stm32f1xx_hal_cortex_c]::NVIC_SetPriority(IRQn_Type, unsigned int)
                         0x800'0825   0x2c  Code  Lc  stm32f1xx_hal_cortex.o [1]
[local to stm32f1xx_hal_cortex_c]::NVIC_SetPriorityGrouping(unsigned int)
                         0x800'07fd   0x1e  Code  Lc  stm32f1xx_hal_cortex.o [1]
[local to stm32f1xx_hal_cortex_c]::SysTick_Config(unsigned int)
                         0x800'0891   0x30  Code  Lc  stm32f1xx_hal_cortex.o [1]
[local to stm32f1xx_hal_rcc_c]::RCC_Delay(unsigned int)
                         0x800'068d   0x26  Code  Lc  stm32f1xx_hal_rcc.o [1]
_Error_Handler           0x800'0ea1    0x2  Code  Gb  main.o [1]
__aeabi_memcpy4          0x800'073d         Code  Gb  ABImemcpy.o [5]
__aeabi_memcpy8          0x800'073d         Code  Gb  ABImemcpy.o [5]
__cmain                  0x800'10b1         Code  Gb  cmain.o [5]
__exit                   0x800'10e5   0x14  Code  Gb  exit.o [6]
__iar_close_ttio         0x800'0fd1   0x2e  Code  Gb  iarttio.o [6]
__iar_copy_init3         0x800'1039   0x2c  Code  Gb  copy_init3.o [5]
__iar_data_init3         0x800'1065   0x28  Code  Gb  data_init.o [5]
__iar_debug_exceptions   0x800'0dfa    0x1  Data  Gb  unwind_debug.o [6]
__iar_lookup_ttioh       0x800'1001    0x4  Code  Gb  XShttio.o [2]
__iar_program_start      0x800'1171         Code  Gb  cstartup_M.o [5]
__iar_ttio_handles      0x2000'0204    0x8  Data  Lc  XShttio.o [2]
__iar_zero_init3         0x800'07c3   0x3a  Code  Gb  zero_init3.o [5]
__low_level_init         0x800'10cf    0x4  Code  Gb  low_level_init.o [2]
__vector_table           0x800'0000         Data  Gb  startup_stm32f103xb.o [1]
_call_main               0x800'10bd         Code  Gb  cmain.o [5]
_exit                    0x800'10d9         Code  Gb  cexit.o [5]
_main                    0x800'10cb         Code  Gb  cmain.o [5]
exit                     0x800'10d3    0x4  Code  Gb  exit.o [2]
main                     0x800'0e09   0x10  Code  Gb  main.o [1]
uwTick                  0x2000'0270    0x4  Data  Gb  stm32f1xx_hal.o [1]


[1] = C:\Amit_Chaudhary\STM32\Projects\IAR\IAR_Projects\Main\Main_Latest\IAR\Debug\Obj
[2] = dl7M_tln.a
[3] = dlpp7M_tl_nc.a
[4] = m7M_tl.a
[5] = rt7M_tl.a
[6] = shb_l.a

  4 421 bytes of readonly  code memory
    239 bytes of readonly  data memory
  2 165 bytes of readwrite data memory (+ 256 absolute)

Errors: none
Warnings: none
