###############################################################################
#
# IAR ELF Linker V8.30.1.114/W32 for ARM                  22/Sep/2018  20:02:25
# Copyright 2007-2018 IAR Systems AB.
#
#    Output file  =  
#        C:\Amit_Chaudhary\STM32\Projects\IAR\IAR_Projects\Main\Main_Latest\IAR\Debug\Exe\Main.out
#    Map file     =  
#        C:\Amit_Chaudhary\STM32\Projects\IAR\IAR_Projects\Main\Main_Latest\IAR\Debug\List\Main.map
#    Command line =  
#        -f C:\Users\achaudha\AppData\Local\Temp\EW3C41.tmp
#        (C:\Amit_Chaudhary\STM32\Projects\IAR\IAR_Projects\Main\Main_Latest\IAR\Debug\Obj\GpioInput.o
#        C:\Amit_Chaudhary\STM32\Projects\IAR\IAR_Projects\Main\Main_Latest\IAR\Debug\Obj\GpioOutput.o
#        C:\Amit_Chaudhary\STM32\Projects\IAR\IAR_Projects\Main\Main_Latest\IAR\Debug\Obj\I2C_Base.o
#        C:\Amit_Chaudhary\STM32\Projects\IAR\IAR_Projects\Main\Main_Latest\IAR\Debug\Obj\I2C_Master.o
#        C:\Amit_Chaudhary\STM32\Projects\IAR\IAR_Projects\Main\Main_Latest\IAR\Debug\Obj\I2C_Slave.o
#        C:\Amit_Chaudhary\STM32\Projects\IAR\IAR_Projects\Main\Main_Latest\IAR\Debug\Obj\INA219.o
#        C:\Amit_Chaudhary\STM32\Projects\IAR\IAR_Projects\Main\Main_Latest\IAR\Debug\Obj\Interrupt.o
#        C:\Amit_Chaudhary\STM32\Projects\IAR\IAR_Projects\Main\Main_Latest\IAR\Debug\Obj\main.o
#        C:\Amit_Chaudhary\STM32\Projects\IAR\IAR_Projects\Main\Main_Latest\IAR\Debug\Obj\Nokia5110LCD.o
#        C:\Amit_Chaudhary\STM32\Projects\IAR\IAR_Projects\Main\Main_Latest\IAR\Debug\Obj\Peripheral.o
#        C:\Amit_Chaudhary\STM32\Projects\IAR\IAR_Projects\Main\Main_Latest\IAR\Debug\Obj\SPI_Base.o
#        C:\Amit_Chaudhary\STM32\Projects\IAR\IAR_Projects\Main\Main_Latest\IAR\Debug\Obj\SPI_DMA.o
#        C:\Amit_Chaudhary\STM32\Projects\IAR\IAR_Projects\Main\Main_Latest\IAR\Debug\Obj\SPI_IT.o
#        C:\Amit_Chaudhary\STM32\Projects\IAR\IAR_Projects\Main\Main_Latest\IAR\Debug\Obj\SPI_Poll.o
#        C:\Amit_Chaudhary\STM32\Projects\IAR\IAR_Projects\Main\Main_Latest\IAR\Debug\Obj\startup_stm32f103xb.o
#        C:\Amit_Chaudhary\STM32\Projects\IAR\IAR_Projects\Main\Main_Latest\IAR\Debug\Obj\stm32f1xx_hal.o
#        C:\Amit_Chaudhary\STM32\Projects\IAR\IAR_Projects\Main\Main_Latest\IAR\Debug\Obj\stm32f1xx_hal_cortex.o
#        C:\Amit_Chaudhary\STM32\Projects\IAR\IAR_Projects\Main\Main_Latest\IAR\Debug\Obj\stm32f1xx_hal_dma.o
#        C:\Amit_Chaudhary\STM32\Projects\IAR\IAR_Projects\Main\Main_Latest\IAR\Debug\Obj\stm32f1xx_hal_gpio.o
#        C:\Amit_Chaudhary\STM32\Projects\IAR\IAR_Projects\Main\Main_Latest\IAR\Debug\Obj\stm32f1xx_hal_gpio_ex.o
#        C:\Amit_Chaudhary\STM32\Projects\IAR\IAR_Projects\Main\Main_Latest\IAR\Debug\Obj\stm32f1xx_hal_i2c.o
#        C:\Amit_Chaudhary\STM32\Projects\IAR\IAR_Projects\Main\Main_Latest\IAR\Debug\Obj\stm32f1xx_hal_pwr.o
#        C:\Amit_Chaudhary\STM32\Projects\IAR\IAR_Projects\Main\Main_Latest\IAR\Debug\Obj\stm32f1xx_hal_rcc.o
#        C:\Amit_Chaudhary\STM32\Projects\IAR\IAR_Projects\Main\Main_Latest\IAR\Debug\Obj\stm32f1xx_hal_rcc_ex.o
#        C:\Amit_Chaudhary\STM32\Projects\IAR\IAR_Projects\Main\Main_Latest\IAR\Debug\Obj\stm32f1xx_hal_spi.o
#        C:\Amit_Chaudhary\STM32\Projects\IAR\IAR_Projects\Main\Main_Latest\IAR\Debug\Obj\stm32f1xx_it.o
#        C:\Amit_Chaudhary\STM32\Projects\IAR\IAR_Projects\Main\Main_Latest\IAR\Debug\Obj\stm32f1xx_ll_exti.o
#        C:\Amit_Chaudhary\STM32\Projects\IAR\IAR_Projects\Main\Main_Latest\IAR\Debug\Obj\system_stm32f1xx.o
#        C:\Amit_Chaudhary\STM32\Projects\IAR\IAR_Projects\Main\Main_Latest\IAR\Debug\Obj\Test.o
#        --no_out_extension -o
#        C:\Amit_Chaudhary\STM32\Projects\IAR\IAR_Projects\Main\Main_Latest\IAR\Debug\Exe\Main.out
#        --redirect _Printf=_PrintfFullNoMb --redirect _Scanf=_ScanfFullNoMb
#        --map
#        C:\Amit_Chaudhary\STM32\Projects\IAR\IAR_Projects\Main\Main_Latest\IAR\Debug\List\Main.map
#        --config
#        C:\Amit_Chaudhary\STM32\Projects\IAR\IAR_Projects\CPP_Drivers\Gpio\System\stm32f103x8.icf
#        --semihosting --entry __iar_program_start --vfe --text_out locale)
#
###############################################################################

*******************************************************************************
*** RUNTIME MODEL ATTRIBUTES
***

CppFlavor                     = *
__CPP_Exceptions              = Disabled
__CPP_Language                = C++14
__Heap_Handler                = Basic
__SystemLibrary               = DLib
__dlib_dynamic_initialization = normal
__dlib_version                = 6


*******************************************************************************
*** HEAP SELECTION
***

The basic heap was selected because some modules are built with
size limitations (and not runtime checking), and --advanced_heap
was not specified.


*******************************************************************************
*** PLACEMENT SUMMARY
***

"A0":  place at 0x800'0000 { ro section .intvec };
"P1":  place in [from 0x800'0000 to 0x800'ffff] { ro };
define block CSTACK with size = 2K, alignment = 8 { };
define block HEAP with size = 2K, alignment = 8 { };
"P2":  place in [from 0x2000'0000 to 0x2000'4fff] {
          rw, block CSTACK, block HEAP };
initialize by copy { rw };

  Section                Kind         Address    Size  Object
  -------                ----         -------    ----  ------
"A0":                                            0xec
  .intvec                ro code   0x800'0000    0xec  startup_stm32f103xb.o [1]
                                 - 0x800'00ec    0xec

"P1":                                          0x338c
  .text                  ro code   0x800'00ec   0x89a  stm32f1xx_hal_spi.o [1]
  .text                  ro code   0x800'0986     0x2  stm32f1xx_hal_spi.o [1]
  .text                  ro code   0x800'0988   0x380  stm32f1xx_hal_dma.o [1]
  .text                  ro code   0x800'0d08     0x2  stm32f1xx_hal_spi.o [1]
  .text                  ro code   0x800'0d0a    0x3a  zero_init3.o [5]
  .text                  ro code   0x800'0d44     0xc  stm32f1xx_hal.o [1]
  .text                  ro code   0x800'0d50   0x590  SPI_Base.o [1]
  .text                  ro code   0x800'12e0     0x6  stm32f1xx_hal_spi.o [1]
  .text                  ro code   0x800'12e6    0x24  SPI_Base.o [1]
  .text                  ro code   0x800'130a    0x1e  SPI_Base.o [1]
  .text                  ro code   0x800'1328   0x280  stm32f1xx_hal_gpio.o [1]
  .text                  ro code   0x800'15a8    0x10  SPI_Poll.o [1]
  .text                  ro code   0x800'15b8    0x16  SPI_DMA.o [1]
  .text                  ro code   0x800'15ce    0x40  SPI_DMA.o [1]
  .text                  ro code   0x800'160e    0x12  SPI_DMA.o [1]
  .text                  ro code   0x800'1620    0x36  SPI_DMA.o [1]
  .rodata                const     0x800'1656     0x2  stm32f1xx_hal_rcc.o [1]
  .text                  ro code   0x800'1658   0x664  SPI_DMA.o [1]
  .text                  ro code   0x800'1cbc     0xc  SPI_Poll.o [1]
  .text                  ro code   0x800'1cc8    0x8c  Interrupt.o [1]
  .text                  ro code   0x800'1d54    0x10  SPI_Poll.o [1]
  .text                  ro code   0x800'1d64    0x3e  SPI_IT.o [1]
  .text                  ro code   0x800'1da2    0x34  SPI_IT.o [1]
  .text                  ro code   0x800'1dd6     0xe  SPI_Poll.o [1]
  .text                  ro code   0x800'1de4   0x14a  stm32f1xx_hal_cortex.o [1]
  .text                  ro code   0x800'1f2e    0x22  SPI_IT.o [1]
  .text                  ro code   0x800'1f50    0x1e  SPI_IT.o [1]
  .text                  ro code   0x800'1f6e     0xc  SPI_Poll.o [1]
  .rodata                const     0x800'1f7a     0x1  unwind_debug.o [6]
  .text                  ro code   0x800'1f7c     0xc  SPI_Poll.o [1]
  .text                  ro code   0x800'1f88   0x608  stm32f1xx_hal_rcc.o [1]
  .text                  ro code   0x800'2590    0x3c  stm32f1xx_hal.o [1]
  .text                  ro code   0x800'25cc    0x86  ABImemcpy.o [5]
  .text                  ro code   0x800'2654   0x2b8  Test.o [1]
  .text                  ro code   0x800'290c   0x13c  GpioOutput.o [1]
  .text                  ro code   0x800'2a48     0xa  cxxabi.o [3]
  .text                  ro code   0x800'2a54   0x28c  Nokia5110LCD.o [1]
  .text                  ro code   0x800'2ce0    0x10  Test.o [1]
  .text                  ro code   0x800'2cf0    0x1e  stm32f1xx_hal.o [1]
  .text                  ro code   0x800'2d10    0xa0  cppinit.o [2]
  .rodata                const     0x800'2db0   0x240  Nokia5110LCD.o [1]
  .text                  ro code   0x800'2ff0    0x9a  main.o [1]
  .text                  ro code   0x800'308c    0x2a  stm32f1xx_hal.o [1]
  .text                  ro code   0x800'30b8    0x58  system_stm32f1xx.o [1]
  .rodata                const     0x800'3110    0x54  main.o [1]
  .rodata                const     0x800'3164    0x30  SPI_DMA.o [1]
  .text                  ro code   0x800'3194    0x30  iarttio.o [6]
  .text                  ro code   0x800'31c4     0xc  XShttio.o [2]
  .text                  ro code   0x800'31d0    0x2c  copy_init3.o [5]
  .text                  ro code   0x800'31fc    0x28  data_init.o [5]
  .iar.init_table        const     0x800'3224    0x28  - Linker created -
  .text                  ro code   0x800'324c    0x20  cmain_call_ctors.o [5]
  .text                  ro code   0x800'326c    0x1e  cmain.o [5]
  .text                  ro code   0x800'328a     0x4  low_level_init.o [2]
  .text                  ro code   0x800'328e     0x4  exit.o [2]
  .text                  ro code   0x800'3294     0xe  cexit.o [5]
  .text                  ro code   0x800'32a4    0x14  exit.o [6]
  .rodata                const     0x800'32b8    0x1c  GpioOutput.o [1]
  .rodata                const     0x800'32d4    0x1c  SPI_Poll.o [1]
  .text                  ro code   0x800'32f0    0x1c  stm32f1xx_it.o [1]
  .text                  ro code   0x800'330c    0x10  stm32f1xx_hal.o [1]
  .text                  ro code   0x800'331c    0x18  Test.o [1]
  .text                  ro code   0x800'3334    0x14  Test.o [1]
  Initializer bytes      const     0x800'3348    0x14  <for P2-1>
  .rodata                const     0x800'335c    0x10  stm32f1xx_hal_rcc.o [1]
  .rodata                const     0x800'336c    0x10  system_stm32f1xx.o [1]
  .rodata                const     0x800'337c    0x10  Test.o [1]
  .rodata                const     0x800'338c    0x10  Test.o [1]
  .text                  ro code   0x800'339c    0x10  startup_stm32f103xb.o [1]
  .text                  ro code   0x800'33ac     0xc  cstartup_M.o [5]
  .rodata                const     0x800'33b8     0x8  Test.o [1]
  .rodata                const     0x800'33c0     0x8  Test.o [1]
  .text                  ro code   0x800'33c8     0x4  startup_stm32f103xb.o [1]
  .text                  ro code   0x800'33cc     0x4  startup_stm32f103xb.o [1]
  .text                  ro code   0x800'33d0     0x4  startup_stm32f103xb.o [1]
  .text                  ro code   0x800'33d4     0x4  startup_stm32f103xb.o [1]
  .text                  ro code   0x800'33d8     0x4  startup_stm32f103xb.o [1]
  .text                  ro code   0x800'33dc     0x4  startup_stm32f103xb.o [1]
  .text                  ro code   0x800'33e0     0x4  startup_stm32f103xb.o [1]
  .text                  ro code   0x800'33e4     0x4  startup_stm32f103xb.o [1]
  .text                  ro code   0x800'33e8     0x4  startup_stm32f103xb.o [1]
  .text                  ro code   0x800'33ec     0x4  startup_stm32f103xb.o [1]
  .text                  ro code   0x800'33f0     0x4  startup_stm32f103xb.o [1]
  .text                  ro code   0x800'33f4     0x4  startup_stm32f103xb.o [1]
  .text                  ro code   0x800'33f8     0x4  startup_stm32f103xb.o [1]
  .text                  ro code   0x800'33fc     0x4  startup_stm32f103xb.o [1]
  .text                  ro code   0x800'3400     0x4  startup_stm32f103xb.o [1]
  .text                  ro code   0x800'3404     0x4  startup_stm32f103xb.o [1]
  .text                  ro code   0x800'3408     0x4  startup_stm32f103xb.o [1]
  .text                  ro code   0x800'340c     0x4  startup_stm32f103xb.o [1]
  .text                  ro code   0x800'3410     0x4  startup_stm32f103xb.o [1]
  .text                  ro code   0x800'3414     0x4  startup_stm32f103xb.o [1]
  .text                  ro code   0x800'3418     0x4  startup_stm32f103xb.o [1]
  .text                  ro code   0x800'341c     0x4  startup_stm32f103xb.o [1]
  .text                  ro code   0x800'3420     0x4  startup_stm32f103xb.o [1]
  .text                  ro code   0x800'3424     0x4  startup_stm32f103xb.o [1]
  .text                  ro code   0x800'3428     0x4  startup_stm32f103xb.o [1]
  .text                  ro code   0x800'342c     0x4  startup_stm32f103xb.o [1]
  .text                  ro code   0x800'3430     0x4  startup_stm32f103xb.o [1]
  .text                  ro code   0x800'3434     0x4  startup_stm32f103xb.o [1]
  .text                  ro code   0x800'3438     0x4  startup_stm32f103xb.o [1]
  .text                  ro code   0x800'343c     0x4  startup_stm32f103xb.o [1]
  .text                  ro code   0x800'3440     0x4  startup_stm32f103xb.o [1]
  .text                  ro code   0x800'3444     0x4  startup_stm32f103xb.o [1]
  .text                  ro code   0x800'3448     0x4  startup_stm32f103xb.o [1]
  .text                  ro code   0x800'344c     0x4  startup_stm32f103xb.o [1]
  .text                  ro code   0x800'3450     0x4  startup_stm32f103xb.o [1]
  .text                  ro code   0x800'3454     0x4  startup_stm32f103xb.o [1]
  .text                  ro code   0x800'3458     0x4  startup_stm32f103xb.o [1]
  .text                  ro code   0x800'345c     0x4  startup_stm32f103xb.o [1]
  .text                  ro code   0x800'3460     0x4  startup_stm32f103xb.o [1]
  .text                  ro code   0x800'3464     0x4  startup_stm32f103xb.o [1]
  .text                  ro code   0x800'3468     0x4  startup_stm32f103xb.o [1]
  .text                  ro code   0x800'346c     0x4  startup_stm32f103xb.o [1]
  .text                  ro code   0x800'3470     0x4  startup_stm32f103xb.o [1]
  SHT$$PREINIT_ARRAY               0x800'3474     0x0  <Block>
  SHT$$INIT_ARRAY                  0x800'3474     0x4  <Block>
    .init_array          const     0x800'3474     0x4  SPI_Base.o [1]
  __iar_tls$$INIT_ARRAY            0x800'3478     0x0  <Block>
  .text                  ro code   0x800'3478     0x0  cstart_call_dtors.o [5]
  .rodata                const     0x800'3478     0x0  zero_init3.o [5]
  .rodata                const     0x800'3478     0x0  copy_init3.o [5]
                                 - 0x800'3478  0x338c

Absolute sections:                              0x100
  .noinit                uninit   0x2000'0100   0x100  Interrupt.o [1]
                                - 0x2000'0200   0x100

"P2", part 1 of 3:                               0x14
  P2-1                            0x2000'0200    0x14  <Init block>
    .data                inited   0x2000'0200     0x4  SPI_Base.o [1]
    .data                inited   0x2000'0204     0x4  SPI_Base.o [1]
    .data                inited   0x2000'0208     0x4  system_stm32f1xx.o [1]
    .data                inited   0x2000'020c     0x8  XShttio.o [2]
                                - 0x2000'0214    0x14

"P2", part 2 of 3:                              0xe10
  .bss                   zero     0x2000'0214   0x428  Test.o [1]
  .bss                   zero     0x2000'063c   0x428  Test.o [1]
  .bss                   zero     0x2000'0a64   0x32c  SPI_Base.o [1]
  .bss                   zero     0x2000'0d90    0x58  SPI_Base.o [1]
  .bss                   zero     0x2000'0de8    0x44  SPI_Base.o [1]
  .bss                   zero     0x2000'0e2c    0x44  SPI_Base.o [1]
  .bss                   zero     0x2000'0e70    0x44  SPI_Base.o [1]
  .bss                   zero     0x2000'0eb4    0x44  SPI_Base.o [1]
  .bss                   zero     0x2000'0ef8    0x34  SPI_Base.o [1]
  .bss                   zero     0x2000'0f2c     0xc  Test.o [1]
  .bss                   zero     0x2000'0f38     0xc  Test.o [1]
  .bss                   zero     0x2000'0f44     0xc  Test.o [1]
  .bss                   zero     0x2000'0f50     0xc  Test.o [1]
  .bss                   zero     0x2000'0f5c     0xc  Test.o [1]
  .bss                   zero     0x2000'0f68     0xc  Test.o [1]
  .bss                   zero     0x2000'0f74     0xc  Test.o [1]
  .bss                   zero     0x2000'0f80     0xc  Test.o [1]
  .bss                   zero     0x2000'0f8c     0xc  Test.o [1]
  .bss                   zero     0x2000'0f98     0x4  Nokia5110LCD.o [1]
  .bss                   zero     0x2000'0f9c     0x4  SPI_Base.o [1]
  .bss                   zero     0x2000'0fa0     0x4  SPI_Base.o [1]
  .bss                   zero     0x2000'0fa4     0x4  SPI_Base.o [1]
  .bss                   zero     0x2000'0fa8     0x4  SPI_Base.o [1]
  .bss                   zero     0x2000'0fac     0x4  SPI_Base.o [1]
  .bss                   zero     0x2000'0fb0     0x4  SPI_Base.o [1]
  .bss                   zero     0x2000'0fb4     0x4  SPI_Base.o [1]
  .bss                   zero     0x2000'0fb8     0x4  SPI_Base.o [1]
  .bss                   zero     0x2000'0fbc     0x4  SPI_Base.o [1]
  .bss                   zero     0x2000'0fc0     0x4  SPI_Base.o [1]
  .bss                   zero     0x2000'0fc4     0x4  SPI_Base.o [1]
  .bss                   zero     0x2000'0fc8     0x4  SPI_Base.o [1]
  .bss                   zero     0x2000'0fcc     0x4  SPI_Base.o [1]
  .bss                   zero     0x2000'0fd0     0x4  SPI_Base.o [1]
  .bss                   zero     0x2000'0fd4     0x4  SPI_Base.o [1]
  .bss                   zero     0x2000'0fd8     0x4  SPI_Base.o [1]
  .bss                   zero     0x2000'0fdc     0x4  SPI_Base.o [1]
  .bss                   zero     0x2000'0fe0     0x4  SPI_Base.o [1]
  .bss                   zero     0x2000'0fe4     0x4  SPI_Base.o [1]
  .bss                   zero     0x2000'0fe8     0x4  SPI_Base.o [1]
  .bss                   zero     0x2000'0fec     0x4  SPI_Base.o [1]
  .bss                   zero     0x2000'0ff0     0x4  SPI_Base.o [1]
  .bss                   zero     0x2000'0ff4     0x4  SPI_Base.o [1]
  .bss                   zero     0x2000'0ff8     0x4  SPI_Base.o [1]
  .bss                   zero     0x2000'0ffc     0x4  SPI_Base.o [1]
  .bss                   zero     0x2000'1000     0x4  SPI_Base.o [1]
  .bss                   zero     0x2000'1004     0x4  stm32f1xx_hal.o [1]
  .bss                   zero     0x2000'1008     0x4  Test.o [1]
  .bss                   zero     0x2000'100c     0x4  Test.o [1]
  .bss                   zero     0x2000'1010     0x4  cppinit.o [2]
  .bss                   zero     0x2000'1014     0x4  cppinit.o [2]
  .bss                   zero     0x2000'1018     0x1  Test.o [1]
  .bss                   zero     0x2000'1019     0x1  Test.o [1]
  .bss                   zero     0x2000'101a     0x1  Test.o [1]
  .bss                   zero     0x2000'101b     0x1  Test.o [1]
  .bss                   zero     0x2000'101c     0x1  Test.o [1]
  .bss                   zero     0x2000'101d     0x1  Test.o [1]
  .bss                   zero     0x2000'101e     0x1  Test.o [1]
  .bss                   zero     0x2000'101f     0x1  Test.o [1]
  .bss                   zero     0x2000'1020     0x1  Test.o [1]
  .bss                   zero     0x2000'1021     0x1  Test.o [1]
  .bss                   zero     0x2000'1022     0x1  Test.o [1]
                                - 0x2000'1023   0xe0f

"P2", part 3 of 3:                              0x98c
  .iar.dynexit                    0x2000'1024   0x18c  <Block>
    .iar.dynexit         uninit   0x2000'1024     0xc  cppinit.o [2]
    .iar.dynexit         uninit   0x2000'1030   0x180  <Block tail>
  CSTACK                          0x2000'11b0   0x800  <Block>
    CSTACK               uninit   0x2000'11b0   0x800  <Block tail>
                                - 0x2000'19b0   0x98c

Unused ranges:

         From           To    Size
         ----           --    ----
   0x800'3478   0x800'ffff  0xcb88
  0x2000'0000  0x2000'00ff   0x100
  0x2000'19b0  0x2000'4fff  0x3650


*******************************************************************************
*** INIT TABLE
***

          Address      Size
          -------      ----
Zero (__iar_zero_init3)
    1 destination range, total size 0xe0f:
          0x2000'0214  0xe0f

Copy (__iar_copy_init3)
    1 source range, total size 0x14:
           0x800'3348   0x14
    1 destination range, total size 0x14:
          0x2000'0200   0x14

Extra (__iar_cstart_call_ctors)



*******************************************************************************
*** MODULE SUMMARY
***

    Module                  ro code  ro data  rw data  rw data
                                                        (abs)
    ------                  -------  -------  -------  -------
command line/config:
    ----------------------------------------------------------
    Total:

C:\Amit_Chaudhary\STM32\Projects\IAR\IAR_Projects\Main\Main_Latest\IAR\Debug\Obj: [1]
    GpioOutput.o                316       28
    Interrupt.o                 140                        256
    Nokia5110LCD.o              652      576        4
    SPI_Base.o                1 490       12    1 336
    SPI_DMA.o                 1 794       48
    SPI_IT.o                    178
    SPI_Poll.o                   82       28
    Test.o                      756       48    2 255
    main.o                      154       84
    startup_stm32f103xb.o       424
    stm32f1xx_hal.o             160                 4
    stm32f1xx_hal_cortex.o      330
    stm32f1xx_hal_dma.o         896
    stm32f1xx_hal_gpio.o        640
    stm32f1xx_hal_rcc.o       1 544       18
    stm32f1xx_hal_spi.o       2 212
    stm32f1xx_it.o               28
    system_stm32f1xx.o           88       20        4
    ----------------------------------------------------------
    Total:                   11 884      862    3 603      256

dl7M_tln.a: [2]
    XShttio.o                    12        8        8
    cppinit.o                   160                20
    exit.o                        4
    low_level_init.o              4
    ----------------------------------------------------------
    Total:                      180        8       28

dlpp7M_tl_nc.a: [3]
    cxxabi.o                     10
    ----------------------------------------------------------
    Total:                       10

m7M_tl.a: [4]
    ----------------------------------------------------------
    Total:

rt7M_tl.a: [5]
    ABImemcpy.o                 134
    cexit.o                      14
    cmain.o                      30
    cmain_call_ctors.o           32
    copy_init3.o                 44
    cstart_call_dtors.o
    cstartup_M.o                 12
    data_init.o                  40
    zero_init3.o                 58
    ----------------------------------------------------------
    Total:                      364

shb_l.a: [6]
    exit.o                       20
    iarttio.o                    48
    unwind_debug.o                         1
    ----------------------------------------------------------
    Total:                       68        1

    Gaps                         15
    Linker created                        40    2 432
--------------------------------------------------------------
    Grand Total:             12 521      911    6 063      256


*******************************************************************************
*** ENTRY LIST
***

Entry                       Address   Size  Type      Object
-----                       -------   ----  ----      ------
.iar.dynexit$$Base      0x2000'1024          --   Gb  - Linker created -
.iar.dynexit$$Limit     0x2000'11b0          --   Gb  - Linker created -
.iar.init_table$$Base    0x800'3224          --   Gb  - Linker created -
.iar.init_table$$Limit   0x800'324c          --   Gb  - Linker created -
?main                    0x800'326d         Code  Gb  cmain.o [5]
AHBPrescTable            0x800'336c   0x10  Data  Gb  system_stm32f1xx.o [1]
BusFault_Handler         0x800'32f7    0x2  Code  Gb  stm32f1xx_it.o [1]
CSTACK$$Base            0x2000'11b0          --   Gb  - Linker created -
CSTACK$$Limit           0x2000'19b0          --   Gb  - Linker created -
DebugMon_Handler         0x800'32fd    0x2  Code  Gb  stm32f1xx_it.o [1]
DtorRecArray            0x2000'1024    0xc  Data  Lc  cppinit.o [2]
HAL_DMA_Abort_IT         0x800'0a9b   0xb4  Code  Gb  stm32f1xx_hal_dma.o [1]
HAL_DMA_IRQHandler       0x800'0b4f  0x16a  Code  Gb  stm32f1xx_hal_dma.o [1]
HAL_DMA_Init             0x800'0989   0x7a  Code  Gb  stm32f1xx_hal_dma.o [1]
HAL_DMA_Start_IT         0x800'0a03   0x98  Code  Gb  stm32f1xx_hal_dma.o [1]
HAL_Delay                0x800'2cf1   0x1e  Code  Wk  stm32f1xx_hal.o [1]
HAL_GPIO_Init            0x800'1329  0x226  Code  Gb  stm32f1xx_hal_gpio.o [1]
HAL_GPIO_WritePin        0x800'154f   0x1a  Code  Gb  stm32f1xx_hal_gpio.o [1]
HAL_GetTick              0x800'0d45    0xc  Code  Wk  stm32f1xx_hal.o [1]
HAL_IncTick              0x800'330d   0x10  Code  Wk  stm32f1xx_hal.o [1]
HAL_Init                 0x800'308d   0x24  Code  Gb  stm32f1xx_hal.o [1]
HAL_InitTick             0x800'2591   0x3c  Code  Wk  stm32f1xx_hal.o [1]
HAL_NVIC_SetPriority     0x800'1eb5   0x2a  Code  Gb  stm32f1xx_hal_cortex.o [1]
HAL_NVIC_SetPriorityGrouping
                         0x800'1ea9    0xc  Code  Gb  stm32f1xx_hal_cortex.o [1]
HAL_RCC_ClockConfig      0x800'2349  0x16c  Code  Gb  stm32f1xx_hal_rcc.o [1]
HAL_RCC_GetHCLKFreq      0x800'2523    0x6  Code  Gb  stm32f1xx_hal_rcc.o [1]
HAL_RCC_GetSysClockFreq
                         0x800'24b5   0x6e  Code  Gb  stm32f1xx_hal_rcc.o [1]
HAL_RCC_OscConfig        0x800'1f89  0x3c0  Code  Gb  stm32f1xx_hal_rcc.o [1]
HAL_SPI_DeInit           0x800'0187   0x38  Code  Gb  stm32f1xx_hal_spi.o [1]
HAL_SPI_IRQHandler       0x800'0537   0xf8  Code  Gb  stm32f1xx_hal_spi.o [1]
HAL_SPI_Init             0x800'00ed   0x9a  Code  Gb  stm32f1xx_hal_spi.o [1]
HAL_SPI_Receive_DMA      0x800'02bb  0x11c  Code  Gb  stm32f1xx_hal_spi.o [1]
HAL_SPI_RxCpltCallback   0x800'1127   0x54  Code  Gb  SPI_Base.o [1]
HAL_SPI_RxHalfCpltCallback
                         0x800'11ff   0x30  Code  Gb  SPI_Base.o [1]
HAL_SPI_TransmitReceive_DMA
                         0x800'03d7  0x160  Code  Gb  stm32f1xx_hal_spi.o [1]
HAL_SPI_Transmit_DMA     0x800'01bf   0xfc  Code  Gb  stm32f1xx_hal_spi.o [1]
HAL_SPI_TxCpltCallback   0x800'103f   0xe8  Code  Gb  SPI_Base.o [1]
HAL_SPI_TxHalfCpltCallback
                         0x800'11cf   0x30  Code  Gb  SPI_Base.o [1]
HAL_SPI_TxRxCpltCallback
                         0x800'117b   0x54  Code  Gb  SPI_Base.o [1]
HAL_SPI_TxRxHalfCpltCallback
                         0x800'122f   0x30  Code  Gb  SPI_Base.o [1]
HAL_SYSTICK_CLKSourceConfig
                         0x800'1eeb   0x1c  Code  Gb  stm32f1xx_hal_cortex.o [1]
HAL_SYSTICK_Config       0x800'1edf    0xc  Code  Gb  stm32f1xx_hal_cortex.o [1]
HAL_SYSTICK_IRQHandler   0x800'1f25    0x8  Code  Gb  stm32f1xx_hal_cortex.o [1]
HardFault_Handler        0x800'32f3    0x2  Code  Gb  stm32f1xx_it.o [1]
MemManage_Handler        0x800'32f5    0x2  Code  Gb  stm32f1xx_it.o [1]
NMI_Handler              0x800'32f1    0x2  Code  Gb  stm32f1xx_it.o [1]
Nokia5110LCD_SPI1_Test()
                         0x800'2655  0x22a  Code  Gb  Test.o [1]
Nokia5110LCD_SPI1_Test()::Backlight
                        0x2000'0f50    0xc  Data  Lc  Test.o [1]
Nokia5110LCD_SPI1_Test()::Backlight1
                        0x2000'0f8c    0xc  Data  Lc  Test.o [1]
Nokia5110LCD_SPI1_Test()::CS
                        0x2000'0f2c    0xc  Data  Lc  Test.o [1]
Nokia5110LCD_SPI1_Test()::CS1
                        0x2000'0f68    0xc  Data  Lc  Test.o [1]
Nokia5110LCD_SPI1_Test()::D_C
                        0x2000'0f44    0xc  Data  Lc  Test.o [1]
Nokia5110LCD_SPI1_Test()::D_C1
                        0x2000'0f74    0xc  Data  Lc  Test.o [1]
Nokia5110LCD_SPI1_Test()::LCD
                        0x2000'0214  0x428  Data  Lc  Test.o [1]
Nokia5110LCD_SPI1_Test()::LCD1
                        0x2000'063c  0x428  Data  Lc  Test.o [1]
Nokia5110LCD_SPI1_Test()::Reset
                        0x2000'0f5c    0xc  Data  Lc  Test.o [1]
Nokia5110LCD_SPI1_Test()::Reset1
                        0x2000'0f80    0xc  Data  Lc  Test.o [1]
Nokia5110LCD_SPI1_Test()::SPI_Obj
                        0x2000'0f38    0xc  Data  Lc  Test.o [1]
Nokia5110LCD_SPI1_Test()::static guard for Backlight
                        0x2000'101b    0x1  Data  Lc  Test.o [1]
Nokia5110LCD_SPI1_Test()::static guard for Backlight1
                        0x2000'1021    0x1  Data  Lc  Test.o [1]
Nokia5110LCD_SPI1_Test()::static guard for CS
                        0x2000'1018    0x1  Data  Lc  Test.o [1]
Nokia5110LCD_SPI1_Test()::static guard for CS1
                        0x2000'101e    0x1  Data  Lc  Test.o [1]
Nokia5110LCD_SPI1_Test()::static guard for D_C
                        0x2000'101a    0x1  Data  Lc  Test.o [1]
Nokia5110LCD_SPI1_Test()::static guard for D_C1
                        0x2000'101f    0x1  Data  Lc  Test.o [1]
Nokia5110LCD_SPI1_Test()::static guard for LCD
                        0x2000'101d    0x1  Data  Lc  Test.o [1]
Nokia5110LCD_SPI1_Test()::static guard for LCD1
                        0x2000'1022    0x1  Data  Lc  Test.o [1]
Nokia5110LCD_SPI1_Test()::static guard for Reset
                        0x2000'101c    0x1  Data  Lc  Test.o [1]
Nokia5110LCD_SPI1_Test()::static guard for Reset1
                        0x2000'1020    0x1  Data  Lc  Test.o [1]
Nokia5110LCD_SPI1_Test()::static guard for SPI_Obj
                        0x2000'1019    0x1  Data  Lc  Test.o [1]
PendSV_Handler           0x800'32ff    0x2  Code  Gb  stm32f1xx_it.o [1]
Peripherals::GpioOutput::GpioOutput(GPIO_TypeDef *, unsigned short)
                         0x800'290d   0x22  Code  Gb  GpioOutput.o [1]
Peripherals::GpioOutput::HwInit()
                         0x800'292f   0xfc  Code  Gb  GpioOutput.o [1]
Peripherals::GpioOutput::Off()
                         0x800'1d55   0x10  Code  Gb  SPI_Poll.o [1]
Peripherals::GpioOutput::On()
                         0x800'15a9   0x10  Code  Gb  SPI_Poll.o [1]
Peripherals::Interrupt::EnableInterrupt(Peripherals::Interrupt::IRQn)
                         0x800'1cc9   0x20  Code  Gb  Interrupt.o [1]
Peripherals::Interrupt::RegisterInterrupt_Vct_Table(void (*)(), Peripherals::Interrupt::IRQn, unsigned char, unsigned char)
                         0x800'1ce9   0x38  Code  Gb  Interrupt.o [1]
Peripherals::Interrupt::Relocate_Vector_Table()
                         0x800'1d21   0x24  Code  Gb  Interrupt.o [1]
Peripherals::Interrupt::Vectors_RAM
                        0x2000'0100  0x100  Data  Gb  Interrupt.o [1]
Peripherals::Nokia5110LCD::Clear()
                         0x800'2b51   0x26  Code  Gb  Nokia5110LCD.o [1]
Peripherals::Nokia5110LCD::DisplayInit()
                         0x800'2ac7   0x5e  Code  Gb  Nokia5110LCD.o [1]
Peripherals::Nokia5110LCD::DrawCharBuf(unsigned char, unsigned char, char, unsigned char)
                         0x800'2b9d   0x9e  Code  Gb  Nokia5110LCD.o [1]
Peripherals::Nokia5110LCD::DrawStrBuf(unsigned char, unsigned char, char const *, unsigned char)
                         0x800'2c3b   0x44  Code  Gb  Nokia5110LCD.o [1]
Peripherals::Nokia5110LCD::GoToXY(int, int)
                         0x800'2b77   0x26  Code  Gb  Nokia5110LCD.o [1]
Peripherals::Nokia5110LCD::HwInit()
                         0x800'2a7d   0x4a  Code  Gb  Nokia5110LCD.o [1]
Peripherals::Nokia5110LCD::Nokia5110LCD(Peripherals::SPI_DMA *, Peripherals::GpioOutput *, Peripherals::GpioOutput *, Peripherals::GpioOutput *, Peripherals::GpioOutput *)
                         0x800'2a55   0x28  Code  Gb  Nokia5110LCD.o [1]
Peripherals::Nokia5110LCD::Refresh()
                         0x800'2c7f   0x58  Code  Gb  Nokia5110LCD.o [1]
Peripherals::Nokia5110LCD::Refresh()::Status
                        0x2000'0f98    0x4  Data  Lc  Nokia5110LCD.o [1]
Peripherals::Nokia5110LCD::SetBrigntness(unsigned char)
                         0x800'2ce1   0x10  Code  Gb  Test.o [1]
Peripherals::Nokia5110LCD::Write(Peripherals::Nokia5110LCD::DC_t, unsigned char)
                         0x800'2b25   0x2c  Code  Gb  Nokia5110LCD.o [1]
Peripherals::Peripheral::Peripheral()
                         0x800'1f7d    0xc  Code  Gb  SPI_Poll.o [1]
Peripherals::Peripheral::Peripheral() [subobject]
                         0x800'1f6f    0xc  Code  Gb  SPI_Poll.o [1]
Peripherals::SPI_Base::DMA_Ch2_IRQHandler()
                         0x800'1007    0xe  Code  Gb  SPI_Base.o [1]
Peripherals::SPI_Base::DMA_Ch3_IRQHandler()
                         0x800'1015    0xe  Code  Gb  SPI_Base.o [1]
Peripherals::SPI_Base::DMA_Ch4_IRQHandler()
                         0x800'1023    0xe  Code  Gb  SPI_Base.o [1]
Peripherals::SPI_Base::DMA_Ch5_IRQHandler()
                         0x800'1031    0xe  Code  Gb  SPI_Base.o [1]
Peripherals::SPI_Base::SPI1_Q
                        0x2000'0a64  0x32c  Data  Gb  SPI_Base.o [1]
Peripherals::SPI_Base::SPI1_RxDoneCallback
                        0x2000'0fb8    0x4  Data  Gb  SPI_Base.o [1]
Peripherals::SPI_Base::SPI1_RxHalfDoneCallback
                        0x2000'0fc4    0x4  Data  Gb  SPI_Base.o [1]
Peripherals::SPI_Base::SPI1_Status
                        0x2000'0fac    0x4  Data  Gb  SPI_Base.o [1]
Peripherals::SPI_Base::SPI1_TxDoneCallback
                        0x2000'0fb4    0x4  Data  Gb  SPI_Base.o [1]
Peripherals::SPI_Base::SPI1_TxHalfDoneCallback
                        0x2000'0fc0    0x4  Data  Gb  SPI_Base.o [1]
Peripherals::SPI_Base::SPI1_TxRxDoneCallback
                        0x2000'0fbc    0x4  Data  Gb  SPI_Base.o [1]
Peripherals::SPI_Base::SPI1_TxRxHalfDoneCallback
                        0x2000'0fc8    0x4  Data  Gb  SPI_Base.o [1]
Peripherals::SPI_Base::SPI1__IRQHandler()
                         0x800'0fef    0xc  Code  Gb  SPI_Base.o [1]
Peripherals::SPI_Base::SPI2_Q
                        0x2000'0ef8   0x34  Data  Gb  SPI_Base.o [1]
Peripherals::SPI_Base::SPI2_RxDoneCallback
                        0x2000'0fd0    0x4  Data  Gb  SPI_Base.o [1]
Peripherals::SPI_Base::SPI2_RxHalfDoneCallback
                        0x2000'0fdc    0x4  Data  Gb  SPI_Base.o [1]
Peripherals::SPI_Base::SPI2_Status
                        0x2000'0fb0    0x4  Data  Gb  SPI_Base.o [1]
Peripherals::SPI_Base::SPI2_TxDoneCallback
                        0x2000'0fcc    0x4  Data  Gb  SPI_Base.o [1]
Peripherals::SPI_Base::SPI2_TxHalfDoneCallback
                        0x2000'0fd8    0x4  Data  Gb  SPI_Base.o [1]
Peripherals::SPI_Base::SPI2_TxRxDoneCallback
                        0x2000'0fd4    0x4  Data  Gb  SPI_Base.o [1]
Peripherals::SPI_Base::SPI2_TxRxHalfDoneCallback
                        0x2000'0fe0    0x4  Data  Gb  SPI_Base.o [1]
Peripherals::SPI_Base::SPI2__IRQHandler()
                         0x800'0ffb    0xc  Code  Gb  SPI_Base.o [1]
Peripherals::SPI_Base::SPI_Base()
                         0x800'1dd7    0xe  Code  Gb  SPI_Poll.o [1]
Peripherals::SPI_Base::SPI_Base() [subobject]
                         0x800'1cbd    0xc  Code  Gb  SPI_Poll.o [1]
Peripherals::SPI_Base::SPI_Init(Peripherals::SPI_Base::SPIx_t, unsigned int, __SPI_HandleTypeDef *)
                         0x800'0d65  0x28a  Code  Gb  SPI_Base.o [1]
Peripherals::SPI_Base::m_hdma_spi1_rx
                        0x2000'0de8   0x44  Data  Gb  SPI_Base.o [1]
Peripherals::SPI_Base::m_hdma_spi1_tx
                        0x2000'0e2c   0x44  Data  Gb  SPI_Base.o [1]
Peripherals::SPI_Base::m_hdma_spi2_rx
                        0x2000'0e70   0x44  Data  Gb  SPI_Base.o [1]
Peripherals::SPI_Base::m_hdma_spi2_tx
                        0x2000'0eb4   0x44  Data  Gb  SPI_Base.o [1]
Peripherals::SPI_Base::m_hspi_1
                        0x2000'0d90   0x58  Data  Gb  SPI_Base.o [1]
Peripherals::SPI_Base::m_pChipSelect_SPI1
                        0x2000'0ff4    0x4  Data  Gb  SPI_Base.o [1]
Peripherals::SPI_Base::m_pChipSelect_SPI2
                        0x2000'0ff8    0x4  Data  Gb  SPI_Base.o [1]
Peripherals::SPI_Base::m_pCurentTransaction_SPI1
                        0x2000'0f9c    0x4  Data  Gb  SPI_Base.o [1]
Peripherals::SPI_Base::m_pCurentTransaction_SPI2
                        0x2000'0fa0    0x4  Data  Gb  SPI_Base.o [1]
Peripherals::SPI_Base::m_pSPI1_Obj
                        0x2000'0fa4    0x4  Data  Gb  SPI_Base.o [1]
Peripherals::SPI_Base::m_pSPI1_Q
                        0x2000'0200    0x4  Data  Gb  SPI_Base.o [1]
Peripherals::SPI_Base::m_pSPI2_Obj
                        0x2000'0fa8    0x4  Data  Gb  SPI_Base.o [1]
Peripherals::SPI_Base::m_pSPI2_Q
                        0x2000'0204    0x4  Data  Gb  SPI_Base.o [1]
Peripherals::SPI_Base::m_phdma_spi1_rx
                        0x2000'0fe4    0x4  Data  Gb  SPI_Base.o [1]
Peripherals::SPI_Base::m_phdma_spi1_tx
                        0x2000'0fe8    0x4  Data  Gb  SPI_Base.o [1]
Peripherals::SPI_Base::m_phdma_spi2_rx
                        0x2000'0fec    0x4  Data  Gb  SPI_Base.o [1]
Peripherals::SPI_Base::m_phdma_spi2_tx
                        0x2000'0ff0    0x4  Data  Gb  SPI_Base.o [1]
Peripherals::SPI_Base::m_phspi_1
                        0x2000'0ffc    0x4  Data  Gb  SPI_Base.o [1]
Peripherals::SPI_Base::m_phspi_2
                        0x2000'1000    0x4  Data  Gb  SPI_Base.o [1]
Peripherals::SPI_DMA::GetStatus()
                         0x800'1c23   0x14  Code  Gb  SPI_DMA.o [1]
Peripherals::SPI_DMA::HwDeinit()
                         0x800'3335   0x14  Code  Gb  Test.o [1]
Peripherals::SPI_DMA::HwInit()
                         0x800'173b  0x232  Code  Gb  SPI_DMA.o [1]
Peripherals::SPI_DMA::Post(Peripherals::SPI_Base::Transaction_t *)
                         0x800'1bcf   0x54  Code  Gb  SPI_DMA.o [1]
Peripherals::SPI_DMA::Rx(unsigned char *, unsigned short)
                         0x800'19ef   0x6e  Code  Gb  SPI_DMA.o [1]
Peripherals::SPI_DMA::SPI_DMA(Peripherals::SPI_Base::SPIx_t, Peripherals::GpioOutput *, unsigned int, __SPI_HandleTypeDef *, __DMA_HandleTypeDef *, __DMA_HandleTypeDef *)
                         0x800'1659   0xe2  Code  Gb  SPI_DMA.o [1]
Peripherals::SPI_DMA::Tx(unsigned char *, unsigned short)
                         0x800'196d   0x82  Code  Gb  SPI_DMA.o [1]
Peripherals::SPI_DMA::TxRx(unsigned char *, unsigned char *, unsigned short)
                         0x800'1a5d   0x8a  Code  Gb  SPI_DMA.o [1]
Peripherals::SPI_DMA::Xfer(Peripherals::SPI_Base::Transaction_t *)
                         0x800'1ae7   0xe8  Code  Gb  SPI_DMA.o [1]
Peripherals::SPI_DMA::~SPI_DMA()
                         0x800'331d   0x18  Code  Gb  Test.o [1]
Region$$Table$$Base      0x800'3224          --   Gb  - Linker created -
Region$$Table$$Limit     0x800'324c          --   Gb  - Linker created -
SHT$$INIT_ARRAY$$Base    0x800'3474          --   Gb  - Linker created -
SHT$$INIT_ARRAY$$Limit   0x800'3478          --   Gb  - Linker created -
SHT$$PREINIT_ARRAY$$Base
                         0x800'3474          --   Gb  - Linker created -
SHT$$PREINIT_ARRAY$$Limit
                         0x800'3474          --   Gb  - Linker created -
SVC_Handler              0x800'32fb    0x2  Code  Gb  stm32f1xx_it.o [1]
SysTick_Handler          0x800'3301    0xc  Code  Gb  stm32f1xx_it.o [1]
SystemClock_Config()     0x800'3001   0x84  Code  Gb  main.o [1]
SystemCoreClock         0x2000'0208    0x4  Data  Gb  system_stm32f1xx.o [1]
SystemInit               0x800'30b9   0x3e  Code  Gb  system_stm32f1xx.o [1]
UsageFault_Handler       0x800'32f9    0x2  Code  Gb  stm32f1xx_it.o [1]
Utils::Queue<Peripherals::SPI_Base::Transaction_t *, (unsigned int)10>::IsQueueEmpty()
                         0x800'160f   0x12  Code  Gb  SPI_DMA.o [1]
Utils::Queue<Peripherals::SPI_Base::Transaction_t *, (unsigned int)10>::IsQueueFull()
                         0x800'1f51   0x1e  Code  Gb  SPI_IT.o [1]
Utils::Queue<Peripherals::SPI_Base::Transaction_t *, (unsigned int)10>::Queue()
                         0x800'130b   0x1e  Code  Gb  SPI_Base.o [1]
Utils::Queue<Peripherals::SPI_Base::Transaction_t *, (unsigned int)10>::Read(Peripherals::SPI_Base::Transaction_t *&)
                         0x800'1621   0x36  Code  Gb  SPI_DMA.o [1]
Utils::Queue<Peripherals::SPI_Base::Transaction_t *, (unsigned int)10>::Write(Peripherals::SPI_Base::Transaction_t *)
                         0x800'1da3   0x34  Code  Gb  SPI_IT.o [1]
Utils::Queue<Peripherals::SPI_Base::Transaction_t *, (unsigned int)200>::IsQueueEmpty()
                         0x800'15b9   0x16  Code  Gb  SPI_DMA.o [1]
Utils::Queue<Peripherals::SPI_Base::Transaction_t *, (unsigned int)200>::IsQueueFull()
                         0x800'1f2f   0x22  Code  Gb  SPI_IT.o [1]
Utils::Queue<Peripherals::SPI_Base::Transaction_t *, (unsigned int)200>::Queue()
                         0x800'12e7   0x24  Code  Gb  SPI_Base.o [1]
Utils::Queue<Peripherals::SPI_Base::Transaction_t *, (unsigned int)200>::Read(Peripherals::SPI_Base::Transaction_t *&)
                         0x800'15cf   0x40  Code  Gb  SPI_DMA.o [1]
Utils::Queue<Peripherals::SPI_Base::Transaction_t *, (unsigned int)200>::Write(Peripherals::SPI_Base::Transaction_t *)
                         0x800'1d65   0x3e  Code  Gb  SPI_IT.o [1]
Virtual function table for Peripherals::GpioOutput
                         0x800'32b8   0x1c  Data  Gb  GpioOutput.o [1]
Virtual function table for Peripherals::Peripheral
                         0x800'32d4   0x1c  Data  Gb  SPI_Poll.o [1]
Virtual function table for Peripherals::SPI_DMA
                         0x800'3164   0x30  Data  Gb  SPI_DMA.o [1]
[local to Nokia5110LCD_cpp]::Peripherals::ASCII
                         0x800'2db0  0x240  Data  Lc  Nokia5110LCD.o [1]
[local to stm32f1xx_hal_cortex_c]::NVIC_EncodePriority(unsigned int, unsigned int, unsigned int)
                         0x800'1e39   0x40  Code  Lc  stm32f1xx_hal_cortex.o [1]
[local to stm32f1xx_hal_cortex_c]::NVIC_GetPriorityGrouping()
                         0x800'1e03    0xa  Code  Lc  stm32f1xx_hal_cortex.o [1]
[local to stm32f1xx_hal_cortex_c]::NVIC_SetPriority(IRQn_Type, unsigned int)
                         0x800'1e0d   0x2c  Code  Lc  stm32f1xx_hal_cortex.o [1]
[local to stm32f1xx_hal_cortex_c]::NVIC_SetPriorityGrouping(unsigned int)
                         0x800'1de5   0x1e  Code  Lc  stm32f1xx_hal_cortex.o [1]
[local to stm32f1xx_hal_cortex_c]::SysTick_Config(unsigned int)
                         0x800'1e79   0x30  Code  Lc  stm32f1xx_hal_cortex.o [1]
[local to stm32f1xx_hal_dma_c]::DMA_SetConfig(__DMA_HandleTypeDef *, unsigned int, unsigned int, unsigned int)
                         0x800'0cdd   0x2c  Code  Lc  stm32f1xx_hal_dma.o [1]
[local to stm32f1xx_hal_rcc_c]::RCC_Delay(unsigned int)
                         0x800'2529   0x26  Code  Lc  stm32f1xx_hal_rcc.o [1]
[local to stm32f1xx_hal_spi_c]::SPI_CheckFlag_BSY(__SPI_HandleTypeDef *, unsigned int, unsigned int)
                         0x800'095b   0x2a  Code  Lc  stm32f1xx_hal_spi.o [1]
[local to stm32f1xx_hal_spi_c]::SPI_DMAAbortOnError(__DMA_HandleTypeDef *)
                         0x800'08a1   0x16  Code  Lc  stm32f1xx_hal_spi.o [1]
[local to stm32f1xx_hal_spi_c]::SPI_DMAError(__DMA_HandleTypeDef *)
                         0x800'0879   0x28  Code  Lc  stm32f1xx_hal_spi.o [1]
[local to stm32f1xx_hal_spi_c]::SPI_DMAHalfReceiveCplt(__DMA_HandleTypeDef *)
                         0x800'0859    0xe  Code  Lc  stm32f1xx_hal_spi.o [1]
[local to stm32f1xx_hal_spi_c]::SPI_DMAHalfTransmitCplt(__DMA_HandleTypeDef *)
                         0x800'0849    0xe  Code  Lc  stm32f1xx_hal_spi.o [1]
[local to stm32f1xx_hal_spi_c]::SPI_DMAHalfTransmitReceiveCplt(__DMA_HandleTypeDef *)
                         0x800'0869    0xe  Code  Lc  stm32f1xx_hal_spi.o [1]
[local to stm32f1xx_hal_spi_c]::SPI_DMAReceiveCplt(__DMA_HandleTypeDef *)
                         0x800'06a1   0xd8  Code  Lc  stm32f1xx_hal_spi.o [1]
[local to stm32f1xx_hal_spi_c]::SPI_DMATransmitCplt(__DMA_HandleTypeDef *)
                         0x800'0631   0x70  Code  Lc  stm32f1xx_hal_spi.o [1]
[local to stm32f1xx_hal_spi_c]::SPI_DMATransmitReceiveCplt(__DMA_HandleTypeDef *)
                         0x800'0779   0xce  Code  Lc  stm32f1xx_hal_spi.o [1]
[local to stm32f1xx_hal_spi_c]::SPI_WaitFlagStateUntilTimeout(__SPI_HandleTypeDef *, unsigned int, unsigned int, unsigned int, unsigned int)
                         0x800'08b9   0xa2  Code  Lc  stm32f1xx_hal_spi.o [1]
_Error_Handler           0x800'3089    0x2  Code  Gb  main.o [1]
__aeabi_atexit           0x800'2a49    0xa  Code  Gb  cxxabi.o [3]
__aeabi_memcpy4          0x800'25cd         Code  Gb  ABImemcpy.o [5]
__aeabi_memcpy8          0x800'25cd         Code  Gb  ABImemcpy.o [5]
__call_ctors             0x800'2d11   0x18  Code  Gb  cppinit.o [2]
__call_dtors             0x800'2d5f    0xc  Code  Gb  cppinit.o [2]
__call_dtors0            0x800'2d6b   0x36  Code  Gb  cppinit.o [2]
__cexit_call_dtors       0x800'3297         Code  Gb  cexit.o [5]
__cmain                  0x800'326d         Code  Gb  cmain.o [5]
__cstart_call_dtors      0x800'3478         Data  Gb  cstart_call_dtors.o [5]
__cxa_atexit             0x800'2d29   0x36  Code  Gb  cppinit.o [2]
__dso_handle            0x2000'1014    0x4  Data  Gb  cppinit.o [2]
__exit                   0x800'32a5   0x14  Code  Gb  exit.o [6]
__iar_close_ttio         0x800'3195   0x2e  Code  Gb  iarttio.o [6]
__iar_copy_init3         0x800'31d1   0x2c  Code  Gb  copy_init3.o [5]
__iar_cstart_call_ctors
                         0x800'324d   0x20  Code  Gb  cmain_call_ctors.o [5]
__iar_data_init3         0x800'31fd   0x28  Code  Gb  data_init.o [5]
__iar_debug_exceptions   0x800'1f7a    0x1  Data  Gb  unwind_debug.o [6]
__iar_lookup_ttioh       0x800'31c5    0x4  Code  Gb  XShttio.o [2]
__iar_program_start      0x800'33ad         Code  Gb  cstartup_M.o [5]
__iar_tls$$INIT_ARRAY$$Base
                         0x800'3478          --   Gb  - Linker created -
__iar_tls$$INIT_ARRAY$$Limit
                         0x800'3478          --   Gb  - Linker created -
__iar_ttio_handles      0x2000'020c    0x8  Data  Lc  XShttio.o [2]
__iar_zero_init3         0x800'0d0b   0x3a  Code  Gb  zero_init3.o [5]
__low_level_init         0x800'328b    0x4  Code  Gb  low_level_init.o [2]
__sti__routine           0x800'0d51   0x14  Code  Lc  SPI_Base.o [1]
__vector_table           0x800'0000         Data  Gb  startup_stm32f103xb.o [1]
_call_main               0x800'3279         Code  Gb  cmain.o [5]
_exit                    0x800'3295         Code  Gb  cexit.o [5]
_main                    0x800'3287         Code  Gb  cmain.o [5]
exit                     0x800'328f    0x4  Code  Gb  exit.o [2]
i                       0x2000'1008    0x4  Data  Gb  Test.o [1]
j                       0x2000'100c    0x4  Data  Gb  Test.o [1]
main                     0x800'2ff1   0x10  Code  Gb  main.o [1]
next_abi_dtor_rec       0x2000'1010    0x4  Data  Lc  cppinit.o [2]
uwTick                  0x2000'1004    0x4  Data  Gb  stm32f1xx_hal.o [1]


[1] = C:\Amit_Chaudhary\STM32\Projects\IAR\IAR_Projects\Main\Main_Latest\IAR\Debug\Obj
[2] = dl7M_tln.a
[3] = dlpp7M_tl_nc.a
[4] = m7M_tl.a
[5] = rt7M_tl.a
[6] = shb_l.a

  12 521 bytes of readonly  code memory
     911 bytes of readonly  data memory
   6 063 bytes of readwrite data memory (+ 256 absolute)

Errors: none
Warnings: none
