###############################################################################
#
# IAR ELF Linker V8.30.1.114/W32 for ARM                  28/Oct/2018  19:19:28
# Copyright 2007-2018 IAR Systems AB.
#
#    Output file  =  
#        C:\Amit_Chaudhary\STM32\Projects\IAR\IAR_Projects\Main\Main_Latest -
#        DisplayBuffer - Correct Imheritance 25 OCT 2018\IAR\Debug\Exe\Main.out
#    Map file     =  
#        C:\Amit_Chaudhary\STM32\Projects\IAR\IAR_Projects\Main\Main_Latest -
#        DisplayBuffer - Correct Imheritance 25 OCT
#        2018\IAR\Debug\List\Main.map
#    Command line =  
#        -f C:\Users\achaudha\AppData\Local\Temp\EWB7EB.tmp
#        ("C:\Amit_Chaudhary\STM32\Projects\IAR\IAR_Projects\Main\Main_Latest -
#        DisplayBuffer - Correct Imheritance 25 OCT
#        2018\IAR\Debug\Obj\ControlScreen.o"
#        "C:\Amit_Chaudhary\STM32\Projects\IAR\IAR_Projects\Main\Main_Latest -
#        DisplayBuffer - Correct Imheritance 25 OCT
#        2018\IAR\Debug\Obj\DisplayBuffer.o"
#        "C:\Amit_Chaudhary\STM32\Projects\IAR\IAR_Projects\Main\Main_Latest -
#        DisplayBuffer - Correct Imheritance 25 OCT
#        2018\IAR\Debug\Obj\GpioInput.o"
#        "C:\Amit_Chaudhary\STM32\Projects\IAR\IAR_Projects\Main\Main_Latest -
#        DisplayBuffer - Correct Imheritance 25 OCT
#        2018\IAR\Debug\Obj\GpioOutput.o"
#        "C:\Amit_Chaudhary\STM32\Projects\IAR\IAR_Projects\Main\Main_Latest -
#        DisplayBuffer - Correct Imheritance 25 OCT
#        2018\IAR\Debug\Obj\HwButton.o"
#        "C:\Amit_Chaudhary\STM32\Projects\IAR\IAR_Projects\Main\Main_Latest -
#        DisplayBuffer - Correct Imheritance 25 OCT
#        2018\IAR\Debug\Obj\HwButtonIntr.o"
#        "C:\Amit_Chaudhary\STM32\Projects\IAR\IAR_Projects\Main\Main_Latest -
#        DisplayBuffer - Correct Imheritance 25 OCT
#        2018\IAR\Debug\Obj\I2C_Base.o"
#        "C:\Amit_Chaudhary\STM32\Projects\IAR\IAR_Projects\Main\Main_Latest -
#        DisplayBuffer - Correct Imheritance 25 OCT
#        2018\IAR\Debug\Obj\I2C_Master.o"
#        "C:\Amit_Chaudhary\STM32\Projects\IAR\IAR_Projects\Main\Main_Latest -
#        DisplayBuffer - Correct Imheritance 25 OCT
#        2018\IAR\Debug\Obj\I2C_Slave.o"
#        "C:\Amit_Chaudhary\STM32\Projects\IAR\IAR_Projects\Main\Main_Latest -
#        DisplayBuffer - Correct Imheritance 25 OCT
#        2018\IAR\Debug\Obj\INA219.o"
#        "C:\Amit_Chaudhary\STM32\Projects\IAR\IAR_Projects\Main\Main_Latest -
#        DisplayBuffer - Correct Imheritance 25 OCT
#        2018\IAR\Debug\Obj\Interrupt.o"
#        "C:\Amit_Chaudhary\STM32\Projects\IAR\IAR_Projects\Main\Main_Latest -
#        DisplayBuffer - Correct Imheritance 25 OCT 2018\IAR\Debug\Obj\main.o"
#        "C:\Amit_Chaudhary\STM32\Projects\IAR\IAR_Projects\Main\Main_Latest -
#        DisplayBuffer - Correct Imheritance 25 OCT
#        2018\IAR\Debug\Obj\Nokia5110LCD.o"
#        "C:\Amit_Chaudhary\STM32\Projects\IAR\IAR_Projects\Main\Main_Latest -
#        DisplayBuffer - Correct Imheritance 25 OCT
#        2018\IAR\Debug\Obj\Peripheral.o"
#        "C:\Amit_Chaudhary\STM32\Projects\IAR\IAR_Projects\Main\Main_Latest -
#        DisplayBuffer - Correct Imheritance 25 OCT
#        2018\IAR\Debug\Obj\printf.o"
#        "C:\Amit_Chaudhary\STM32\Projects\IAR\IAR_Projects\Main\Main_Latest -
#        DisplayBuffer - Correct Imheritance 25 OCT
#        2018\IAR\Debug\Obj\RTC_Module.o"
#        "C:\Amit_Chaudhary\STM32\Projects\IAR\IAR_Projects\Main\Main_Latest -
#        DisplayBuffer - Correct Imheritance 25 OCT
#        2018\IAR\Debug\Obj\Screen.o"
#        "C:\Amit_Chaudhary\STM32\Projects\IAR\IAR_Projects\Main\Main_Latest -
#        DisplayBuffer - Correct Imheritance 25 OCT
#        2018\IAR\Debug\Obj\SPI_Base.o"
#        "C:\Amit_Chaudhary\STM32\Projects\IAR\IAR_Projects\Main\Main_Latest -
#        DisplayBuffer - Correct Imheritance 25 OCT
#        2018\IAR\Debug\Obj\SPI_DMA.o"
#        "C:\Amit_Chaudhary\STM32\Projects\IAR\IAR_Projects\Main\Main_Latest -
#        DisplayBuffer - Correct Imheritance 25 OCT
#        2018\IAR\Debug\Obj\SPI_IT.o"
#        "C:\Amit_Chaudhary\STM32\Projects\IAR\IAR_Projects\Main\Main_Latest -
#        DisplayBuffer - Correct Imheritance 25 OCT
#        2018\IAR\Debug\Obj\SPI_Poll.o"
#        "C:\Amit_Chaudhary\STM32\Projects\IAR\IAR_Projects\Main\Main_Latest -
#        DisplayBuffer - Correct Imheritance 25 OCT
#        2018\IAR\Debug\Obj\startup_stm32f103xb.o"
#        "C:\Amit_Chaudhary\STM32\Projects\IAR\IAR_Projects\Main\Main_Latest -
#        DisplayBuffer - Correct Imheritance 25 OCT
#        2018\IAR\Debug\Obj\stm32f1xx_hal.o"
#        "C:\Amit_Chaudhary\STM32\Projects\IAR\IAR_Projects\Main\Main_Latest -
#        DisplayBuffer - Correct Imheritance 25 OCT
#        2018\IAR\Debug\Obj\stm32f1xx_hal_cortex.o"
#        "C:\Amit_Chaudhary\STM32\Projects\IAR\IAR_Projects\Main\Main_Latest -
#        DisplayBuffer - Correct Imheritance 25 OCT
#        2018\IAR\Debug\Obj\stm32f1xx_hal_dma.o"
#        "C:\Amit_Chaudhary\STM32\Projects\IAR\IAR_Projects\Main\Main_Latest -
#        DisplayBuffer - Correct Imheritance 25 OCT
#        2018\IAR\Debug\Obj\stm32f1xx_hal_gpio.o"
#        "C:\Amit_Chaudhary\STM32\Projects\IAR\IAR_Projects\Main\Main_Latest -
#        DisplayBuffer - Correct Imheritance 25 OCT
#        2018\IAR\Debug\Obj\stm32f1xx_hal_gpio_ex.o"
#        "C:\Amit_Chaudhary\STM32\Projects\IAR\IAR_Projects\Main\Main_Latest -
#        DisplayBuffer - Correct Imheritance 25 OCT
#        2018\IAR\Debug\Obj\stm32f1xx_hal_i2c.o"
#        "C:\Amit_Chaudhary\STM32\Projects\IAR\IAR_Projects\Main\Main_Latest -
#        DisplayBuffer - Correct Imheritance 25 OCT
#        2018\IAR\Debug\Obj\stm32f1xx_hal_pwr.o"
#        "C:\Amit_Chaudhary\STM32\Projects\IAR\IAR_Projects\Main\Main_Latest -
#        DisplayBuffer - Correct Imheritance 25 OCT
#        2018\IAR\Debug\Obj\stm32f1xx_hal_rcc.o"
#        "C:\Amit_Chaudhary\STM32\Projects\IAR\IAR_Projects\Main\Main_Latest -
#        DisplayBuffer - Correct Imheritance 25 OCT
#        2018\IAR\Debug\Obj\stm32f1xx_hal_rcc_ex.o"
#        "C:\Amit_Chaudhary\STM32\Projects\IAR\IAR_Projects\Main\Main_Latest -
#        DisplayBuffer - Correct Imheritance 25 OCT
#        2018\IAR\Debug\Obj\stm32f1xx_hal_rtc.o"
#        "C:\Amit_Chaudhary\STM32\Projects\IAR\IAR_Projects\Main\Main_Latest -
#        DisplayBuffer - Correct Imheritance 25 OCT
#        2018\IAR\Debug\Obj\stm32f1xx_hal_spi.o"
#        "C:\Amit_Chaudhary\STM32\Projects\IAR\IAR_Projects\Main\Main_Latest -
#        DisplayBuffer - Correct Imheritance 25 OCT
#        2018\IAR\Debug\Obj\stm32f1xx_it.o"
#        "C:\Amit_Chaudhary\STM32\Projects\IAR\IAR_Projects\Main\Main_Latest -
#        DisplayBuffer - Correct Imheritance 25 OCT
#        2018\IAR\Debug\Obj\stm32f1xx_ll_exti.o"
#        "C:\Amit_Chaudhary\STM32\Projects\IAR\IAR_Projects\Main\Main_Latest -
#        DisplayBuffer - Correct Imheritance 25 OCT
#        2018\IAR\Debug\Obj\system_stm32f1xx.o"
#        "C:\Amit_Chaudhary\STM32\Projects\IAR\IAR_Projects\Main\Main_Latest -
#        DisplayBuffer - Correct Imheritance 25 OCT 2018\IAR\Debug\Obj\Test.o"
#        "C:\Amit_Chaudhary\STM32\Projects\IAR\IAR_Projects\Main\Main_Latest -
#        DisplayBuffer - Correct Imheritance 25 OCT 2018\IAR\Debug\Obj\UI.o"
#        "C:\Amit_Chaudhary\STM32\Projects\IAR\IAR_Projects\Main\Main_Latest -
#        DisplayBuffer - Correct Imheritance 25 OCT 2018\IAR\Debug\Obj\Utils.o"
#        --no_out_extension -o
#        "C:\Amit_Chaudhary\STM32\Projects\IAR\IAR_Projects\Main\Main_Latest -
#        DisplayBuffer - Correct Imheritance 25 OCT
#        2018\IAR\Debug\Exe\Main.out" --redirect _Printf=_PrintfFullNoMb
#        --redirect _Scanf=_ScanfFullNoMb --map
#        "C:\Amit_Chaudhary\STM32\Projects\IAR\IAR_Projects\Main\Main_Latest -
#        DisplayBuffer - Correct Imheritance 25 OCT
#        2018\IAR\Debug\List\Main.map" --config
#        C:\Amit_Chaudhary\STM32\Projects\IAR\IAR_Projects\CPP_Drivers\Gpio\System\stm32f103x8.icf
#        --semihosting --entry __iar_program_start --vfe --text_out locale)
#
###############################################################################

*******************************************************************************
*** RUNTIME MODEL ATTRIBUTES
***

CppFlavor                     = *
__CPP_Exceptions              = Disabled
__CPP_Language                = C++14
__Heap_Handler                = Basic
__SystemLibrary               = DLib
__dlib_dynamic_initialization = normal
__dlib_version                = 6


*******************************************************************************
*** HEAP SELECTION
***

The basic heap was selected because some modules are built with
size limitations (and not runtime checking), and --advanced_heap
was not specified.


*******************************************************************************
*** PLACEMENT SUMMARY
***

"A0":  place at 0x800'0000 { ro section .intvec };
"P1":  place in [from 0x800'0000 to 0x800'ffff] { ro };
define block CSTACK with size = 2K, alignment = 8 { };
define block HEAP with size = 2K, alignment = 8 { };
"P2":  place in [from 0x2000'0000 to 0x2000'4fff] {
          rw, block CSTACK, block HEAP };
initialize by copy { rw };

  Section                Kind         Address    Size  Object
  -------                ----         -------    ----  ------
"A0":                                            0xec
  .intvec                ro code   0x800'0000    0xec  startup_stm32f103xb.o [1]
                                 - 0x800'00ec    0xec

"P1":                                          0x46bc
  .text                  ro code   0x800'00ec   0x89a  stm32f1xx_hal_spi.o [1]
  .text                  ro code   0x800'0986     0x2  stm32f1xx_hal_spi.o [1]
  .text                  ro code   0x800'0988   0x380  stm32f1xx_hal_dma.o [1]
  .text                  ro code   0x800'0d08     0x2  stm32f1xx_hal_spi.o [1]
  .text                  ro code   0x800'0d0a    0x3a  zero_init3.o [5]
  .text                  ro code   0x800'0d44     0xc  stm32f1xx_hal.o [1]
  .text                  ro code   0x800'0d50   0x5a4  SPI_Base.o [1]
  .text                  ro code   0x800'12f4     0x6  stm32f1xx_hal_spi.o [1]
  .text                  ro code   0x800'12fa    0x14  SPI_Base.o [1]
  .text                  ro code   0x800'130e     0xe  SPI_Base.o [1]
  .text                  ro code   0x800'131c   0x298  stm32f1xx_hal_gpio.o [1]
  .text                  ro code   0x800'15b4    0x10  Test.o [1]
  .text                  ro code   0x800'15c4    0x16  SPI_DMA.o [1]
  .text                  ro code   0x800'15da    0x40  SPI_DMA.o [1]
  .text                  ro code   0x800'161a    0x12  SPI_DMA.o [1]
  .text                  ro code   0x800'162c    0x36  SPI_DMA.o [1]
  .rodata                const     0x800'1662     0x2  stm32f1xx_hal_rcc.o [1]
  .text                  ro code   0x800'1664   0x658  GpioInput.o [1]
  .text                  ro code   0x800'1cbc     0xc  SPI_Poll.o [1]
  .text                  ro code   0x800'1cc8    0x8c  Interrupt.o [1]
  .text                  ro code   0x800'1d54     0xc  SPI_Poll.o [1]
  .text                  ro code   0x800'1d60   0x14a  stm32f1xx_hal_cortex.o [1]
  .rodata                const     0x800'1eaa     0x1  unwind_debug.o [6]
  .text                  ro code   0x800'1eac   0x64c  SPI_DMA.o [1]
  .text                  ro code   0x800'24f8     0xc  SPI_Poll.o [1]
  .text                  ro code   0x800'2504    0x10  SPI_Poll.o [1]
  .text                  ro code   0x800'2514    0x3e  SPI_IT.o [1]
  .text                  ro code   0x800'2552    0x34  SPI_IT.o [1]
  .text                  ro code   0x800'2586     0xe  SPI_Poll.o [1]
  .text                  ro code   0x800'2594    0x22  SPI_IT.o [1]
  .text                  ro code   0x800'25b6    0x1e  SPI_IT.o [1]
  .text                  ro code   0x800'25d4   0x608  stm32f1xx_hal_rcc.o [1]
  .text                  ro code   0x800'2bdc    0x3c  stm32f1xx_hal.o [1]
  .text                  ro code   0x800'2c18    0x86  ABImemcpy.o [5]
  .text                  ro code   0x800'2ca0   0x2fc  HwButton.o [1]
  .text                  ro code   0x800'2f9c     0xa  HwButton.o [1]
  .text                  ro code   0x800'2fa6     0xc  HwButton.o [1]
  .text                  ro code   0x800'2fb2     0xe  HwButton.o [1]
  .text                  ro code   0x800'2fc0     0xc  HwButton.o [1]
  .text                  ro code   0x800'2fcc   0x278  Nokia5110LCD.o [1]
  .text                  ro code   0x800'3244     0x4  Nokia5110LCD.o [1]
  .text                  ro code   0x800'3248    0x1e  stm32f1xx_hal.o [1]
  .rodata                const     0x800'3268   0x240  DisplayBuffer.o [1]
  .rodata                const     0x800'34a8   0x240  Nokia5110LCD.o [1]
  .text                  ro code   0x800'36e8   0x23c  Test.o [1]
  .text                  ro code   0x800'3924   0x13c  GpioOutput.o [1]
  .text                  ro code   0x800'3a60     0xa  cxxabi.o [3]
  .text                  ro code   0x800'3a6c   0x144  UI.o [1]
  .text                  ro code   0x800'3bb0    0xc6  Screen.o [1]
  .text                  ro code   0x800'3c78   0x190  ControlScreen.o [1]
  .text                  ro code   0x800'3e08     0xc  Test.o [1]
  .text                  ro code   0x800'3e14     0xc  Test.o [1]
  .text                  ro code   0x800'3e20    0xa0  cppinit.o [2]
  .text                  ro code   0x800'3ec0     0x2  UI.o [1]
  .text                  ro code   0x800'3ec2     0xc  Screen.o [1]
  .text                  ro code   0x800'3ed0   0x19a  DisplayBuffer.o [1]
  .text                  ro code   0x800'406a    0x14  Screen.o [1]
  .text                  ro code   0x800'4080   0x12c  stm32f1xx_hal_rcc_ex.o [1]
  .text                  ro code   0x800'41ac    0xba  main.o [1]
  .text                  ro code   0x800'4268    0x2a  stm32f1xx_hal.o [1]
  .rodata                const     0x800'4294    0x88  main.o [1]
  .rodata                const     0x800'431c    0x58  Test.o [1]
  .rodata                const     0x800'4374    0x58  Test.o [1]
  .text                  ro code   0x800'43cc    0x58  system_stm32f1xx.o [1]
  .rodata                const     0x800'4424    0x38  SPI_DMA.o [1]
  .text                  ro code   0x800'445c    0x30  iarttio.o [6]
  .text                  ro code   0x800'448c     0xc  XShttio.o [2]
  .text                  ro code   0x800'4498    0x2c  copy_init3.o [5]
  .text                  ro code   0x800'44c4    0x28  data_init.o [5]
  .iar.init_table        const     0x800'44ec    0x28  - Linker created -
  .text                  ro code   0x800'4514    0x20  cmain_call_ctors.o [5]
  .text                  ro code   0x800'4534    0x1e  cmain.o [5]
  .text                  ro code   0x800'4552     0x4  low_level_init.o [2]
  .text                  ro code   0x800'4556     0x4  exit.o [2]
  .text                  ro code   0x800'455c     0xe  cexit.o [5]
  .text                  ro code   0x800'456c    0x14  exit.o [6]
  .rodata                const     0x800'4580    0x1c  GpioInput.o [1]
  .rodata                const     0x800'459c    0x1c  GpioOutput.o [1]
  .rodata                const     0x800'45b8    0x1c  HwButton.o [1]
  .rodata                const     0x800'45d4    0x1c  SPI_Poll.o [1]
  .text                  ro code   0x800'45f0    0x1c  stm32f1xx_it.o [1]
  .text                  ro code   0x800'460c    0x10  stm32f1xx_hal.o [1]
  .text                  ro code   0x800'461c    0x18  Test.o [1]
  .text                  ro code   0x800'4634    0x14  Test.o [1]
  Initializer bytes      const     0x800'4648    0x18  <for P2-1>
  .rodata                const     0x800'4660    0x14  ControlScreen.o [1]
  .rodata                const     0x800'4674    0x14  Screen.o [1]
  .rodata                const     0x800'4688    0x10  ControlScreen.o [1]
  .rodata                const     0x800'4698    0x10  Nokia5110LCD.o [1]
  .rodata                const     0x800'46a8    0x10  stm32f1xx_hal_rcc.o [1]
  .rodata                const     0x800'46b8    0x10  system_stm32f1xx.o [1]
  .rodata                const     0x800'46c8    0x10  UI.o [1]
  .text                  ro code   0x800'46d8    0x10  startup_stm32f103xb.o [1]
  .text                  ro code   0x800'46e8     0xc  cstartup_M.o [5]
  SHT$$PREINIT_ARRAY               0x800'46f4     0x0  <Block>
  SHT$$INIT_ARRAY                  0x800'46f4     0x8  <Block>
    .init_array          const     0x800'46f4     0x4  SPI_Base.o [1]
    .init_array          const     0x800'46f8     0x4  Test.o [1]
  __iar_tls$$INIT_ARRAY            0x800'46fc     0x0  <Block>
  .text                  ro code   0x800'46fc     0x4  startup_stm32f103xb.o [1]
  .text                  ro code   0x800'4700     0x4  startup_stm32f103xb.o [1]
  .text                  ro code   0x800'4704     0x4  startup_stm32f103xb.o [1]
  .text                  ro code   0x800'4708     0x4  startup_stm32f103xb.o [1]
  .text                  ro code   0x800'470c     0x4  startup_stm32f103xb.o [1]
  .text                  ro code   0x800'4710     0x4  startup_stm32f103xb.o [1]
  .text                  ro code   0x800'4714     0x4  startup_stm32f103xb.o [1]
  .text                  ro code   0x800'4718     0x4  startup_stm32f103xb.o [1]
  .text                  ro code   0x800'471c     0x4  startup_stm32f103xb.o [1]
  .text                  ro code   0x800'4720     0x4  startup_stm32f103xb.o [1]
  .text                  ro code   0x800'4724     0x4  startup_stm32f103xb.o [1]
  .text                  ro code   0x800'4728     0x4  startup_stm32f103xb.o [1]
  .text                  ro code   0x800'472c     0x4  startup_stm32f103xb.o [1]
  .text                  ro code   0x800'4730     0x4  startup_stm32f103xb.o [1]
  .text                  ro code   0x800'4734     0x4  startup_stm32f103xb.o [1]
  .text                  ro code   0x800'4738     0x4  startup_stm32f103xb.o [1]
  .text                  ro code   0x800'473c     0x4  startup_stm32f103xb.o [1]
  .text                  ro code   0x800'4740     0x4  startup_stm32f103xb.o [1]
  .text                  ro code   0x800'4744     0x4  startup_stm32f103xb.o [1]
  .text                  ro code   0x800'4748     0x4  startup_stm32f103xb.o [1]
  .text                  ro code   0x800'474c     0x4  startup_stm32f103xb.o [1]
  .text                  ro code   0x800'4750     0x4  startup_stm32f103xb.o [1]
  .text                  ro code   0x800'4754     0x4  startup_stm32f103xb.o [1]
  .text                  ro code   0x800'4758     0x4  startup_stm32f103xb.o [1]
  .text                  ro code   0x800'475c     0x4  startup_stm32f103xb.o [1]
  .text                  ro code   0x800'4760     0x4  startup_stm32f103xb.o [1]
  .text                  ro code   0x800'4764     0x4  startup_stm32f103xb.o [1]
  .text                  ro code   0x800'4768     0x4  startup_stm32f103xb.o [1]
  .text                  ro code   0x800'476c     0x4  startup_stm32f103xb.o [1]
  .text                  ro code   0x800'4770     0x4  startup_stm32f103xb.o [1]
  .text                  ro code   0x800'4774     0x4  startup_stm32f103xb.o [1]
  .text                  ro code   0x800'4778     0x4  startup_stm32f103xb.o [1]
  .text                  ro code   0x800'477c     0x4  startup_stm32f103xb.o [1]
  .text                  ro code   0x800'4780     0x4  startup_stm32f103xb.o [1]
  .text                  ro code   0x800'4784     0x4  startup_stm32f103xb.o [1]
  .text                  ro code   0x800'4788     0x4  startup_stm32f103xb.o [1]
  .text                  ro code   0x800'478c     0x4  startup_stm32f103xb.o [1]
  .text                  ro code   0x800'4790     0x4  startup_stm32f103xb.o [1]
  .text                  ro code   0x800'4794     0x4  startup_stm32f103xb.o [1]
  .text                  ro code   0x800'4798     0x4  startup_stm32f103xb.o [1]
  .text                  ro code   0x800'479c     0x4  startup_stm32f103xb.o [1]
  .text                  ro code   0x800'47a0     0x4  startup_stm32f103xb.o [1]
  .text                  ro code   0x800'47a4     0x4  startup_stm32f103xb.o [1]
  .text                  ro code   0x800'47a8     0x0  cstart_call_dtors.o [5]
  .rodata                const     0x800'47a8     0x0  zero_init3.o [5]
  .rodata                const     0x800'47a8     0x0  copy_init3.o [5]
                                 - 0x800'47a8  0x46bc

Absolute sections:                              0x100
  .noinit                uninit   0x2000'0100   0x100  Interrupt.o [1]
                                - 0x2000'0200   0x100

"P2", part 1 of 3:                               0x18
  P2-1                            0x2000'0200    0x15  <Init block>
    .data                inited   0x2000'0200     0x4  SPI_Base.o [1]
    .data                inited   0x2000'0204     0x4  SPI_Base.o [1]
    .data                inited   0x2000'0208     0x4  system_stm32f1xx.o [1]
    .data                inited   0x2000'020c     0x8  XShttio.o [2]
    .data                inited   0x2000'0214     0x1  Test.o [1]
                                - 0x2000'0215    0x15

"P2", part 2 of 3:                              0xac4
  .bss                   zero     0x2000'0218   0x32c  SPI_Base.o [1]
  .bss                   zero     0x2000'0544   0x23c  Test.o [1]
  .bss                   zero     0x2000'0780   0x208  Test.o [1]
  .bss                   zero     0x2000'0988    0x58  SPI_Base.o [1]
  .bss                   zero     0x2000'09e0    0x44  SPI_Base.o [1]
  .bss                   zero     0x2000'0a24    0x44  SPI_Base.o [1]
  .bss                   zero     0x2000'0a68    0x44  SPI_Base.o [1]
  .bss                   zero     0x2000'0aac    0x44  SPI_Base.o [1]
  .bss                   zero     0x2000'0af0    0x40  GpioInput.o [1]
  .bss                   zero     0x2000'0b30    0x40  Test.o [1]
  .bss                   zero     0x2000'0b70    0x34  SPI_Base.o [1]
  .bss                   zero     0x2000'0ba4    0x34  Test.o [1]
  .bss                   zero     0x2000'0bd8    0x2c  Test.o [1]
  .bss                   zero     0x2000'0c04     0xc  Test.o [1]
  .bss                   zero     0x2000'0c10     0xc  Test.o [1]
  .bss                   zero     0x2000'0c1c     0xc  Test.o [1]
  .bss                   zero     0x2000'0c28     0xc  Test.o [1]
  .bss                   zero     0x2000'0c34     0xc  Test.o [1]
  .bss                   zero     0x2000'0c40     0xc  Test.o [1]
  .bss                   zero     0x2000'0c4c     0x4  HwButton.o [1]
  .bss                   zero     0x2000'0c50     0x4  HwButton.o [1]
  .bss                   zero     0x2000'0c54     0x4  HwButton.o [1]
  .bss                   zero     0x2000'0c58     0x4  SPI_Base.o [1]
  .bss                   zero     0x2000'0c5c     0x4  SPI_Base.o [1]
  .bss                   zero     0x2000'0c60     0x4  SPI_Base.o [1]
  .bss                   zero     0x2000'0c64     0x4  SPI_Base.o [1]
  .bss                   zero     0x2000'0c68     0x4  SPI_Base.o [1]
  .bss                   zero     0x2000'0c6c     0x4  SPI_Base.o [1]
  .bss                   zero     0x2000'0c70     0x4  SPI_Base.o [1]
  .bss                   zero     0x2000'0c74     0x4  SPI_Base.o [1]
  .bss                   zero     0x2000'0c78     0x4  SPI_Base.o [1]
  .bss                   zero     0x2000'0c7c     0x4  SPI_Base.o [1]
  .bss                   zero     0x2000'0c80     0x4  SPI_Base.o [1]
  .bss                   zero     0x2000'0c84     0x4  SPI_Base.o [1]
  .bss                   zero     0x2000'0c88     0x4  SPI_Base.o [1]
  .bss                   zero     0x2000'0c8c     0x4  SPI_Base.o [1]
  .bss                   zero     0x2000'0c90     0x4  SPI_Base.o [1]
  .bss                   zero     0x2000'0c94     0x4  SPI_Base.o [1]
  .bss                   zero     0x2000'0c98     0x4  SPI_Base.o [1]
  .bss                   zero     0x2000'0c9c     0x4  SPI_Base.o [1]
  .bss                   zero     0x2000'0ca0     0x4  SPI_Base.o [1]
  .bss                   zero     0x2000'0ca4     0x4  SPI_Base.o [1]
  .bss                   zero     0x2000'0ca8     0x4  SPI_Base.o [1]
  .bss                   zero     0x2000'0cac     0x4  SPI_Base.o [1]
  .bss                   zero     0x2000'0cb0     0x4  SPI_Base.o [1]
  .bss                   zero     0x2000'0cb4     0x4  SPI_Base.o [1]
  .bss                   zero     0x2000'0cb8     0x4  SPI_Base.o [1]
  .bss                   zero     0x2000'0cbc     0x4  SPI_Base.o [1]
  .bss                   zero     0x2000'0cc0     0x4  stm32f1xx_hal.o [1]
  .bss                   zero     0x2000'0cc4     0x4  cppinit.o [2]
  .bss                   zero     0x2000'0cc8     0x4  cppinit.o [2]
  .bss                   zero     0x2000'0ccc     0x1  Test.o [1]
  .bss                   zero     0x2000'0ccd     0x1  Test.o [1]
  .bss                   zero     0x2000'0cce     0x1  Test.o [1]
  .bss                   zero     0x2000'0ccf     0x1  Test.o [1]
  .bss                   zero     0x2000'0cd0     0x1  Test.o [1]
  .bss                   zero     0x2000'0cd1     0x1  Test.o [1]
  .bss                   zero     0x2000'0cd2     0x1  Test.o [1]
  .bss                   zero     0x2000'0cd3     0x1  Test.o [1]
  .bss                   zero     0x2000'0cd4     0x1  Test.o [1]
  .bss                   zero     0x2000'0cd5     0x1  Test.o [1]
  .bss                   zero     0x2000'0cd6     0x1  UI.o [1]
  .bss                   zero     0x2000'0cd7     0x1  UI.o [1]
  .bss                   zero     0x2000'0cd8     0x1  UI.o [1]
                                - 0x2000'0cd9   0xac1

"P2", part 3 of 3:                              0x9a4
  .iar.dynexit                    0x2000'0cdc   0x1a4  <Block>
    .iar.dynexit         uninit   0x2000'0cdc     0xc  cppinit.o [2]
    .iar.dynexit         uninit   0x2000'0ce8   0x198  <Block tail>
  CSTACK                          0x2000'0e80   0x800  <Block>
    CSTACK               uninit   0x2000'0e80   0x800  <Block tail>
                                - 0x2000'1680   0x9a4

Unused ranges:

         From           To    Size
         ----           --    ----
   0x800'47a8   0x800'ffff  0xb858
  0x2000'0000  0x2000'00ff   0x100
  0x2000'1680  0x2000'4fff  0x3980


*******************************************************************************
*** INIT TABLE
***

          Address      Size
          -------      ----
Zero (__iar_zero_init3)
    1 destination range, total size 0xac1:
          0x2000'0218  0xac1

Copy (__iar_copy_init3)
    1 source range, total size 0x18 (114% of destination):
           0x800'4648   0x18
    1 destination range, total size 0x15:
          0x2000'0200   0x15

Extra (__iar_cstart_call_ctors)



*******************************************************************************
*** MODULE SUMMARY
***

    Module                  ro code  ro data  rw data  rw data
                                                        (abs)
    ------                  -------  -------  -------  -------
command line/config:
    ----------------------------------------------------------
    Total:

C:\Amit_Chaudhary\STM32\Projects\IAR\IAR_Projects\Main\Main_Latest - DisplayBuffer - Correct Imheritance 25 OCT 2018\IAR\Debug\Obj: [1]
    ControlScreen.o             400       36
    DisplayBuffer.o             410      576
    GpioInput.o               1 624       28       64
    GpioOutput.o                316       28
    HwButton.o                  812       28       12
    Interrupt.o                 140                        256
    Nokia5110LCD.o              636      592
    SPI_Base.o                1 478       12    1 336
    SPI_DMA.o                 1 770       56
    SPI_IT.o                    178
    SPI_Poll.o                   66       28
    Screen.o                    230       20
    Test.o                      656      181    1 335
    UI.o                        326       16        3
    main.o                      186      136
    startup_stm32f103xb.o       424
    stm32f1xx_hal.o             160                 4
    stm32f1xx_hal_cortex.o      330
    stm32f1xx_hal_dma.o         896
    stm32f1xx_hal_gpio.o        664
    stm32f1xx_hal_rcc.o       1 544       18
    stm32f1xx_hal_rcc_ex.o      300
    stm32f1xx_hal_spi.o       2 212
    stm32f1xx_it.o               28
    system_stm32f1xx.o           88       20        4
    ----------------------------------------------------------
    Total:                   15 874    1 775    2 758      256

dl7M_tln.a: [2]
    XShttio.o                    12        8        8
    cppinit.o                   160                20
    exit.o                        4
    low_level_init.o              4
    ----------------------------------------------------------
    Total:                      180        8       28

dlpp7M_tl_nc.a: [3]
    cxxabi.o                     10
    ----------------------------------------------------------
    Total:                       10

m7M_tl.a: [4]
    ----------------------------------------------------------
    Total:

rt7M_tl.a: [5]
    ABImemcpy.o                 134
    cexit.o                      14
    cmain.o                      30
    cmain_call_ctors.o           32
    copy_init3.o                 44
    cstart_call_dtors.o
    cstartup_M.o                 12
    data_init.o                  40
    zero_init3.o                 58
    ----------------------------------------------------------
    Total:                      364

shb_l.a: [6]
    exit.o                       20
    iarttio.o                    48
    unwind_debug.o                         1
    ----------------------------------------------------------
    Total:                       68        1

    Gaps                         17        4
    Linker created                        43    2 456
--------------------------------------------------------------
    Grand Total:             16 513    1 831    5 242      256


*******************************************************************************
*** ENTRY LIST
***

Entry                       Address   Size  Type      Object
-----                       -------   ----  ----      ------
.iar.dynexit$$Base      0x2000'0cdc          --   Gb  - Linker created -
.iar.dynexit$$Limit     0x2000'0e80          --   Gb  - Linker created -
.iar.init_table$$Base    0x800'44ec          --   Gb  - Linker created -
.iar.init_table$$Limit   0x800'4514          --   Gb  - Linker created -
?main                    0x800'4535         Code  Gb  cmain.o [5]
AHBPrescTable            0x800'46b8   0x10  Data  Gb  system_stm32f1xx.o [1]
BusFault_Handler         0x800'45f7    0x2  Code  Gb  stm32f1xx_it.o [1]
CSTACK$$Base            0x2000'0e80          --   Gb  - Linker created -
CSTACK$$Limit           0x2000'1680          --   Gb  - Linker created -
ClickEvent()             0x800'3885    0x8  Code  Gb  Test.o [1]
DebugMon_Handler         0x800'45fd    0x2  Code  Gb  stm32f1xx_it.o [1]
DtorRecArray            0x2000'0cdc    0xc  Data  Lc  cppinit.o [2]
HAL_DMA_Abort_IT         0x800'0a9b   0xb4  Code  Gb  stm32f1xx_hal_dma.o [1]
HAL_DMA_IRQHandler       0x800'0b4f  0x16a  Code  Gb  stm32f1xx_hal_dma.o [1]
HAL_DMA_Init             0x800'0989   0x7a  Code  Gb  stm32f1xx_hal_dma.o [1]
HAL_DMA_Start_IT         0x800'0a03   0x98  Code  Gb  stm32f1xx_hal_dma.o [1]
HAL_Delay                0x800'3249   0x1e  Code  Wk  stm32f1xx_hal.o [1]
HAL_GPIO_Init            0x800'131d  0x226  Code  Gb  stm32f1xx_hal_gpio.o [1]
HAL_GPIO_ReadPin         0x800'1543   0x16  Code  Gb  stm32f1xx_hal_gpio.o [1]
HAL_GPIO_WritePin        0x800'1559   0x1a  Code  Gb  stm32f1xx_hal_gpio.o [1]
HAL_GetTick              0x800'0d45    0xc  Code  Wk  stm32f1xx_hal.o [1]
HAL_IncTick              0x800'460d   0x10  Code  Wk  stm32f1xx_hal.o [1]
HAL_Init                 0x800'4269   0x24  Code  Gb  stm32f1xx_hal.o [1]
HAL_InitTick             0x800'2bdd   0x3c  Code  Wk  stm32f1xx_hal.o [1]
HAL_NVIC_SetPriority     0x800'1e31   0x2a  Code  Gb  stm32f1xx_hal_cortex.o [1]
HAL_NVIC_SetPriorityGrouping
                         0x800'1e25    0xc  Code  Gb  stm32f1xx_hal_cortex.o [1]
HAL_RCCEx_PeriphCLKConfig
                         0x800'4081  0x118  Code  Gb  stm32f1xx_hal_rcc_ex.o [1]
HAL_RCC_ClockConfig      0x800'2995  0x16c  Code  Gb  stm32f1xx_hal_rcc.o [1]
HAL_RCC_GetHCLKFreq      0x800'2b6f    0x6  Code  Gb  stm32f1xx_hal_rcc.o [1]
HAL_RCC_GetSysClockFreq
                         0x800'2b01   0x6e  Code  Gb  stm32f1xx_hal_rcc.o [1]
HAL_RCC_OscConfig        0x800'25d5  0x3c0  Code  Gb  stm32f1xx_hal_rcc.o [1]
HAL_SPI_DeInit           0x800'0187   0x38  Code  Gb  stm32f1xx_hal_spi.o [1]
HAL_SPI_IRQHandler       0x800'0537   0xf8  Code  Gb  stm32f1xx_hal_spi.o [1]
HAL_SPI_Init             0x800'00ed   0x9a  Code  Gb  stm32f1xx_hal_spi.o [1]
HAL_SPI_Receive_DMA      0x800'02bb  0x11c  Code  Gb  stm32f1xx_hal_spi.o [1]
HAL_SPI_RxCpltCallback   0x800'113b   0x54  Code  Gb  SPI_Base.o [1]
HAL_SPI_RxHalfCpltCallback
                         0x800'1213   0x30  Code  Gb  SPI_Base.o [1]
HAL_SPI_TransmitReceive_DMA
                         0x800'03d7  0x160  Code  Gb  stm32f1xx_hal_spi.o [1]
HAL_SPI_Transmit_DMA     0x800'01bf   0xfc  Code  Gb  stm32f1xx_hal_spi.o [1]
HAL_SPI_TxCpltCallback   0x800'1055   0xe6  Code  Gb  SPI_Base.o [1]
HAL_SPI_TxHalfCpltCallback
                         0x800'11e3   0x30  Code  Gb  SPI_Base.o [1]
HAL_SPI_TxRxCpltCallback
                         0x800'118f   0x54  Code  Gb  SPI_Base.o [1]
HAL_SPI_TxRxHalfCpltCallback
                         0x800'1243   0x30  Code  Gb  SPI_Base.o [1]
HAL_SYSTICK_CLKSourceConfig
                         0x800'1e67   0x1c  Code  Gb  stm32f1xx_hal_cortex.o [1]
HAL_SYSTICK_Config       0x800'1e5b    0xc  Code  Gb  stm32f1xx_hal_cortex.o [1]
HAL_SYSTICK_IRQHandler   0x800'1ea1    0x8  Code  Gb  stm32f1xx_hal_cortex.o [1]
HardFault_Handler        0x800'45f3    0x2  Code  Gb  stm32f1xx_it.o [1]
LED                     0x2000'0c04    0xc  Data  Gb  Test.o [1]
LongLongPressEvent()     0x800'3895    0x8  Code  Gb  Test.o [1]
LongPressEvent()         0x800'388d    0x8  Code  Gb  Test.o [1]
MemManage_Handler        0x800'45f5    0x2  Code  Gb  stm32f1xx_it.o [1]
NMI_Handler              0x800'45f1    0x2  Code  Gb  stm32f1xx_it.o [1]
PendSV_Handler           0x800'45ff    0x2  Code  Gb  stm32f1xx_it.o [1]
Peripherals::ControlScreen::AddHandler(unsigned char, void (*)(), void (*)())
                         0x800'3d11   0x1e  Code  Gb  ControlScreen.o [1]
Peripherals::ControlScreen::ControlScreen(char *)
                         0x800'3c79   0x5c  Code  Gb  ControlScreen.o [1]
Peripherals::ControlScreen::EventHandler(Peripherals::Screen::Event_t)
                         0x800'3d2f   0x68  Code  Gb  ControlScreen.o [1]
Peripherals::ControlScreen::MovePointer(Peripherals::ControlScreen::Direction_t)
                         0x800'3d97   0x72  Code  Gb  ControlScreen.o [1]
Peripherals::ControlScreen::~ControlScreen()
                         0x800'3cd5   0x2c  Code  Gb  ControlScreen.o [1]
Peripherals::DisplayBuffer::DisplayBuffer(char *)
                         0x800'406b   0x14  Code  Gb  Screen.o [1]
Peripherals::DisplayBuffer::DisplayBuffer(char *) [subobject]
                         0x800'3ec3    0xc  Code  Gb  Screen.o [1]
Peripherals::DisplayBuffer::DrawBuffer(char const *, unsigned char)
                         0x800'3fd9   0x50  Code  Gb  DisplayBuffer.o [1]
Peripherals::DisplayBuffer::DrawChar(unsigned char, unsigned char, char, unsigned char)
                         0x800'3ed1   0xc0  Code  Gb  DisplayBuffer.o [1]
Peripherals::DisplayBuffer::DrawStr(unsigned char, unsigned char, char const *, unsigned char)
                         0x800'3f95   0x44  Code  Gb  DisplayBuffer.o [1]
Peripherals::DisplayBuffer::GetBuffer()
                         0x800'3ec1    0x2  Code  Gb  UI.o [1]
Peripherals::DisplayBuffer::InvertRow(unsigned char)
                         0x800'4029   0x42  Code  Gb  DisplayBuffer.o [1]
Peripherals::GpioInput::ConfigureInterrupt()
                         0x800'1957   0xfc  Code  Gb  GpioInput.o [1]
Peripherals::GpioInput::EXTI0_IRQHandler()
                         0x800'1be1   0x24  Code  Gb  GpioInput.o [1]
Peripherals::GpioInput::EXTI15_10_IRQHandler()
                         0x800'1b05   0xda  Code  Gb  GpioInput.o [1]
Peripherals::GpioInput::EXTI1_IRQHandler()
                         0x800'1c05   0x24  Code  Gb  GpioInput.o [1]
Peripherals::GpioInput::EXTI2_IRQHandler()
                         0x800'1c29   0x24  Code  Gb  GpioInput.o [1]
Peripherals::GpioInput::EXTI3_IRQHandler()
                         0x800'1c4d   0x24  Code  Gb  GpioInput.o [1]
Peripherals::GpioInput::EXTI4_IRQHandler()
                         0x800'1c71   0x24  Code  Gb  GpioInput.o [1]
Peripherals::GpioInput::EXTI5_9_IRQHandler()
                         0x800'1a55   0xb0  Code  Gb  GpioInput.o [1]
Peripherals::GpioInput::GPIO_ISRs
                        0x2000'0af0   0x40  Data  Gb  GpioInput.o [1]
Peripherals::GpioInput::GpioInput(GPIO_TypeDef *, unsigned short, void (*)(), Peripherals::GpioInput::Intr_Event_Edge_t, Peripherals::GpioInput::PULL_t)
                         0x800'1693   0x32  Code  Gb  GpioInput.o [1]
Peripherals::GpioInput::GpioInput(GPIO_TypeDef *, unsigned short, void (*)(), Peripherals::GpioInput::Intr_Event_Edge_t, Peripherals::GpioInput::PULL_t) [subobject]
                         0x800'1665   0x18  Code  Gb  GpioInput.o [1]
Peripherals::GpioInput::HwInit()
                         0x800'1835  0x122  Code  Gb  GpioInput.o [1]
Peripherals::GpioInput::MapPin2ExtLine()
                         0x800'16c5   0xb8  Code  Gb  GpioInput.o [1]
Peripherals::GpioInput::MapPin2PinSource()
                         0x800'177d   0xb8  Code  Gb  GpioInput.o [1]
Peripherals::GpioInput::ReadInput() const
                         0x800'2fb3    0xe  Code  Gb  HwButton.o [1]
Peripherals::GpioOutput::GpioOutput(GPIO_TypeDef *, unsigned short)
                         0x800'3925   0x22  Code  Gb  GpioOutput.o [1]
Peripherals::GpioOutput::HwInit()
                         0x800'3947   0xfc  Code  Gb  GpioOutput.o [1]
Peripherals::GpioOutput::Off()
                         0x800'2505   0x10  Code  Gb  SPI_Poll.o [1]
Peripherals::GpioOutput::On()
                         0x800'15b5   0x10  Code  Gb  Test.o [1]
Peripherals::HwButton::ClearEvent(Peripherals::HwButton::BtnEvent_t)
                         0x800'2fc1    0xc  Code  Gb  HwButton.o [1]
Peripherals::HwButton::EventHandler()
                         0x800'2eaf   0xa6  Code  Gb  HwButton.o [1]
Peripherals::HwButton::GetTicks()
                         0x800'2f9d    0xa  Code  Gb  HwButton.o [1]
Peripherals::HwButton::GetTicksSince(unsigned int)
                         0x800'2f81   0x1c  Code  Gb  HwButton.o [1]
Peripherals::HwButton::HwButton(GPIO_TypeDef *, unsigned short)
                         0x800'2ca1   0x5c  Code  Gb  HwButton.o [1]
Peripherals::HwButton::HwInit()
                         0x800'2cfd    0xe  Code  Gb  HwButton.o [1]
Peripherals::HwButton::ReadButton()
                         0x800'2e65   0x32  Code  Gb  HwButton.o [1]
Peripherals::HwButton::RegisterEventHandler(Peripherals::HwButton::BtnEvent_t, void (*)())
                         0x800'2f55   0x2c  Code  Gb  HwButton.o [1]
Peripherals::HwButton::RunStateMachine()
                         0x800'2d0b  0x144  Code  Gb  HwButton.o [1]
Peripherals::HwButton::RunStateMachine()::ElapsedTime
                        0x2000'0c4c    0x4  Data  Lc  HwButton.o [1]
Peripherals::HwButton::RunStateMachine(){1}{12}::LastClickStateEntered
                        0x2000'0c50    0x4  Data  Lc  HwButton.o [1]
Peripherals::HwButton::RunStateMachine(){1}{12}::temp
                        0x2000'0c54    0x4  Data  Lc  HwButton.o [1]
Peripherals::HwButton::SampleButtonUsingTimer()
                         0x800'2e97   0x18  Code  Gb  HwButton.o [1]
Peripherals::HwButton::SetEvent(Peripherals::HwButton::BtnEvent_t)
                         0x800'2fa7    0xc  Code  Gb  HwButton.o [1]
Peripherals::Interrupt::EnableInterrupt(Peripherals::Interrupt::IRQn)
                         0x800'1cc9   0x20  Code  Gb  Interrupt.o [1]
Peripherals::Interrupt::RegisterInterrupt_Vct_Table(void (*)(), Peripherals::Interrupt::IRQn, unsigned char, unsigned char)
                         0x800'1ce9   0x38  Code  Gb  Interrupt.o [1]
Peripherals::Interrupt::Relocate_Vector_Table()
                         0x800'1d21   0x24  Code  Gb  Interrupt.o [1]
Peripherals::Interrupt::Vectors_RAM
                        0x2000'0100  0x100  Data  Gb  Interrupt.o [1]
Peripherals::Nokia5110LCD::BackLightON()
                         0x800'3e09    0xc  Code  Gb  Test.o [1]
Peripherals::Nokia5110LCD::ClearDisplay()
                         0x800'30e5   0x26  Code  Gb  Nokia5110LCD.o [1]
Peripherals::Nokia5110LCD::DisplayBitmap(char *)
                         0x800'31f5    0x4  Code  Gb  Nokia5110LCD.o [1]
Peripherals::Nokia5110LCD::DisplayInit()
                         0x800'305b   0x5e  Code  Gb  Nokia5110LCD.o [1]
Peripherals::Nokia5110LCD::DisplayStr(unsigned char, unsigned char, char const *)
                         0x800'3187   0x64  Code  Gb  Nokia5110LCD.o [1]
Peripherals::Nokia5110LCD::DrawString(char const *)
                         0x800'316d   0x1a  Code  Gb  Nokia5110LCD.o [1]
Peripherals::Nokia5110LCD::GoToXY(int, int)
                         0x800'310b   0x26  Code  Gb  Nokia5110LCD.o [1]
Peripherals::Nokia5110LCD::HwInit()
                         0x800'300b   0x50  Code  Gb  Nokia5110LCD.o [1]
Peripherals::Nokia5110LCD::LCDCharacter(char)
                         0x800'3131   0x3c  Code  Gb  Nokia5110LCD.o [1]
Peripherals::Nokia5110LCD::Nokia5110LCD(Peripherals::SPI_DMA *, Peripherals::GpioOutput *, Peripherals::GpioOutput *, Peripherals::GpioOutput *, Peripherals::GpioOutput *)
                         0x800'2fcd   0x3e  Code  Gb  Nokia5110LCD.o [1]
Peripherals::Nokia5110LCD::Refresh()
                         0x800'31f9   0x4c  Code  Gb  Nokia5110LCD.o [1]
Peripherals::Nokia5110LCD::Write(Peripherals::Nokia5110LCD::DC_t, unsigned char)
                         0x800'30b9   0x2c  Code  Gb  Nokia5110LCD.o [1]
Peripherals::Peripheral::Peripheral()
                         0x800'1d55    0xc  Code  Gb  SPI_Poll.o [1]
Peripherals::Peripheral::Peripheral() [subobject]
                         0x800'1cbd    0xc  Code  Gb  SPI_Poll.o [1]
Peripherals::SPI_Base::DMA_Ch2_IRQHandler()
                         0x800'1007    0xe  Code  Gb  SPI_Base.o [1]
Peripherals::SPI_Base::DMA_Ch3_IRQHandler()
                         0x800'1015    0xe  Code  Gb  SPI_Base.o [1]
Peripherals::SPI_Base::DMA_Ch4_IRQHandler()
                         0x800'1023    0xe  Code  Gb  SPI_Base.o [1]
Peripherals::SPI_Base::DMA_Ch5_IRQHandler()
                         0x800'1031    0xe  Code  Gb  SPI_Base.o [1]
Peripherals::SPI_Base::GetStatus(Peripherals::SPI_Base::SPIx_t)
                         0x800'103f   0x16  Code  Gb  SPI_Base.o [1]
Peripherals::SPI_Base::SPI1_Q
                        0x2000'0218  0x32c  Data  Gb  SPI_Base.o [1]
Peripherals::SPI_Base::SPI1_RxDoneCallback
                        0x2000'0c74    0x4  Data  Gb  SPI_Base.o [1]
Peripherals::SPI_Base::SPI1_RxHalfDoneCallback
                        0x2000'0c80    0x4  Data  Gb  SPI_Base.o [1]
Peripherals::SPI_Base::SPI1_Status
                        0x2000'0c68    0x4  Data  Gb  SPI_Base.o [1]
Peripherals::SPI_Base::SPI1_TxDoneCallback
                        0x2000'0c70    0x4  Data  Gb  SPI_Base.o [1]
Peripherals::SPI_Base::SPI1_TxHalfDoneCallback
                        0x2000'0c7c    0x4  Data  Gb  SPI_Base.o [1]
Peripherals::SPI_Base::SPI1_TxRxDoneCallback
                        0x2000'0c78    0x4  Data  Gb  SPI_Base.o [1]
Peripherals::SPI_Base::SPI1_TxRxHalfDoneCallback
                        0x2000'0c84    0x4  Data  Gb  SPI_Base.o [1]
Peripherals::SPI_Base::SPI1__IRQHandler()
                         0x800'0fef    0xc  Code  Gb  SPI_Base.o [1]
Peripherals::SPI_Base::SPI2_Q
                        0x2000'0b70   0x34  Data  Gb  SPI_Base.o [1]
Peripherals::SPI_Base::SPI2_RxDoneCallback
                        0x2000'0c8c    0x4  Data  Gb  SPI_Base.o [1]
Peripherals::SPI_Base::SPI2_RxHalfDoneCallback
                        0x2000'0c98    0x4  Data  Gb  SPI_Base.o [1]
Peripherals::SPI_Base::SPI2_Status
                        0x2000'0c6c    0x4  Data  Gb  SPI_Base.o [1]
Peripherals::SPI_Base::SPI2_TxDoneCallback
                        0x2000'0c88    0x4  Data  Gb  SPI_Base.o [1]
Peripherals::SPI_Base::SPI2_TxHalfDoneCallback
                        0x2000'0c94    0x4  Data  Gb  SPI_Base.o [1]
Peripherals::SPI_Base::SPI2_TxRxDoneCallback
                        0x2000'0c90    0x4  Data  Gb  SPI_Base.o [1]
Peripherals::SPI_Base::SPI2_TxRxHalfDoneCallback
                        0x2000'0c9c    0x4  Data  Gb  SPI_Base.o [1]
Peripherals::SPI_Base::SPI2__IRQHandler()
                         0x800'0ffb    0xc  Code  Gb  SPI_Base.o [1]
Peripherals::SPI_Base::SPI_Base()
                         0x800'2587    0xe  Code  Gb  SPI_Poll.o [1]
Peripherals::SPI_Base::SPI_Base() [subobject]
                         0x800'24f9    0xc  Code  Gb  SPI_Poll.o [1]
Peripherals::SPI_Base::SPI_Init(Peripherals::SPI_Base::SPIx_t, unsigned int, __SPI_HandleTypeDef *)
                         0x800'0d65  0x28a  Code  Gb  SPI_Base.o [1]
Peripherals::SPI_Base::m_hdma_spi1_rx
                        0x2000'09e0   0x44  Data  Gb  SPI_Base.o [1]
Peripherals::SPI_Base::m_hdma_spi1_tx
                        0x2000'0a24   0x44  Data  Gb  SPI_Base.o [1]
Peripherals::SPI_Base::m_hdma_spi2_rx
                        0x2000'0a68   0x44  Data  Gb  SPI_Base.o [1]
Peripherals::SPI_Base::m_hdma_spi2_tx
                        0x2000'0aac   0x44  Data  Gb  SPI_Base.o [1]
Peripherals::SPI_Base::m_hspi_1
                        0x2000'0988   0x58  Data  Gb  SPI_Base.o [1]
Peripherals::SPI_Base::m_pChipSelect_SPI1
                        0x2000'0cb0    0x4  Data  Gb  SPI_Base.o [1]
Peripherals::SPI_Base::m_pChipSelect_SPI2
                        0x2000'0cb4    0x4  Data  Gb  SPI_Base.o [1]
Peripherals::SPI_Base::m_pCurentTransaction_SPI1
                        0x2000'0c58    0x4  Data  Gb  SPI_Base.o [1]
Peripherals::SPI_Base::m_pCurentTransaction_SPI2
                        0x2000'0c5c    0x4  Data  Gb  SPI_Base.o [1]
Peripherals::SPI_Base::m_pSPI1_Obj
                        0x2000'0c60    0x4  Data  Gb  SPI_Base.o [1]
Peripherals::SPI_Base::m_pSPI1_Q
                        0x2000'0200    0x4  Data  Gb  SPI_Base.o [1]
Peripherals::SPI_Base::m_pSPI2_Obj
                        0x2000'0c64    0x4  Data  Gb  SPI_Base.o [1]
Peripherals::SPI_Base::m_pSPI2_Q
                        0x2000'0204    0x4  Data  Gb  SPI_Base.o [1]
Peripherals::SPI_Base::m_phdma_spi1_rx
                        0x2000'0ca0    0x4  Data  Gb  SPI_Base.o [1]
Peripherals::SPI_Base::m_phdma_spi1_tx
                        0x2000'0ca4    0x4  Data  Gb  SPI_Base.o [1]
Peripherals::SPI_Base::m_phdma_spi2_rx
                        0x2000'0ca8    0x4  Data  Gb  SPI_Base.o [1]
Peripherals::SPI_Base::m_phdma_spi2_tx
                        0x2000'0cac    0x4  Data  Gb  SPI_Base.o [1]
Peripherals::SPI_Base::m_phspi_1
                        0x2000'0cb8    0x4  Data  Gb  SPI_Base.o [1]
Peripherals::SPI_Base::m_phspi_2
                        0x2000'0cbc    0x4  Data  Gb  SPI_Base.o [1]
Peripherals::SPI_DMA::GetSPIx()
                         0x800'3245    0x4  Code  Gb  Nokia5110LCD.o [1]
Peripherals::SPI_DMA::HwDeinit()
                         0x800'4635   0x14  Code  Gb  Test.o [1]
Peripherals::SPI_DMA::HwInit()
                         0x800'1f8f  0x232  Code  Gb  SPI_DMA.o [1]
Peripherals::SPI_DMA::Post(Peripherals::SPI_Base::Transaction_t *)
                         0x800'241f   0x54  Code  Gb  SPI_DMA.o [1]
Peripherals::SPI_DMA::Rx(unsigned char *, unsigned short)
                         0x800'223f   0x6e  Code  Gb  SPI_DMA.o [1]
Peripherals::SPI_DMA::SPI_DMA(Peripherals::SPI_Base::SPIx_t, Peripherals::GpioOutput *, unsigned int, __SPI_HandleTypeDef *, __DMA_HandleTypeDef *, __DMA_HandleTypeDef *)
                         0x800'1ead   0xe2  Code  Gb  SPI_DMA.o [1]
Peripherals::SPI_DMA::Tx(unsigned char *, unsigned short)
                         0x800'21c1   0x7e  Code  Gb  SPI_DMA.o [1]
Peripherals::SPI_DMA::TxRx(unsigned char *, unsigned char *, unsigned short)
                         0x800'22ad   0x8a  Code  Gb  SPI_DMA.o [1]
Peripherals::SPI_DMA::Xfer(Peripherals::SPI_Base::Transaction_t *)
                         0x800'2337   0xe8  Code  Gb  SPI_DMA.o [1]
Peripherals::SPI_DMA::~SPI_DMA()
                         0x800'461d   0x18  Code  Gb  Test.o [1]
Peripherals::Screen::EventHandler(Peripherals::Screen::Event_t)
                         0x800'3c17   0x60  Code  Gb  Screen.o [1]
Peripherals::Screen::Screen(char *)
                         0x800'3bc9   0x28  Code  Gb  Screen.o [1]
Peripherals::Screen::Screen(char *) [subobject]
                         0x800'3bb1    0xc  Code  Gb  Screen.o [1]
Peripherals::Screen::SetScreenHandler(void (*)(), void (*)(), void (*)())
                         0x800'3c09    0xe  Code  Gb  Screen.o [1]
Peripherals::Screen::~Screen()
                         0x800'3bf5   0x14  Code  Gb  Screen.o [1]
Peripherals::Screen::~Screen() [subobject]
                         0x800'3bbd    0xc  Code  Gb  Screen.o [1]
Peripherals::UI::ActiveScreen
                        0x2000'0cd6    0x1  Data  Gb  UI.o [1]
Peripherals::UI::AddScreen(Peripherals::Screen *)
                         0x800'3aa9   0x26  Code  Gb  UI.o [1]
Peripherals::UI::DisplayScreen()
                         0x800'3b47   0x5a  Code  Gb  UI.o [1]
Peripherals::UI::EventHamdler(Peripherals::Screen::Event_t &)
                         0x800'3b0b   0x3c  Code  Gb  UI.o [1]
Peripherals::UI::GoToNextScreen()
                         0x800'3acf   0x1e  Code  Gb  UI.o [1]
Peripherals::UI::GoToPreviousScreen()
                         0x800'3aed   0x1e  Code  Gb  UI.o [1]
Peripherals::UI::Init()
                         0x800'3a71   0x38  Code  Gb  UI.o [1]
Peripherals::UI::PreviousActiveScreen
                        0x2000'0cd7    0x1  Data  Gb  UI.o [1]
Peripherals::UI::Run()   0x800'3e15    0xc  Code  Gb  Test.o [1]
Peripherals::UI::TotalAddeedScreens
                        0x2000'0cd8    0x1  Data  Gb  UI.o [1]
Peripherals::UI::UI(Peripherals::Nokia5110LCD *)
                         0x800'3a6d    0x4  Code  Gb  UI.o [1]
Region$$Table$$Base      0x800'44ec          --   Gb  - Linker created -
Region$$Table$$Limit     0x800'4514          --   Gb  - Linker created -
SHT$$INIT_ARRAY$$Base    0x800'46f4          --   Gb  - Linker created -
SHT$$INIT_ARRAY$$Limit   0x800'46fc          --   Gb  - Linker created -
SHT$$PREINIT_ARRAY$$Base
                         0x800'46f4          --   Gb  - Linker created -
SHT$$PREINIT_ARRAY$$Limit
                         0x800'46f4          --   Gb  - Linker created -
SVC_Handler              0x800'45fb    0x2  Code  Gb  stm32f1xx_it.o [1]
ScreenTouchHandler()     0x800'389d    0x8  Code  Gb  Test.o [1]
SysTick_Handler          0x800'4601    0xc  Code  Gb  stm32f1xx_it.o [1]
SystemClock_Config()     0x800'41bd   0xa4  Code  Gb  main.o [1]
SystemCoreClock         0x2000'0208    0x4  Data  Gb  system_stm32f1xx.o [1]
SystemInit               0x800'43cd   0x3e  Code  Gb  system_stm32f1xx.o [1]
UI_Test()                0x800'36fd  0x188  Code  Gb  Test.o [1]
UI_Test()::Backlight    0x2000'0c34    0xc  Data  Lc  Test.o [1]
UI_Test()::CS           0x2000'0c10    0xc  Data  Lc  Test.o [1]
UI_Test()::D_C          0x2000'0c28    0xc  Data  Lc  Test.o [1]
UI_Test()::HomeScreen   0x2000'0780  0x208  Data  Lc  Test.o [1]
UI_Test()::HwButton_A8  0x2000'0b30   0x40  Data  Lc  Test.o [1]
UI_Test()::LCD          0x2000'0ba4   0x34  Data  Lc  Test.o [1]
UI_Test()::Menu         0x2000'0544  0x23c  Data  Lc  Test.o [1]
UI_Test()::MyUI         0x2000'0bd8   0x2c  Data  Lc  Test.o [1]
UI_Test()::Reset        0x2000'0c40    0xc  Data  Lc  Test.o [1]
UI_Test()::SPI_Obj      0x2000'0c1c    0xc  Data  Lc  Test.o [1]
UI_Test()::static guard for Backlight
                        0x2000'0cd0    0x1  Data  Lc  Test.o [1]
UI_Test()::static guard for CS
                        0x2000'0ccd    0x1  Data  Lc  Test.o [1]
UI_Test()::static guard for D_C
                        0x2000'0ccf    0x1  Data  Lc  Test.o [1]
UI_Test()::static guard for HomeScreen
                        0x2000'0cd4    0x1  Data  Lc  Test.o [1]
UI_Test()::static guard for HwButton_A8
                        0x2000'0ccc    0x1  Data  Lc  Test.o [1]
UI_Test()::static guard for LCD
                        0x2000'0cd2    0x1  Data  Lc  Test.o [1]
UI_Test()::static guard for Menu
                        0x2000'0cd5    0x1  Data  Lc  Test.o [1]
UI_Test()::static guard for MyUI
                        0x2000'0cd3    0x1  Data  Lc  Test.o [1]
UI_Test()::static guard for Reset
                        0x2000'0cd1    0x1  Data  Lc  Test.o [1]
UI_Test()::static guard for SPI_Obj
                        0x2000'0cce    0x1  Data  Lc  Test.o [1]
UsageFault_Handler       0x800'45f9    0x2  Code  Gb  stm32f1xx_it.o [1]
Utils::Queue<Peripherals::SPI_Base::Transaction_t *, (unsigned int)10>::IsQueueEmpty()
                         0x800'161b   0x12  Code  Gb  SPI_DMA.o [1]
Utils::Queue<Peripherals::SPI_Base::Transaction_t *, (unsigned int)10>::IsQueueFull()
                         0x800'25b7   0x1e  Code  Gb  SPI_IT.o [1]
Utils::Queue<Peripherals::SPI_Base::Transaction_t *, (unsigned int)10>::Queue()
                         0x800'130f    0xe  Code  Gb  SPI_Base.o [1]
Utils::Queue<Peripherals::SPI_Base::Transaction_t *, (unsigned int)10>::Read(Peripherals::SPI_Base::Transaction_t *&)
                         0x800'162d   0x36  Code  Gb  SPI_DMA.o [1]
Utils::Queue<Peripherals::SPI_Base::Transaction_t *, (unsigned int)10>::Write(Peripherals::SPI_Base::Transaction_t *)
                         0x800'2553   0x34  Code  Gb  SPI_IT.o [1]
Utils::Queue<Peripherals::SPI_Base::Transaction_t *, (unsigned int)200>::IsQueueEmpty()
                         0x800'15c5   0x16  Code  Gb  SPI_DMA.o [1]
Utils::Queue<Peripherals::SPI_Base::Transaction_t *, (unsigned int)200>::IsQueueFull()
                         0x800'2595   0x22  Code  Gb  SPI_IT.o [1]
Utils::Queue<Peripherals::SPI_Base::Transaction_t *, (unsigned int)200>::Queue()
                         0x800'12fb   0x14  Code  Gb  SPI_Base.o [1]
Utils::Queue<Peripherals::SPI_Base::Transaction_t *, (unsigned int)200>::Read(Peripherals::SPI_Base::Transaction_t *&)
                         0x800'15db   0x40  Code  Gb  SPI_DMA.o [1]
Utils::Queue<Peripherals::SPI_Base::Transaction_t *, (unsigned int)200>::Write(Peripherals::SPI_Base::Transaction_t *)
                         0x800'2515   0x3e  Code  Gb  SPI_IT.o [1]
Virtual function table for Peripherals::ControlScreen
                         0x800'4660   0x14  Data  Gb  ControlScreen.o [1]
Virtual function table for Peripherals::GpioInput
                         0x800'4580   0x1c  Data  Gb  GpioInput.o [1]
Virtual function table for Peripherals::GpioOutput
                         0x800'459c   0x1c  Data  Gb  GpioOutput.o [1]
Virtual function table for Peripherals::HwButton
                         0x800'45b8   0x1c  Data  Gb  HwButton.o [1]
Virtual function table for Peripherals::Peripheral
                         0x800'45d4   0x1c  Data  Gb  SPI_Poll.o [1]
Virtual function table for Peripherals::SPI_DMA
                         0x800'4424   0x38  Data  Gb  SPI_DMA.o [1]
Virtual function table for Peripherals::Screen
                         0x800'4674   0x14  Data  Gb  Screen.o [1]
[local to DisplayBuffer_cpp]::Peripherals::ASCII1
                         0x800'3268  0x240  Data  Lc  DisplayBuffer.o [1]
[local to GpioInput_cpp]::LL_EXTI_IsEnabledIT_0_31(unsigned int)
                         0x800'167d   0x16  Code  Lc  GpioInput.o [1]
[local to Nokia5110LCD_cpp]::Peripherals::ASCII
                         0x800'34a8  0x240  Data  Lc  Nokia5110LCD.o [1]
[local to stm32f1xx_hal_cortex_c]::NVIC_EncodePriority(unsigned int, unsigned int, unsigned int)
                         0x800'1db5   0x40  Code  Lc  stm32f1xx_hal_cortex.o [1]
[local to stm32f1xx_hal_cortex_c]::NVIC_GetPriorityGrouping()
                         0x800'1d7f    0xa  Code  Lc  stm32f1xx_hal_cortex.o [1]
[local to stm32f1xx_hal_cortex_c]::NVIC_SetPriority(IRQn_Type, unsigned int)
                         0x800'1d89   0x2c  Code  Lc  stm32f1xx_hal_cortex.o [1]
[local to stm32f1xx_hal_cortex_c]::NVIC_SetPriorityGrouping(unsigned int)
                         0x800'1d61   0x1e  Code  Lc  stm32f1xx_hal_cortex.o [1]
[local to stm32f1xx_hal_cortex_c]::SysTick_Config(unsigned int)
                         0x800'1df5   0x30  Code  Lc  stm32f1xx_hal_cortex.o [1]
[local to stm32f1xx_hal_dma_c]::DMA_SetConfig(__DMA_HandleTypeDef *, unsigned int, unsigned int, unsigned int)
                         0x800'0cdd   0x2c  Code  Lc  stm32f1xx_hal_dma.o [1]
[local to stm32f1xx_hal_rcc_c]::RCC_Delay(unsigned int)
                         0x800'2b75   0x26  Code  Lc  stm32f1xx_hal_rcc.o [1]
[local to stm32f1xx_hal_spi_c]::SPI_CheckFlag_BSY(__SPI_HandleTypeDef *, unsigned int, unsigned int)
                         0x800'095b   0x2a  Code  Lc  stm32f1xx_hal_spi.o [1]
[local to stm32f1xx_hal_spi_c]::SPI_DMAAbortOnError(__DMA_HandleTypeDef *)
                         0x800'08a1   0x16  Code  Lc  stm32f1xx_hal_spi.o [1]
[local to stm32f1xx_hal_spi_c]::SPI_DMAError(__DMA_HandleTypeDef *)
                         0x800'0879   0x28  Code  Lc  stm32f1xx_hal_spi.o [1]
[local to stm32f1xx_hal_spi_c]::SPI_DMAHalfReceiveCplt(__DMA_HandleTypeDef *)
                         0x800'0859    0xe  Code  Lc  stm32f1xx_hal_spi.o [1]
[local to stm32f1xx_hal_spi_c]::SPI_DMAHalfTransmitCplt(__DMA_HandleTypeDef *)
                         0x800'0849    0xe  Code  Lc  stm32f1xx_hal_spi.o [1]
[local to stm32f1xx_hal_spi_c]::SPI_DMAHalfTransmitReceiveCplt(__DMA_HandleTypeDef *)
                         0x800'0869    0xe  Code  Lc  stm32f1xx_hal_spi.o [1]
[local to stm32f1xx_hal_spi_c]::SPI_DMAReceiveCplt(__DMA_HandleTypeDef *)
                         0x800'06a1   0xd8  Code  Lc  stm32f1xx_hal_spi.o [1]
[local to stm32f1xx_hal_spi_c]::SPI_DMATransmitCplt(__DMA_HandleTypeDef *)
                         0x800'0631   0x70  Code  Lc  stm32f1xx_hal_spi.o [1]
[local to stm32f1xx_hal_spi_c]::SPI_DMATransmitReceiveCplt(__DMA_HandleTypeDef *)
                         0x800'0779   0xce  Code  Lc  stm32f1xx_hal_spi.o [1]
[local to stm32f1xx_hal_spi_c]::SPI_WaitFlagStateUntilTimeout(__SPI_HandleTypeDef *, unsigned int, unsigned int, unsigned int, unsigned int)
                         0x800'08b9   0xa2  Code  Lc  stm32f1xx_hal_spi.o [1]
_Error_Handler           0x800'4265    0x2  Code  Gb  main.o [1]
__aeabi_atexit           0x800'3a61    0xa  Code  Gb  cxxabi.o [3]
__aeabi_memcpy4          0x800'2c19         Code  Gb  ABImemcpy.o [5]
__aeabi_memcpy8          0x800'2c19         Code  Gb  ABImemcpy.o [5]
__call_ctors             0x800'3e21   0x18  Code  Gb  cppinit.o [2]
__call_dtors             0x800'3e6f    0xc  Code  Gb  cppinit.o [2]
__call_dtors0            0x800'3e7b   0x36  Code  Gb  cppinit.o [2]
__cexit_call_dtors       0x800'455f         Code  Gb  cexit.o [5]
__cmain                  0x800'4535         Code  Gb  cmain.o [5]
__cstart_call_dtors      0x800'47a8         Data  Gb  cstart_call_dtors.o [5]
__cxa_atexit             0x800'3e39   0x36  Code  Gb  cppinit.o [2]
__dso_handle            0x2000'0cc8    0x4  Data  Gb  cppinit.o [2]
__exit                   0x800'456d   0x14  Code  Gb  exit.o [6]
__iar_close_ttio         0x800'445d   0x2e  Code  Gb  iarttio.o [6]
__iar_copy_init3         0x800'4499   0x2c  Code  Gb  copy_init3.o [5]
__iar_cstart_call_ctors
                         0x800'4515   0x20  Code  Gb  cmain_call_ctors.o [5]
__iar_data_init3         0x800'44c5   0x28  Code  Gb  data_init.o [5]
__iar_debug_exceptions   0x800'1eaa    0x1  Data  Gb  unwind_debug.o [6]
__iar_lookup_ttioh       0x800'448d    0x4  Code  Gb  XShttio.o [2]
__iar_program_start      0x800'46e9         Code  Gb  cstartup_M.o [5]
__iar_tls$$INIT_ARRAY$$Base
                         0x800'46fc          --   Gb  - Linker created -
__iar_tls$$INIT_ARRAY$$Limit
                         0x800'46fc          --   Gb  - Linker created -
__iar_ttio_handles      0x2000'020c    0x8  Data  Lc  XShttio.o [2]
__iar_zero_init3         0x800'0d0b   0x3a  Code  Gb  zero_init3.o [5]
__low_level_init         0x800'4553    0x4  Code  Gb  low_level_init.o [2]
__sti__routine           0x800'0d51   0x14  Code  Lc  SPI_Base.o [1]
__sti__routine           0x800'36e9   0x14  Code  Lc  Test.o [1]
__vector_table           0x800'0000         Data  Gb  startup_stm32f103xb.o [1]
_call_main               0x800'4541         Code  Gb  cmain.o [5]
_exit                    0x800'455d         Code  Gb  cexit.o [5]
_main                    0x800'454f         Code  Gb  cmain.o [5]
exit                     0x800'4557    0x4  Code  Gb  exit.o [2]
gEvent                  0x2000'0214    0x1  Data  Lc  Test.o [1]
main                     0x800'41ad   0x10  Code  Gb  main.o [1]
next_abi_dtor_rec       0x2000'0cc4    0x4  Data  Lc  cppinit.o [2]
uwTick                  0x2000'0cc0    0x4  Data  Gb  stm32f1xx_hal.o [1]


[1] = C:\Amit_Chaudhary\STM32\Projects\IAR\IAR_Projects\Main\Main_Latest - DisplayBuffer - Correct Imheritance 25 OCT 2018\IAR\Debug\Obj
[2] = dl7M_tln.a
[3] = dlpp7M_tl_nc.a
[4] = m7M_tl.a
[5] = rt7M_tl.a
[6] = shb_l.a

  16 513 bytes of readonly  code memory
   1 831 bytes of readonly  data memory
   5 242 bytes of readwrite data memory (+ 256 absolute)

Errors: none
Warnings: none
