###############################################################################
#
# IAR ELF Linker V8.30.1.114/W32 for ARM                  09/Oct/2018  16:08:26
# Copyright 2007-2018 IAR Systems AB.
#
#    Output file  =  
#        C:\Amit_Chaudhary\STM32\Projects\IAR\IAR_Projects\Main\Main_Latest\IAR\Debug\Exe\Main.out
#    Map file     =  
#        C:\Amit_Chaudhary\STM32\Projects\IAR\IAR_Projects\Main\Main_Latest\IAR\Debug\List\Main.map
#    Command line =  
#        -f C:\Users\achaudha\AppData\Local\Temp\EWC5D.tmp
#        (C:\Amit_Chaudhary\STM32\Projects\IAR\IAR_Projects\Main\Main_Latest\IAR\Debug\Obj\GpioInput.o
#        C:\Amit_Chaudhary\STM32\Projects\IAR\IAR_Projects\Main\Main_Latest\IAR\Debug\Obj\GpioOutput.o
#        C:\Amit_Chaudhary\STM32\Projects\IAR\IAR_Projects\Main\Main_Latest\IAR\Debug\Obj\HwButton.o
#        C:\Amit_Chaudhary\STM32\Projects\IAR\IAR_Projects\Main\Main_Latest\IAR\Debug\Obj\HwButtonIntr.o
#        C:\Amit_Chaudhary\STM32\Projects\IAR\IAR_Projects\Main\Main_Latest\IAR\Debug\Obj\I2C_Base.o
#        C:\Amit_Chaudhary\STM32\Projects\IAR\IAR_Projects\Main\Main_Latest\IAR\Debug\Obj\I2C_Master.o
#        C:\Amit_Chaudhary\STM32\Projects\IAR\IAR_Projects\Main\Main_Latest\IAR\Debug\Obj\I2C_Slave.o
#        C:\Amit_Chaudhary\STM32\Projects\IAR\IAR_Projects\Main\Main_Latest\IAR\Debug\Obj\INA219.o
#        C:\Amit_Chaudhary\STM32\Projects\IAR\IAR_Projects\Main\Main_Latest\IAR\Debug\Obj\Interrupt.o
#        C:\Amit_Chaudhary\STM32\Projects\IAR\IAR_Projects\Main\Main_Latest\IAR\Debug\Obj\main.o
#        C:\Amit_Chaudhary\STM32\Projects\IAR\IAR_Projects\Main\Main_Latest\IAR\Debug\Obj\Nokia5110LCD.o
#        C:\Amit_Chaudhary\STM32\Projects\IAR\IAR_Projects\Main\Main_Latest\IAR\Debug\Obj\Peripheral.o
#        C:\Amit_Chaudhary\STM32\Projects\IAR\IAR_Projects\Main\Main_Latest\IAR\Debug\Obj\printf.o
#        C:\Amit_Chaudhary\STM32\Projects\IAR\IAR_Projects\Main\Main_Latest\IAR\Debug\Obj\RTC_Module.o
#        C:\Amit_Chaudhary\STM32\Projects\IAR\IAR_Projects\Main\Main_Latest\IAR\Debug\Obj\SPI_Base.o
#        C:\Amit_Chaudhary\STM32\Projects\IAR\IAR_Projects\Main\Main_Latest\IAR\Debug\Obj\SPI_DMA.o
#        C:\Amit_Chaudhary\STM32\Projects\IAR\IAR_Projects\Main\Main_Latest\IAR\Debug\Obj\SPI_IT.o
#        C:\Amit_Chaudhary\STM32\Projects\IAR\IAR_Projects\Main\Main_Latest\IAR\Debug\Obj\SPI_Poll.o
#        C:\Amit_Chaudhary\STM32\Projects\IAR\IAR_Projects\Main\Main_Latest\IAR\Debug\Obj\startup_stm32f103xb.o
#        C:\Amit_Chaudhary\STM32\Projects\IAR\IAR_Projects\Main\Main_Latest\IAR\Debug\Obj\stm32f1xx_hal.o
#        C:\Amit_Chaudhary\STM32\Projects\IAR\IAR_Projects\Main\Main_Latest\IAR\Debug\Obj\stm32f1xx_hal_cortex.o
#        C:\Amit_Chaudhary\STM32\Projects\IAR\IAR_Projects\Main\Main_Latest\IAR\Debug\Obj\stm32f1xx_hal_dma.o
#        C:\Amit_Chaudhary\STM32\Projects\IAR\IAR_Projects\Main\Main_Latest\IAR\Debug\Obj\stm32f1xx_hal_gpio.o
#        C:\Amit_Chaudhary\STM32\Projects\IAR\IAR_Projects\Main\Main_Latest\IAR\Debug\Obj\stm32f1xx_hal_gpio_ex.o
#        C:\Amit_Chaudhary\STM32\Projects\IAR\IAR_Projects\Main\Main_Latest\IAR\Debug\Obj\stm32f1xx_hal_i2c.o
#        C:\Amit_Chaudhary\STM32\Projects\IAR\IAR_Projects\Main\Main_Latest\IAR\Debug\Obj\stm32f1xx_hal_pwr.o
#        C:\Amit_Chaudhary\STM32\Projects\IAR\IAR_Projects\Main\Main_Latest\IAR\Debug\Obj\stm32f1xx_hal_rcc.o
#        C:\Amit_Chaudhary\STM32\Projects\IAR\IAR_Projects\Main\Main_Latest\IAR\Debug\Obj\stm32f1xx_hal_rcc_ex.o
#        C:\Amit_Chaudhary\STM32\Projects\IAR\IAR_Projects\Main\Main_Latest\IAR\Debug\Obj\stm32f1xx_hal_rtc.o
#        C:\Amit_Chaudhary\STM32\Projects\IAR\IAR_Projects\Main\Main_Latest\IAR\Debug\Obj\stm32f1xx_hal_spi.o
#        C:\Amit_Chaudhary\STM32\Projects\IAR\IAR_Projects\Main\Main_Latest\IAR\Debug\Obj\stm32f1xx_it.o
#        C:\Amit_Chaudhary\STM32\Projects\IAR\IAR_Projects\Main\Main_Latest\IAR\Debug\Obj\stm32f1xx_ll_exti.o
#        C:\Amit_Chaudhary\STM32\Projects\IAR\IAR_Projects\Main\Main_Latest\IAR\Debug\Obj\system_stm32f1xx.o
#        C:\Amit_Chaudhary\STM32\Projects\IAR\IAR_Projects\Main\Main_Latest\IAR\Debug\Obj\Test.o
#        C:\Amit_Chaudhary\STM32\Projects\IAR\IAR_Projects\Main\Main_Latest\IAR\Debug\Obj\Utils.o
#        --no_out_extension -o
#        C:\Amit_Chaudhary\STM32\Projects\IAR\IAR_Projects\Main\Main_Latest\IAR\Debug\Exe\Main.out
#        --redirect _Printf=_PrintfFullNoMb --redirect _Scanf=_ScanfFullNoMb
#        --map
#        C:\Amit_Chaudhary\STM32\Projects\IAR\IAR_Projects\Main\Main_Latest\IAR\Debug\List\Main.map
#        --config
#        C:\Amit_Chaudhary\STM32\Projects\IAR\IAR_Projects\CPP_Drivers\Gpio\System\stm32f103x8.icf
#        --semihosting --entry __iar_program_start --vfe --text_out locale)
#
###############################################################################

*******************************************************************************
*** RUNTIME MODEL ATTRIBUTES
***

CppFlavor                     = *
__CPP_Exceptions              = Disabled
__CPP_Language                = C++14
__Heap_Handler                = Basic
__SystemLibrary               = DLib
__dlib_dynamic_initialization = normal
__dlib_version                = 6


*******************************************************************************
*** HEAP SELECTION
***

The basic heap was selected because some modules are built with
size limitations (and not runtime checking), and --advanced_heap
was not specified.


*******************************************************************************
*** PLACEMENT SUMMARY
***

"A0":  place at 0x800'0000 { ro section .intvec };
"P1":  place in [from 0x800'0000 to 0x800'ffff] { ro };
define block CSTACK with size = 2K, alignment = 8 { };
define block HEAP with size = 2K, alignment = 8 { };
"P2":  place in [from 0x2000'0000 to 0x2000'4fff] {
          rw, block CSTACK, block HEAP };
initialize by copy { rw };

  Section                Kind         Address    Size  Object
  -------                ----         -------    ----  ------
"A0":                                            0xec
  .intvec                ro code   0x800'0000    0xec  startup_stm32f103xb.o [1]
                                 - 0x800'00ec    0xec

"P1":                                          0x3e68
  .text                  ro code   0x800'00ec   0x89a  stm32f1xx_hal_spi.o [1]
  .text                  ro code   0x800'0986     0x2  stm32f1xx_hal_spi.o [1]
  .text                  ro code   0x800'0988   0x380  stm32f1xx_hal_dma.o [1]
  .text                  ro code   0x800'0d08     0x2  stm32f1xx_hal_spi.o [1]
  .text                  ro code   0x800'0d0a    0x3a  zero_init3.o [5]
  .text                  ro code   0x800'0d44     0xc  stm32f1xx_hal.o [1]
  .text                  ro code   0x800'0d50   0x5a4  SPI_Base.o [1]
  .text                  ro code   0x800'12f4     0x6  stm32f1xx_hal_spi.o [1]
  .text                  ro code   0x800'12fa    0x14  SPI_Base.o [1]
  .text                  ro code   0x800'130e     0xe  SPI_Base.o [1]
  .text                  ro code   0x800'131c   0x280  stm32f1xx_hal_gpio.o [1]
  .text                  ro code   0x800'159c    0x10  Test.o [1]
  .text                  ro code   0x800'15ac    0x16  SPI_DMA.o [1]
  .text                  ro code   0x800'15c2    0x40  SPI_DMA.o [1]
  .text                  ro code   0x800'1602    0x12  SPI_DMA.o [1]
  .text                  ro code   0x800'1614    0x36  SPI_DMA.o [1]
  .rodata                const     0x800'164a     0x2  stm32f1xx_hal_rcc.o [1]
  .text                  ro code   0x800'164c   0x71e  stm32f1xx_hal_rtc.o [1]
  .rodata                const     0x800'1d6a     0x2  stm32f1xx_hal_rcc_ex.o [1]
  .text                  ro code   0x800'1d6c   0x24c  stm32f1xx_hal_rcc_ex.o [1]
  .text                  ro code   0x800'1fb8    0x86  ABImemcpy.o [5]
  .rodata                const     0x800'203e     0x1  unwind_debug.o [6]
  .text                  ro code   0x800'2040   0x620  stm32f1xx_hal_rcc.o [1]
  .text                  ro code   0x800'2660    0x3c  stm32f1xx_hal.o [1]
  .text                  ro code   0x800'269c   0x14a  stm32f1xx_hal_cortex.o [1]
  .text                  ro code   0x800'27e8    0x8c  Interrupt.o [1]
  .text                  ro code   0x800'2874   0x64c  SPI_DMA.o [1]
  .text                  ro code   0x800'2ec0     0xc  SPI_Poll.o [1]
  .text                  ro code   0x800'2ecc    0x10  SPI_Poll.o [1]
  .text                  ro code   0x800'2edc    0x3e  SPI_IT.o [1]
  .text                  ro code   0x800'2f1a    0x34  SPI_IT.o [1]
  .text                  ro code   0x800'2f4e     0xe  SPI_Poll.o [1]
  .text                  ro code   0x800'2f5c    0x22  SPI_IT.o [1]
  .text                  ro code   0x800'2f7e    0x1e  SPI_IT.o [1]
  .text                  ro code   0x800'2f9c     0xc  SPI_Poll.o [1]
  .text                  ro code   0x800'2fa8     0xc  SPI_Poll.o [1]
  .text                  ro code   0x800'2fb4   0x276  Nokia5110LCD.o [1]
  .text                  ro code   0x800'322a     0x4  Nokia5110LCD.o [1]
  .text                  ro code   0x800'322e    0x1e  stm32f1xx_hal.o [1]
  .text                  ro code   0x800'324c   0x264  Test.o [1]
  .text                  ro code   0x800'34b0   0x13c  GpioOutput.o [1]
  .text                  ro code   0x800'35ec     0xa  cxxabi.o [3]
  .text                  ro code   0x800'35f8   0x128  RTC_Module.o [1]
  .text                  ro code   0x800'3720    0x10  Test.o [1]
  .text                  ro code   0x800'3730     0xc  Test.o [1]
  .text                  ro code   0x800'373c    0x60  Utils.o [1]
  .text                  ro code   0x800'379c    0xa0  cppinit.o [2]
  .text                  ro code   0x800'383c     0xc  stm32f1xx_hal_pwr.o [1]
  .rodata                const     0x800'3848   0x240  Nokia5110LCD.o [1]
  .text                  ro code   0x800'3a88    0xba  main.o [1]
  .text                  ro code   0x800'3b44    0x2a  stm32f1xx_hal.o [1]
  .text                  ro code   0x800'3b70    0x58  system_stm32f1xx.o [1]
  .rodata                const     0x800'3bc8    0x54  main.o [1]
  .rodata                const     0x800'3c1c    0x38  SPI_DMA.o [1]
  .text                  ro code   0x800'3c54    0x30  iarttio.o [6]
  .text                  ro code   0x800'3c84     0xc  XShttio.o [2]
  .text                  ro code   0x800'3c90    0x2c  copy_init3.o [5]
  .text                  ro code   0x800'3cbc    0x28  data_init.o [5]
  .iar.init_table        const     0x800'3ce4    0x28  - Linker created -
  .rodata                const     0x800'3d0c    0x20  RTC_Module.o [1]
  .text                  ro code   0x800'3d2c    0x20  cmain_call_ctors.o [5]
  .text                  ro code   0x800'3d4c    0x1e  cmain.o [5]
  .text                  ro code   0x800'3d6a     0x4  low_level_init.o [2]
  .text                  ro code   0x800'3d6e     0x4  exit.o [2]
  .text                  ro code   0x800'3d74     0xe  cexit.o [5]
  .text                  ro code   0x800'3d84    0x14  exit.o [6]
  .rodata                const     0x800'3d98    0x1c  GpioOutput.o [1]
  .rodata                const     0x800'3db4    0x1c  SPI_Poll.o [1]
  .text                  ro code   0x800'3dd0    0x1c  stm32f1xx_it.o [1]
  .text                  ro code   0x800'3dec    0x10  stm32f1xx_hal.o [1]
  .text                  ro code   0x800'3dfc    0x18  Test.o [1]
  .text                  ro code   0x800'3e14    0x14  Test.o [1]
  Initializer bytes      const     0x800'3e28    0x14  <for P2-1>
  .rodata                const     0x800'3e3c    0x10  stm32f1xx_hal_rcc.o [1]
  .rodata                const     0x800'3e4c    0x10  stm32f1xx_hal_rcc_ex.o [1]
  .rodata                const     0x800'3e5c    0x10  system_stm32f1xx.o [1]
  .rodata                const     0x800'3e6c    0x10  Test.o [1]
  .text                  ro code   0x800'3e7c    0x10  startup_stm32f103xb.o [1]
  .text                  ro code   0x800'3e8c     0xc  cstartup_M.o [5]
  .rodata                const     0x800'3e98     0x8  system_stm32f1xx.o [1]
  SHT$$PREINIT_ARRAY               0x800'3ea0     0x0  <Block>
  SHT$$INIT_ARRAY                  0x800'3ea0     0x8  <Block>
    .init_array          const     0x800'3ea0     0x4  SPI_Base.o [1]
    .init_array          const     0x800'3ea4     0x4  Test.o [1]
  __iar_tls$$INIT_ARRAY            0x800'3ea8     0x0  <Block>
  .text                  ro code   0x800'3ea8     0x4  startup_stm32f103xb.o [1]
  .text                  ro code   0x800'3eac     0x4  startup_stm32f103xb.o [1]
  .text                  ro code   0x800'3eb0     0x4  startup_stm32f103xb.o [1]
  .text                  ro code   0x800'3eb4     0x4  startup_stm32f103xb.o [1]
  .text                  ro code   0x800'3eb8     0x4  startup_stm32f103xb.o [1]
  .text                  ro code   0x800'3ebc     0x4  startup_stm32f103xb.o [1]
  .text                  ro code   0x800'3ec0     0x4  startup_stm32f103xb.o [1]
  .text                  ro code   0x800'3ec4     0x4  startup_stm32f103xb.o [1]
  .text                  ro code   0x800'3ec8     0x4  startup_stm32f103xb.o [1]
  .text                  ro code   0x800'3ecc     0x4  startup_stm32f103xb.o [1]
  .text                  ro code   0x800'3ed0     0x4  startup_stm32f103xb.o [1]
  .text                  ro code   0x800'3ed4     0x4  startup_stm32f103xb.o [1]
  .text                  ro code   0x800'3ed8     0x4  startup_stm32f103xb.o [1]
  .text                  ro code   0x800'3edc     0x4  startup_stm32f103xb.o [1]
  .text                  ro code   0x800'3ee0     0x4  startup_stm32f103xb.o [1]
  .text                  ro code   0x800'3ee4     0x4  startup_stm32f103xb.o [1]
  .text                  ro code   0x800'3ee8     0x4  startup_stm32f103xb.o [1]
  .text                  ro code   0x800'3eec     0x4  startup_stm32f103xb.o [1]
  .text                  ro code   0x800'3ef0     0x4  startup_stm32f103xb.o [1]
  .text                  ro code   0x800'3ef4     0x4  startup_stm32f103xb.o [1]
  .text                  ro code   0x800'3ef8     0x4  startup_stm32f103xb.o [1]
  .text                  ro code   0x800'3efc     0x4  startup_stm32f103xb.o [1]
  .text                  ro code   0x800'3f00     0x4  startup_stm32f103xb.o [1]
  .text                  ro code   0x800'3f04     0x4  startup_stm32f103xb.o [1]
  .text                  ro code   0x800'3f08     0x4  startup_stm32f103xb.o [1]
  .text                  ro code   0x800'3f0c     0x4  startup_stm32f103xb.o [1]
  .text                  ro code   0x800'3f10     0x4  startup_stm32f103xb.o [1]
  .text                  ro code   0x800'3f14     0x4  startup_stm32f103xb.o [1]
  .text                  ro code   0x800'3f18     0x4  startup_stm32f103xb.o [1]
  .text                  ro code   0x800'3f1c     0x4  startup_stm32f103xb.o [1]
  .text                  ro code   0x800'3f20     0x4  startup_stm32f103xb.o [1]
  .text                  ro code   0x800'3f24     0x4  startup_stm32f103xb.o [1]
  .text                  ro code   0x800'3f28     0x4  startup_stm32f103xb.o [1]
  .text                  ro code   0x800'3f2c     0x4  startup_stm32f103xb.o [1]
  .text                  ro code   0x800'3f30     0x4  startup_stm32f103xb.o [1]
  .text                  ro code   0x800'3f34     0x4  startup_stm32f103xb.o [1]
  .text                  ro code   0x800'3f38     0x4  startup_stm32f103xb.o [1]
  .text                  ro code   0x800'3f3c     0x4  startup_stm32f103xb.o [1]
  .text                  ro code   0x800'3f40     0x4  startup_stm32f103xb.o [1]
  .text                  ro code   0x800'3f44     0x4  startup_stm32f103xb.o [1]
  .text                  ro code   0x800'3f48     0x4  startup_stm32f103xb.o [1]
  .text                  ro code   0x800'3f4c     0x4  startup_stm32f103xb.o [1]
  .text                  ro code   0x800'3f50     0x4  startup_stm32f103xb.o [1]
  .text                  ro code   0x800'3f54     0x0  cstart_call_dtors.o [5]
  .rodata                const     0x800'3f54     0x0  zero_init3.o [5]
  .rodata                const     0x800'3f54     0x0  copy_init3.o [5]
                                 - 0x800'3f54  0x3e68

Absolute sections:                              0x100
  .noinit                uninit   0x2000'0100   0x100  Interrupt.o [1]
                                - 0x2000'0200   0x100

"P2", part 1 of 3:                               0x14
  P2-1                            0x2000'0200    0x14  <Init block>
    .data                inited   0x2000'0200     0x4  SPI_Base.o [1]
    .data                inited   0x2000'0204     0x4  SPI_Base.o [1]
    .data                inited   0x2000'0208     0x4  system_stm32f1xx.o [1]
    .data                inited   0x2000'020c     0x8  XShttio.o [2]
                                - 0x2000'0214    0x14

"P2", part 2 of 3:                              0xa50
  .bss                   zero     0x2000'0214   0x32c  SPI_Base.o [1]
  .bss                   zero     0x2000'0540   0x228  Test.o [1]
  .bss                   zero     0x2000'0768   0x228  Test.o [1]
  .bss                   zero     0x2000'0990    0x58  SPI_Base.o [1]
  .bss                   zero     0x2000'09e8    0x44  SPI_Base.o [1]
  .bss                   zero     0x2000'0a2c    0x44  SPI_Base.o [1]
  .bss                   zero     0x2000'0a70    0x44  SPI_Base.o [1]
  .bss                   zero     0x2000'0ab4    0x44  SPI_Base.o [1]
  .bss                   zero     0x2000'0af8    0x34  SPI_Base.o [1]
  .bss                   zero     0x2000'0b2c    0x14  RTC_Module.o [1]
  .bss                   zero     0x2000'0b40     0xc  Test.o [1]
  .bss                   zero     0x2000'0b4c     0xc  Test.o [1]
  .bss                   zero     0x2000'0b58     0xc  Test.o [1]
  .bss                   zero     0x2000'0b64     0xc  Test.o [1]
  .bss                   zero     0x2000'0b70     0xc  Test.o [1]
  .bss                   zero     0x2000'0b7c     0xc  Test.o [1]
  .bss                   zero     0x2000'0b88     0xc  Test.o [1]
  .bss                   zero     0x2000'0b94     0xc  Test.o [1]
  .bss                   zero     0x2000'0ba0     0xc  Test.o [1]
  .bss                   zero     0x2000'0bac     0xc  Test.o [1]
  .bss                   zero     0x2000'0bb8     0xc  Test.o [1]
  .bss                   zero     0x2000'0bc4     0xc  Test.o [1]
  .bss                   zero     0x2000'0bd0     0xc  Test.o [1]
  .bss                   zero     0x2000'0bdc     0x4  Nokia5110LCD.o [1]
  .bss                   zero     0x2000'0be0     0x4  SPI_Base.o [1]
  .bss                   zero     0x2000'0be4     0x4  SPI_Base.o [1]
  .bss                   zero     0x2000'0be8     0x4  SPI_Base.o [1]
  .bss                   zero     0x2000'0bec     0x4  SPI_Base.o [1]
  .bss                   zero     0x2000'0bf0     0x4  SPI_Base.o [1]
  .bss                   zero     0x2000'0bf4     0x4  SPI_Base.o [1]
  .bss                   zero     0x2000'0bf8     0x4  SPI_Base.o [1]
  .bss                   zero     0x2000'0bfc     0x4  SPI_Base.o [1]
  .bss                   zero     0x2000'0c00     0x4  SPI_Base.o [1]
  .bss                   zero     0x2000'0c04     0x4  SPI_Base.o [1]
  .bss                   zero     0x2000'0c08     0x4  SPI_Base.o [1]
  .bss                   zero     0x2000'0c0c     0x4  SPI_Base.o [1]
  .bss                   zero     0x2000'0c10     0x4  SPI_Base.o [1]
  .bss                   zero     0x2000'0c14     0x4  SPI_Base.o [1]
  .bss                   zero     0x2000'0c18     0x4  SPI_Base.o [1]
  .bss                   zero     0x2000'0c1c     0x4  SPI_Base.o [1]
  .bss                   zero     0x2000'0c20     0x4  SPI_Base.o [1]
  .bss                   zero     0x2000'0c24     0x4  SPI_Base.o [1]
  .bss                   zero     0x2000'0c28     0x4  SPI_Base.o [1]
  .bss                   zero     0x2000'0c2c     0x4  SPI_Base.o [1]
  .bss                   zero     0x2000'0c30     0x4  SPI_Base.o [1]
  .bss                   zero     0x2000'0c34     0x4  SPI_Base.o [1]
  .bss                   zero     0x2000'0c38     0x4  SPI_Base.o [1]
  .bss                   zero     0x2000'0c3c     0x4  SPI_Base.o [1]
  .bss                   zero     0x2000'0c40     0x4  SPI_Base.o [1]
  .bss                   zero     0x2000'0c44     0x4  SPI_Base.o [1]
  .bss                   zero     0x2000'0c48     0x4  stm32f1xx_hal.o [1]
  .bss                   zero     0x2000'0c4c     0x4  Test.o [1]
  .bss                   zero     0x2000'0c50     0x4  Test.o [1]
  .bss                   zero     0x2000'0c54     0x4  cppinit.o [2]
  .bss                   zero     0x2000'0c58     0x4  cppinit.o [2]
  .bss                   zero     0x2000'0c5c     0x1  Test.o [1]
  .bss                   zero     0x2000'0c5d     0x1  Test.o [1]
  .bss                   zero     0x2000'0c5e     0x1  Test.o [1]
  .bss                   zero     0x2000'0c5f     0x1  Test.o [1]
  .bss                   zero     0x2000'0c60     0x1  Test.o [1]
  .bss                   zero     0x2000'0c61     0x1  Test.o [1]
  .bss                   zero     0x2000'0c62     0x1  Test.o [1]
                                - 0x2000'0c63   0xa4f

"P2", part 3 of 3:                              0x99c
  .iar.dynexit                    0x2000'0c64   0x198  <Block>
    .iar.dynexit         uninit   0x2000'0c64     0xc  cppinit.o [2]
    .iar.dynexit         uninit   0x2000'0c70   0x18c  <Block tail>
  CSTACK                          0x2000'0e00   0x800  <Block>
    CSTACK               uninit   0x2000'0e00   0x800  <Block tail>
                                - 0x2000'1600   0x99c

Unused ranges:

         From           To    Size
         ----           --    ----
   0x800'3f54   0x800'ffff  0xc0ac
  0x2000'0000  0x2000'00ff   0x100
  0x2000'1600  0x2000'4fff  0x3a00


*******************************************************************************
*** INIT TABLE
***

          Address      Size
          -------      ----
Zero (__iar_zero_init3)
    1 destination range, total size 0xa4f:
          0x2000'0214  0xa4f

Copy (__iar_copy_init3)
    1 source range, total size 0x14:
           0x800'3e28   0x14
    1 destination range, total size 0x14:
          0x2000'0200   0x14

Extra (__iar_cstart_call_ctors)



*******************************************************************************
*** MODULE SUMMARY
***

    Module                  ro code  ro data  rw data  rw data
                                                        (abs)
    ------                  -------  -------  -------  -------
command line/config:
    ----------------------------------------------------------
    Total:

C:\Amit_Chaudhary\STM32\Projects\IAR\IAR_Projects\Main\Main_Latest\IAR\Debug\Obj: [1]
    GpioOutput.o                316       28
    Interrupt.o                 140                        256
    Nokia5110LCD.o              634      576        4
    RTC_Module.o                296       32       20
    SPI_Base.o                1 478       12    1 336
    SPI_DMA.o                 1 770       56
    SPI_IT.o                    178
    SPI_Poll.o                   66       28
    Test.o                      700       20    1 275
    Utils.o                      96
    main.o                      186       84
    startup_stm32f103xb.o       424
    stm32f1xx_hal.o             160                 4
    stm32f1xx_hal_cortex.o      330
    stm32f1xx_hal_dma.o         896
    stm32f1xx_hal_gpio.o        640
    stm32f1xx_hal_pwr.o          12
    stm32f1xx_hal_rcc.o       1 568       18
    stm32f1xx_hal_rcc_ex.o      588       18
    stm32f1xx_hal_rtc.o       1 822
    stm32f1xx_hal_spi.o       2 212
    stm32f1xx_it.o               28
    system_stm32f1xx.o           88       28        4
    ----------------------------------------------------------
    Total:                   14 628      900    2 643      256

dl7M_tln.a: [2]
    XShttio.o                    12        8        8
    cppinit.o                   160                20
    exit.o                        4
    low_level_init.o              4
    ----------------------------------------------------------
    Total:                      180        8       28

dlpp7M_tl_nc.a: [3]
    cxxabi.o                     10
    ----------------------------------------------------------
    Total:                       10

m7M_tl.a: [4]
    ----------------------------------------------------------
    Total:

rt7M_tl.a: [5]
    ABImemcpy.o                 134
    cexit.o                      14
    cmain.o                      30
    cmain_call_ctors.o           32
    copy_init3.o                 44
    cstart_call_dtors.o
    cstartup_M.o                 12
    data_init.o                  40
    zero_init3.o                 58
    ----------------------------------------------------------
    Total:                      364

shb_l.a: [6]
    exit.o                       20
    iarttio.o                    48
    unwind_debug.o                         1
    ----------------------------------------------------------
    Total:                       68        1

    Gaps                         13
    Linker created                        40    2 444
--------------------------------------------------------------
    Grand Total:             15 263      949    5 115      256


*******************************************************************************
*** ENTRY LIST
***

Entry                       Address   Size  Type      Object
-----                       -------   ----  ----      ------
.iar.dynexit$$Base      0x2000'0c64          --   Gb  - Linker created -
.iar.dynexit$$Limit     0x2000'0dfc          --   Gb  - Linker created -
.iar.init_table$$Base    0x800'3ce4          --   Gb  - Linker created -
.iar.init_table$$Limit   0x800'3d0c          --   Gb  - Linker created -
?main                    0x800'3d4d         Code  Gb  cmain.o [5]
AHBPrescTable            0x800'3e5c   0x10  Data  Gb  system_stm32f1xx.o [1]
APBPrescTable            0x800'3e98    0x8  Data  Gb  system_stm32f1xx.o [1]
Backlight               0x2000'0bc4    0xc  Data  Lc  Test.o [1]
BusFault_Handler         0x800'3dd7    0x2  Code  Gb  stm32f1xx_it.o [1]
CS                      0x2000'0ba0    0xc  Data  Lc  Test.o [1]
CSTACK$$Base            0x2000'0e00          --   Gb  - Linker created -
CSTACK$$Limit           0x2000'1600          --   Gb  - Linker created -
D_C                     0x2000'0bb8    0xc  Data  Lc  Test.o [1]
DebugMon_Handler         0x800'3ddd    0x2  Code  Gb  stm32f1xx_it.o [1]
DtorRecArray            0x2000'0c64    0xc  Data  Lc  cppinit.o [2]
HAL_DMA_Abort_IT         0x800'0a9b   0xb4  Code  Gb  stm32f1xx_hal_dma.o [1]
HAL_DMA_IRQHandler       0x800'0b4f  0x16a  Code  Gb  stm32f1xx_hal_dma.o [1]
HAL_DMA_Init             0x800'0989   0x7a  Code  Gb  stm32f1xx_hal_dma.o [1]
HAL_DMA_Start_IT         0x800'0a03   0x98  Code  Gb  stm32f1xx_hal_dma.o [1]
HAL_Delay                0x800'322f   0x1e  Code  Wk  stm32f1xx_hal.o [1]
HAL_GPIO_Init            0x800'131d  0x226  Code  Gb  stm32f1xx_hal_gpio.o [1]
HAL_GPIO_WritePin        0x800'1543   0x1a  Code  Gb  stm32f1xx_hal_gpio.o [1]
HAL_GetTick              0x800'0d45    0xc  Code  Wk  stm32f1xx_hal.o [1]
HAL_IncTick              0x800'3ded   0x10  Code  Wk  stm32f1xx_hal.o [1]
HAL_Init                 0x800'3b45   0x24  Code  Gb  stm32f1xx_hal.o [1]
HAL_InitTick             0x800'2661   0x3c  Code  Wk  stm32f1xx_hal.o [1]
HAL_NVIC_SetPriority     0x800'276d   0x2a  Code  Gb  stm32f1xx_hal_cortex.o [1]
HAL_NVIC_SetPriorityGrouping
                         0x800'2761    0xc  Code  Gb  stm32f1xx_hal_cortex.o [1]
HAL_PWR_EnableBkUpAccess
                         0x800'383d    0x8  Code  Gb  stm32f1xx_hal_pwr.o [1]
HAL_RCCEx_GetPeriphCLKFreq
                         0x800'1e85  0x106  Code  Gb  stm32f1xx_hal_rcc_ex.o [1]
HAL_RCCEx_PeriphCLKConfig
                         0x800'1d6d  0x118  Code  Gb  stm32f1xx_hal_rcc_ex.o [1]
HAL_RCC_ClockConfig      0x800'2401  0x16c  Code  Gb  stm32f1xx_hal_rcc.o [1]
HAL_RCC_GetHCLKFreq      0x800'25db    0x6  Code  Gb  stm32f1xx_hal_rcc.o [1]
HAL_RCC_GetPCLK2Freq     0x800'25e1   0x16  Code  Gb  stm32f1xx_hal_rcc.o [1]
HAL_RCC_GetSysClockFreq
                         0x800'256d   0x6e  Code  Gb  stm32f1xx_hal_rcc.o [1]
HAL_RCC_OscConfig        0x800'2041  0x3c0  Code  Gb  stm32f1xx_hal_rcc.o [1]
HAL_RTC_GetTime          0x800'1801  0x110  Code  Gb  stm32f1xx_hal_rtc.o [1]
HAL_RTC_Init             0x800'164d   0xdc  Code  Gb  stm32f1xx_hal_rtc.o [1]
HAL_RTC_SetDate          0x800'1911   0xe4  Code  Gb  stm32f1xx_hal_rtc.o [1]
HAL_RTC_SetTime          0x800'1729   0xd8  Code  Gb  stm32f1xx_hal_rtc.o [1]
HAL_RTC_WaitForSynchro   0x800'1a01   0x3e  Code  Gb  stm32f1xx_hal_rtc.o [1]
HAL_SPI_DeInit           0x800'0187   0x38  Code  Gb  stm32f1xx_hal_spi.o [1]
HAL_SPI_IRQHandler       0x800'0537   0xf8  Code  Gb  stm32f1xx_hal_spi.o [1]
HAL_SPI_Init             0x800'00ed   0x9a  Code  Gb  stm32f1xx_hal_spi.o [1]
HAL_SPI_Receive_DMA      0x800'02bb  0x11c  Code  Gb  stm32f1xx_hal_spi.o [1]
HAL_SPI_RxCpltCallback   0x800'113b   0x54  Code  Gb  SPI_Base.o [1]
HAL_SPI_RxHalfCpltCallback
                         0x800'1213   0x30  Code  Gb  SPI_Base.o [1]
HAL_SPI_TransmitReceive_DMA
                         0x800'03d7  0x160  Code  Gb  stm32f1xx_hal_spi.o [1]
HAL_SPI_Transmit_DMA     0x800'01bf   0xfc  Code  Gb  stm32f1xx_hal_spi.o [1]
HAL_SPI_TxCpltCallback   0x800'1055   0xe6  Code  Gb  SPI_Base.o [1]
HAL_SPI_TxHalfCpltCallback
                         0x800'11e3   0x30  Code  Gb  SPI_Base.o [1]
HAL_SPI_TxRxCpltCallback
                         0x800'118f   0x54  Code  Gb  SPI_Base.o [1]
HAL_SPI_TxRxHalfCpltCallback
                         0x800'1243   0x30  Code  Gb  SPI_Base.o [1]
HAL_SYSTICK_CLKSourceConfig
                         0x800'27a3   0x1c  Code  Gb  stm32f1xx_hal_cortex.o [1]
HAL_SYSTICK_Config       0x800'2797    0xc  Code  Gb  stm32f1xx_hal_cortex.o [1]
HAL_SYSTICK_IRQHandler   0x800'27dd    0x8  Code  Gb  stm32f1xx_hal_cortex.o [1]
HardFault_Handler        0x800'3dd3    0x2  Code  Gb  stm32f1xx_it.o [1]
LCD                     0x2000'0768  0x228  Data  Lc  Test.o [1]
LED                     0x2000'0b40    0xc  Data  Gb  Test.o [1]
MemManage_Handler        0x800'3dd5    0x2  Code  Gb  stm32f1xx_it.o [1]
NMI_Handler              0x800'3dd1    0x2  Code  Gb  stm32f1xx_it.o [1]
PendSV_Handler           0x800'3ddf    0x2  Code  Gb  stm32f1xx_it.o [1]
Peripherals::GpioOutput::GpioOutput(GPIO_TypeDef *, unsigned short)
                         0x800'34b1   0x22  Code  Gb  GpioOutput.o [1]
Peripherals::GpioOutput::HwInit()
                         0x800'34d3   0xfc  Code  Gb  GpioOutput.o [1]
Peripherals::GpioOutput::Off()
                         0x800'2ecd   0x10  Code  Gb  SPI_Poll.o [1]
Peripherals::GpioOutput::On()
                         0x800'159d   0x10  Code  Gb  Test.o [1]
Peripherals::Interrupt::EnableInterrupt(Peripherals::Interrupt::IRQn)
                         0x800'27e9   0x20  Code  Gb  Interrupt.o [1]
Peripherals::Interrupt::RegisterInterrupt_Vct_Table(void (*)(), Peripherals::Interrupt::IRQn, unsigned char, unsigned char)
                         0x800'2809   0x38  Code  Gb  Interrupt.o [1]
Peripherals::Interrupt::Relocate_Vector_Table()
                         0x800'2841   0x24  Code  Gb  Interrupt.o [1]
Peripherals::Interrupt::Vectors_RAM
                        0x2000'0100  0x100  Data  Gb  Interrupt.o [1]
Peripherals::Nokia5110LCD::BackLightON()
                         0x800'3731    0xc  Code  Gb  Test.o [1]
Peripherals::Nokia5110LCD::Clear()
                         0x800'30a7   0x26  Code  Gb  Nokia5110LCD.o [1]
Peripherals::Nokia5110LCD::ClearBuffer()
                         0x800'3215   0x16  Code  Gb  Nokia5110LCD.o [1]
Peripherals::Nokia5110LCD::DisplayInit()
                         0x800'301d   0x5e  Code  Gb  Nokia5110LCD.o [1]
Peripherals::Nokia5110LCD::DrawCharBuf(unsigned char, unsigned char, char, unsigned char)
                         0x800'30f3   0x8c  Code  Gb  Nokia5110LCD.o [1]
Peripherals::Nokia5110LCD::DrawStrBuf(unsigned char, unsigned char, char const *, unsigned char)
                         0x800'317f   0x44  Code  Gb  Nokia5110LCD.o [1]
Peripherals::Nokia5110LCD::GoToXY(int, int)
                         0x800'30cd   0x26  Code  Gb  Nokia5110LCD.o [1]
Peripherals::Nokia5110LCD::HwInit()
                         0x800'2fcd   0x50  Code  Gb  Nokia5110LCD.o [1]
Peripherals::Nokia5110LCD::Nokia5110LCD(Peripherals::SPI_DMA *, Peripherals::GpioOutput *, Peripherals::GpioOutput *, Peripherals::GpioOutput *, Peripherals::GpioOutput *)
                         0x800'2fb5   0x18  Code  Gb  Nokia5110LCD.o [1]
Peripherals::Nokia5110LCD::Refresh()
                         0x800'31c3   0x48  Code  Gb  Nokia5110LCD.o [1]
Peripherals::Nokia5110LCD::Refresh()::Status
                        0x2000'0bdc    0x4  Data  Lc  Nokia5110LCD.o [1]
Peripherals::Nokia5110LCD::SetBrigntness(unsigned char)
                         0x800'3721   0x10  Code  Gb  Test.o [1]
Peripherals::Nokia5110LCD::Write(Peripherals::Nokia5110LCD::DC_t, unsigned char)
                         0x800'307b   0x2c  Code  Gb  Nokia5110LCD.o [1]
Peripherals::Peripheral::Peripheral()
                         0x800'2fa9    0xc  Code  Gb  SPI_Poll.o [1]
Peripherals::Peripheral::Peripheral() [subobject]
                         0x800'2f9d    0xc  Code  Gb  SPI_Poll.o [1]
Peripherals::RTC_Module::GetTime(char *, unsigned int)
                         0x800'369f   0x50  Code  Gb  RTC_Module.o [1]
Peripherals::RTC_Module::GetTimeCounter()
                         0x800'36ef   0x14  Code  Gb  RTC_Module.o [1]
Peripherals::RTC_Module::HwInit()
                         0x800'360b   0x94  Code  Gb  RTC_Module.o [1]
Peripherals::RTC_Module::RTC_Module()
                         0x800'35f9   0x12  Code  Gb  RTC_Module.o [1]
Peripherals::RTC_Module::hrtc
                        0x2000'0b2c   0x14  Data  Gb  RTC_Module.o [1]
Peripherals::SPI_Base::DMA_Ch2_IRQHandler()
                         0x800'1007    0xe  Code  Gb  SPI_Base.o [1]
Peripherals::SPI_Base::DMA_Ch3_IRQHandler()
                         0x800'1015    0xe  Code  Gb  SPI_Base.o [1]
Peripherals::SPI_Base::DMA_Ch4_IRQHandler()
                         0x800'1023    0xe  Code  Gb  SPI_Base.o [1]
Peripherals::SPI_Base::DMA_Ch5_IRQHandler()
                         0x800'1031    0xe  Code  Gb  SPI_Base.o [1]
Peripherals::SPI_Base::GetStatus(Peripherals::SPI_Base::SPIx_t)
                         0x800'103f   0x16  Code  Gb  SPI_Base.o [1]
Peripherals::SPI_Base::SPI1_Q
                        0x2000'0214  0x32c  Data  Gb  SPI_Base.o [1]
Peripherals::SPI_Base::SPI1_RxDoneCallback
                        0x2000'0bfc    0x4  Data  Gb  SPI_Base.o [1]
Peripherals::SPI_Base::SPI1_RxHalfDoneCallback
                        0x2000'0c08    0x4  Data  Gb  SPI_Base.o [1]
Peripherals::SPI_Base::SPI1_Status
                        0x2000'0bf0    0x4  Data  Gb  SPI_Base.o [1]
Peripherals::SPI_Base::SPI1_TxDoneCallback
                        0x2000'0bf8    0x4  Data  Gb  SPI_Base.o [1]
Peripherals::SPI_Base::SPI1_TxHalfDoneCallback
                        0x2000'0c04    0x4  Data  Gb  SPI_Base.o [1]
Peripherals::SPI_Base::SPI1_TxRxDoneCallback
                        0x2000'0c00    0x4  Data  Gb  SPI_Base.o [1]
Peripherals::SPI_Base::SPI1_TxRxHalfDoneCallback
                        0x2000'0c0c    0x4  Data  Gb  SPI_Base.o [1]
Peripherals::SPI_Base::SPI1__IRQHandler()
                         0x800'0fef    0xc  Code  Gb  SPI_Base.o [1]
Peripherals::SPI_Base::SPI2_Q
                        0x2000'0af8   0x34  Data  Gb  SPI_Base.o [1]
Peripherals::SPI_Base::SPI2_RxDoneCallback
                        0x2000'0c14    0x4  Data  Gb  SPI_Base.o [1]
Peripherals::SPI_Base::SPI2_RxHalfDoneCallback
                        0x2000'0c20    0x4  Data  Gb  SPI_Base.o [1]
Peripherals::SPI_Base::SPI2_Status
                        0x2000'0bf4    0x4  Data  Gb  SPI_Base.o [1]
Peripherals::SPI_Base::SPI2_TxDoneCallback
                        0x2000'0c10    0x4  Data  Gb  SPI_Base.o [1]
Peripherals::SPI_Base::SPI2_TxHalfDoneCallback
                        0x2000'0c1c    0x4  Data  Gb  SPI_Base.o [1]
Peripherals::SPI_Base::SPI2_TxRxDoneCallback
                        0x2000'0c18    0x4  Data  Gb  SPI_Base.o [1]
Peripherals::SPI_Base::SPI2_TxRxHalfDoneCallback
                        0x2000'0c24    0x4  Data  Gb  SPI_Base.o [1]
Peripherals::SPI_Base::SPI2__IRQHandler()
                         0x800'0ffb    0xc  Code  Gb  SPI_Base.o [1]
Peripherals::SPI_Base::SPI_Base()
                         0x800'2f4f    0xe  Code  Gb  SPI_Poll.o [1]
Peripherals::SPI_Base::SPI_Base() [subobject]
                         0x800'2ec1    0xc  Code  Gb  SPI_Poll.o [1]
Peripherals::SPI_Base::SPI_Init(Peripherals::SPI_Base::SPIx_t, unsigned int, __SPI_HandleTypeDef *)
                         0x800'0d65  0x28a  Code  Gb  SPI_Base.o [1]
Peripherals::SPI_Base::m_hdma_spi1_rx
                        0x2000'09e8   0x44  Data  Gb  SPI_Base.o [1]
Peripherals::SPI_Base::m_hdma_spi1_tx
                        0x2000'0a2c   0x44  Data  Gb  SPI_Base.o [1]
Peripherals::SPI_Base::m_hdma_spi2_rx
                        0x2000'0a70   0x44  Data  Gb  SPI_Base.o [1]
Peripherals::SPI_Base::m_hdma_spi2_tx
                        0x2000'0ab4   0x44  Data  Gb  SPI_Base.o [1]
Peripherals::SPI_Base::m_hspi_1
                        0x2000'0990   0x58  Data  Gb  SPI_Base.o [1]
Peripherals::SPI_Base::m_pChipSelect_SPI1
                        0x2000'0c38    0x4  Data  Gb  SPI_Base.o [1]
Peripherals::SPI_Base::m_pChipSelect_SPI2
                        0x2000'0c3c    0x4  Data  Gb  SPI_Base.o [1]
Peripherals::SPI_Base::m_pCurentTransaction_SPI1
                        0x2000'0be0    0x4  Data  Gb  SPI_Base.o [1]
Peripherals::SPI_Base::m_pCurentTransaction_SPI2
                        0x2000'0be4    0x4  Data  Gb  SPI_Base.o [1]
Peripherals::SPI_Base::m_pSPI1_Obj
                        0x2000'0be8    0x4  Data  Gb  SPI_Base.o [1]
Peripherals::SPI_Base::m_pSPI1_Q
                        0x2000'0200    0x4  Data  Gb  SPI_Base.o [1]
Peripherals::SPI_Base::m_pSPI2_Obj
                        0x2000'0bec    0x4  Data  Gb  SPI_Base.o [1]
Peripherals::SPI_Base::m_pSPI2_Q
                        0x2000'0204    0x4  Data  Gb  SPI_Base.o [1]
Peripherals::SPI_Base::m_phdma_spi1_rx
                        0x2000'0c28    0x4  Data  Gb  SPI_Base.o [1]
Peripherals::SPI_Base::m_phdma_spi1_tx
                        0x2000'0c2c    0x4  Data  Gb  SPI_Base.o [1]
Peripherals::SPI_Base::m_phdma_spi2_rx
                        0x2000'0c30    0x4  Data  Gb  SPI_Base.o [1]
Peripherals::SPI_Base::m_phdma_spi2_tx
                        0x2000'0c34    0x4  Data  Gb  SPI_Base.o [1]
Peripherals::SPI_Base::m_phspi_1
                        0x2000'0c40    0x4  Data  Gb  SPI_Base.o [1]
Peripherals::SPI_Base::m_phspi_2
                        0x2000'0c44    0x4  Data  Gb  SPI_Base.o [1]
Peripherals::SPI_DMA::GetSPIx()
                         0x800'322b    0x4  Code  Gb  Nokia5110LCD.o [1]
Peripherals::SPI_DMA::HwDeinit()
                         0x800'3e15   0x14  Code  Gb  Test.o [1]
Peripherals::SPI_DMA::HwInit()
                         0x800'2957  0x232  Code  Gb  SPI_DMA.o [1]
Peripherals::SPI_DMA::Post(Peripherals::SPI_Base::Transaction_t *)
                         0x800'2de7   0x54  Code  Gb  SPI_DMA.o [1]
Peripherals::SPI_DMA::Rx(unsigned char *, unsigned short)
                         0x800'2c07   0x6e  Code  Gb  SPI_DMA.o [1]
Peripherals::SPI_DMA::SPI_DMA(Peripherals::SPI_Base::SPIx_t, Peripherals::GpioOutput *, unsigned int, __SPI_HandleTypeDef *, __DMA_HandleTypeDef *, __DMA_HandleTypeDef *)
                         0x800'2875   0xe2  Code  Gb  SPI_DMA.o [1]
Peripherals::SPI_DMA::Tx(unsigned char *, unsigned short)
                         0x800'2b89   0x7e  Code  Gb  SPI_DMA.o [1]
Peripherals::SPI_DMA::TxRx(unsigned char *, unsigned char *, unsigned short)
                         0x800'2c75   0x8a  Code  Gb  SPI_DMA.o [1]
Peripherals::SPI_DMA::Xfer(Peripherals::SPI_Base::Transaction_t *)
                         0x800'2cff   0xe8  Code  Gb  SPI_DMA.o [1]
Peripherals::SPI_DMA::~SPI_DMA()
                         0x800'3dfd   0x18  Code  Gb  Test.o [1]
RTC_Test()               0x800'32e1  0x154  Code  Gb  Test.o [1]
RTC_Test()::Backlight   0x2000'0b88    0xc  Data  Lc  Test.o [1]
RTC_Test()::CS          0x2000'0b64    0xc  Data  Lc  Test.o [1]
RTC_Test()::D_C         0x2000'0b7c    0xc  Data  Lc  Test.o [1]
RTC_Test()::LCD         0x2000'0540  0x228  Data  Lc  Test.o [1]
RTC_Test()::Reset       0x2000'0b94    0xc  Data  Lc  Test.o [1]
RTC_Test()::SPI_Obj     0x2000'0b70    0xc  Data  Lc  Test.o [1]
RTC_Test()::TimeCounter
                        0x2000'0c50    0x4  Data  Lc  Test.o [1]
RTC_Test()::TimeCounterStr
                        0x2000'0b4c    0xc  Data  Lc  Test.o [1]
RTC_Test()::TimeStr     0x2000'0b58    0xc  Data  Lc  Test.o [1]
RTC_Test()::rtc         0x2000'0c4c    0x4  Data  Lc  Test.o [1]
RTC_Test()::static guard for Backlight
                        0x2000'0c60    0x1  Data  Lc  Test.o [1]
RTC_Test()::static guard for CS
                        0x2000'0c5d    0x1  Data  Lc  Test.o [1]
RTC_Test()::static guard for D_C
                        0x2000'0c5f    0x1  Data  Lc  Test.o [1]
RTC_Test()::static guard for LCD
                        0x2000'0c62    0x1  Data  Lc  Test.o [1]
RTC_Test()::static guard for Reset
                        0x2000'0c61    0x1  Data  Lc  Test.o [1]
RTC_Test()::static guard for SPI_Obj
                        0x2000'0c5e    0x1  Data  Lc  Test.o [1]
RTC_Test()::static guard for rtc
                        0x2000'0c5c    0x1  Data  Lc  Test.o [1]
Region$$Table$$Base      0x800'3ce4          --   Gb  - Linker created -
Region$$Table$$Limit     0x800'3d0c          --   Gb  - Linker created -
Reset                   0x2000'0bd0    0xc  Data  Lc  Test.o [1]
SHT$$INIT_ARRAY$$Base    0x800'3ea0          --   Gb  - Linker created -
SHT$$INIT_ARRAY$$Limit   0x800'3ea8          --   Gb  - Linker created -
SHT$$PREINIT_ARRAY$$Base
                         0x800'3ea0          --   Gb  - Linker created -
SHT$$PREINIT_ARRAY$$Limit
                         0x800'3ea0          --   Gb  - Linker created -
SPI_Obj                 0x2000'0bac    0xc  Data  Lc  Test.o [1]
SVC_Handler              0x800'3ddb    0x2  Code  Gb  stm32f1xx_it.o [1]
SysTick_Handler          0x800'3de1    0xc  Code  Gb  stm32f1xx_it.o [1]
SystemClock_Config()     0x800'3a99   0xa4  Code  Gb  main.o [1]
SystemCoreClock         0x2000'0208    0x4  Data  Gb  system_stm32f1xx.o [1]
SystemInit               0x800'3b71   0x3e  Code  Gb  system_stm32f1xx.o [1]
UsageFault_Handler       0x800'3dd9    0x2  Code  Gb  stm32f1xx_it.o [1]
Utils::Queue<Peripherals::SPI_Base::Transaction_t *, (unsigned int)10>::IsQueueEmpty()
                         0x800'1603   0x12  Code  Gb  SPI_DMA.o [1]
Utils::Queue<Peripherals::SPI_Base::Transaction_t *, (unsigned int)10>::IsQueueFull()
                         0x800'2f7f   0x1e  Code  Gb  SPI_IT.o [1]
Utils::Queue<Peripherals::SPI_Base::Transaction_t *, (unsigned int)10>::Queue()
                         0x800'130f    0xe  Code  Gb  SPI_Base.o [1]
Utils::Queue<Peripherals::SPI_Base::Transaction_t *, (unsigned int)10>::Read(Peripherals::SPI_Base::Transaction_t *&)
                         0x800'1615   0x36  Code  Gb  SPI_DMA.o [1]
Utils::Queue<Peripherals::SPI_Base::Transaction_t *, (unsigned int)10>::Write(Peripherals::SPI_Base::Transaction_t *)
                         0x800'2f1b   0x34  Code  Gb  SPI_IT.o [1]
Utils::Queue<Peripherals::SPI_Base::Transaction_t *, (unsigned int)200>::IsQueueEmpty()
                         0x800'15ad   0x16  Code  Gb  SPI_DMA.o [1]
Utils::Queue<Peripherals::SPI_Base::Transaction_t *, (unsigned int)200>::IsQueueFull()
                         0x800'2f5d   0x22  Code  Gb  SPI_IT.o [1]
Utils::Queue<Peripherals::SPI_Base::Transaction_t *, (unsigned int)200>::Queue()
                         0x800'12fb   0x14  Code  Gb  SPI_Base.o [1]
Utils::Queue<Peripherals::SPI_Base::Transaction_t *, (unsigned int)200>::Read(Peripherals::SPI_Base::Transaction_t *&)
                         0x800'15c3   0x40  Code  Gb  SPI_DMA.o [1]
Utils::Queue<Peripherals::SPI_Base::Transaction_t *, (unsigned int)200>::Write(Peripherals::SPI_Base::Transaction_t *)
                         0x800'2edd   0x3e  Code  Gb  SPI_IT.o [1]
Virtual function table for Peripherals::GpioOutput
                         0x800'3d98   0x1c  Data  Gb  GpioOutput.o [1]
Virtual function table for Peripherals::Peripheral
                         0x800'3db4   0x1c  Data  Gb  SPI_Poll.o [1]
Virtual function table for Peripherals::RTC_Module
                         0x800'3d0c   0x20  Data  Gb  RTC_Module.o [1]
Virtual function table for Peripherals::SPI_DMA
                         0x800'3c1c   0x38  Data  Gb  SPI_DMA.o [1]
[local to Nokia5110LCD_cpp]::Peripherals::ASCII
                         0x800'3848  0x240  Data  Lc  Nokia5110LCD.o [1]
[local to stm32f1xx_hal_cortex_c]::NVIC_EncodePriority(unsigned int, unsigned int, unsigned int)
                         0x800'26f1   0x40  Code  Lc  stm32f1xx_hal_cortex.o [1]
[local to stm32f1xx_hal_cortex_c]::NVIC_GetPriorityGrouping()
                         0x800'26bb    0xa  Code  Lc  stm32f1xx_hal_cortex.o [1]
[local to stm32f1xx_hal_cortex_c]::NVIC_SetPriority(IRQn_Type, unsigned int)
                         0x800'26c5   0x2c  Code  Lc  stm32f1xx_hal_cortex.o [1]
[local to stm32f1xx_hal_cortex_c]::NVIC_SetPriorityGrouping(unsigned int)
                         0x800'269d   0x1e  Code  Lc  stm32f1xx_hal_cortex.o [1]
[local to stm32f1xx_hal_cortex_c]::SysTick_Config(unsigned int)
                         0x800'2731   0x30  Code  Lc  stm32f1xx_hal_cortex.o [1]
[local to stm32f1xx_hal_dma_c]::DMA_SetConfig(__DMA_HandleTypeDef *, unsigned int, unsigned int, unsigned int)
                         0x800'0cdd   0x2c  Code  Lc  stm32f1xx_hal_dma.o [1]
[local to stm32f1xx_hal_rcc_c]::RCC_Delay(unsigned int)
                         0x800'25f7   0x26  Code  Lc  stm32f1xx_hal_rcc.o [1]
[local to stm32f1xx_hal_rtc_c]::RTC_Bcd2ToByte(unsigned char)
                         0x800'1b99   0x1a  Code  Lc  stm32f1xx_hal_rtc.o [1]
[local to stm32f1xx_hal_rtc_c]::RTC_ByteToBcd2(unsigned char)
                         0x800'1b81   0x18  Code  Lc  stm32f1xx_hal_rtc.o [1]
[local to stm32f1xx_hal_rtc_c]::RTC_DateUpdate(RTC_HandleTypeDef *, unsigned int)
                         0x800'1bb3   0xe2  Code  Lc  stm32f1xx_hal_rtc.o [1]
[local to stm32f1xx_hal_rtc_c]::RTC_EnterInitMode(RTC_HandleTypeDef *)
                         0x800'1b15   0x36  Code  Lc  stm32f1xx_hal_rtc.o [1]
[local to stm32f1xx_hal_rtc_c]::RTC_ExitInitMode(RTC_HandleTypeDef *)
                         0x800'1b4b   0x36  Code  Lc  stm32f1xx_hal_rtc.o [1]
[local to stm32f1xx_hal_rtc_c]::RTC_IsLeapYear(unsigned short)
                         0x800'1c95   0x40  Code  Lc  stm32f1xx_hal_rtc.o [1]
[local to stm32f1xx_hal_rtc_c]::RTC_ReadAlarmCounter(RTC_HandleTypeDef *)
                         0x800'1abf   0x1c  Code  Lc  stm32f1xx_hal_rtc.o [1]
[local to stm32f1xx_hal_rtc_c]::RTC_ReadTimeCounter(RTC_HandleTypeDef *)
                         0x800'1a3f   0x46  Code  Lc  stm32f1xx_hal_rtc.o [1]
[local to stm32f1xx_hal_rtc_c]::RTC_WeekDayNum(unsigned int, unsigned char, unsigned char)
                         0x800'1cd5   0x94  Code  Lc  stm32f1xx_hal_rtc.o [1]
[local to stm32f1xx_hal_rtc_c]::RTC_WriteAlarmCounter(RTC_HandleTypeDef *, unsigned int)
                         0x800'1adb   0x3a  Code  Lc  stm32f1xx_hal_rtc.o [1]
[local to stm32f1xx_hal_rtc_c]::RTC_WriteTimeCounter(RTC_HandleTypeDef *, unsigned int)
                         0x800'1a85   0x3a  Code  Lc  stm32f1xx_hal_rtc.o [1]
[local to stm32f1xx_hal_spi_c]::SPI_CheckFlag_BSY(__SPI_HandleTypeDef *, unsigned int, unsigned int)
                         0x800'095b   0x2a  Code  Lc  stm32f1xx_hal_spi.o [1]
[local to stm32f1xx_hal_spi_c]::SPI_DMAAbortOnError(__DMA_HandleTypeDef *)
                         0x800'08a1   0x16  Code  Lc  stm32f1xx_hal_spi.o [1]
[local to stm32f1xx_hal_spi_c]::SPI_DMAError(__DMA_HandleTypeDef *)
                         0x800'0879   0x28  Code  Lc  stm32f1xx_hal_spi.o [1]
[local to stm32f1xx_hal_spi_c]::SPI_DMAHalfReceiveCplt(__DMA_HandleTypeDef *)
                         0x800'0859    0xe  Code  Lc  stm32f1xx_hal_spi.o [1]
[local to stm32f1xx_hal_spi_c]::SPI_DMAHalfTransmitCplt(__DMA_HandleTypeDef *)
                         0x800'0849    0xe  Code  Lc  stm32f1xx_hal_spi.o [1]
[local to stm32f1xx_hal_spi_c]::SPI_DMAHalfTransmitReceiveCplt(__DMA_HandleTypeDef *)
                         0x800'0869    0xe  Code  Lc  stm32f1xx_hal_spi.o [1]
[local to stm32f1xx_hal_spi_c]::SPI_DMAReceiveCplt(__DMA_HandleTypeDef *)
                         0x800'06a1   0xd8  Code  Lc  stm32f1xx_hal_spi.o [1]
[local to stm32f1xx_hal_spi_c]::SPI_DMATransmitCplt(__DMA_HandleTypeDef *)
                         0x800'0631   0x70  Code  Lc  stm32f1xx_hal_spi.o [1]
[local to stm32f1xx_hal_spi_c]::SPI_DMATransmitReceiveCplt(__DMA_HandleTypeDef *)
                         0x800'0779   0xce  Code  Lc  stm32f1xx_hal_spi.o [1]
[local to stm32f1xx_hal_spi_c]::SPI_WaitFlagStateUntilTimeout(__SPI_HandleTypeDef *, unsigned int, unsigned int, unsigned int, unsigned int)
                         0x800'08b9   0xa2  Code  Lc  stm32f1xx_hal_spi.o [1]
_Error_Handler           0x800'3b41    0x2  Code  Gb  main.o [1]
__aeabi_atexit           0x800'35ed    0xa  Code  Gb  cxxabi.o [3]
__aeabi_memcpy4          0x800'1fb9         Code  Gb  ABImemcpy.o [5]
__aeabi_memcpy8          0x800'1fb9         Code  Gb  ABImemcpy.o [5]
__call_ctors             0x800'379d   0x18  Code  Gb  cppinit.o [2]
__call_dtors             0x800'37eb    0xc  Code  Gb  cppinit.o [2]
__call_dtors0            0x800'37f7   0x36  Code  Gb  cppinit.o [2]
__cexit_call_dtors       0x800'3d77         Code  Gb  cexit.o [5]
__cmain                  0x800'3d4d         Code  Gb  cmain.o [5]
__cstart_call_dtors      0x800'3f54         Data  Gb  cstart_call_dtors.o [5]
__cxa_atexit             0x800'37b5   0x36  Code  Gb  cppinit.o [2]
__dso_handle            0x2000'0c58    0x4  Data  Gb  cppinit.o [2]
__exit                   0x800'3d85   0x14  Code  Gb  exit.o [6]
__iar_close_ttio         0x800'3c55   0x2e  Code  Gb  iarttio.o [6]
__iar_copy_init3         0x800'3c91   0x2c  Code  Gb  copy_init3.o [5]
__iar_cstart_call_ctors
                         0x800'3d2d   0x20  Code  Gb  cmain_call_ctors.o [5]
__iar_data_init3         0x800'3cbd   0x28  Code  Gb  data_init.o [5]
__iar_debug_exceptions   0x800'203e    0x1  Data  Gb  unwind_debug.o [6]
__iar_lookup_ttioh       0x800'3c85    0x4  Code  Gb  XShttio.o [2]
__iar_program_start      0x800'3e8d         Code  Gb  cstartup_M.o [5]
__iar_tls$$INIT_ARRAY$$Base
                         0x800'3ea8          --   Gb  - Linker created -
__iar_tls$$INIT_ARRAY$$Limit
                         0x800'3ea8          --   Gb  - Linker created -
__iar_ttio_handles      0x2000'020c    0x8  Data  Lc  XShttio.o [2]
__iar_zero_init3         0x800'0d0b   0x3a  Code  Gb  zero_init3.o [5]
__low_level_init         0x800'3d6b    0x4  Code  Gb  low_level_init.o [2]
__sti__routine           0x800'0d51   0x14  Code  Lc  SPI_Base.o [1]
__sti__routine           0x800'324d   0x94  Code  Lc  Test.o [1]
__vector_table           0x800'0000         Data  Gb  startup_stm32f103xb.o [1]
_call_main               0x800'3d59         Code  Gb  cmain.o [5]
_exit                    0x800'3d75         Code  Gb  cexit.o [5]
_main                    0x800'3d67         Code  Gb  cmain.o [5]
exit                     0x800'3d6f    0x4  Code  Gb  exit.o [2]
intToStr(int, char *, int)
                         0x800'375b   0x42  Code  Gb  Utils.o [1]
main                     0x800'3a89   0x10  Code  Gb  main.o [1]
next_abi_dtor_rec       0x2000'0c54    0x4  Data  Lc  cppinit.o [2]
reverse(char *, int)     0x800'373d   0x1e  Code  Gb  Utils.o [1]
uwTick                  0x2000'0c48    0x4  Data  Gb  stm32f1xx_hal.o [1]


[1] = C:\Amit_Chaudhary\STM32\Projects\IAR\IAR_Projects\Main\Main_Latest\IAR\Debug\Obj
[2] = dl7M_tln.a
[3] = dlpp7M_tl_nc.a
[4] = m7M_tl.a
[5] = rt7M_tl.a
[6] = shb_l.a

  15 263 bytes of readonly  code memory
     949 bytes of readonly  data memory
   5 115 bytes of readwrite data memory (+ 256 absolute)

Errors: none
Warnings: none
