###############################################################################
#
# IAR ELF Linker V8.30.1.114/W32 for ARM                  25/Aug/2018  11:29:34
# Copyright 2007-2018 IAR Systems AB.
#
#    Output file  =  
#        C:\Amit_Chaudhary\STM32\Projects\IAR\IAR_Projects\CPP_Drivers\I2C\INA219\IAR\Debug\Exe\I2C_Master.out
#    Map file     =  
#        C:\Amit_Chaudhary\STM32\Projects\IAR\IAR_Projects\CPP_Drivers\I2C\INA219\IAR\Debug\List\I2C_Master.map
#    Command line =  
#        -f C:\Users\achaudha\AppData\Local\Temp\EWADE2.tmp
#        (C:\Amit_Chaudhary\STM32\Projects\IAR\IAR_Projects\CPP_Drivers\I2C\INA219\IAR\Debug\Obj\GpioInput.o
#        C:\Amit_Chaudhary\STM32\Projects\IAR\IAR_Projects\CPP_Drivers\I2C\INA219\IAR\Debug\Obj\GpioOutput.o
#        C:\Amit_Chaudhary\STM32\Projects\IAR\IAR_Projects\CPP_Drivers\I2C\INA219\IAR\Debug\Obj\I2C_Base.o
#        C:\Amit_Chaudhary\STM32\Projects\IAR\IAR_Projects\CPP_Drivers\I2C\INA219\IAR\Debug\Obj\I2C_Master.o
#        C:\Amit_Chaudhary\STM32\Projects\IAR\IAR_Projects\CPP_Drivers\I2C\INA219\IAR\Debug\Obj\INA219.o
#        C:\Amit_Chaudhary\STM32\Projects\IAR\IAR_Projects\CPP_Drivers\I2C\INA219\IAR\Debug\Obj\Interrupt.o
#        C:\Amit_Chaudhary\STM32\Projects\IAR\IAR_Projects\CPP_Drivers\I2C\INA219\IAR\Debug\Obj\main.o
#        C:\Amit_Chaudhary\STM32\Projects\IAR\IAR_Projects\CPP_Drivers\I2C\INA219\IAR\Debug\Obj\Peripheral.o
#        C:\Amit_Chaudhary\STM32\Projects\IAR\IAR_Projects\CPP_Drivers\I2C\INA219\IAR\Debug\Obj\startup_stm32f103xb.o
#        C:\Amit_Chaudhary\STM32\Projects\IAR\IAR_Projects\CPP_Drivers\I2C\INA219\IAR\Debug\Obj\stm32f1xx_hal.o
#        C:\Amit_Chaudhary\STM32\Projects\IAR\IAR_Projects\CPP_Drivers\I2C\INA219\IAR\Debug\Obj\stm32f1xx_hal_cortex.o
#        C:\Amit_Chaudhary\STM32\Projects\IAR\IAR_Projects\CPP_Drivers\I2C\INA219\IAR\Debug\Obj\stm32f1xx_hal_gpio.o
#        C:\Amit_Chaudhary\STM32\Projects\IAR\IAR_Projects\CPP_Drivers\I2C\INA219\IAR\Debug\Obj\stm32f1xx_hal_gpio_ex.o
#        C:\Amit_Chaudhary\STM32\Projects\IAR\IAR_Projects\CPP_Drivers\I2C\INA219\IAR\Debug\Obj\stm32f1xx_hal_i2c.o
#        C:\Amit_Chaudhary\STM32\Projects\IAR\IAR_Projects\CPP_Drivers\I2C\INA219\IAR\Debug\Obj\stm32f1xx_hal_pwr.o
#        C:\Amit_Chaudhary\STM32\Projects\IAR\IAR_Projects\CPP_Drivers\I2C\INA219\IAR\Debug\Obj\stm32f1xx_hal_rcc.o
#        C:\Amit_Chaudhary\STM32\Projects\IAR\IAR_Projects\CPP_Drivers\I2C\INA219\IAR\Debug\Obj\stm32f1xx_hal_rcc_ex.o
#        C:\Amit_Chaudhary\STM32\Projects\IAR\IAR_Projects\CPP_Drivers\I2C\INA219\IAR\Debug\Obj\stm32f1xx_it.o
#        C:\Amit_Chaudhary\STM32\Projects\IAR\IAR_Projects\CPP_Drivers\I2C\INA219\IAR\Debug\Obj\stm32f1xx_ll_exti.o
#        C:\Amit_Chaudhary\STM32\Projects\IAR\IAR_Projects\CPP_Drivers\I2C\INA219\IAR\Debug\Obj\system_stm32f1xx.o
#        --no_out_extension -o
#        C:\Amit_Chaudhary\STM32\Projects\IAR\IAR_Projects\CPP_Drivers\I2C\INA219\IAR\Debug\Exe\I2C_Master.out
#        --redirect _Printf=_PrintfFullNoMb --redirect _Scanf=_ScanfFullNoMb
#        --map
#        C:\Amit_Chaudhary\STM32\Projects\IAR\IAR_Projects\CPP_Drivers\I2C\INA219\IAR\Debug\List\I2C_Master.map
#        --config
#        C:\Amit_Chaudhary\STM32\Projects\IAR\IAR_Projects\CPP_Drivers\Gpio\System\stm32f103x8.icf
#        --semihosting --entry __iar_program_start --vfe --text_out locale)
#
###############################################################################

*******************************************************************************
*** RUNTIME MODEL ATTRIBUTES
***

CppFlavor                     = *
__CPP_Exceptions              = Disabled
__CPP_Language                = C++14
__Heap_Handler                = Basic
__SystemLibrary               = DLib
__dlib_dynamic_initialization = normal
__dlib_version                = 6


*******************************************************************************
*** HEAP SELECTION
***

The basic heap was selected because some modules are built with
size limitations (and not runtime checking), and --advanced_heap
was not specified.


*******************************************************************************
*** PLACEMENT SUMMARY
***

"A0":  place at 0x800'0000 { ro section .intvec };
"P1":  place in [from 0x800'0000 to 0x800'ffff] { ro };
define block CSTACK with size = 2K, alignment = 8 { };
define block HEAP with size = 2K, alignment = 8 { };
"P2":  place in [from 0x2000'0000 to 0x2000'4fff] {
          rw, block CSTACK, block HEAP };
initialize by copy { rw };

  Section                Kind         Address    Size  Object
  -------                ----         -------    ----  ------
"A0":                                            0xec
  .intvec                ro code   0x800'0000    0xec  startup_stm32f103xb.o [1]
                                 - 0x800'00ec    0xec

"P1":                                          0x22a8
  .text                  ro code   0x800'00ec   0xaac  stm32f1xx_hal_i2c.o [1]
  .text                  ro code   0x800'0b98   0x620  stm32f1xx_hal_rcc.o [1]
  .text                  ro code   0x800'11b8     0x2  stm32f1xx_hal_i2c.o [1]
  .text                  ro code   0x800'11ba    0x3a  zero_init3.o [5]
  .text                  ro code   0x800'11f4     0xc  stm32f1xx_hal.o [1]
  .text                  ro code   0x800'1200    0x3c  stm32f1xx_hal.o [1]
  .text                  ro code   0x800'123c    0x86  ABImemcpy.o [5]
  .rodata                const     0x800'12c2     0x2  stm32f1xx_hal_rcc.o [1]
  .text                  ro code   0x800'12c4   0x14a  stm32f1xx_hal_cortex.o [1]
  .rodata                const     0x800'140e     0x1  unwind_debug.o [6]
  .text                  ro code   0x800'1410    0x8c  Interrupt.o [1]
  .text                  ro code   0x800'149c   0x268  stm32f1xx_hal_gpio.o [1]
  .text                  ro code   0x800'1704   0x24e  I2C_Master.o [1]
  .text                  ro code   0x800'1952     0xc  I2C_Master.o [1]
  .text                  ro code   0x800'195e     0xe  I2C_Master.o [1]
  .text                  ro code   0x800'196c     0xc  I2C_Master.o [1]
  .text                  ro code   0x800'1978     0xc  I2C_Master.o [1]
  .text                  ro code   0x800'1984   0x1a2  DblMul.o [4]
  .text                  ro code   0x800'1b28   0x14a  INA219.o [1]
  .text                  ro code   0x800'1c74    0x22  S32ToDbl.o [4]
  .text                  ro code   0x800'1c98    0x68  DblToFlt.o [4]
  .text                  ro code   0x800'1d00   0x13c  GpioOutput.o [1]
  .text                  ro code   0x800'1e3c   0x10e  main.o [1]
  .text                  ro code   0x800'1f4a     0xa  cxxabi.o [3]
  .text                  ro code   0x800'1f54    0x2a  stm32f1xx_hal.o [1]
  .text                  ro code   0x800'1f7e    0x1e  stm32f1xx_hal.o [1]
  .text                  ro code   0x800'1f9c    0xa0  cppinit.o [2]
  .rodata                const     0x800'203c    0x5c  main.o [1]
  .text                  ro code   0x800'2098    0x58  system_stm32f1xx.o [1]
  .rodata                const     0x800'20f0    0x2c  I2C_Master.o [1]
  .text                  ro code   0x800'211c    0x2c  copy_init3.o [5]
  .text                  ro code   0x800'2148    0x28  data_init.o [5]
  .iar.init_table        const     0x800'2170    0x28  - Linker created -
  .text                  ro code   0x800'2198    0x20  cmain_call_ctors.o [5]
  .text                  ro code   0x800'21b8    0x1e  cmain.o [5]
  .text                  ro code   0x800'21d6     0x4  low_level_init.o [2]
  .text                  ro code   0x800'21da     0x4  exit.o [2]
  .text                  ro code   0x800'21e0     0xe  cexit.o [5]
  .text                  ro code   0x800'21f0    0x14  exit.o [6]
  .rodata                const     0x800'2204    0x1c  GpioOutput.o [1]
  .rodata                const     0x800'2220    0x1c  I2C_Master.o [1]
  .text                  ro code   0x800'223c    0x1c  stm32f1xx_it.o [1]
  .text                  ro code   0x800'2258    0x10  stm32f1xx_hal.o [1]
  .text                  ro code   0x800'2268    0x18  main.o [1]
  .text                  ro code   0x800'2280     0xc  main.o [1]
  .rodata                const     0x800'228c    0x10  INA219.o [1]
  .rodata                const     0x800'229c    0x10  stm32f1xx_hal_rcc.o [1]
  .rodata                const     0x800'22ac    0x10  system_stm32f1xx.o [1]
  .text                  ro code   0x800'22bc    0x10  startup_stm32f103xb.o [1]
  .text                  ro code   0x800'22cc     0xc  cstartup_M.o [5]
  .rodata                const     0x800'22d8     0x8  system_stm32f1xx.o [1]
  .text                  ro code   0x800'22e0     0x4  startup_stm32f103xb.o [1]
  .text                  ro code   0x800'22e4     0x4  startup_stm32f103xb.o [1]
  .text                  ro code   0x800'22e8     0x4  startup_stm32f103xb.o [1]
  .text                  ro code   0x800'22ec     0x4  startup_stm32f103xb.o [1]
  .text                  ro code   0x800'22f0     0x4  startup_stm32f103xb.o [1]
  .text                  ro code   0x800'22f4     0x4  startup_stm32f103xb.o [1]
  .text                  ro code   0x800'22f8     0x4  startup_stm32f103xb.o [1]
  .text                  ro code   0x800'22fc     0x4  startup_stm32f103xb.o [1]
  .text                  ro code   0x800'2300     0x4  startup_stm32f103xb.o [1]
  .text                  ro code   0x800'2304     0x4  startup_stm32f103xb.o [1]
  .text                  ro code   0x800'2308     0x4  startup_stm32f103xb.o [1]
  .text                  ro code   0x800'230c     0x4  startup_stm32f103xb.o [1]
  .text                  ro code   0x800'2310     0x4  startup_stm32f103xb.o [1]
  .text                  ro code   0x800'2314     0x4  startup_stm32f103xb.o [1]
  .text                  ro code   0x800'2318     0x4  startup_stm32f103xb.o [1]
  .text                  ro code   0x800'231c     0x4  startup_stm32f103xb.o [1]
  .text                  ro code   0x800'2320     0x4  startup_stm32f103xb.o [1]
  .text                  ro code   0x800'2324     0x4  startup_stm32f103xb.o [1]
  .text                  ro code   0x800'2328     0x4  startup_stm32f103xb.o [1]
  .text                  ro code   0x800'232c     0x4  startup_stm32f103xb.o [1]
  .text                  ro code   0x800'2330     0x4  startup_stm32f103xb.o [1]
  .text                  ro code   0x800'2334     0x4  startup_stm32f103xb.o [1]
  .text                  ro code   0x800'2338     0x4  startup_stm32f103xb.o [1]
  .text                  ro code   0x800'233c     0x4  startup_stm32f103xb.o [1]
  .text                  ro code   0x800'2340     0x4  startup_stm32f103xb.o [1]
  .text                  ro code   0x800'2344     0x4  startup_stm32f103xb.o [1]
  .text                  ro code   0x800'2348     0x4  startup_stm32f103xb.o [1]
  .text                  ro code   0x800'234c     0x4  startup_stm32f103xb.o [1]
  .text                  ro code   0x800'2350     0x4  startup_stm32f103xb.o [1]
  .text                  ro code   0x800'2354     0x4  startup_stm32f103xb.o [1]
  .text                  ro code   0x800'2358     0x4  startup_stm32f103xb.o [1]
  .text                  ro code   0x800'235c     0x4  startup_stm32f103xb.o [1]
  .text                  ro code   0x800'2360     0x4  startup_stm32f103xb.o [1]
  .text                  ro code   0x800'2364     0x4  startup_stm32f103xb.o [1]
  .text                  ro code   0x800'2368     0x4  startup_stm32f103xb.o [1]
  .text                  ro code   0x800'236c     0x4  startup_stm32f103xb.o [1]
  .text                  ro code   0x800'2370     0x4  startup_stm32f103xb.o [1]
  .text                  ro code   0x800'2374     0x4  startup_stm32f103xb.o [1]
  .text                  ro code   0x800'2378     0x4  startup_stm32f103xb.o [1]
  .text                  ro code   0x800'237c     0x4  startup_stm32f103xb.o [1]
  .text                  ro code   0x800'2380     0x4  startup_stm32f103xb.o [1]
  .text                  ro code   0x800'2384     0x4  startup_stm32f103xb.o [1]
  .text                  ro code   0x800'2388     0x4  startup_stm32f103xb.o [1]
  SHT$$PREINIT_ARRAY               0x800'238c     0x0  <Block>
  SHT$$INIT_ARRAY                  0x800'238c     0x4  <Block>
    .init_array          const     0x800'238c     0x4  main.o [1]
  __iar_tls$$INIT_ARRAY            0x800'2390     0x0  <Block>
  Initializer bytes      const     0x800'2390     0x4  <for P2-1>
  .text                  ro code   0x800'2394     0x0  cstart_call_dtors.o [5]
  .rodata                const     0x800'2394     0x0  zero_init3.o [5]
  .rodata                const     0x800'2394     0x0  copy_init3.o [5]
                                 - 0x800'2394  0x22a8

Absolute sections:                              0x100
  .noinit                uninit   0x2000'0100   0x100  Interrupt.o [1]
                                - 0x2000'0200   0x100

"P2", part 1 of 3:                                0x4
  P2-1                            0x2000'0200     0x4  <Init block>
    .data                inited   0x2000'0200     0x4  system_stm32f1xx.o [1]
                                - 0x2000'0204     0x4

"P2", part 2 of 3:                               0x8c
  .bss                   zero     0x2000'0204    0x5c  main.o [1]
  .bss                   zero     0x2000'0260    0x18  main.o [1]
  .bss                   zero     0x2000'0278     0xc  main.o [1]
  .bss                   zero     0x2000'0284     0x4  stm32f1xx_hal.o [1]
  .bss                   zero     0x2000'0288     0x4  cppinit.o [2]
  .bss                   zero     0x2000'028c     0x4  cppinit.o [2]
                                - 0x2000'0290    0x8c

"P2", part 3 of 3:                              0x998
  .iar.dynexit                    0x2000'0290   0x198  <Block>
    .iar.dynexit         uninit   0x2000'0290     0xc  cppinit.o [2]
    .iar.dynexit         uninit   0x2000'029c   0x18c  <Block tail>
  CSTACK                          0x2000'0428   0x800  <Block>
    CSTACK               uninit   0x2000'0428   0x800  <Block tail>
                                - 0x2000'0c28   0x998

Unused ranges:

         From           To    Size
         ----           --    ----
   0x800'2394   0x800'ffff  0xdc6c
  0x2000'0000  0x2000'00ff   0x100
  0x2000'0c28  0x2000'4fff  0x43d8


*******************************************************************************
*** INIT TABLE
***

          Address      Size
          -------      ----
Zero (__iar_zero_init3)
    1 destination range, total size 0x8c:
          0x2000'0204  0x8c

Copy (__iar_copy_init3)
    1 source range, total size 0x4:
           0x800'2390   0x4
    1 destination range, total size 0x4:
          0x2000'0200   0x4

Extra (__iar_cstart_call_ctors)



*******************************************************************************
*** MODULE SUMMARY
***

    Module                  ro code  ro data  rw data  rw data
                                                        (abs)
    ------                  -------  -------  -------  -------
command line/config:
    ----------------------------------------------------------
    Total:

C:\Amit_Chaudhary\STM32\Projects\IAR\IAR_Projects\CPP_Drivers\I2C\INA219\IAR\Debug\Obj: [1]
    GpioOutput.o                316       28
    I2C_Master.o                640       72
    INA219.o                    330       16
    Interrupt.o                 140                        256
    main.o                      306       96      128
    startup_stm32f103xb.o       424
    stm32f1xx_hal.o             160                 4
    stm32f1xx_hal_cortex.o      330
    stm32f1xx_hal_gpio.o        616
    stm32f1xx_hal_i2c.o       2 734
    stm32f1xx_hal_rcc.o       1 568       18
    stm32f1xx_it.o               28
    system_stm32f1xx.o           88       28        4
    ----------------------------------------------------------
    Total:                    7 680      258      136      256

dl7M_tln.a: [2]
    cppinit.o                   160                20
    exit.o                        4
    low_level_init.o              4
    ----------------------------------------------------------
    Total:                      168                20

dlpp7M_tl_nc.a: [3]
    cxxabi.o                     10
    ----------------------------------------------------------
    Total:                       10

m7M_tl.a: [4]
    DblMul.o                    418
    DblToFlt.o                  104
    S32ToDbl.o                   34
    ----------------------------------------------------------
    Total:                      556

rt7M_tl.a: [5]
    ABImemcpy.o                 134
    cexit.o                      14
    cmain.o                      30
    cmain_call_ctors.o           32
    copy_init3.o                 44
    cstart_call_dtors.o
    cstartup_M.o                 12
    data_init.o                  40
    zero_init3.o                 58
    ----------------------------------------------------------
    Total:                      364

shb_l.a: [6]
    exit.o                       20
    unwind_debug.o                         1
    ----------------------------------------------------------
    Total:                       20        1

    Gaps                         11
    Linker created                        40    2 444
--------------------------------------------------------------
    Grand Total:              8 809      299    2 600      256


*******************************************************************************
*** ENTRY LIST
***

Entry                       Address   Size  Type      Object
-----                       -------   ----  ----      ------
.iar.dynexit$$Base      0x2000'0290          --   Gb  - Linker created -
.iar.dynexit$$Limit     0x2000'0428          --   Gb  - Linker created -
.iar.init_table$$Base    0x800'2170          --   Gb  - Linker created -
.iar.init_table$$Limit   0x800'2198          --   Gb  - Linker created -
?main                    0x800'21b9         Code  Gb  cmain.o [5]
AHBPrescTable            0x800'22ac   0x10  Data  Gb  system_stm32f1xx.o [1]
APBPrescTable            0x800'22d8    0x8  Data  Gb  system_stm32f1xx.o [1]
BusFault_Handler         0x800'2243    0x2  Code  Gb  stm32f1xx_it.o [1]
CSTACK$$Base            0x2000'0428          --   Gb  - Linker created -
CSTACK$$Limit           0x2000'0c28          --   Gb  - Linker created -
DebugMon_Handler         0x800'2249    0x2  Code  Gb  stm32f1xx_it.o [1]
DtorRecArray            0x2000'0290    0xc  Data  Lc  cppinit.o [2]
HAL_Delay                0x800'1f7f   0x1e  Code  Wk  stm32f1xx_hal.o [1]
HAL_GPIO_Init            0x800'149d  0x226  Code  Gb  stm32f1xx_hal_gpio.o [1]
HAL_GetTick              0x800'11f5    0xc  Code  Wk  stm32f1xx_hal.o [1]
HAL_I2C_DeInit           0x800'020f   0x42  Code  Gb  stm32f1xx_hal_i2c.o [1]
HAL_I2C_GetState         0x800'0715    0x6  Code  Gb  stm32f1xx_hal_i2c.o [1]
HAL_I2C_Init             0x800'00ed  0x122  Code  Gb  stm32f1xx_hal_i2c.o [1]
HAL_I2C_Master_Receive   0x800'03d9  0x326  Code  Gb  stm32f1xx_hal_i2c.o [1]
HAL_I2C_Master_Transmit
                         0x800'0251  0x188  Code  Gb  stm32f1xx_hal_i2c.o [1]
HAL_IncTick              0x800'2259   0x10  Code  Wk  stm32f1xx_hal.o [1]
HAL_Init                 0x800'1f55   0x24  Code  Gb  stm32f1xx_hal.o [1]
HAL_InitTick             0x800'1201   0x3c  Code  Wk  stm32f1xx_hal.o [1]
HAL_NVIC_SetPriority     0x800'1395   0x2a  Code  Gb  stm32f1xx_hal_cortex.o [1]
HAL_NVIC_SetPriorityGrouping
                         0x800'1389    0xc  Code  Gb  stm32f1xx_hal_cortex.o [1]
HAL_RCC_ClockConfig      0x800'0f59  0x16c  Code  Gb  stm32f1xx_hal_rcc.o [1]
HAL_RCC_GetHCLKFreq      0x800'1133    0x6  Code  Gb  stm32f1xx_hal_rcc.o [1]
HAL_RCC_GetPCLK1Freq     0x800'1139   0x16  Code  Gb  stm32f1xx_hal_rcc.o [1]
HAL_RCC_GetSysClockFreq
                         0x800'10c5   0x6e  Code  Gb  stm32f1xx_hal_rcc.o [1]
HAL_RCC_OscConfig        0x800'0b99  0x3c0  Code  Gb  stm32f1xx_hal_rcc.o [1]
HAL_SYSTICK_CLKSourceConfig
                         0x800'13cb   0x1c  Code  Gb  stm32f1xx_hal_cortex.o [1]
HAL_SYSTICK_Config       0x800'13bf    0xc  Code  Gb  stm32f1xx_hal_cortex.o [1]
HAL_SYSTICK_IRQHandler   0x800'1405    0x8  Code  Gb  stm32f1xx_hal_cortex.o [1]
HardFault_Handler        0x800'223f    0x2  Code  Gb  stm32f1xx_it.o [1]
I2C1_Master             0x2000'0204   0x5c  Data  Gb  main.o [1]
INA219_Obj              0x2000'0260   0x18  Data  Gb  main.o [1]
LED                     0x2000'0278    0xc  Data  Gb  main.o [1]
MemManage_Handler        0x800'2241    0x2  Code  Gb  stm32f1xx_it.o [1]
NMI_Handler              0x800'223d    0x2  Code  Gb  stm32f1xx_it.o [1]
PendSV_Handler           0x800'224b    0x2  Code  Gb  stm32f1xx_it.o [1]
Peripherals::GpioOutput::GpioOutput(GPIO_TypeDef *, unsigned short)
                         0x800'1d01   0x22  Code  Gb  GpioOutput.o [1]
Peripherals::GpioOutput::HwInit()
                         0x800'1d23   0xfc  Code  Gb  GpioOutput.o [1]
Peripherals::I2C_Base::I2C_Base()
                         0x800'195f    0xe  Code  Gb  I2C_Master.o [1]
Peripherals::I2C_Base::I2C_Base() [subobject]
                         0x800'1953    0xc  Code  Gb  I2C_Master.o [1]
Peripherals::I2C_Master::HwDeInit()
                         0x800'2281    0xc  Code  Gb  main.o [1]
Peripherals::I2C_Master::HwInit()
                         0x800'1767   0xda  Code  Gb  I2C_Master.o [1]
Peripherals::I2C_Master::I2C_Master(Peripherals::I2C_Base::I2CPort_t, Peripherals::I2C_Base::I2CBaudRate_t)
                         0x800'1705   0x62  Code  Gb  I2C_Master.o [1]
Peripherals::I2C_Master::Xfer(unsigned short, unsigned char *, unsigned short, unsigned char *, unsigned short)
                         0x800'1861   0xf2  Code  Gb  I2C_Master.o [1]
Peripherals::I2C_Master::~I2C_Master()
                         0x800'2269   0x18  Code  Gb  main.o [1]
Peripherals::INA219::GetBusVoltage_V()
                         0x800'1c1d   0x1e  Code  Gb  INA219.o [1]
Peripherals::INA219::GetBusVoltage_raw()
                         0x800'1bff   0x1e  Code  Gb  INA219.o [1]
Peripherals::INA219::INA219(Peripherals::I2C_Master *, unsigned char)
                         0x800'1b29   0x1a  Code  Gb  INA219.o [1]
Peripherals::INA219::ReadRegister(unsigned char, unsigned short *)
                         0x800'1b73   0x2c  Code  Gb  INA219.o [1]
Peripherals::INA219::SetCalibration_32V_1A()
                         0x800'1bcf   0x30  Code  Gb  INA219.o [1]
Peripherals::INA219::SetCalibration_32V_2A()
                         0x800'1b9f   0x30  Code  Gb  INA219.o [1]
Peripherals::INA219::WriteRegister(unsigned char, unsigned short)
                         0x800'1b45   0x2e  Code  Gb  INA219.o [1]
Peripherals::INA219::Xfer(unsigned char *, unsigned short, unsigned char *, unsigned short)
                         0x800'1c49   0x2a  Code  Gb  INA219.o [1]
Peripherals::INA219::~INA219()
                         0x800'1b43    0x2  Code  Gb  INA219.o [1]
Peripherals::Interrupt::EnableInterrupt(Peripherals::Interrupt::IRQn)
                         0x800'1411   0x20  Code  Gb  Interrupt.o [1]
Peripherals::Interrupt::RegisterInterrupt_Vct_Table(void (*)(), Peripherals::Interrupt::IRQn, unsigned char, unsigned char)
                         0x800'1431   0x38  Code  Gb  Interrupt.o [1]
Peripherals::Interrupt::Relocate_Vector_Table()
                         0x800'1469   0x24  Code  Gb  Interrupt.o [1]
Peripherals::Interrupt::Vectors_RAM
                        0x2000'0100  0x100  Data  Gb  Interrupt.o [1]
Peripherals::Peripheral::Peripheral()
                         0x800'1979    0xc  Code  Gb  I2C_Master.o [1]
Peripherals::Peripheral::Peripheral() [subobject]
                         0x800'196d    0xc  Code  Gb  I2C_Master.o [1]
Region$$Table$$Base      0x800'2170          --   Gb  - Linker created -
Region$$Table$$Limit     0x800'2198          --   Gb  - Linker created -
SHT$$INIT_ARRAY$$Base    0x800'238c          --   Gb  - Linker created -
SHT$$INIT_ARRAY$$Limit   0x800'2390          --   Gb  - Linker created -
SHT$$PREINIT_ARRAY$$Base
                         0x800'238c          --   Gb  - Linker created -
SHT$$PREINIT_ARRAY$$Limit
                         0x800'238c          --   Gb  - Linker created -
SVC_Handler              0x800'2247    0x2  Code  Gb  stm32f1xx_it.o [1]
SysTick_Handler          0x800'224d    0xc  Code  Gb  stm32f1xx_it.o [1]
SystemClock_Config()     0x800'1ea3   0x84  Code  Gb  main.o [1]
SystemCoreClock         0x2000'0200    0x4  Data  Gb  system_stm32f1xx.o [1]
SystemInit               0x800'2099   0x3e  Code  Gb  system_stm32f1xx.o [1]
UsageFault_Handler       0x800'2245    0x2  Code  Gb  stm32f1xx_it.o [1]
Virtual function table for Peripherals::GpioOutput
                         0x800'2204   0x1c  Data  Gb  GpioOutput.o [1]
Virtual function table for Peripherals::I2C_Master
                         0x800'20f0   0x2c  Data  Gb  I2C_Master.o [1]
Virtual function table for Peripherals::INA219
                         0x800'228c   0x10  Data  Gb  INA219.o [1]
Virtual function table for Peripherals::Peripheral
                         0x800'2220   0x1c  Data  Gb  I2C_Master.o [1]
[local to stm32f1xx_hal_cortex_c]::NVIC_EncodePriority(unsigned int, unsigned int, unsigned int)
                         0x800'1319   0x40  Code  Lc  stm32f1xx_hal_cortex.o [1]
[local to stm32f1xx_hal_cortex_c]::NVIC_GetPriorityGrouping()
                         0x800'12e3    0xa  Code  Lc  stm32f1xx_hal_cortex.o [1]
[local to stm32f1xx_hal_cortex_c]::NVIC_SetPriority(IRQn_Type, unsigned int)
                         0x800'12ed   0x2c  Code  Lc  stm32f1xx_hal_cortex.o [1]
[local to stm32f1xx_hal_cortex_c]::NVIC_SetPriorityGrouping(unsigned int)
                         0x800'12c5   0x1e  Code  Lc  stm32f1xx_hal_cortex.o [1]
[local to stm32f1xx_hal_cortex_c]::SysTick_Config(unsigned int)
                         0x800'1359   0x30  Code  Lc  stm32f1xx_hal_cortex.o [1]
[local to stm32f1xx_hal_i2c_c]::I2C_IsAcknowledgeFailed(I2C_HandleTypeDef *)
                         0x800'0b69   0x2e  Code  Lc  stm32f1xx_hal_i2c.o [1]
[local to stm32f1xx_hal_i2c_c]::I2C_MasterRequestRead(I2C_HandleTypeDef *, unsigned short, unsigned int, unsigned int)
                         0x800'07eb  0x13e  Code  Lc  stm32f1xx_hal_i2c.o [1]
[local to stm32f1xx_hal_i2c_c]::I2C_MasterRequestWrite(I2C_HandleTypeDef *, unsigned short, unsigned int, unsigned int)
                         0x800'071b   0xce  Code  Lc  stm32f1xx_hal_i2c.o [1]
[local to stm32f1xx_hal_i2c_c]::I2C_WaitOnBTFFlagUntilTimeout(I2C_HandleTypeDef *, unsigned int, unsigned int)
                         0x800'0ab5   0x52  Code  Lc  stm32f1xx_hal_i2c.o [1]
[local to stm32f1xx_hal_i2c_c]::I2C_WaitOnFlagUntilTimeout(I2C_HandleTypeDef *, unsigned int, FlagStatus, unsigned int, unsigned int)
                         0x800'0935   0x8c  Code  Lc  stm32f1xx_hal_i2c.o [1]
[local to stm32f1xx_hal_i2c_c]::I2C_WaitOnMasterAddressFlagUntilTimeout(I2C_HandleTypeDef *, unsigned int, unsigned int, unsigned int)
                         0x800'09c1   0xa2  Code  Lc  stm32f1xx_hal_i2c.o [1]
[local to stm32f1xx_hal_i2c_c]::I2C_WaitOnRXNEFlagUntilTimeout(I2C_HandleTypeDef *, unsigned int, unsigned int)
                         0x800'0b07   0x62  Code  Lc  stm32f1xx_hal_i2c.o [1]
[local to stm32f1xx_hal_i2c_c]::I2C_WaitOnTXEFlagUntilTimeout(I2C_HandleTypeDef *, unsigned int, unsigned int)
                         0x800'0a63   0x52  Code  Lc  stm32f1xx_hal_i2c.o [1]
[local to stm32f1xx_hal_rcc_c]::RCC_Delay(unsigned int)
                         0x800'114f   0x26  Code  Lc  stm32f1xx_hal_rcc.o [1]
_Error_Handler           0x800'1f49    0x2  Code  Gb  main.o [1]
__aeabi_atexit           0x800'1f4b    0xa  Code  Gb  cxxabi.o [3]
__aeabi_d2f              0x800'1c99         Code  Gb  DblToFlt.o [4]
__aeabi_dmul             0x800'1985         Code  Gb  DblMul.o [4]
__aeabi_i2d              0x800'1c75         Code  Gb  S32ToDbl.o [4]
__aeabi_memcpy4          0x800'123d         Code  Gb  ABImemcpy.o [5]
__aeabi_memcpy8          0x800'123d         Code  Gb  ABImemcpy.o [5]
__call_ctors             0x800'1f9d   0x18  Code  Gb  cppinit.o [2]
__call_dtors             0x800'1feb    0xc  Code  Gb  cppinit.o [2]
__call_dtors0            0x800'1ff7   0x36  Code  Gb  cppinit.o [2]
__cexit_call_dtors       0x800'21e3         Code  Gb  cexit.o [5]
__cmain                  0x800'21b9         Code  Gb  cmain.o [5]
__cstart_call_dtors      0x800'2394         Data  Gb  cstart_call_dtors.o [5]
__cxa_atexit             0x800'1fb5   0x36  Code  Gb  cppinit.o [2]
__dso_handle            0x2000'028c    0x4  Data  Gb  cppinit.o [2]
__exit                   0x800'21f1   0x14  Code  Gb  exit.o [6]
__iar_copy_init3         0x800'211d   0x2c  Code  Gb  copy_init3.o [5]
__iar_cstart_call_ctors
                         0x800'2199   0x20  Code  Gb  cmain_call_ctors.o [5]
__iar_data_init3         0x800'2149   0x28  Code  Gb  data_init.o [5]
__iar_debug_exceptions   0x800'140e    0x1  Data  Gb  unwind_debug.o [6]
__iar_program_start      0x800'22cd         Code  Gb  cstartup_M.o [5]
__iar_tls$$INIT_ARRAY$$Base
                         0x800'2390          --   Gb  - Linker created -
__iar_tls$$INIT_ARRAY$$Limit
                         0x800'2390          --   Gb  - Linker created -
__iar_zero_init3         0x800'11bb   0x3a  Code  Gb  zero_init3.o [5]
__low_level_init         0x800'21d7    0x4  Code  Gb  low_level_init.o [2]
__sti__routine           0x800'1e3d   0x38  Code  Lc  main.o [1]
__vector_table           0x800'0000         Data  Gb  startup_stm32f103xb.o [1]
_call_main               0x800'21c5         Code  Gb  cmain.o [5]
_exit                    0x800'21e1         Code  Gb  cexit.o [5]
_main                    0x800'21d3         Code  Gb  cmain.o [5]
exit                     0x800'21db    0x4  Code  Gb  exit.o [2]
main                     0x800'1e75   0x2e  Code  Gb  main.o [1]
next_abi_dtor_rec       0x2000'0288    0x4  Data  Lc  cppinit.o [2]
uwTick                  0x2000'0284    0x4  Data  Gb  stm32f1xx_hal.o [1]


[1] = C:\Amit_Chaudhary\STM32\Projects\IAR\IAR_Projects\CPP_Drivers\I2C\INA219\IAR\Debug\Obj
[2] = dl7M_tln.a
[3] = dlpp7M_tl_nc.a
[4] = m7M_tl.a
[5] = rt7M_tl.a
[6] = shb_l.a

  8 809 bytes of readonly  code memory
    299 bytes of readonly  data memory
  2 600 bytes of readwrite data memory (+ 256 absolute)

Errors: none
Warnings: none
